205.210.31.36 - - [28/Jan/2024:22:55:19 +0000] "\x16\x03\x01\x00\xCA\x01\x00\x00\xC6\x03\x03^\xEEp\x1E\xAF2;\x99\x10\xE4L\x19\xDD\xF5l\x8B\xF6\x9B!ro\xFF\xFFc\x05&\xF2" 400 154 "-" "-"
159.223.46.155 - - [28/Jan/2024:23:17:45 +0000] "\x16\x03\x01\x00{\x01\x00\x00w\x03\x03\xB2#\x8B\xA0\xE96\x81\x10\xA3\xA3O\x09#\xBF}\xA4<+\xB3\x030\x94o\xDFk6\x0E\xC9Anb\x8B\x00\x00\x1A\xC0/\xC0+\xC0\x11\xC0\x07\xC0\x13\xC0\x09\xC0\x14\xC0" 400 154 "-" "-"
159.223.46.155 - - [28/Jan/2024:23:17:45 +0000] "\x16\x03\x01\x00{\x01\x00\x00w\x03\x03\xEF\xCD\x12\xF0\xA8\x19P\x083^\xEA\xE1\xAC\xD1\xE7\x08\xDB\x9B\xD2\xB5\xED]\xE0q\xE5\xCA\xBF\x1D/\x00\xB8\xDA\x00\x00\x1A\xC0/\xC0+\xC0\x11\xC0\x07\xC0\x13\xC0\x09\xC0\x14\xC0" 400 154 "-" "-"
159.223.46.155 - - [28/Jan/2024:23:17:45 +0000] "GET / HTTP/1.1" 301 166 "-" "Mozilla/5.0 (Windows NT 10.0; Win64; x64) AppleWebKit/537.36 (KHTML, like Gecko) Chrome/108.0.0.0 Safari/537.36"
159.223.46.155 - - [28/Jan/2024:23:17:46 +0000] "GET /form.html HTTP/1.1" 301 166 "-" "curl/8.1.2"
159.223.46.155 - - [28/Jan/2024:23:17:46 +0000] "GET /upl.php HTTP/1.1" 301 166 "-" "Mozilla/5.0"
159.223.46.155 - - [28/Jan/2024:23:17:46 +0000] "\x16\x03\x01\x00{\x01\x00\x00w\x03\x03T" 400 154 "-" "-"
159.223.46.155 - - [28/Jan/2024:23:17:46 +0000] "GET /geoip/ HTTP/1.1" 301 166 "-" "Mozilla/5.0 (Windows NT 10.0; Win64; x64) AppleWebKit/537.36 (KHTML, like Gecko) Chrome/108.0.0.0 Safari/537.36"
159.223.46.155 - - [28/Jan/2024:23:17:46 +0000] "GET /favicon.ico HTTP/1.1" 301 166 "-" "Mozilla/5.0 (Windows NT 10.0; Win64; x64) AppleWebKit/537.36 (KHTML, like Gecko) Chrome/108.0.0.0 Safari/537.36"
159.223.46.155 - - [28/Jan/2024:23:17:46 +0000] "GET /1.php HTTP/1.1" 301 166 "-" "Mozilla/5.0 (Windows NT 10.0; Win64; x64) AppleWebKit/537.36 (KHTML, like Gecko) Chrome/108.0.0.0 Safari/537.36"
159.223.46.155 - - [28/Jan/2024:23:17:46 +0000] "GET /bundle.js HTTP/1.1" 301 166 "-" "Mozilla/5.0 (Windows NT 10.0; Win64; x64) AppleWebKit/537.36 (KHTML, like Gecko) Chrome/108.0.0.0 Safari/537.36"
159.223.46.155 - - [28/Jan/2024:23:17:47 +0000] "GET /files/ HTTP/1.1" 301 166 "-" "Mozilla/5.0 (Windows NT 10.0; Win64; x64) AppleWebKit/537.36 (KHTML, like Gecko) Chrome/108.0.0.0 Safari/537.36"
159.223.46.155 - - [28/Jan/2024:23:17:47 +0000] "GET /systembc/password.php HTTP/1.1" 301 166 "-" "Mozilla/5.0 (Windows NT 10.0; Win64; x64) AppleWebKit/537.36 (KHTML, like Gecko) Chrome/108.0.0.0 Safari/537.36"
159.223.46.155 - - [28/Jan/2024:23:17:47 +0000] "GET /password.php HTTP/1.1" 301 166 "-" "Mozilla/5.0 (Windows NT 10.0; Win64; x64) AppleWebKit/537.36 (KHTML, like Gecko) Chrome/108.0.0.0 Safari/537.36"
159.223.46.155 - - [28/Jan/2024:23:17:47 +0000] "GET /info.php HTTP/1.1" 301 166 "-" "Mozilla/5.0 (Windows NT 10.0; Win64; x64) AppleWebKit/537.36 (KHTML, like Gecko) Chrome/108.0.0.0 Safari/537.36"
78.153.140.175 - - [28/Jan/2024:23:23:52 +0000] "GET /.env HTTP/1.1" 301 166 "-" "Mozilla/5.0 (X11; Linux x86_64) AppleWebKit/537.36 (KHTML, like Gecko) Chrome/81.0.4044.129 Safari/537.36"
78.153.140.175 - - [28/Jan/2024:23:23:53 +0000] "\x16\x03\x01\x01H\x01\x00\x01D\x03\x03\xAA\xF6\x1C>\x9B\xE4\xA0\xD5\xBC\xDD\xCB\xDA7rm\xFF\x02g\x99\xDA\x0C\x99g7\xEBz\x83\x97m\x07\xD2\x01 " 400 154 "-" "-"
141.98.11.201 - - [28/Jan/2024:23:25:11 +0000] "GET / HTTP/1.1" 301 166 "-" "Hello World/1.0"
141.98.11.201 - - [28/Jan/2024:23:30:43 +0000] "GET / HTTP/1.1" 301 166 "-" "-"
198.98.51.91 - - [28/Jan/2024:23:42:05 +0000] "POST /boaform/admin/formLogin HTTP/1.1" 301 166 "http://180.233.121.154:80/admin/login.asp" "Mozilla/5.0 (X11; Ubuntu; Linux x86_64; rv:71.0) Gecko/20100101 Firefox/71.0"
198.98.51.91 - - [28/Jan/2024:23:42:05 +0000] "" 400 0 "-" "-"
83.97.73.245 - - [28/Jan/2024:23:47:39 +0000] "GET /actuator/gateway/routes HTTP/1.1" 301 166 "-" "Mozilla/5.0 (Windows NT 10.0; Win64; x64) AppleWebKit/537.36 (KHTML, like Gecko) Chrome/78.0.3904.108 Safari/537.36"
205.169.39.171 - - [28/Jan/2024:23:49:41 +0000] "GET / HTTP/1.1" 301 166 "-" "Mozilla/5.0 (Windows NT 6.1; Win64; x64) AppleWebKit/537.36 (KHTML, like Gecko) Chrome/83.0.4103.61 Safari/537.36"
205.169.39.171 - - [28/Jan/2024:23:49:56 +0000] "GET / HTTP/1.1" 301 166 "-" "Mozilla/5.0 (Windows NT 10.0; Win64; x64) AppleWebKit/537.36 (KHTML, like Gecko) Chrome/79.0.3945.79 Safari/537.36"
65.154.226.169 - - [28/Jan/2024:23:50:12 +0000] "GET / HTTP/1.1" 301 166 "-" "Mozilla/5.0 (Windows NT 10.0; Win64; x64) AppleWebKit/537.36 (KHTML, like Gecko) Chrome/117.0.5938.132 Safari/537.36"
43.131.48.214 - - [29/Jan/2024:00:05:33 +0000] "GET / HTTP/1.1" 301 166 "-" "Mozilla/5.0 (iPhone; CPU iPhone OS 13_2_3 like Mac OS X) AppleWebKit/605.1.15 (KHTML, like Gecko) Version/13.0.3 Mobile/15E148 Safari/604.1"
185.224.128.55 - - [29/Jan/2024:00:06:15 +0000] "GET / HTTP/1.1" 301 166 "-" "Hello World/1.0"
94.156.66.21 - - [29/Jan/2024:00:10:14 +0000] "POST /boaform/admin/formLogin HTTP/1.1" 301 166 "http://180.233.121.154:80/admin/login.asp" "Mozilla/5.0 (X11; Ubuntu; Linux x86_64; rv:71.0) Gecko/20100101 Firefox/71.0"
94.156.66.21 - - [29/Jan/2024:00:10:14 +0000] "" 400 0 "-" "-"
157.254.236.81 - - [29/Jan/2024:00:11:28 +0000] "GET /.env HTTP/1.1" 301 166 "-" "Mozilla/5.0 (Macintosh; Intel Mac OS X 10.15; rv:77.0) Gecko/20100101 Firefox/77.0"
45.142.182.85 - - [29/Jan/2024:00:18:49 +0000] "GET / HTTP/1.1" 301 166 "-" "-"
103.186.67.227 - - [29/Jan/2024:00:31:27 +0000] "POST /boaform/admin/formLogin HTTP/1.1" 301 166 "http://180.233.121.154:80/admin/login.asp" "Mozilla/5.0 (X11; Ubuntu; Linux x86_64; rv:71.0) Gecko/20100101 Firefox/71.0"
103.186.67.227 - - [29/Jan/2024:00:31:27 +0000] "" 400 0 "-" "-"
198.235.24.173 - - [29/Jan/2024:00:52:20 +0000] "GET / HTTP/1.1" 301 166 "-" "-"
94.156.66.21 - - [29/Jan/2024:00:53:11 +0000] "POST /boaform/admin/formLogin HTTP/1.1" 301 166 "http://180.233.121.154:80/admin/login.asp" "Mozilla/5.0 (X11; Ubuntu; Linux x86_64; rv:71.0) Gecko/20100101 Firefox/71.0"
94.156.66.21 - - [29/Jan/2024:00:53:12 +0000] "" 400 0 "-" "-"
141.98.11.201 - - [29/Jan/2024:00:57:02 +0000] "GET / HTTP/1.1" 301 166 "-" "Mozilla/5.0"
89.187.163.213 - - [29/Jan/2024:00:57:44 +0000] "GET / HTTP/1.1" 301 166 "-" "Mozilla/5.0 (Windows NT 10.0; Win64; x64) AppleWebKit/537.36 (KHTML, like Gecko) Chrome/88.0.4240.193 Safari/537.36"
89.187.163.213 - - [29/Jan/2024:00:57:44 +0000] "" 400 0 "-" "-"
94.156.66.21 - - [29/Jan/2024:01:07:32 +0000] "POST /boaform/admin/formLogin HTTP/1.1" 301 166 "http://180.233.121.154:80/admin/login.asp" "Mozilla/5.0 (X11; Ubuntu; Linux x86_64; rv:71.0) Gecko/20100101 Firefox/71.0"
94.156.66.21 - - [29/Jan/2024:01:07:32 +0000] "" 400 0 "-" "-"
91.88.103.104 - - [29/Jan/2024:01:19:07 +0000] "GET / HTTP/1.0" 301 166 "-" "-"
94.156.66.21 - - [29/Jan/2024:01:19:50 +0000] "POST /boaform/admin/formLogin HTTP/1.1" 301 166 "http://180.233.121.154:80/admin/login.asp" "Mozilla/5.0 (X11; Ubuntu; Linux x86_64; rv:71.0) Gecko/20100101 Firefox/71.0"
94.156.66.21 - - [29/Jan/2024:01:19:50 +0000] "" 400 0 "-" "-"
104.152.52.6 - - [29/Jan/2024:01:23:52 +0000] "GET / HTTP/1.0" 301 166 "-" "-"
104.152.52.6 - - [29/Jan/2024:01:23:52 +0000] "OPTIONS / HTTP/1.0" 301 166 "-" "-"
104.152.52.6 - - [29/Jan/2024:01:23:53 +0000] "OPTIONS / RTSP/1.0" 400 154 "-" "-"
104.152.52.6 - - [29/Jan/2024:01:23:54 +0000] "l\x00\x0B\x00\x00\x00\x00\x00\x00\x00\x00\x00" 400 154 "-" "-"
104.152.52.6 - - [29/Jan/2024:01:23:54 +0000] "GET /nice%20ports%2C/Tri%6Eity.txt%2ebak HTTP/1.0" 301 166 "-" "-"
104.152.52.6 - - [29/Jan/2024:01:23:59 +0000] "" 400 0 "-" "-"
104.152.52.6 - - [29/Jan/2024:01:24:00 +0000] "\x80\x00\x00(r\xFE\x1D\x13\x00\x00\x00\x00\x00\x00\x00\x02\x00\x01\x86\xA0\x00\x01\x97|\x00\x00\x00\x00\x00\x00\x00\x00\x00\x00\x00\x00\x00\x00\x00\x00\x00\x00\x00\x00" 400 154 "-" "-"
104.152.52.6 - - [29/Jan/2024:01:24:00 +0000] "\x00\x1E\x00\x06\x01\x00\x00\x01\x00\x00\x00\x00\x00\x00\x07version\x04bind\x00\x00\x10\x00\x03" 400 154 "-" "-"
104.152.52.6 - - [29/Jan/2024:01:24:01 +0000] "\x00\x0C\x00\x00\x10\x00\x00\x00\x00\x00\x00\x00\x00\x00" 400 154 "-" "-"
104.152.52.6 - - [29/Jan/2024:01:24:01 +0000] "HELP" 400 154 "-" "-"
104.152.52.6 - - [29/Jan/2024:01:24:02 +0000] "\x16\x03\x00\x00S\x01\x00\x00O\x03\x00?G\xD7\xF7\xBA,\xEE\xEA\xB2`~\xF3\x00\xFD\x82{\xB9\xD5\x96\xC8w\x9B\xE6\xC4\xDB<=\xDBo\xEF\x10n\x00\x00(\x00\x16\x00\x13\x00" 400 154 "-" "-"
104.152.52.6 - - [29/Jan/2024:01:24:02 +0000] "\x00\x00\x00\xA4\xFFSMBr\x00\x00\x00\x00\x08\x01@\x00\x00\x00\x00\x00\x00\x00\x00\x00\x00\x00\x00\x00\x00@\x06\x00\x00\x01\x00\x00\x81\x00\x02PC NETWORK PROGRAM 1.0\x00\x02MICROSOFT NETWORKS 1.03\x00\x02MICROSOFT NETWORKS 3.0\x00\x02LANMAN1.0\x00\x02LM1.2X002\x00\x02Samba\x00\x02NT LANMAN 1.0\x00\x02NT LM 0.12\x00" 400 154 "-" "-"
104.152.52.6 - - [29/Jan/2024:01:24:03 +0000] "\x01default" 400 154 "-" "-"
104.152.52.6 - - [29/Jan/2024:01:24:04 +0000] "0\x0C\x02\x01\x01`\x07\x02\x01\x02\x04\x00\x80\x00" 400 154 "-" "-"
104.152.52.6 - - [29/Jan/2024:01:24:04 +0000] "OPTIONS sip:nm SIP/2.0" 400 154 "-" "-"
104.152.52.6 - - [29/Jan/2024:01:24:05 +0000] "TNMP\x04\x00\x00\x00TNME\x00\x00\x04\x00" 400 154 "-" "-"
104.152.52.6 - - [29/Jan/2024:01:24:05 +0000] "\x03\x00\x00\x0B\x06\xE0\x00\x00\x00\x00\x00" 400 154 "-" "-"
104.152.52.6 - - [29/Jan/2024:01:24:06 +0000] "DmdT\x00\x00\x00\x17\x00\x00\x00\x01\x00\x00\x00\x00\x11\x11\x00\xFF\x01\xFF\x13" 400 154 "-" "-"
104.152.52.6 - - [29/Jan/2024:01:24:06 +0000] ":\x00\x00\x00/\x00\x00\x00\x02\x00\x00@\x02\x0F\x00\x01\x00=\x05\x00\x00\x00\x00\x00\x00\x00\x00\x00\x00\x00\x00/\x00\x00\x00\x00\x00\x00\x00\x00\x00@\x1F\x00\x00\x00\x00\x00\x00\x00\x00\x00\x00\x00\x00\x00\x00\x00\x00\x00" 400 154 "-" "-"
104.152.52.6 - - [29/Jan/2024:01:24:07 +0000] "\x01\x00\x00\xFD\xCE\xFA\x0B\xB0\xA0\x00\x00\x00MMS\x14\x00\x00\x00\x00\x00\x00\x00\x00\x00\x00\x00\x00\x00\x00\x00\x12\x00\x00\x00\x01\x00\x03\x00\xF0\xF0\xF0\xF0\x0B\x00\x04\x00\x1C\x00\x03\x00N\x00S\x00P\x00l\x00a\x00y\x00e\x00r\x00/\x009\x00.\x000\x00.\x000\x00.\x002\x009\x008\x000\x00;\x00 \x00{\x000\x000\x000\x000\x00A\x00A\x000\x000\x00-\x000\x00A\x000\x000\x00-\x000\x000\x00a\x000\x00-\x00A\x00A\x000\x00A\x00-\x000\x000\x000\x000\x00A\x000\x00A\x00A\x000\x00A\x00A\x000\x00}\x00\x00\x00\xE0m\xDF_" 400 154 "-" "-"
104.152.52.6 - - [29/Jan/2024:01:24:07 +0000] "\x00Z\x00\x00\x01\x00\x00\x00\x016\x01,\x00\x00\x08\x00\x7F\xFF\x7F\x08\x00\x00\x00\x01\x00 \x00:\x00\x00\x00\x00\x00\x00\x00\x00\x00\x00\x00\x00\x00\x00\x00\x004\xE6\x00\x00\x00\x01\x00\x00\x00\x00\x00\x00\x00\x00(CONNECT_DATA=(COMMAND=version))" 400 154 "-" "-"
104.152.52.6 - - [29/Jan/2024:01:24:08 +0000] "\x00\x03\x00\x01\x00\x00\x00\x00\x00\x00\x00\x02\x00\x00\x00\x00\x0F\x00" 400 154 "-" "-"
94.156.66.21 - - [29/Jan/2024:01:24:32 +0000] "POST /boaform/admin/formLogin HTTP/1.1" 301 166 "http://180.233.121.154:80/admin/login.asp" "Mozilla/5.0 (X11; Ubuntu; Linux x86_64; rv:71.0) Gecko/20100101 Firefox/71.0"
94.156.66.21 - - [29/Jan/2024:01:24:33 +0000] "" 400 0 "-" "-"
71.6.232.28 - - [29/Jan/2024:01:50:36 +0000] "GET / HTTP/1.1" 301 166 "-" "Mozilla/5.0 (Windows NT 10.0; Win64; x64) AppleWebKit/537.36 (KHTML, like Gecko) Chrome/74.0.3729.131 Safari/537.36"
94.156.66.21 - - [29/Jan/2024:01:57:38 +0000] "POST /boaform/admin/formLogin HTTP/1.1" 301 166 "http://180.233.121.154:80/admin/login.asp" "Mozilla/5.0 (X11; Ubuntu; Linux x86_64; rv:71.0) Gecko/20100101 Firefox/71.0"
94.156.66.21 - - [29/Jan/2024:01:57:38 +0000] "" 400 0 "-" "-"
170.106.104.42 - - [29/Jan/2024:02:02:29 +0000] "GET / HTTP/1.1" 301 166 "-" "Mozilla/5.0 (iPhone; CPU iPhone OS 13_2_3 like Mac OS X) AppleWebKit/605.1.15 (KHTML, like Gecko) Version/13.0.3 Mobile/15E148 Safari/604.1"
94.156.66.21 - - [29/Jan/2024:02:04:28 +0000] "POST /boaform/admin/formLogin HTTP/1.1" 301 166 "http://180.233.121.154:80/admin/login.asp" "Mozilla/5.0 (X11; Ubuntu; Linux x86_64; rv:71.0) Gecko/20100101 Firefox/71.0"
94.156.66.21 - - [29/Jan/2024:02:04:28 +0000] "" 400 0 "-" "-"
162.216.149.230 - - [29/Jan/2024:02:14:07 +0000] "GET / HTTP/1.1" 301 166 "-" "Expanse, a Palo Alto Networks company, searches across the global IPv4 space multiple times per day to identify customers&#39; presences on the Internet. If you would like to be excluded from our scans, please send IP addresses/domains to: scaninfo@paloaltonetworks.com"
35.176.193.107 - - [29/Jan/2024:02:14:42 +0000] "\x86H\x91\xC2A\xBF\x84\x5C`\x18\x04\xB0.\xE9\x00\x00\x02\x04\x05\xB4" 400 154 "-" "-"
167.94.146.59 - - [29/Jan/2024:02:16:15 +0000] "GET / HTTP/1.1" 301 166 "-" "-"
167.94.146.59 - - [29/Jan/2024:02:16:18 +0000] "GET / HTTP/1.1" 301 166 "-" "Mozilla/5.0 (compatible; CensysInspect/1.1; +https://about.censys.io/)"
167.94.146.59 - - [29/Jan/2024:02:16:19 +0000] "PRI * HTTP/2.0" 400 154 "-" "-"
94.156.66.21 - - [29/Jan/2024:02:16:56 +0000] "POST /boaform/admin/formLogin HTTP/1.1" 301 166 "http://180.233.121.154:80/admin/login.asp" "Mozilla/5.0 (X11; Ubuntu; Linux x86_64; rv:71.0) Gecko/20100101 Firefox/71.0"
94.156.66.21 - - [29/Jan/2024:02:16:56 +0000] "" 400 0 "-" "-"
35.176.193.107 - - [29/Jan/2024:02:17:46 +0000] "eh\x98\x22\xF6\xCA\x82*`\x11\x04\xB0<\xB2\x00\x00\x02\x04\x05\xB4" 400 154 "-" "-"
94.156.66.21 - - [29/Jan/2024:02:30:09 +0000] "POST /boaform/admin/formLogin HTTP/1.1" 301 166 "http://180.233.121.154:80/admin/login.asp" "Mozilla/5.0 (X11; Ubuntu; Linux x86_64; rv:71.0) Gecko/20100101 Firefox/71.0"
94.156.66.21 - - [29/Jan/2024:02:30:10 +0000] "" 400 0 "-" "-"
94.156.66.21 - - [29/Jan/2024:02:34:10 +0000] "POST /boaform/admin/formLogin HTTP/1.1" 301 166 "http://180.233.121.154:80/admin/login.asp" "Mozilla/5.0 (X11; Ubuntu; Linux x86_64; rv:71.0) Gecko/20100101 Firefox/71.0"
94.156.66.21 - - [29/Jan/2024:02:34:10 +0000] "" 400 0 "-" "-"
94.156.66.21 - - [29/Jan/2024:02:42:36 +0000] "POST /boaform/admin/formLogin HTTP/1.1" 301 166 "http://180.233.121.154:80/admin/login.asp" "Mozilla/5.0 (X11; Ubuntu; Linux x86_64; rv:71.0) Gecko/20100101 Firefox/71.0"
94.156.66.21 - - [29/Jan/2024:02:42:36 +0000] "" 400 0 "-" "-"
94.156.66.21 - - [29/Jan/2024:03:04:05 +0000] "POST /boaform/admin/formLogin HTTP/1.1" 301 166 "http://180.233.121.154:80/admin/login.asp" "Mozilla/5.0 (X11; Ubuntu; Linux x86_64; rv:71.0) Gecko/20100101 Firefox/71.0"
94.156.66.21 - - [29/Jan/2024:03:04:05 +0000] "" 400 0 "-" "-"
179.43.161.130 - - [29/Jan/2024:03:09:38 +0000] "GET / HTTP/1.1" 301 166 "-" "Hello World/1.0"
109.205.213.198 - - [29/Jan/2024:03:13:22 +0000] "GET / HTTP/1.1" 301 166 "-" "-"
94.156.66.21 - - [29/Jan/2024:03:15:54 +0000] "POST /boaform/admin/formLogin HTTP/1.1" 301 166 "http://180.233.121.154:80/admin/login.asp" "Mozilla/5.0 (X11; Ubuntu; Linux x86_64; rv:71.0) Gecko/20100101 Firefox/71.0"
94.156.66.21 - - [29/Jan/2024:03:15:54 +0000] "" 400 0 "-" "-"
190.211.252.66 - - [29/Jan/2024:03:20:48 +0000] "POST /boaform/admin/formLogin HTTP/1.1" 301 166 "http://180.233.121.154:80/admin/login.asp" "Mozilla/5.0 (X11; Ubuntu; Linux x86_64; rv:71.0) Gecko/20100101 Firefox/71.0"
190.211.252.66 - - [29/Jan/2024:03:20:48 +0000] "" 400 0 "-" "-"
109.205.213.198 - - [29/Jan/2024:03:21:40 +0000] "GET / HTTP/1.1" 301 166 "-" "Hello World"
94.156.66.21 - - [29/Jan/2024:03:26:09 +0000] "POST /boaform/admin/formLogin HTTP/1.1" 301 166 "http://180.233.121.154:80/admin/login.asp" "Mozilla/5.0 (X11; Ubuntu; Linux x86_64; rv:71.0) Gecko/20100101 Firefox/71.0"
94.156.66.21 - - [29/Jan/2024:03:26:09 +0000] "" 400 0 "-" "-"
109.205.213.198 - - [29/Jan/2024:03:30:38 +0000] "GET / HTTP/1.1" 301 166 "-" "Hello World/1.0"
141.98.11.201 - - [29/Jan/2024:03:31:04 +0000] "GET / HTTP/1.1" 301 166 "-" "Mozilla/5.0"
94.156.66.21 - - [29/Jan/2024:03:34:24 +0000] "POST /boaform/admin/formLogin HTTP/1.1" 301 166 "http://180.233.121.154:80/admin/login.asp" "Mozilla/5.0 (X11; Ubuntu; Linux x86_64; rv:71.0) Gecko/20100101 Firefox/71.0"
94.156.66.21 - - [29/Jan/2024:03:34:24 +0000] "" 400 0 "-" "-"
141.98.11.201 - - [29/Jan/2024:03:42:51 +0000] "GET / HTTP/1.1" 301 166 "-" "-"
94.156.66.21 - - [29/Jan/2024:03:47:35 +0000] "POST /boaform/admin/formLogin HTTP/1.1" 301 166 "http://180.233.121.154:80/admin/login.asp" "Mozilla/5.0 (X11; Ubuntu; Linux x86_64; rv:71.0) Gecko/20100101 Firefox/71.0"
94.156.66.21 - - [29/Jan/2024:03:47:35 +0000] "" 400 0 "-" "-"
94.156.66.21 - - [29/Jan/2024:03:52:22 +0000] "POST /boaform/admin/formLogin HTTP/1.1" 301 166 "http://180.233.121.154:80/admin/login.asp" "Mozilla/5.0 (X11; Ubuntu; Linux x86_64; rv:71.0) Gecko/20100101 Firefox/71.0"
94.156.66.21 - - [29/Jan/2024:03:52:22 +0000] "" 400 0 "-" "-"
94.156.66.21 - - [29/Jan/2024:04:05:44 +0000] "POST /boaform/admin/formLogin HTTP/1.1" 301 166 "http://180.233.121.154:80/admin/login.asp" "Mozilla/5.0 (X11; Ubuntu; Linux x86_64; rv:71.0) Gecko/20100101 Firefox/71.0"
94.156.66.21 - - [29/Jan/2024:04:05:44 +0000] "" 400 0 "-" "-"
94.156.66.21 - - [29/Jan/2024:04:14:27 +0000] "POST /boaform/admin/formLogin HTTP/1.1" 301 166 "http://180.233.121.154:80/admin/login.asp" "Mozilla/5.0 (X11; Ubuntu; Linux x86_64; rv:71.0) Gecko/20100101 Firefox/71.0"
94.156.66.21 - - [29/Jan/2024:04:14:27 +0000] "" 400 0 "-" "-"
45.87.42.85 - - [29/Jan/2024:04:18:58 +0000] "GET /.aws/credentials HTTP/1.1" 301 166 "-" "python-requests/2.25.1"
45.33.87.154 - - [29/Jan/2024:04:22:10 +0000] "GET / HTTP/1.1" 301 166 "-" "Mozilla/5.0 zgrab/0.x"
192.155.90.118 - - [29/Jan/2024:04:22:35 +0000] "GET / HTTP/1.1" 301 166 "-" "Mozilla/5.0 (Macintosh; Intel Mac OS X 13_1) AppleWebKit/537.36 (KHTML, like Gecko) Chrome/108.0.0.0 Safari/537.36"
94.156.66.21 - - [29/Jan/2024:04:23:23 +0000] "POST /boaform/admin/formLogin HTTP/1.1" 301 166 "http://180.233.121.154:80/admin/login.asp" "Mozilla/5.0 (X11; Ubuntu; Linux x86_64; rv:71.0) Gecko/20100101 Firefox/71.0"
94.156.66.21 - - [29/Jan/2024:04:23:24 +0000] "" 400 0 "-" "-"
5.42.87.155 - - [29/Jan/2024:04:26:28 +0000] "GET / HTTP/1.1" 301 166 "-" "Mozilla/5.0 (X11; Ubuntu; Linux x86_64; rv:76.0) Gecko/20100101 Firefox/76.0"
87.26.150.188 - - [29/Jan/2024:04:29:23 +0000] "GET / HTTP/1.1" 301 166 "-" "Hello World"
66.240.205.34 - - [29/Jan/2024:04:31:23 +0000] "H\x00\x00\x00tj\xA8\x9E#D\x98+\xCA\xF0\xA7\xBBl\xC5\x19\xD7\x8D\xB6\x18\xEDJ\x1En\xC1\xF9xu[l\xF0E\x1D-j\xEC\xD4xL\xC9r\xC9\x15\x10u\xE0%\x86Rtg\x05fv\x86]%\xCC\x80\x0C\xE8\xCF\xAE\x00\xB5\xC0f\xC8\x8DD\xC5\x09\xF4" 400 154 "-" "-"
94.156.66.21 - - [29/Jan/2024:04:32:57 +0000] "POST /boaform/admin/formLogin HTTP/1.1" 301 166 "http://180.233.121.154:80/admin/login.asp" "Mozilla/5.0 (X11; Ubuntu; Linux x86_64; rv:71.0) Gecko/20100101 Firefox/71.0"
94.156.66.21 - - [29/Jan/2024:04:32:57 +0000] "" 400 0 "-" "-"
66.249.79.75 - - [29/Jan/2024:04:37:46 +0000] "GET /robots.txt HTTP/1.1" 301 166 "-" "Mozilla/5.0 (compatible; Googlebot/2.1; +http://www.google.com/bot.html)"
66.249.79.74 - - [29/Jan/2024:04:37:55 +0000] "GET /ads.txt HTTP/1.1" 301 166 "-" "Mozilla/5.0 (compatible; Googlebot/2.1; +http://www.google.com/bot.html)"
179.43.161.130 - - [29/Jan/2024:04:44:31 +0000] "GET / HTTP/1.1" 301 166 "-" "Hello World/1.0"
64.62.197.96 - - [29/Jan/2024:04:47:28 +0000] "\x16\x03\x01\x00{\x01\x00\x00w\x03\x03\xDF\x93\xE0\x8C(\x1C\x9D\xBE\x02\xBD2Ox$\x99a\xE6\x91#\x99\x16\xF2\x0E\xDF" 400 154 "-" "-"
38.122.112.147 - - [29/Jan/2024:04:52:25 +0000] "GET / HTTP/1.1" 301 166 "-" "Mozilla/5.0 (Macintosh; Intel Mac OS X 10_15_4) AppleWebKit/537.36 (KHTML, like Gecko) Chrome/83.0.4103.97 Safari/537.36"
38.122.112.147 - - [29/Jan/2024:04:52:27 +0000] "GET / HTTP/1.1" 301 166 "-" "Mozilla/5.0 (Macintosh; Intel Mac OS X 10_15_4) AppleWebKit/537.36 (KHTML, like Gecko) Chrome/83.0.4103.97 Safari/537.36"
38.122.112.147 - - [29/Jan/2024:04:52:30 +0000] "GET / HTTP/1.1" 301 166 "-" "Mozilla/5.0 (Macintosh; Intel Mac OS X 10_9_3) AppleWebKit/537.36 (KHTML, like Gecko) Chrome/35.0.1916.47 Safari/537.36"
144.91.106.14 - - [29/Jan/2024:04:54:38 +0000] "GET / HTTP/1.1" 301 166 "-" "Mozilla/5.0 (X11; Linux x86_64) AppleWebKit/537.36 (KHTML, like Gecko) Chrome/89.0.4389.82 Safari/537.36"
185.189.182.234 - - [29/Jan/2024:04:55:09 +0000] "GET / HTTP/1.1" 400 154 "-" "-"
94.156.66.21 - - [29/Jan/2024:05:09:26 +0000] "POST /boaform/admin/formLogin HTTP/1.1" 301 166 "http://180.233.121.154:80/admin/login.asp" "Mozilla/5.0 (X11; Ubuntu; Linux x86_64; rv:71.0) Gecko/20100101 Firefox/71.0"
94.156.66.21 - - [29/Jan/2024:05:09:26 +0000] "" 400 0 "-" "-"
94.156.66.21 - - [29/Jan/2024:05:17:59 +0000] "POST /boaform/admin/formLogin HTTP/1.1" 301 166 "http://180.233.121.154:80/admin/login.asp" "Mozilla/5.0 (X11; Ubuntu; Linux x86_64; rv:71.0) Gecko/20100101 Firefox/71.0"
94.156.66.21 - - [29/Jan/2024:05:17:59 +0000] "" 400 0 "-" "-"
94.156.66.21 - - [29/Jan/2024:05:24:34 +0000] "POST /boaform/admin/formLogin HTTP/1.1" 301 166 "http://180.233.121.154:80/admin/login.asp" "Mozilla/5.0 (X11; Ubuntu; Linux x86_64; rv:71.0) Gecko/20100101 Firefox/71.0"
94.156.66.21 - - [29/Jan/2024:05:24:35 +0000] "" 400 0 "-" "-"
204.93.154.208 - - [29/Jan/2024:05:32:44 +0000] "GET / HTTP/1.0" 301 166 "-" "-"
204.93.154.208 - - [29/Jan/2024:05:32:45 +0000] "OPTIONS / HTTP/1.0" 301 166 "-" "-"
204.93.154.208 - - [29/Jan/2024:05:32:46 +0000] "OPTIONS / RTSP/1.0" 400 154 "-" "-"
204.93.154.208 - - [29/Jan/2024:05:32:46 +0000] "l\x00\x0B\x00\x00\x00\x00\x00\x00\x00\x00\x00" 400 154 "-" "-"
204.93.154.208 - - [29/Jan/2024:05:32:47 +0000] "GET /nice%20ports%2C/Tri%6Eity.txt%2ebak HTTP/1.0" 301 166 "-" "-"
204.93.154.208 - - [29/Jan/2024:05:32:52 +0000] "" 400 0 "-" "-"
94.156.66.21 - - [29/Jan/2024:05:32:52 +0000] "POST /boaform/admin/formLogin HTTP/1.1" 301 166 "http://180.233.121.154:80/admin/login.asp" "Mozilla/5.0 (X11; Ubuntu; Linux x86_64; rv:71.0) Gecko/20100101 Firefox/71.0"
94.156.66.21 - - [29/Jan/2024:05:32:52 +0000] "" 400 0 "-" "-"
204.93.154.208 - - [29/Jan/2024:05:32:53 +0000] "\x80\x00\x00(r\xFE\x1D\x13\x00\x00\x00\x00\x00\x00\x00\x02\x00\x01\x86\xA0\x00\x01\x97|\x00\x00\x00\x00\x00\x00\x00\x00\x00\x00\x00\x00\x00\x00\x00\x00\x00\x00\x00\x00" 400 154 "-" "-"
204.93.154.208 - - [29/Jan/2024:05:32:53 +0000] "\x00\x1E\x00\x06\x01\x00\x00\x01\x00\x00\x00\x00\x00\x00\x07version\x04bind\x00\x00\x10\x00\x03" 400 154 "-" "-"
204.93.154.208 - - [29/Jan/2024:05:32:54 +0000] "\x00\x0C\x00\x00\x10\x00\x00\x00\x00\x00\x00\x00\x00\x00" 400 154 "-" "-"
204.93.154.208 - - [29/Jan/2024:05:32:54 +0000] "HELP" 400 154 "-" "-"
204.93.154.208 - - [29/Jan/2024:05:32:55 +0000] "\x16\x03\x00\x00S\x01\x00\x00O\x03\x00?G\xD7\xF7\xBA,\xEE\xEA\xB2`~\xF3\x00\xFD\x82{\xB9\xD5\x96\xC8w\x9B\xE6\xC4\xDB<=\xDBo\xEF\x10n\x00\x00(\x00\x16\x00\x13\x00" 400 154 "-" "-"
204.93.154.208 - - [29/Jan/2024:05:32:55 +0000] "\x00\x00\x00\xA4\xFFSMBr\x00\x00\x00\x00\x08\x01@\x00\x00\x00\x00\x00\x00\x00\x00\x00\x00\x00\x00\x00\x00@\x06\x00\x00\x01\x00\x00\x81\x00\x02PC NETWORK PROGRAM 1.0\x00\x02MICROSOFT NETWORKS 1.03\x00\x02MICROSOFT NETWORKS 3.0\x00\x02LANMAN1.0\x00\x02LM1.2X002\x00\x02Samba\x00\x02NT LANMAN 1.0\x00\x02NT LM 0.12\x00" 400 154 "-" "-"
204.93.154.208 - - [29/Jan/2024:05:32:56 +0000] "\x01default" 400 154 "-" "-"
204.93.154.208 - - [29/Jan/2024:05:32:56 +0000] "0\x0C\x02\x01\x01`\x07\x02\x01\x02\x04\x00\x80\x00" 400 154 "-" "-"
204.93.154.208 - - [29/Jan/2024:05:32:57 +0000] "OPTIONS sip:nm SIP/2.0" 400 154 "-" "-"
204.93.154.208 - - [29/Jan/2024:05:32:57 +0000] "TNMP\x04\x00\x00\x00TNME\x00\x00\x04\x00" 400 154 "-" "-"
204.93.154.208 - - [29/Jan/2024:05:32:58 +0000] "\x03\x00\x00\x0B\x06\xE0\x00\x00\x00\x00\x00" 400 154 "-" "-"
204.93.154.208 - - [29/Jan/2024:05:32:58 +0000] "DmdT\x00\x00\x00\x17\x00\x00\x00\x01\x00\x00\x00\x00\x11\x11\x00\xFF\x01\xFF\x13" 400 154 "-" "-"
204.93.154.208 - - [29/Jan/2024:05:32:59 +0000] ":\x00\x00\x00/\x00\x00\x00\x02\x00\x00@\x02\x0F\x00\x01\x00=\x05\x00\x00\x00\x00\x00\x00\x00\x00\x00\x00\x00\x00/\x00\x00\x00\x00\x00\x00\x00\x00\x00@\x1F\x00\x00\x00\x00\x00\x00\x00\x00\x00\x00\x00\x00\x00\x00\x00\x00\x00" 400 154 "-" "-"
204.93.154.208 - - [29/Jan/2024:05:32:59 +0000] "\x01\x00\x00\xFD\xCE\xFA\x0B\xB0\xA0\x00\x00\x00MMS\x14\x00\x00\x00\x00\x00\x00\x00\x00\x00\x00\x00\x00\x00\x00\x00\x12\x00\x00\x00\x01\x00\x03\x00\xF0\xF0\xF0\xF0\x0B\x00\x04\x00\x1C\x00\x03\x00N\x00S\x00P\x00l\x00a\x00y\x00e\x00r\x00/\x009\x00.\x000\x00.\x000\x00.\x002\x009\x008\x000\x00;\x00 \x00{\x000\x000\x000\x000\x00A\x00A\x000\x000\x00-\x000\x00A\x000\x000\x00-\x000\x000\x00a\x000\x00-\x00A\x00A\x000\x00A\x00-\x000\x000\x000\x000\x00A\x000\x00A\x00A\x000\x00A\x00A\x000\x00}\x00\x00\x00\xE0m\xDF_" 400 154 "-" "-"
204.93.154.208 - - [29/Jan/2024:05:33:00 +0000] "\x00Z\x00\x00\x01\x00\x00\x00\x016\x01,\x00\x00\x08\x00\x7F\xFF\x7F\x08\x00\x00\x00\x01\x00 \x00:\x00\x00\x00\x00\x00\x00\x00\x00\x00\x00\x00\x00\x00\x00\x00\x004\xE6\x00\x00\x00\x01\x00\x00\x00\x00\x00\x00\x00\x00(CONNECT_DATA=(COMMAND=version))" 400 154 "-" "-"
204.93.154.208 - - [29/Jan/2024:05:33:00 +0000] "\x00\x03\x00\x01\x00\x00\x00\x00\x00\x00\x00\x02\x00\x00\x00\x00\x0F\x00" 400 154 "-" "-"
94.156.66.21 - - [29/Jan/2024:05:48:46 +0000] "POST /boaform/admin/formLogin HTTP/1.1" 301 166 "http://180.233.121.154:80/admin/login.asp" "Mozilla/5.0 (X11; Ubuntu; Linux x86_64; rv:71.0) Gecko/20100101 Firefox/71.0"
94.156.66.21 - - [29/Jan/2024:05:48:46 +0000] "" 400 0 "-" "-"
37.229.245.153 - - [29/Jan/2024:05:52:56 +0000] "GET / HTTP/1.1" 301 166 "-" "Hello World"
94.156.66.21 - - [29/Jan/2024:05:57:49 +0000] "POST /boaform/admin/formLogin HTTP/1.1" 301 166 "http://180.233.121.154:80/admin/login.asp" "Mozilla/5.0 (X11; Ubuntu; Linux x86_64; rv:71.0) Gecko/20100101 Firefox/71.0"
94.156.66.21 - - [29/Jan/2024:05:57:49 +0000] "" 400 0 "-" "-"
75.9.243.65 - - [29/Jan/2024:06:09:21 +0000] "GET / HTTP/1.1" 301 166 "-" "Mozilla/5.0 (Windows NT 10.0; WOW64) AppleWebKit/537.36 (KHTML, like Gecko) Chrome/51.0.2704.103 Safari/537.36"
94.156.66.21 - - [29/Jan/2024:06:13:02 +0000] "POST /boaform/admin/formLogin HTTP/1.1" 301 166 "http://180.233.121.154:80/admin/login.asp" "Mozilla/5.0 (X11; Ubuntu; Linux x86_64; rv:71.0) Gecko/20100101 Firefox/71.0"
94.156.66.21 - - [29/Jan/2024:06:13:02 +0000] "" 400 0 "-" "-"
139.177.184.40 - - [29/Jan/2024:06:13:44 +0000] "GET / HTTP/1.1" 301 166 "-" "Mozilla/5.0 (Windows NT 10.0; Win64; x64) AppleWebKit/537.36 (KHTML, like Gecko) Chrome/78.0.3904.108 Safari/537.36"
139.177.184.40 - - [29/Jan/2024:06:13:44 +0000] "" 400 0 "-" "-"
87.236.176.98 - - [29/Jan/2024:06:14:11 +0000] "GET / HTTP/1.1" 301 166 "-" "Mozilla/5.0 (compatible; InternetMeasurement/1.0; +https://internet-measurement.com/)"
2.57.122.161 - - [29/Jan/2024:06:15:22 +0000] "GET /cl/9_md/9/9/9/9/999999 HTTP/1.1" 301 166 "-" "Mozilla/5.0 zgrab/0.x"
104.152.52.3 - - [29/Jan/2024:06:25:39 +0000] "GET / HTTP/1.0" 301 166 "-" "-"
104.152.52.3 - - [29/Jan/2024:06:25:40 +0000] "OPTIONS / HTTP/1.0" 301 166 "-" "-"
104.152.52.3 - - [29/Jan/2024:06:25:40 +0000] "OPTIONS / RTSP/1.0" 400 154 "-" "-"
104.152.52.3 - - [29/Jan/2024:06:25:41 +0000] "l\x00\x0B\x00\x00\x00\x00\x00\x00\x00\x00\x00" 400 154 "-" "-"
104.152.52.3 - - [29/Jan/2024:06:25:41 +0000] "GET /nice%20ports%2C/Tri%6Eity.txt%2ebak HTTP/1.0" 301 166 "-" "-"
104.152.52.3 - - [29/Jan/2024:06:25:47 +0000] "" 400 0 "-" "-"
104.152.52.3 - - [29/Jan/2024:06:25:47 +0000] "\x80\x00\x00(r\xFE\x1D\x13\x00\x00\x00\x00\x00\x00\x00\x02\x00\x01\x86\xA0\x00\x01\x97|\x00\x00\x00\x00\x00\x00\x00\x00\x00\x00\x00\x00\x00\x00\x00\x00\x00\x00\x00\x00" 400 154 "-" "-"
104.152.52.3 - - [29/Jan/2024:06:25:48 +0000] "\x00\x1E\x00\x06\x01\x00\x00\x01\x00\x00\x00\x00\x00\x00\x07version\x04bind\x00\x00\x10\x00\x03" 400 154 "-" "-"
104.152.52.3 - - [29/Jan/2024:06:25:48 +0000] "\x00\x0C\x00\x00\x10\x00\x00\x00\x00\x00\x00\x00\x00\x00" 400 154 "-" "-"
104.152.52.3 - - [29/Jan/2024:06:25:49 +0000] "HELP" 400 154 "-" "-"
104.152.52.3 - - [29/Jan/2024:06:25:50 +0000] "\x16\x03\x00\x00S\x01\x00\x00O\x03\x00?G\xD7\xF7\xBA,\xEE\xEA\xB2`~\xF3\x00\xFD\x82{\xB9\xD5\x96\xC8w\x9B\xE6\xC4\xDB<=\xDBo\xEF\x10n\x00\x00(\x00\x16\x00\x13\x00" 400 154 "-" "-"
104.152.52.3 - - [29/Jan/2024:06:25:50 +0000] "\x00\x00\x00\xA4\xFFSMBr\x00\x00\x00\x00\x08\x01@\x00\x00\x00\x00\x00\x00\x00\x00\x00\x00\x00\x00\x00\x00@\x06\x00\x00\x01\x00\x00\x81\x00\x02PC NETWORK PROGRAM 1.0\x00\x02MICROSOFT NETWORKS 1.03\x00\x02MICROSOFT NETWORKS 3.0\x00\x02LANMAN1.0\x00\x02LM1.2X002\x00\x02Samba\x00\x02NT LANMAN 1.0\x00\x02NT LM 0.12\x00" 400 154 "-" "-"
104.152.52.3 - - [29/Jan/2024:06:25:51 +0000] "\x01default" 400 154 "-" "-"
104.152.52.3 - - [29/Jan/2024:06:25:51 +0000] "0\x0C\x02\x01\x01`\x07\x02\x01\x02\x04\x00\x80\x00" 400 154 "-" "-"
104.152.52.3 - - [29/Jan/2024:06:25:52 +0000] "OPTIONS sip:nm SIP/2.0" 400 154 "-" "-"
104.152.52.3 - - [29/Jan/2024:06:25:52 +0000] "TNMP\x04\x00\x00\x00TNME\x00\x00\x04\x00" 400 154 "-" "-"
104.152.52.3 - - [29/Jan/2024:06:25:53 +0000] "\x03\x00\x00\x0B\x06\xE0\x00\x00\x00\x00\x00" 400 154 "-" "-"
104.152.52.3 - - [29/Jan/2024:06:25:53 +0000] "DmdT\x00\x00\x00\x17\x00\x00\x00\x01\x00\x00\x00\x00\x11\x11\x00\xFF\x01\xFF\x13" 400 154 "-" "-"
104.152.52.3 - - [29/Jan/2024:06:25:54 +0000] ":\x00\x00\x00/\x00\x00\x00\x02\x00\x00@\x02\x0F\x00\x01\x00=\x05\x00\x00\x00\x00\x00\x00\x00\x00\x00\x00\x00\x00/\x00\x00\x00\x00\x00\x00\x00\x00\x00@\x1F\x00\x00\x00\x00\x00\x00\x00\x00\x00\x00\x00\x00\x00\x00\x00\x00\x00" 400 154 "-" "-"
104.152.52.3 - - [29/Jan/2024:06:25:54 +0000] "\x01\x00\x00\xFD\xCE\xFA\x0B\xB0\xA0\x00\x00\x00MMS\x14\x00\x00\x00\x00\x00\x00\x00\x00\x00\x00\x00\x00\x00\x00\x00\x12\x00\x00\x00\x01\x00\x03\x00\xF0\xF0\xF0\xF0\x0B\x00\x04\x00\x1C\x00\x03\x00N\x00S\x00P\x00l\x00a\x00y\x00e\x00r\x00/\x009\x00.\x000\x00.\x000\x00.\x002\x009\x008\x000\x00;\x00 \x00{\x000\x000\x000\x000\x00A\x00A\x000\x000\x00-\x000\x00A\x000\x000\x00-\x000\x000\x00a\x000\x00-\x00A\x00A\x000\x00A\x00-\x000\x000\x000\x000\x00A\x000\x00A\x00A\x000\x00A\x00A\x000\x00}\x00\x00\x00\xE0m\xDF_" 400 154 "-" "-"
104.152.52.3 - - [29/Jan/2024:06:25:55 +0000] "\x00Z\x00\x00\x01\x00\x00\x00\x016\x01,\x00\x00\x08\x00\x7F\xFF\x7F\x08\x00\x00\x00\x01\x00 \x00:\x00\x00\x00\x00\x00\x00\x00\x00\x00\x00\x00\x00\x00\x00\x00\x004\xE6\x00\x00\x00\x01\x00\x00\x00\x00\x00\x00\x00\x00(CONNECT_DATA=(COMMAND=version))" 400 154 "-" "-"
104.152.52.3 - - [29/Jan/2024:06:25:55 +0000] "\x00\x03\x00\x01\x00\x00\x00\x00\x00\x00\x00\x02\x00\x00\x00\x00\x0F\x00" 400 154 "-" "-"
94.156.66.21 - - [29/Jan/2024:06:30:36 +0000] "POST /boaform/admin/formLogin HTTP/1.1" 301 166 "http://180.233.121.154:80/admin/login.asp" "Mozilla/5.0 (X11; Ubuntu; Linux x86_64; rv:71.0) Gecko/20100101 Firefox/71.0"
94.156.66.21 - - [29/Jan/2024:06:30:36 +0000] "" 400 0 "-" "-"
87.98.140.71 - - [29/Jan/2024:06:39:53 +0000] "GET / HTTP/1.0" 301 166 "-" "Mozilla/5.0 (Windows NT 10.0; Win64; x64) AppleWebKit/537.36 (KHTML, like Gecko) Chrome/51.0.2704.106 Safari/537.36"
94.156.66.21 - - [29/Jan/2024:06:40:04 +0000] "POST /boaform/admin/formLogin HTTP/1.1" 301 166 "http://180.233.121.154:80/admin/login.asp" "Mozilla/5.0 (X11; Ubuntu; Linux x86_64; rv:71.0) Gecko/20100101 Firefox/71.0"
94.156.66.21 - - [29/Jan/2024:06:40:04 +0000] "" 400 0 "-" "-"
94.156.66.21 - - [29/Jan/2024:06:43:10 +0000] "POST /boaform/admin/formLogin HTTP/1.1" 301 166 "http://180.233.121.154:80/admin/login.asp" "Mozilla/5.0 (X11; Ubuntu; Linux x86_64; rv:71.0) Gecko/20100101 Firefox/71.0"
94.156.66.21 - - [29/Jan/2024:06:43:10 +0000] "" 400 0 "-" "-"
47.243.15.50 - - [29/Jan/2024:06:47:29 +0000] "GET / HTTP/1.1" 301 166 "-" "Mozilla/5.0 (Macintosh; Intel Mac OS X 10_14_6) AppleWebKit/537.36 (KHTML, like Gecko) Chrome/76.0.3809.132 Safari/537.36"
47.242.41.190 - - [29/Jan/2024:06:47:31 +0000] "GET / HTTP/1.1" 301 166 "-" "Mozilla/5.0 (Macintosh; Intel Mac OS X 10_14_6) AppleWebKit/537.36 (KHTML, like Gecko) Chrome/76.0.3809.132 Safari/537.36"
66.240.205.34 - - [29/Jan/2024:06:52:32 +0000] "145.ll|'|'|SGFjS2VkX0Q0OTkwNjI3|'|'|WIN-JNAPIER0859|'|'|JNapier|'|'|19-02-01|'|'||'|'|Win 7 Professional SP1 x64|'|'|No|'|'|0.7d|'|'|..|'|'|AA==|'|'|112.inf|'|'|SGFjS2VkDQoxOTIuMTY4LjkyLjIyMjo1NTUyDQpEZXNrdG9wDQpjbGllbnRhLmV4ZQ0KRmFsc2UNCkZhbHNlDQpUcnVlDQpGYWxzZQ==12.act|'|'|AA==" 400 154 "-" "-"
94.156.66.21 - - [29/Jan/2024:06:55:15 +0000] "POST /boaform/admin/formLogin HTTP/1.1" 301 166 "http://180.233.121.154:80/admin/login.asp" "Mozilla/5.0 (X11; Ubuntu; Linux x86_64; rv:71.0) Gecko/20100101 Firefox/71.0"
94.156.66.21 - - [29/Jan/2024:06:55:16 +0000] "" 400 0 "-" "-"
176.97.210.231 - - [29/Jan/2024:07:01:33 +0000] "GET / HTTP/1.1" 301 166 "-" "-"
94.156.66.21 - - [29/Jan/2024:07:15:27 +0000] "POST /boaform/admin/formLogin HTTP/1.1" 301 166 "http://180.233.121.154:80/admin/login.asp" "Mozilla/5.0 (X11; Ubuntu; Linux x86_64; rv:71.0) Gecko/20100101 Firefox/71.0"
94.156.66.21 - - [29/Jan/2024:07:15:27 +0000] "" 400 0 "-" "-"
94.156.66.21 - - [29/Jan/2024:07:25:58 +0000] "POST /boaform/admin/formLogin HTTP/1.1" 301 166 "http://180.233.121.154:80/admin/login.asp" "Mozilla/5.0 (X11; Ubuntu; Linux x86_64; rv:71.0) Gecko/20100101 Firefox/71.0"
94.156.66.21 - - [29/Jan/2024:07:25:58 +0000] "" 400 0 "-" "-"
198.235.24.41 - - [29/Jan/2024:07:37:07 +0000] "GET / HTTP/1.0" 301 166 "-" "Expanse, a Palo Alto Networks company, searches across the global IPv4 space multiple times per day to identify customers&#39; presences on the Internet. If you would like to be excluded from our scans, please send IP addresses/domains to: scaninfo@paloaltonetworks.com"
123.187.240.242 - - [29/Jan/2024:11:06:31 +0000] "GET / HTTP/1.1" 301 166 "-" "Mozilla/5.0 (iPhone; CPU iPhone OS 13_2_3 like Mac OS X) AppleWebKit/605.1.15 (KHTML, like Gecko) Version/13.0.3 Mobile/15E148 Safari/604.1"
94.156.66.21 - - [29/Jan/2024:11:10:44 +0000] "POST /boaform/admin/formLogin HTTP/1.1" 301 166 "http://180.233.121.154:80/admin/login.asp" "Mozilla/5.0 (X11; Ubuntu; Linux x86_64; rv:71.0) Gecko/20100101 Firefox/71.0"
94.156.66.21 - - [29/Jan/2024:11:10:44 +0000] "" 400 0 "-" "-"
192.241.219.50 - - [29/Jan/2024:11:10:59 +0000] "GET /portal/redlion HTTP/1.1" 301 166 "-" "Mozilla/5.0 zgrab/0.x"
65.49.1.49 - - [29/Jan/2024:11:14:14 +0000] "GET / HTTP/1.1" 301 166 "-" "Mozilla/5.0 (Windows NT 10.0; Win64; x64) AppleWebKit/537.36 (KHTML, like Gecko) Chrome/109.0.0.0 Safari/537.36 OPR/95.0.0.0 (Edition Yx 05)"
65.49.1.51 - - [29/Jan/2024:11:15:27 +0000] "GET /webui/ HTTP/1.1" 301 166 "-" "Mozilla/5.0 (Windows NT 10.0; Win64; x64) AppleWebKit/537.36 (KHTML, like Gecko) Chrome/108.0.0.0 Safari/537.36 OPR/94.0.0.0 (Edition Yx GX)"
65.49.1.49 - - [29/Jan/2024:11:15:55 +0000] "GET / HTTP/1.1" 301 166 "-" "Mozilla/5.0 (Windows NT 10.0; Win64; x64) AppleWebKit/537.36 (KHTML, like Gecko) Chrome/108.0.0.0 Safari/537.36 OPR/94.0.0.0 (Edition Yx GX)"
65.49.1.43 - - [29/Jan/2024:11:16:34 +0000] "GET /favicon.ico HTTP/1.1" 301 166 "-" "Mozilla/5.0 (Macintosh; Intel Mac OS X 10_15_7) AppleWebKit/605.1.15 (KHTML, like Gecko) Version/16.3 Safari/605.1.15"
65.49.1.46 - - [29/Jan/2024:11:17:10 +0000] "GET /geoserver/web/ HTTP/1.1" 301 166 "-" "Mozilla/5.0 (Windows NT 10.0; Win64; x64) AppleWebKit/537.36 (KHTML, like Gecko) Chrome/109.0.0.0 Safari/537.36 OPR/95.0.0.0 (Edition Yx 05)"
159.223.85.238 - - [29/Jan/2024:11:17:11 +0000] "GET / HTTP/1.1" 301 166 "-" "Mozilla/5.0 (Windows NT 10.0; Win64; x64) AppleWebKit/537.36 (KHTML, like Gecko) Chrome/88.0.4240.193 Safari/537.36"
159.223.85.238 - - [29/Jan/2024:11:17:11 +0000] "" 400 0 "-" "-"
141.98.7.186 - - [29/Jan/2024:11:19:43 +0000] "POST /boaform/admin/formLogin HTTP/1.1" 301 166 "http://180.233.121.154:80/admin/login.asp" "Mozilla/5.0 (X11; Ubuntu; Linux x86_64; rv:71.0) Gecko/20100101 Firefox/71.0"
141.98.7.186 - - [29/Jan/2024:11:19:44 +0000] "" 400 0 "-" "-"
94.156.66.21 - - [29/Jan/2024:11:20:14 +0000] "POST /boaform/admin/formLogin HTTP/1.1" 301 166 "http://180.233.121.154:80/admin/login.asp" "Mozilla/5.0 (X11; Ubuntu; Linux x86_64; rv:71.0) Gecko/20100101 Firefox/71.0"
94.156.66.21 - - [29/Jan/2024:11:20:14 +0000] "" 400 0 "-" "-"
94.156.66.21 - - [29/Jan/2024:11:26:29 +0000] "POST /boaform/admin/formLogin HTTP/1.1" 301 166 "http://180.233.121.154:80/admin/login.asp" "Mozilla/5.0 (X11; Ubuntu; Linux x86_64; rv:71.0) Gecko/20100101 Firefox/71.0"
94.156.66.21 - - [29/Jan/2024:11:26:29 +0000] "" 400 0 "-" "-"
35.176.193.107 - - [29/Jan/2024:11:35:51 +0000] "\x16\x03\x01\x00{\x01\x00\x00w\x03\x03\x0C\x84>\x9E\xC2\x03\x8D\x14\x95\xB6o\xEE\x01\x14\x1A\xBC\xCE\x11'SCoT>k\xA4\xB7CEO\x5C\xA4\x00\x00\x1A\xC0/\xC0+\xC0\x11\xC0\x07\xC0\x13\xC0\x09\xC0\x14\xC0" 400 154 "-" "-"
152.59.64.138 - - [29/Jan/2024:11:36:56 +0000] "GET / HTTP/1.1" 301 166 "-" "Mozilla/5.0 (iPhone; CPU iPhone OS 16_3 like Mac OS X) AppleWebKit/605.1.15 (KHTML, like Gecko) CriOS/120.0.6099.119 Mobile/15E148 Safari/604.1"
42.104.120.10 - - [29/Jan/2024:11:36:58 +0000] "GET / HTTP/1.1" 301 166 "https://www.google.com/" "Mozilla/5.0 (iPhone; CPU iPhone OS 17_1_2 like Mac OS X) AppleWebKit/605.1.15 (KHTML, like Gecko) Version/17.1.2 Mobile/15E148 Safari/604.1"
35.176.193.107 - - [29/Jan/2024:11:39:06 +0000] "\x16\x03\x01\x00\xB1\x01\x00\x00\xAD\x03\x03\xD5bu\x83]\x97\x8D\xAB\x09i7\xA1\xBF\x1A\xB8=\x08](W1\xF5\x13\x1DMs\xB0\xE0,0\x8D\x06\x00\x00P\xC0/\xC0+\xC0\x11\xC0\x07\xC0\x13\xC0\x09\xC0\x14\xC0" 400 154 "-" "-"
94.156.66.21 - - [29/Jan/2024:11:39:31 +0000] "POST /boaform/admin/formLogin HTTP/1.1" 301 166 "http://180.233.121.154:80/admin/login.asp" "Mozilla/5.0 (X11; Ubuntu; Linux x86_64; rv:71.0) Gecko/20100101 Firefox/71.0"
94.156.66.21 - - [29/Jan/2024:11:39:31 +0000] "" 400 0 "-" "-"
35.176.193.107 - - [29/Jan/2024:11:40:35 +0000] "GET /favicon.ico HTTP/1.1" 301 166 "-" "'Cloud mapping experiment. Contact research@pdrlabs.net'"
35.176.193.107 - - [29/Jan/2024:11:42:47 +0000] "\x16\x03\x01\x00\xB1\x01\x00\x00\xAD\x03\x03u`\x03^H\x5Cb\x99\xC5\xAA\xBB\xC5\xBF" 400 154 "-" "-"
35.176.193.107 - - [29/Jan/2024:11:44:12 +0000] "GET /manage/account/login HTTP/1.1" 301 166 "-" "'Cloud mapping experiment. Contact research@pdrlabs.net'"
94.156.66.21 - - [29/Jan/2024:11:46:06 +0000] "POST /boaform/admin/formLogin HTTP/1.1" 301 166 "http://180.233.121.154:80/admin/login.asp" "Mozilla/5.0 (X11; Ubuntu; Linux x86_64; rv:71.0) Gecko/20100101 Firefox/71.0"
94.156.66.21 - - [29/Jan/2024:11:46:06 +0000] "" 400 0 "-" "-"
35.176.193.107 - - [29/Jan/2024:11:46:57 +0000] "\x16\x03\x01\x00\xB1\x01\x00\x00\xAD\x03\x03\xD3\xF8\x9D\xEF\x924E\xAE\xAC\x03;\x19\xD1r!`\xACw\x22vj\xC9x61\x0C\xEB\xF0\x97\x1DM\x93\x00\x00P\xC0/\xC0+\xC0\x11\xC0\x07\xC0\x13\xC0\x09\xC0\x14\xC0" 400 154 "-" "-"
35.176.193.107 - - [29/Jan/2024:11:48:26 +0000] "GET /admin/index.html HTTP/1.1" 301 166 "-" "'Cloud mapping experiment. Contact research@pdrlabs.net'"
109.205.213.198 - - [29/Jan/2024:11:49:50 +0000] "GET / HTTP/1.1" 301 166 "-" "-"
35.176.193.107 - - [29/Jan/2024:11:51:11 +0000] "\x16\x03\x01\x00\xB1\x01\x00\x00\xAD\x03\x03\x8E\xEE,\x01\xD3\xF2G\x93N\xA6\xF3(W\x09\x05\x98\x0Evd\x0B\x98L\xFA\xC1/\xA7\x85@\xB9{k\xDA\x00\x00P\xC0/\xC0+\xC0\x11\xC0\x07\xC0\x13\xC0\x09\xC0\x14\xC0" 400 154 "-" "-"
35.176.193.107 - - [29/Jan/2024:11:52:40 +0000] "GET /index.html HTTP/1.1" 301 166 "-" "'Cloud mapping experiment. Contact research@pdrlabs.net'"
109.205.213.198 - - [29/Jan/2024:11:54:06 +0000] "GET / HTTP/1.1" 301 166 "-" "Hello World"
35.176.193.107 - - [29/Jan/2024:11:55:40 +0000] "\x16\x03\x01\x00\xB1\x01\x00\x00\xAD\x03\x033*\x12\xE0\xB6D\x8F\x1Cv;&\xCE\xC0\x8C\x7F0\x1E\xEB\x19n\x9C\x16\x16H\xDE!\x09\xD5\x93EK\x02\x00\x00P\xC0/\xC0+\xC0\x11\xC0\x07\xC0\x13\xC0\x09\xC0\x14\xC0" 400 154 "-" "-"
35.176.193.107 - - [29/Jan/2024:11:56:58 +0000] "GET /+CSCOE+/logon.html HTTP/1.1" 301 166 "-" "'Cloud mapping experiment. Contact research@pdrlabs.net'"
35.176.193.107 - - [29/Jan/2024:11:59:35 +0000] "\x16\x03\x01\x00\xB1\x01\x00\x00\xAD\x03\x03\xB2\xC3b\xBA{x\x09\xF2s\xC7)\xD6vlY']#yl\xED\xD5,\xA1\x88M8dg\xF7f\x94\x00\x00P\xC0/\xC0+\xC0\x11\xC0\x07\xC0\x13\xC0\x09\xC0\x14\xC0" 400 154 "-" "-"
62.210.115.126 - - [29/Jan/2024:12:00:46 +0000] "GET /admin.php?520=1 HTTP/1.1" 301 166 "gangagetaways.com" "Mozilla/5.0 (Windows NT 6.1; Win64; x64) AppleWebKit/537.36 (KHTML, like Gecko) Chrome/242.02.8301.120 Safari/537.36"
35.176.193.107 - - [29/Jan/2024:12:01:00 +0000] "GET /cgi-bin/login.cgi HTTP/1.1" 301 166 "-" "'Cloud mapping experiment. Contact research@pdrlabs.net'"
62.210.115.126 - - [29/Jan/2024:12:01:18 +0000] "GET /about.php?520=1 HTTP/1.1" 301 166 "gangagetaways.com" "Mozilla/5.0 (Windows NT 6.1; Win64; x64) AppleWebKit/537.36 (KHTML, like Gecko) Chrome/242.02.8301.120 Safari/537.36"
94.156.66.21 - - [29/Jan/2024:12:02:10 +0000] "POST /boaform/admin/formLogin HTTP/1.1" 301 166 "http://180.233.121.154:80/admin/login.asp" "Mozilla/5.0 (X11; Ubuntu; Linux x86_64; rv:71.0) Gecko/20100101 Firefox/71.0"
94.156.66.21 - - [29/Jan/2024:12:02:10 +0000] "" 400 0 "-" "-"
35.176.193.107 - - [29/Jan/2024:12:03:43 +0000] "\x16\x03\x01\x00\xB1\x01\x00\x00\xAD\x03\x03+\xED\x1D\x13\xF5\x83\x01\xAD\xB4\xA4\xF2\x0E\xFC%kf\xE2\xA7\xCF\xBA\x8A\xC2H\xD2\xBE\xC9T?yp\xEB\x93\x00\x00P\xC0/\xC0+\xC0\x11\xC0\x07\xC0\x13\xC0\x09\xC0\x14\xC0" 400 154 "-" "-"
35.176.193.107 - - [29/Jan/2024:12:05:05 +0000] "GET /logon.htm HTTP/1.1" 301 166 "-" "'Cloud mapping experiment. Contact research@pdrlabs.net'"
35.176.193.107 - - [29/Jan/2024:12:07:42 +0000] "\x16\x03\x01\x00\xB1\x01\x00\x00\xAD\x03\x03\x99k\xF4AA\xD4=\xD4\xEB\x5C2\xF3\x84\xB8\xC7\xB0\x934\xA5\xE7\xBCDiY~\xE2\xD3\x06I\xB3I\x00\x00\x00P\xC0/\xC0+\xC0\x11\xC0\x07\xC0\x13\xC0\x09\xC0\x14\xC0" 400 154 "-" "-"
190.211.252.66 - - [29/Jan/2024:12:08:36 +0000] "POST /boaform/admin/formLogin HTTP/1.1" 301 166 "http://180.233.121.154:80/admin/login.asp" "Mozilla/5.0 (X11; Ubuntu; Linux x86_64; rv:71.0) Gecko/20100101 Firefox/71.0"
190.211.252.66 - - [29/Jan/2024:12:08:39 +0000] "" 400 0 "-" "-"
35.176.193.107 - - [29/Jan/2024:12:09:08 +0000] "GET /login.jsp HTTP/1.1" 301 166 "-" "'Cloud mapping experiment. Contact research@pdrlabs.net'"
94.156.66.21 - - [29/Jan/2024:12:10:58 +0000] "POST /boaform/admin/formLogin HTTP/1.1" 301 166 "http://180.233.121.154:80/admin/login.asp" "Mozilla/5.0 (X11; Ubuntu; Linux x86_64; rv:71.0) Gecko/20100101 Firefox/71.0"
94.156.66.21 - - [29/Jan/2024:12:10:58 +0000] "" 400 0 "-" "-"
35.176.193.107 - - [29/Jan/2024:12:11:53 +0000] "\x16\x03\x01\x00\xB1\x01\x00\x00\xAD\x03\x03\xD49dD8\x14\xA8V\x19\xD7\xB2\x97r|\x5C\x9B\x8E|\xA4.\xF2o\xE2\x8BU`\x1C\xEC\xF7\xB8\x94\xB6\x00\x00P\xC0/\xC0+\xC0\x11\xC0\x07\xC0\x13\xC0\x09\xC0\x14\xC0" 400 154 "-" "-"
35.176.193.107 - - [29/Jan/2024:12:13:40 +0000] "GET / HTTP/1.1" 301 166 "-" "'Cloud mapping experiment. Contact research@pdrlabs.net'"
94.156.66.21 - - [29/Jan/2024:12:15:20 +0000] "POST /boaform/admin/formLogin HTTP/1.1" 301 166 "http://180.233.121.154:80/admin/login.asp" "Mozilla/5.0 (X11; Ubuntu; Linux x86_64; rv:71.0) Gecko/20100101 Firefox/71.0"
94.156.66.21 - - [29/Jan/2024:12:15:20 +0000] "" 400 0 "-" "-"
209.97.189.214 - - [29/Jan/2024:12:20:31 +0000] "GET / HTTP/1.1" 301 166 "-" "Mozilla/5.0 (X11; Linux x86_64) AppleWebKit/537.36 (KHTML, like Gecko) Chrome/108.0.0.0 Safari/537.36"
141.98.11.201 - - [29/Jan/2024:12:30:53 +0000] "GET / HTTP/1.1" 301 166 "-" "-"
94.156.66.21 - - [29/Jan/2024:12:32:32 +0000] "POST /boaform/admin/formLogin HTTP/1.1" 301 166 "http://180.233.121.154:80/admin/login.asp" "Mozilla/5.0 (X11; Ubuntu; Linux x86_64; rv:71.0) Gecko/20100101 Firefox/71.0"
94.156.66.21 - - [29/Jan/2024:12:32:33 +0000] "" 400 0 "-" "-"
94.156.66.21 - - [29/Jan/2024:12:34:57 +0000] "POST /boaform/admin/formLogin HTTP/1.1" 301 166 "http://180.233.121.154:80/admin/login.asp" "Mozilla/5.0 (X11; Ubuntu; Linux x86_64; rv:71.0) Gecko/20100101 Firefox/71.0"
94.156.66.21 - - [29/Jan/2024:12:34:57 +0000] "" 400 0 "-" "-"
104.199.31.214 - - [29/Jan/2024:12:35:49 +0000] "GET / HTTP/1.1" 301 166 "-" "python-requests/2.31.0"
141.98.11.201 - - [29/Jan/2024:12:35:55 +0000] "GET / HTTP/1.1" 301 166 "-" "Hello World/1.0"
147.78.103.103 - - [29/Jan/2024:12:40:04 +0000] "GET / HTTP/1.1" 301 166 "-" "Hello World/1.0"
141.98.11.201 - - [29/Jan/2024:12:41:33 +0000] "GET / HTTP/1.1" 301 166 "-" "Mozilla/5.0"
91.92.250.119 - - [29/Jan/2024:12:41:47 +0000] "POST /login HTTP/1.1" 301 166 "-" "Mozilla/5.0 (Windows NT 10.0; Win64; x64) AppleWebKit/537.36 (KHTML, like Gecko) Chrome/106.0.0.0 Safari/537.36"
91.92.250.119 - - [29/Jan/2024:12:41:47 +0000] "" 400 0 "-" "-"
94.156.66.21 - - [29/Jan/2024:12:48:38 +0000] "POST /boaform/admin/formLogin HTTP/1.1" 301 166 "http://180.233.121.154:80/admin/login.asp" "Mozilla/5.0 (X11; Ubuntu; Linux x86_64; rv:71.0) Gecko/20100101 Firefox/71.0"
94.156.66.21 - - [29/Jan/2024:12:48:39 +0000] "" 400 0 "-" "-"
94.156.66.21 - - [29/Jan/2024:12:59:25 +0000] "POST /boaform/admin/formLogin HTTP/1.1" 301 166 "http://180.233.121.154:80/admin/login.asp" "Mozilla/5.0 (X11; Ubuntu; Linux x86_64; rv:71.0) Gecko/20100101 Firefox/71.0"
94.156.66.21 - - [29/Jan/2024:12:59:25 +0000] "" 400 0 "-" "-"
94.156.66.21 - - [29/Jan/2024:13:06:32 +0000] "POST /boaform/admin/formLogin HTTP/1.1" 301 166 "http://180.233.121.154:80/admin/login.asp" "Mozilla/5.0 (X11; Ubuntu; Linux x86_64; rv:71.0) Gecko/20100101 Firefox/71.0"
94.156.66.21 - - [29/Jan/2024:13:06:33 +0000] "" 400 0 "-" "-"
94.156.66.21 - - [29/Jan/2024:13:15:16 +0000] "POST /boaform/admin/formLogin HTTP/1.1" 301 166 "http://180.233.121.154:80/admin/login.asp" "Mozilla/5.0 (X11; Ubuntu; Linux x86_64; rv:71.0) Gecko/20100101 Firefox/71.0"
94.156.66.21 - - [29/Jan/2024:13:15:17 +0000] "" 400 0 "-" "-"
147.78.103.28 - - [29/Jan/2024:13:19:00 +0000] "GET / HTTP/1.1" 301 166 "-" "Hello World/1.0"
94.156.66.21 - - [29/Jan/2024:13:26:43 +0000] "POST /boaform/admin/formLogin HTTP/1.1" 301 166 "http://180.233.121.154:80/admin/login.asp" "Mozilla/5.0 (X11; Ubuntu; Linux x86_64; rv:71.0) Gecko/20100101 Firefox/71.0"
94.156.66.21 - - [29/Jan/2024:13:26:43 +0000] "" 400 0 "-" "-"
193.222.96.116 - - [29/Jan/2024:13:26:57 +0000] "GET /.env HTTP/1.1" 301 166 "-" "Mozilla/5.0 (Linux; U; Android 4.4.2; en-US; HM NOTE 1W Build/KOT49H) AppleWebKit/534.30 (KHTML, like Gecko) Version/4.0 UCBrowser/11.0.5.850 U3/0.8.0 Mobile Safari/534.30"
193.222.96.116 - - [29/Jan/2024:13:26:57 +0000] "POST / HTTP/1.1" 301 166 "-" "Mozilla/5.0 (Linux; U; Android 4.4.2; en-US; HM NOTE 1W Build/KOT49H) AppleWebKit/534.30 (KHTML, like Gecko) Version/4.0 UCBrowser/11.0.5.850 U3/0.8.0 Mobile Safari/534.30"
94.156.66.21 - - [29/Jan/2024:13:51:24 +0000] "POST /boaform/admin/formLogin HTTP/1.1" 301 166 "http://180.233.121.154:80/admin/login.asp" "Mozilla/5.0 (X11; Ubuntu; Linux x86_64; rv:71.0) Gecko/20100101 Firefox/71.0"
94.156.66.21 - - [29/Jan/2024:13:51:25 +0000] "" 400 0 "-" "-"
94.156.66.21 - - [29/Jan/2024:14:01:07 +0000] "POST /boaform/admin/formLogin HTTP/1.1" 301 166 "http://180.233.121.154:80/admin/login.asp" "Mozilla/5.0 (X11; Ubuntu; Linux x86_64; rv:71.0) Gecko/20100101 Firefox/71.0"
94.156.66.21 - - [29/Jan/2024:14:01:07 +0000] "" 400 0 "-" "-"
94.156.66.21 - - [29/Jan/2024:14:10:48 +0000] "POST /boaform/admin/formLogin HTTP/1.1" 301 166 "http://180.233.121.154:80/admin/login.asp" "Mozilla/5.0 (X11; Ubuntu; Linux x86_64; rv:71.0) Gecko/20100101 Firefox/71.0"
94.156.66.21 - - [29/Jan/2024:14:10:48 +0000] "" 400 0 "-" "-"
109.205.213.198 - - [29/Jan/2024:14:16:05 +0000] "GET / HTTP/1.1" 301 166 "-" "Hello World/1.0"
80.245.90.87 - - [29/Jan/2024:14:16:17 +0000] "GET / HTTP/1.1" 301 166 "-" "Hello World"
141.98.11.201 - - [29/Jan/2024:14:17:12 +0000] "GET / HTTP/1.1" 301 166 "-" "Mozilla/5.0 (Windows NT 10.0; Win64; x64) AppleWebKit/537.36 (KHTML, like Gecko) Chrome/90.0.4430.85 Safari/537.36 Edg/90.0.818.46"
94.156.66.21 - - [29/Jan/2024:14:17:52 +0000] "POST /boaform/admin/formLogin HTTP/1.1" 301 166 "http://180.233.121.154:80/admin/login.asp" "Mozilla/5.0 (X11; Ubuntu; Linux x86_64; rv:71.0) Gecko/20100101 Firefox/71.0"
94.156.66.21 - - [29/Jan/2024:14:17:52 +0000] "" 400 0 "-" "-"
176.111.174.153 - - [29/Jan/2024:14:18:31 +0000] "GET / HTTP/1.0" 301 166 "http://hanisntsolo.com/" "Mozilla/5.0 (Windows NT 6.1; Win64; x64) AppleWebKit/537.36 (KHTML, like Gecko) Chrome/103.0.5060.114 Safari/537.36"
185.236.228.37 - - [29/Jan/2024:14:21:16 +0000] "GET / HTTP/1.1" 301 166 "-" "Mozilla/5.0 (X11; Ubuntu; Linux x86_64; rv:76.0) Gecko/20100101 Firefox/76.0"
94.156.66.21 - - [29/Jan/2024:14:35:55 +0000] "POST /boaform/admin/formLogin HTTP/1.1" 301 166 "http://180.233.121.154:80/admin/login.asp" "Mozilla/5.0 (X11; Ubuntu; Linux x86_64; rv:71.0) Gecko/20100101 Firefox/71.0"
94.156.66.21 - - [29/Jan/2024:14:35:56 +0000] "" 400 0 "-" "-"
46.101.80.192 - - [29/Jan/2024:14:48:47 +0000] "GET / HTTP/1.1" 301 166 "-" "Mozilla/5.0 (Windows NT 6.0) AppleWebKit/537.36 (KHTML, like Gecko) Chrome/34.0.1847.116 Safari/537.36"
94.156.66.21 - - [29/Jan/2024:14:51:00 +0000] "POST /boaform/admin/formLogin HTTP/1.1" 301 166 "http://180.233.121.154:80/admin/login.asp" "Mozilla/5.0 (X11; Ubuntu; Linux x86_64; rv:71.0) Gecko/20100101 Firefox/71.0"
94.156.66.21 - - [29/Jan/2024:14:51:01 +0000] "" 400 0 "-" "-"
94.156.66.21 - - [29/Jan/2024:15:01:20 +0000] "POST /boaform/admin/formLogin HTTP/1.1" 301 166 "http://180.233.121.154:80/admin/login.asp" "Mozilla/5.0 (X11; Ubuntu; Linux x86_64; rv:71.0) Gecko/20100101 Firefox/71.0"
94.156.66.21 - - [29/Jan/2024:15:01:20 +0000] "" 400 0 "-" "-"
43.133.77.230 - - [29/Jan/2024:15:04:10 +0000] "GET / HTTP/1.1" 301 166 "-" "Mozilla/5.0 (iPhone; CPU iPhone OS 13_2_3 like Mac OS X) AppleWebKit/605.1.15 (KHTML, like Gecko) Version/13.0.3 Mobile/15E148 Safari/604.1"
94.156.66.21 - - [29/Jan/2024:15:05:28 +0000] "POST /boaform/admin/formLogin HTTP/1.1" 301 166 "http://180.233.121.154:80/admin/login.asp" "Mozilla/5.0 (X11; Ubuntu; Linux x86_64; rv:71.0) Gecko/20100101 Firefox/71.0"
94.156.66.21 - - [29/Jan/2024:15:05:28 +0000] "" 400 0 "-" "-"
185.224.128.55 - - [29/Jan/2024:15:10:24 +0000] "GET / HTTP/1.1" 301 166 "-" "Mozilla/5.0 (Windows NT 10.0; Win64; x64) AppleWebKit/537.36 (KHTML, like Gecko) Chrome/90.0.4430.85 Safari/537.36 Edg/90.0.818.46"
94.156.66.21 - - [29/Jan/2024:15:20:25 +0000] "POST /boaform/admin/formLogin HTTP/1.1" 301 166 "http://180.233.121.154:80/admin/login.asp" "Mozilla/5.0 (X11; Ubuntu; Linux x86_64; rv:71.0) Gecko/20100101 Firefox/71.0"
94.156.66.21 - - [29/Jan/2024:15:20:25 +0000] "" 400 0 "-" "-"
