138.199.60.187 - - [29/Jan/2024:15:20:33 +0000] "GET / HTTP/1.1" 301 166 "-" "Mozilla/5.0 (Windows NT 10.0; Win64; x64) AppleWebKit/537.36 (KHTML, like Gecko) Chrome/88.0.4240.193 Safari/537.36"
138.199.60.187 - - [29/Jan/2024:15:20:33 +0000] "" 400 0 "-" "-"
20.199.42.233 - - [29/Jan/2024:15:29:53 +0000] "GET /.env HTTP/1.1" 301 166 "-" "Mozilla/5.0 (X11; Linux x86_64) AppleWebKit/537.36 (KHTML, like Gecko) Chrome/81.0.4044.129 Safari/537.36"
20.199.42.233 - - [29/Jan/2024:15:29:56 +0000] "POST / HTTP/1.1" 301 166 "-" "Mozilla/5.0 (X11; Linux x86_64) AppleWebKit/537.36 (KHTML, like Gecko) Chrome/81.0.4044.129 Safari/537.36"
20.199.42.233 - - [29/Jan/2024:15:29:57 +0000] "\x16\x03\x01\x02\x00\x01\x00\x01\xFC\x03\x03\xFF\x94\x9F5\xD1/BmX\x04\x7F!\x9C\x87\xE00$%\x84\xD9\xEFf\xB9\x01?\xB1\xBA'I\x04KE (yf\x9F\xC7&\xF29\x1C\xFCB\x81~\x16%\xAE\xE1\xE6!C\xBENo\x18\x08\xF3q\xD9\xB9\x85\xB6\xD0\x00V\x13\x02\x13\x03\x13\x01\xC0,\xC00\xC0+\xC0/\xCC\xA9\xCC\xA8\x00\x9F\x00\x9E\xCC\xAA\xC0\xAF\xC0\xAD\xC0\xAE\xC0\xAC\xC0$\xC0(\xC0#\xC0'\xC0" 400 154 "-" "-"
94.156.66.21 - - [29/Jan/2024:15:32:20 +0000] "POST /boaform/admin/formLogin HTTP/1.1" 301 166 "http://180.233.121.154:80/admin/login.asp" "Mozilla/5.0 (X11; Ubuntu; Linux x86_64; rv:71.0) Gecko/20100101 Firefox/71.0"
94.156.66.21 - - [29/Jan/2024:15:32:20 +0000] "" 400 0 "-" "-"
179.43.161.130 - - [29/Jan/2024:15:36:22 +0000] "GET / HTTP/1.1" 301 166 "-" "Hello World/1.0"
94.156.66.21 - - [29/Jan/2024:15:43:27 +0000] "POST /boaform/admin/formLogin HTTP/1.1" 301 166 "http://180.233.121.154:80/admin/login.asp" "Mozilla/5.0 (X11; Ubuntu; Linux x86_64; rv:71.0) Gecko/20100101 Firefox/71.0"
94.156.66.21 - - [29/Jan/2024:15:43:27 +0000] "" 400 0 "-" "-"
94.156.66.21 - - [29/Jan/2024:15:49:41 +0000] "POST /boaform/admin/formLogin HTTP/1.1" 301 166 "http://180.233.121.154:80/admin/login.asp" "Mozilla/5.0 (X11; Ubuntu; Linux x86_64; rv:71.0) Gecko/20100101 Firefox/71.0"
94.156.66.21 - - [29/Jan/2024:15:49:41 +0000] "" 400 0 "-" "-"
94.156.66.21 - - [29/Jan/2024:16:00:14 +0000] "POST /boaform/admin/formLogin HTTP/1.1" 301 166 "http://180.233.121.154:80/admin/login.asp" "Mozilla/5.0 (X11; Ubuntu; Linux x86_64; rv:71.0) Gecko/20100101 Firefox/71.0"
94.156.66.21 - - [29/Jan/2024:16:00:14 +0000] "" 400 0 "-" "-"
94.156.66.21 - - [29/Jan/2024:16:13:46 +0000] "POST /boaform/admin/formLogin HTTP/1.1" 301 166 "http://180.233.121.154:80/admin/login.asp" "Mozilla/5.0 (X11; Ubuntu; Linux x86_64; rv:71.0) Gecko/20100101 Firefox/71.0"
94.156.66.21 - - [29/Jan/2024:16:13:47 +0000] "" 400 0 "-" "-"
94.156.66.21 - - [29/Jan/2024:16:16:41 +0000] "POST /boaform/admin/formLogin HTTP/1.1" 301 166 "http://180.233.121.154:80/admin/login.asp" "Mozilla/5.0 (X11; Ubuntu; Linux x86_64; rv:71.0) Gecko/20100101 Firefox/71.0"
94.156.66.21 - - [29/Jan/2024:16:16:41 +0000] "" 400 0 "-" "-"
178.128.210.253 - - [29/Jan/2024:16:30:12 +0000] "GET / HTTP/1.1" 301 166 "-" "Mozilla/5.0 (Windows NT 10.0; Win64; x64) AppleWebKit/537.36 (KHTML, like Gecko) Chrome/78.0.3904.108 Safari/537.36"
178.128.210.253 - - [29/Jan/2024:16:30:12 +0000] "" 400 0 "-" "-"
94.156.66.21 - - [29/Jan/2024:16:31:10 +0000] "POST /boaform/admin/formLogin HTTP/1.1" 301 166 "http://180.233.121.154:80/admin/login.asp" "Mozilla/5.0 (X11; Ubuntu; Linux x86_64; rv:71.0) Gecko/20100101 Firefox/71.0"
94.156.66.21 - - [29/Jan/2024:16:31:11 +0000] "" 400 0 "-" "-"
54.194.245.250 - - [29/Jan/2024:16:59:06 +0000] "GET /robots.txt HTTP/1.1" 301 166 "-" "Pandalytics/1.0 (https://domainsbot.com/pandalytics/)"
54.194.245.250 - - [29/Jan/2024:16:59:35 +0000] "GET / HTTP/1.1" 301 166 "-" "Pandalytics/1.0 (https://domainsbot.com/pandalytics/)"
185.241.208.97 - - [29/Jan/2024:16:59:39 +0000] "GET /installer.php HTTP/1.1" 301 166 "-" "Mozilla/5.0 (Windows NT 10.0; Win64; x64; rv:67.0) Gecko/20100101 Firefox/67.0"
94.156.66.21 - - [29/Jan/2024:17:03:00 +0000] "POST /boaform/admin/formLogin HTTP/1.1" 301 166 "http://180.233.121.154:80/admin/login.asp" "Mozilla/5.0 (X11; Ubuntu; Linux x86_64; rv:71.0) Gecko/20100101 Firefox/71.0"
94.156.66.21 - - [29/Jan/2024:17:03:00 +0000] "" 400 0 "-" "-"
43.153.216.189 - - [29/Jan/2024:17:05:58 +0000] "GET / HTTP/1.1" 301 166 "-" "Mozilla/5.0 (iPhone; CPU iPhone OS 13_2_3 like Mac OS X) AppleWebKit/605.1.15 (KHTML, like Gecko) Version/13.0.3 Mobile/15E148 Safari/604.1"
128.90.144.150 - - [29/Jan/2024:17:08:57 +0000] "GET / HTTP/1.1" 301 166 "-" "Mozilla/5.0 (Windows NT 10.0; Win64; x64; rv:108.0) Gecko/20100101 Firefox/108.0"
94.156.66.21 - - [29/Jan/2024:17:10:16 +0000] "POST /boaform/admin/formLogin HTTP/1.1" 301 166 "http://180.233.121.154:80/admin/login.asp" "Mozilla/5.0 (X11; Ubuntu; Linux x86_64; rv:71.0) Gecko/20100101 Firefox/71.0"
94.156.66.21 - - [29/Jan/2024:17:10:16 +0000] "" 400 0 "-" "-"
180.149.125.168 - - [29/Jan/2024:17:14:42 +0000] "GET / HTTP/1.1" 301 166 "-" "Mozilla/5.0 (Windows NT 5.1; Win64; x64) AppleWebKit/537.36 (KHTML, like Gecko) Chrome/60.0.3112.90 Safari/537.36"
141.98.11.201 - - [29/Jan/2024:17:18:34 +0000] "GET / HTTP/1.1" 301 166 "-" "Mozilla/5.0 (Windows NT 10.0; Win64; x64) AppleWebKit/537.36 (KHTML, like Gecko) Chrome/90.0.4430.85 Safari/537.36 Edg/90.0.818.46"
34.242.160.238 - - [29/Jan/2024:17:27:44 +0000] "HEAD / HTTP/1.1" 301 0 "https://www.netcraft.com/survey/" "Mozilla/4.0 (compatible; Netcraft Web Server Survey)"
94.156.66.21 - - [29/Jan/2024:17:29:38 +0000] "POST /boaform/admin/formLogin HTTP/1.1" 301 166 "http://180.233.121.154:80/admin/login.asp" "Mozilla/5.0 (X11; Ubuntu; Linux x86_64; rv:71.0) Gecko/20100101 Firefox/71.0"
94.156.66.21 - - [29/Jan/2024:17:29:38 +0000] "" 400 0 "-" "-"
94.156.66.21 - - [29/Jan/2024:17:38:06 +0000] "POST /boaform/admin/formLogin HTTP/1.1" 301 166 "http://180.233.121.154:80/admin/login.asp" "Mozilla/5.0 (X11; Ubuntu; Linux x86_64; rv:71.0) Gecko/20100101 Firefox/71.0"
94.156.66.21 - - [29/Jan/2024:17:38:06 +0000] "" 400 0 "-" "-"
54.38.211.230 - - [29/Jan/2024:17:40:46 +0000] "GET / HTTP/1.0" 301 166 "-" "Mozilla/5.0 (Windows NT 10.0; Win64; x64) AppleWebKit/537.36 (KHTML, like Gecko) Chrome/51.0.2704.106 Safari/537.36"
51.89.211.248 - - [29/Jan/2024:17:40:48 +0000] "GET / HTTP/1.0" 301 166 "-" "Mozilla/5.0 (Windows NT 10.0; Win64; x64) AppleWebKit/537.36 (KHTML, like Gecko) Chrome/51.0.2704.106 Safari/537.36"
54.38.211.230 - - [29/Jan/2024:17:40:53 +0000] "GET / HTTP/1.0" 301 166 "-" "Mozilla/5.0 (Windows NT 10.0; Win64; x64) AppleWebKit/537.36 (KHTML, like Gecko) Chrome/51.0.2704.106 Safari/537.36"
178.33.149.171 - - [29/Jan/2024:17:41:08 +0000] "GET / HTTP/1.0" 301 166 "-" "Mozilla/5.0 (Windows NT 10.0; Win64; x64) AppleWebKit/537.36 (KHTML, like Gecko) Chrome/51.0.2704.106 Safari/537.36"
87.236.176.94 - - [29/Jan/2024:17:44:02 +0000] "GET / HTTP/1.1" 301 166 "http://180.233.121.154:1081" "Mozilla/5.0 (compatible; InternetMeasurement/1.0; +https://internet-measurement.com/)"
156.220.232.17 - - [29/Jan/2024:17:45:40 +0000] "GET / HTTP/1.1" 301 166 "-" "Hello World"
179.43.191.18 - - [29/Jan/2024:17:49:47 +0000] "GET / HTTP/1.1" 301 166 "https://hanisntsolo.com" "TheWebInternetSearcher"
94.156.66.21 - - [29/Jan/2024:17:50:33 +0000] "POST /boaform/admin/formLogin HTTP/1.1" 301 166 "http://180.233.121.154:80/admin/login.asp" "Mozilla/5.0 (X11; Ubuntu; Linux x86_64; rv:71.0) Gecko/20100101 Firefox/71.0"
94.156.66.21 - - [29/Jan/2024:17:50:33 +0000] "" 400 0 "-" "-"
107.170.234.29 - - [29/Jan/2024:17:57:23 +0000] "GET /druid/index.html HTTP/1.1" 301 166 "-" "Mozilla/5.0 zgrab/0.x"
212.102.51.229 - - [29/Jan/2024:17:58:19 +0000] "GET / HTTP/1.1" 301 166 "-" "Mozilla/5.0 (Windows NT 10.0; Win64; x64) AppleWebKit/537.36 (KHTML, like Gecko) Chrome/88.0.4240.193 Safari/537.36"
212.102.51.229 - - [29/Jan/2024:17:58:19 +0000] "" 400 0 "-" "-"
94.156.66.21 - - [29/Jan/2024:18:00:18 +0000] "POST /boaform/admin/formLogin HTTP/1.1" 301 166 "http://180.233.121.154:80/admin/login.asp" "Mozilla/5.0 (X11; Ubuntu; Linux x86_64; rv:71.0) Gecko/20100101 Firefox/71.0"
94.156.66.21 - - [29/Jan/2024:18:00:18 +0000] "" 400 0 "-" "-"
43.133.38.182 - - [29/Jan/2024:18:05:03 +0000] "GET / HTTP/1.1" 301 166 "-" "Mozilla/5.0 (iPhone; CPU iPhone OS 13_2_3 like Mac OS X) AppleWebKit/605.1.15 (KHTML, like Gecko) Version/13.0.3 Mobile/15E148 Safari/604.1"
176.97.210.231 - - [29/Jan/2024:18:07:16 +0000] "GET / HTTP/1.1" 301 166 "-" "-"
157.254.236.81 - - [29/Jan/2024:18:22:43 +0000] "GET /.env HTTP/1.1" 301 166 "-" "Mozilla/5.0 (Macintosh; Intel Mac OS X 10.15; rv:77.0) Gecko/20100101 Firefox/77.0"
162.243.137.16 - - [29/Jan/2024:18:23:32 +0000] "GET /hudson HTTP/1.1" 301 166 "-" "Mozilla/5.0 zgrab/0.x"
94.156.66.21 - - [29/Jan/2024:18:34:39 +0000] "POST /boaform/admin/formLogin HTTP/1.1" 301 166 "http://180.233.121.154:80/admin/login.asp" "Mozilla/5.0 (X11; Ubuntu; Linux x86_64; rv:71.0) Gecko/20100101 Firefox/71.0"
94.156.66.21 - - [29/Jan/2024:18:34:39 +0000] "" 400 0 "-" "-"
45.142.182.85 - - [29/Jan/2024:18:42:46 +0000] "GET / HTTP/1.1" 301 166 "-" "Mozilla/5.0 (X11; Ubuntu; Linux x86_64; rv:76.0) Gecko/20100101 Firefox/76.0"
94.156.66.21 - - [29/Jan/2024:18:43:45 +0000] "POST /boaform/admin/formLogin HTTP/1.1" 301 166 "http://180.233.121.154:80/admin/login.asp" "Mozilla/5.0 (X11; Ubuntu; Linux x86_64; rv:71.0) Gecko/20100101 Firefox/71.0"
94.156.66.21 - - [29/Jan/2024:18:43:46 +0000] "" 400 0 "-" "-"
5.181.80.126 - - [29/Jan/2024:18:57:53 +0000] "POST /boaform/admin/formLogin HTTP/1.1" 301 166 "http://180.233.121.154:80/admin/login.asp" "Mozilla/5.0 (X11; Ubuntu; Linux x86_64; rv:71.0) Gecko/20100101 Firefox/71.0"
5.181.80.126 - - [29/Jan/2024:18:57:54 +0000] "" 400 0 "-" "-"
103.216.223.206 - - [29/Jan/2024:19:01:44 +0000] "GET / HTTP/1.1" 301 166 "-" "Mozilla/5.0 (Windows NT 10.0; Win64; x64) AppleWebKit/537.36 (KHTML, like Gecko) Chrome/88.0.4240.193 Safari/537.36"
103.216.223.206 - - [29/Jan/2024:19:01:45 +0000] "" 400 0 "-" "-"
94.156.66.21 - - [29/Jan/2024:19:11:39 +0000] "POST /boaform/admin/formLogin HTTP/1.1" 301 166 "http://180.233.121.154:80/admin/login.asp" "Mozilla/5.0 (X11; Ubuntu; Linux x86_64; rv:71.0) Gecko/20100101 Firefox/71.0"
94.156.66.21 - - [29/Jan/2024:19:11:39 +0000] "" 400 0 "-" "-"
198.235.24.199 - - [29/Jan/2024:19:17:48 +0000] "\x16\x03\x01\x00\xCA\x01\x00\x00\xC6\x03\x03\x80e\xC6\xF62\x09^\xD7MX\x0E?h\x9B\xF0\xB0\xED\xC1#T0(\xBA\xCCa\xC4\x84\x17M\x830M\x00\x00h\xCC\x14\xCC\x13\xC0/\xC0+\xC00\xC0,\xC0\x11\xC0\x07\xC0'\xC0#\xC0\x13\xC0\x09\xC0(\xC0$\xC0\x14\xC0" 400 154 "-" "-"
198.235.24.199 - - [29/Jan/2024:19:17:48 +0000] "\x16\x03\x01\x00\xEE\x01\x00\x00\xEA\x03\x03\xEDc\xC3\xA4W\xCC?\xFDXs\xD2\xE1\xFA\x5C\x5C(\x9A\xB1ux\xB3\xFE\xA4g7\xD0\x9C\xFA2\x15\xCE\x96 \x08\xBF\xDEW\xEAE\xB3\xA7#\x18*\x12ow/\x88\xA4\x9EA\xBC\x97\x12\x82\xB4\xE3\x04\xA9\xC2\x99\xF9\x1B\xA4\x00&\xC0+\xC0/\xC0,\xC00\xCC\xA9\xCC\xA8\xC0\x09\xC0\x13\xC0" 400 154 "-" "-"
147.78.103.28 - - [29/Jan/2024:19:22:34 +0000] "GET / HTTP/1.1" 301 166 "-" "Hello World/1.0"
94.156.66.21 - - [29/Jan/2024:19:23:49 +0000] "POST /boaform/admin/formLogin HTTP/1.1" 301 166 "http://180.233.121.154:80/admin/login.asp" "Mozilla/5.0 (X11; Ubuntu; Linux x86_64; rv:71.0) Gecko/20100101 Firefox/71.0"
94.156.66.21 - - [29/Jan/2024:19:23:49 +0000] "" 400 0 "-" "-"
94.156.66.21 - - [29/Jan/2024:19:27:20 +0000] "POST /boaform/admin/formLogin HTTP/1.1" 301 166 "http://180.233.121.154:80/admin/login.asp" "Mozilla/5.0 (X11; Ubuntu; Linux x86_64; rv:71.0) Gecko/20100101 Firefox/71.0"
94.156.66.21 - - [29/Jan/2024:19:27:20 +0000] "" 400 0 "-" "-"
94.156.66.21 - - [29/Jan/2024:19:40:28 +0000] "POST /boaform/admin/formLogin HTTP/1.1" 301 166 "http://180.233.121.154:80/admin/login.asp" "Mozilla/5.0 (X11; Ubuntu; Linux x86_64; rv:71.0) Gecko/20100101 Firefox/71.0"
94.156.66.21 - - [29/Jan/2024:19:40:28 +0000] "" 400 0 "-" "-"
94.156.66.21 - - [29/Jan/2024:19:47:17 +0000] "POST /boaform/admin/formLogin HTTP/1.1" 301 166 "http://180.233.121.154:80/admin/login.asp" "Mozilla/5.0 (X11; Ubuntu; Linux x86_64; rv:71.0) Gecko/20100101 Firefox/71.0"
94.156.66.21 - - [29/Jan/2024:19:47:18 +0000] "" 400 0 "-" "-"
190.211.252.66 - - [29/Jan/2024:19:56:01 +0000] "POST /boaform/admin/formLogin HTTP/1.1" 301 166 "http://180.233.121.154:80/admin/login.asp" "Mozilla/5.0 (X11; Ubuntu; Linux x86_64; rv:71.0) Gecko/20100101 Firefox/71.0"
190.211.252.66 - - [29/Jan/2024:19:56:01 +0000] "" 400 0 "-" "-"
94.156.66.21 - - [29/Jan/2024:19:59:48 +0000] "POST /boaform/admin/formLogin HTTP/1.1" 301 166 "http://180.233.121.154:80/admin/login.asp" "Mozilla/5.0 (X11; Ubuntu; Linux x86_64; rv:71.0) Gecko/20100101 Firefox/71.0"
94.156.66.21 - - [29/Jan/2024:19:59:48 +0000] "" 400 0 "-" "-"
178.128.18.25 - - [29/Jan/2024:20:11:15 +0000] "POST /boaform/admin/formLogin HTTP/1.1" 301 166 "http://180.233.121.154:80/admin/login.asp" "Mozilla/5.0 (X11; Ubuntu; Linux x86_64; rv:71.0) Gecko/20100101 Firefox/71.0"
178.128.18.25 - - [29/Jan/2024:20:11:16 +0000] "" 400 0 "-" "-"
94.156.66.21 - - [29/Jan/2024:20:11:19 +0000] "POST /boaform/admin/formLogin HTTP/1.1" 301 166 "http://180.233.121.154:80/admin/login.asp" "Mozilla/5.0 (X11; Ubuntu; Linux x86_64; rv:71.0) Gecko/20100101 Firefox/71.0"
94.156.66.21 - - [29/Jan/2024:20:11:19 +0000] "" 400 0 "-" "-"
159.223.136.180 - - [29/Jan/2024:20:18:12 +0000] "GET / HTTP/1.1" 301 166 "-" "Mozilla/5.0 (Windows NT 10.0; Win64; x64; rv:109.0) Gecko/20100101 Firefox/118.0"
94.156.66.21 - - [29/Jan/2024:20:18:28 +0000] "POST /boaform/admin/formLogin HTTP/1.1" 301 166 "http://180.233.121.154:80/admin/login.asp" "Mozilla/5.0 (X11; Ubuntu; Linux x86_64; rv:71.0) Gecko/20100101 Firefox/71.0"
94.156.66.21 - - [29/Jan/2024:20:18:28 +0000] "" 400 0 "-" "-"
94.21.234.254 - - [29/Jan/2024:20:19:39 +0000] "HEAD / HTTP/1.1" 301 0 "-" "Mozilla / Safari Browser"
103.186.67.227 - - [29/Jan/2024:20:20:09 +0000] "POST /boaform/admin/formLogin HTTP/1.1" 301 166 "http://180.233.121.154:80/admin/login.asp" "Mozilla/5.0 (X11; Ubuntu; Linux x86_64; rv:71.0) Gecko/20100101 Firefox/71.0"
103.186.67.227 - - [29/Jan/2024:20:20:09 +0000] "" 400 0 "-" "-"
94.156.66.21 - - [29/Jan/2024:20:27:56 +0000] "POST /boaform/admin/formLogin HTTP/1.1" 301 166 "http://180.233.121.154:80/admin/login.asp" "Mozilla/5.0 (X11; Ubuntu; Linux x86_64; rv:71.0) Gecko/20100101 Firefox/71.0"
94.156.66.21 - - [29/Jan/2024:20:27:56 +0000] "" 400 0 "-" "-"
94.156.66.21 - - [29/Jan/2024:20:38:55 +0000] "POST /boaform/admin/formLogin HTTP/1.1" 301 166 "http://180.233.121.154:80/admin/login.asp" "Mozilla/5.0 (X11; Ubuntu; Linux x86_64; rv:71.0) Gecko/20100101 Firefox/71.0"
94.156.66.21 - - [29/Jan/2024:20:38:55 +0000] "" 400 0 "-" "-"
91.199.147.166 - - [29/Jan/2024:20:39:28 +0000] "POST /boaform/admin/formLogin HTTP/1.1" 301 166 "http://180.233.121.154:80/admin/login.asp" "Mozilla/5.0 (X11; Ubuntu; Linux x86_64; rv:71.0) Gecko/20100101 Firefox/71.0"
91.199.147.166 - - [29/Jan/2024:20:39:29 +0000] "" 400 0 "-" "-"
94.156.66.21 - - [29/Jan/2024:20:47:08 +0000] "POST /boaform/admin/formLogin HTTP/1.1" 301 166 "http://180.233.121.154:80/admin/login.asp" "Mozilla/5.0 (X11; Ubuntu; Linux x86_64; rv:71.0) Gecko/20100101 Firefox/71.0"
94.156.66.21 - - [29/Jan/2024:20:47:08 +0000] "" 400 0 "-" "-"
94.156.66.229 - - [29/Jan/2024:20:59:44 +0000] "POST /boaform/admin/formLogin HTTP/1.1" 301 166 "http://180.233.121.154:80/admin/login.asp" "Mozilla/5.0 (X11; Ubuntu; Linux x86_64; rv:71.0) Gecko/20100101 Firefox/71.0"
94.156.66.229 - - [29/Jan/2024:20:59:44 +0000] "" 400 0 "-" "-"
94.156.66.21 - - [29/Jan/2024:21:04:05 +0000] "POST /boaform/admin/formLogin HTTP/1.1" 301 166 "http://180.233.121.154:80/admin/login.asp" "Mozilla/5.0 (X11; Ubuntu; Linux x86_64; rv:71.0) Gecko/20100101 Firefox/71.0"
94.156.66.21 - - [29/Jan/2024:21:04:06 +0000] "" 400 0 "-" "-"
172.234.96.249 - - [29/Jan/2024:21:05:30 +0000] "GET /sy.php HTTP/1.1" 301 166 "-" "-"
94.156.66.21 - - [29/Jan/2024:21:12:02 +0000] "POST /boaform/admin/formLogin HTTP/1.1" 301 166 "http://180.233.121.154:80/admin/login.asp" "Mozilla/5.0 (X11; Ubuntu; Linux x86_64; rv:71.0) Gecko/20100101 Firefox/71.0"
94.156.66.21 - - [29/Jan/2024:21:12:02 +0000] "" 400 0 "-" "-"
94.156.66.21 - - [29/Jan/2024:21:17:51 +0000] "POST /boaform/admin/formLogin HTTP/1.1" 301 166 "http://180.233.121.154:80/admin/login.asp" "Mozilla/5.0 (X11; Ubuntu; Linux x86_64; rv:71.0) Gecko/20100101 Firefox/71.0"
94.156.66.21 - - [29/Jan/2024:21:17:51 +0000] "" 400 0 "-" "-"
141.98.11.201 - - [29/Jan/2024:21:21:08 +0000] "GET / HTTP/1.1" 301 166 "-" "Hello World/1.0"
141.98.11.201 - - [29/Jan/2024:21:22:57 +0000] "GET / HTTP/1.1" 301 166 "-" "Hello World/1.0"
141.98.11.201 - - [29/Jan/2024:21:25:54 +0000] "GET / HTTP/1.1" 301 166 "-" "Mozilla/5.0"
144.91.106.14 - - [29/Jan/2024:21:30:33 +0000] "GET / HTTP/1.1" 301 166 "-" "Mozilla/5.0 (X11; Linux x86_64) AppleWebKit/537.36 (KHTML, like Gecko) Chrome/89.0.4389.82 Safari/537.36"
94.156.66.21 - - [29/Jan/2024:21:33:45 +0000] "POST /boaform/admin/formLogin HTTP/1.1" 301 166 "http://180.233.121.154:80/admin/login.asp" "Mozilla/5.0 (X11; Ubuntu; Linux x86_64; rv:71.0) Gecko/20100101 Firefox/71.0"
94.156.66.21 - - [29/Jan/2024:21:33:45 +0000] "" 400 0 "-" "-"
94.156.66.21 - - [29/Jan/2024:21:37:20 +0000] "POST /boaform/admin/formLogin HTTP/1.1" 301 166 "http://180.233.121.154:80/admin/login.asp" "Mozilla/5.0 (X11; Ubuntu; Linux x86_64; rv:71.0) Gecko/20100101 Firefox/71.0"
94.156.66.21 - - [29/Jan/2024:21:37:20 +0000] "" 400 0 "-" "-"
198.98.51.91 - - [29/Jan/2024:21:46:12 +0000] "POST /boaform/admin/formLogin HTTP/1.1" 301 166 "http://180.233.121.154:80/admin/login.asp" "Mozilla/5.0 (X11; Ubuntu; Linux x86_64; rv:71.0) Gecko/20100101 Firefox/71.0"
198.98.51.91 - - [29/Jan/2024:21:46:12 +0000] "" 400 0 "-" "-"
94.156.66.21 - - [29/Jan/2024:21:48:14 +0000] "POST /boaform/admin/formLogin HTTP/1.1" 301 166 "http://180.233.121.154:80/admin/login.asp" "Mozilla/5.0 (X11; Ubuntu; Linux x86_64; rv:71.0) Gecko/20100101 Firefox/71.0"
94.156.66.21 - - [29/Jan/2024:21:48:14 +0000] "" 400 0 "-" "-"
104.152.52.3 - - [29/Jan/2024:21:56:52 +0000] "GET / HTTP/1.0" 301 166 "-" "-"
104.152.52.3 - - [29/Jan/2024:21:56:53 +0000] "OPTIONS / HTTP/1.0" 301 166 "-" "-"
104.152.52.3 - - [29/Jan/2024:21:56:53 +0000] "OPTIONS / RTSP/1.0" 400 154 "-" "-"
104.152.52.3 - - [29/Jan/2024:21:56:54 +0000] "l\x00\x0B\x00\x00\x00\x00\x00\x00\x00\x00\x00" 400 154 "-" "-"
104.152.52.3 - - [29/Jan/2024:21:56:54 +0000] "GET /nice%20ports%2C/Tri%6Eity.txt%2ebak HTTP/1.0" 301 166 "-" "-"
104.152.52.3 - - [29/Jan/2024:21:57:00 +0000] "" 400 0 "-" "-"
104.152.52.3 - - [29/Jan/2024:21:57:00 +0000] "\x80\x00\x00(r\xFE\x1D\x13\x00\x00\x00\x00\x00\x00\x00\x02\x00\x01\x86\xA0\x00\x01\x97|\x00\x00\x00\x00\x00\x00\x00\x00\x00\x00\x00\x00\x00\x00\x00\x00\x00\x00\x00\x00" 400 154 "-" "-"
104.152.52.3 - - [29/Jan/2024:21:57:01 +0000] "\x00\x1E\x00\x06\x01\x00\x00\x01\x00\x00\x00\x00\x00\x00\x07version\x04bind\x00\x00\x10\x00\x03" 400 154 "-" "-"
104.152.52.3 - - [29/Jan/2024:21:57:01 +0000] "\x00\x0C\x00\x00\x10\x00\x00\x00\x00\x00\x00\x00\x00\x00" 400 154 "-" "-"
104.152.52.3 - - [29/Jan/2024:21:57:02 +0000] "HELP" 400 154 "-" "-"
104.152.52.3 - - [29/Jan/2024:21:57:02 +0000] "\x16\x03\x00\x00S\x01\x00\x00O\x03\x00?G\xD7\xF7\xBA,\xEE\xEA\xB2`~\xF3\x00\xFD\x82{\xB9\xD5\x96\xC8w\x9B\xE6\xC4\xDB<=\xDBo\xEF\x10n\x00\x00(\x00\x16\x00\x13\x00" 400 154 "-" "-"
104.152.52.3 - - [29/Jan/2024:21:57:03 +0000] "\x00\x00\x00\xA4\xFFSMBr\x00\x00\x00\x00\x08\x01@\x00\x00\x00\x00\x00\x00\x00\x00\x00\x00\x00\x00\x00\x00@\x06\x00\x00\x01\x00\x00\x81\x00\x02PC NETWORK PROGRAM 1.0\x00\x02MICROSOFT NETWORKS 1.03\x00\x02MICROSOFT NETWORKS 3.0\x00\x02LANMAN1.0\x00\x02LM1.2X002\x00\x02Samba\x00\x02NT LANMAN 1.0\x00\x02NT LM 0.12\x00" 400 154 "-" "-"
104.152.52.3 - - [29/Jan/2024:21:57:03 +0000] "\x01default" 400 154 "-" "-"
104.152.52.3 - - [29/Jan/2024:21:57:04 +0000] "0\x0C\x02\x01\x01`\x07\x02\x01\x02\x04\x00\x80\x00" 400 154 "-" "-"
104.152.52.3 - - [29/Jan/2024:21:57:04 +0000] "OPTIONS sip:nm SIP/2.0" 400 154 "-" "-"
104.152.52.3 - - [29/Jan/2024:21:57:05 +0000] "TNMP\x04\x00\x00\x00TNME\x00\x00\x04\x00" 400 154 "-" "-"
104.152.52.3 - - [29/Jan/2024:21:57:05 +0000] "\x03\x00\x00\x0B\x06\xE0\x00\x00\x00\x00\x00" 400 154 "-" "-"
104.152.52.3 - - [29/Jan/2024:21:57:06 +0000] "DmdT\x00\x00\x00\x17\x00\x00\x00\x01\x00\x00\x00\x00\x11\x11\x00\xFF\x01\xFF\x13" 400 154 "-" "-"
104.152.52.3 - - [29/Jan/2024:21:57:06 +0000] ":\x00\x00\x00/\x00\x00\x00\x02\x00\x00@\x02\x0F\x00\x01\x00=\x05\x00\x00\x00\x00\x00\x00\x00\x00\x00\x00\x00\x00/\x00\x00\x00\x00\x00\x00\x00\x00\x00@\x1F\x00\x00\x00\x00\x00\x00\x00\x00\x00\x00\x00\x00\x00\x00\x00\x00\x00" 400 154 "-" "-"
104.152.52.3 - - [29/Jan/2024:21:57:07 +0000] "\x01\x00\x00\xFD\xCE\xFA\x0B\xB0\xA0\x00\x00\x00MMS\x14\x00\x00\x00\x00\x00\x00\x00\x00\x00\x00\x00\x00\x00\x00\x00\x12\x00\x00\x00\x01\x00\x03\x00\xF0\xF0\xF0\xF0\x0B\x00\x04\x00\x1C\x00\x03\x00N\x00S\x00P\x00l\x00a\x00y\x00e\x00r\x00/\x009\x00.\x000\x00.\x000\x00.\x002\x009\x008\x000\x00;\x00 \x00{\x000\x000\x000\x000\x00A\x00A\x000\x000\x00-\x000\x00A\x000\x000\x00-\x000\x000\x00a\x000\x00-\x00A\x00A\x000\x00A\x00-\x000\x000\x000\x000\x00A\x000\x00A\x00A\x000\x00A\x00A\x000\x00}\x00\x00\x00\xE0m\xDF_" 400 154 "-" "-"
104.152.52.3 - - [29/Jan/2024:21:57:08 +0000] "\x00Z\x00\x00\x01\x00\x00\x00\x016\x01,\x00\x00\x08\x00\x7F\xFF\x7F\x08\x00\x00\x00\x01\x00 \x00:\x00\x00\x00\x00\x00\x00\x00\x00\x00\x00\x00\x00\x00\x00\x00\x004\xE6\x00\x00\x00\x01\x00\x00\x00\x00\x00\x00\x00\x00(CONNECT_DATA=(COMMAND=version))" 400 154 "-" "-"
104.152.52.3 - - [29/Jan/2024:21:57:08 +0000] "\x00\x03\x00\x01\x00\x00\x00\x00\x00\x00\x00\x02\x00\x00\x00\x00\x0F\x00" 400 154 "-" "-"
94.156.66.21 - - [29/Jan/2024:22:03:40 +0000] "POST /boaform/admin/formLogin HTTP/1.1" 301 166 "http://180.233.121.154:80/admin/login.asp" "Mozilla/5.0 (X11; Ubuntu; Linux x86_64; rv:71.0) Gecko/20100101 Firefox/71.0"
94.156.66.21 - - [29/Jan/2024:22:03:40 +0000] "" 400 0 "-" "-"
141.98.11.201 - - [29/Jan/2024:22:03:51 +0000] "GET / HTTP/1.1" 301 166 "-" "Mozilla/5.0 (Windows NT 10.0; Win64; x64) AppleWebKit/537.36 (KHTML, like Gecko) Chrome/90.0.4430.85 Safari/537.36 Edg/90.0.818.46"
74.208.227.29 - - [29/Jan/2024:22:08:49 +0000] "GET /wp-login.php HTTP/1.1" 301 166 "-" "Mozilla/5.0 (X11; Fedora; Linux x86_64; rv:94.0) Gecko/20100101 Firefox/95.0"
94.156.66.21 - - [29/Jan/2024:22:11:57 +0000] "POST /boaform/admin/formLogin HTTP/1.1" 301 166 "http://180.233.121.154:80/admin/login.asp" "Mozilla/5.0 (X11; Ubuntu; Linux x86_64; rv:71.0) Gecko/20100101 Firefox/71.0"
94.156.66.21 - - [29/Jan/2024:22:11:57 +0000] "" 400 0 "-" "-"
95.239.170.158 - - [29/Jan/2024:22:27:05 +0000] "GET / HTTP/1.1" 301 166 "-" "Mozilla/5.0 (Windows NT 6.1; WOW64) AppleWebKit/537.36 (KHTML, like Gecko) Chrome/52.0.2743.116 Safari/537.36"
94.156.66.21 - - [29/Jan/2024:22:29:30 +0000] "POST /boaform/admin/formLogin HTTP/1.1" 301 166 "http://180.233.121.154:80/admin/login.asp" "Mozilla/5.0 (X11; Ubuntu; Linux x86_64; rv:71.0) Gecko/20100101 Firefox/71.0"
94.156.66.21 - - [29/Jan/2024:22:29:30 +0000] "" 400 0 "-" "-"
94.156.66.21 - - [29/Jan/2024:22:37:53 +0000] "POST /boaform/admin/formLogin HTTP/1.1" 301 166 "http://180.233.121.154:80/admin/login.asp" "Mozilla/5.0 (X11; Ubuntu; Linux x86_64; rv:71.0) Gecko/20100101 Firefox/71.0"
94.156.66.21 - - [29/Jan/2024:22:37:53 +0000] "" 400 0 "-" "-"
64.23.170.76 - - [29/Jan/2024:22:46:54 +0000] "GET / HTTP/1.1" 301 166 "-" "Mozilla/5.0 (Windows NT 10.0; Win64; x64) AppleWebKit/537.36 (KHTML, like Gecko) Chrome/88.0.4240.193 Safari/537.36"
64.23.170.76 - - [29/Jan/2024:22:46:54 +0000] "" 400 0 "-" "-"
94.156.66.21 - - [29/Jan/2024:22:52:56 +0000] "POST /boaform/admin/formLogin HTTP/1.1" 301 166 "http://180.233.121.154:80/admin/login.asp" "Mozilla/5.0 (X11; Ubuntu; Linux x86_64; rv:71.0) Gecko/20100101 Firefox/71.0"
94.156.66.21 - - [29/Jan/2024:22:52:56 +0000] "" 400 0 "-" "-"
94.156.66.21 - - [29/Jan/2024:23:01:26 +0000] "POST /boaform/admin/formLogin HTTP/1.1" 301 166 "http://180.233.121.154:80/admin/login.asp" "Mozilla/5.0 (X11; Ubuntu; Linux x86_64; rv:71.0) Gecko/20100101 Firefox/71.0"
94.156.66.21 - - [29/Jan/2024:23:01:26 +0000] "" 400 0 "-" "-"
198.235.24.19 - - [29/Jan/2024:23:06:50 +0000] "GET / HTTP/1.0" 301 166 "-" "Expanse, a Palo Alto Networks company, searches across the global IPv4 space multiple times per day to identify customers&#39; presences on the Internet. If you would like to be excluded from our scans, please send IP addresses/domains to: scaninfo@paloaltonetworks.com"
109.205.213.198 - - [29/Jan/2024:23:13:35 +0000] "GET / HTTP/1.1" 301 166 "-" "-"
94.156.66.21 - - [29/Jan/2024:23:15:10 +0000] "POST /boaform/admin/formLogin HTTP/1.1" 301 166 "http://180.233.121.154:80/admin/login.asp" "Mozilla/5.0 (X11; Ubuntu; Linux x86_64; rv:71.0) Gecko/20100101 Firefox/71.0"
94.156.66.21 - - [29/Jan/2024:23:15:10 +0000] "" 400 0 "-" "-"
94.156.66.21 - - [29/Jan/2024:23:20:26 +0000] "POST /boaform/admin/formLogin HTTP/1.1" 301 166 "http://180.233.121.154:80/admin/login.asp" "Mozilla/5.0 (X11; Ubuntu; Linux x86_64; rv:71.0) Gecko/20100101 Firefox/71.0"
94.156.66.21 - - [29/Jan/2024:23:20:26 +0000] "" 400 0 "-" "-"
89.187.163.213 - - [29/Jan/2024:23:21:10 +0000] "GET / HTTP/1.1" 301 166 "-" "Mozilla/5.0 (Windows NT 10.0; Win64; x64) AppleWebKit/537.36 (KHTML, like Gecko) Chrome/88.0.4240.193 Safari/537.36"
89.187.163.213 - - [29/Jan/2024:23:21:10 +0000] "" 400 0 "-" "-"
109.205.213.198 - - [29/Jan/2024:23:28:43 +0000] "GET / HTTP/1.1" 301 166 "-" "Hello World"
94.156.66.21 - - [29/Jan/2024:23:30:05 +0000] "POST /boaform/admin/formLogin HTTP/1.1" 301 166 "http://180.233.121.154:80/admin/login.asp" "Mozilla/5.0 (X11; Ubuntu; Linux x86_64; rv:71.0) Gecko/20100101 Firefox/71.0"
94.156.66.21 - - [29/Jan/2024:23:30:05 +0000] "" 400 0 "-" "-"
176.97.210.231 - - [29/Jan/2024:23:35:23 +0000] "GET / HTTP/1.1" 301 166 "-" "-"
94.156.66.21 - - [29/Jan/2024:23:45:14 +0000] "POST /boaform/admin/formLogin HTTP/1.1" 301 166 "http://180.233.121.154:80/admin/login.asp" "Mozilla/5.0 (X11; Ubuntu; Linux x86_64; rv:71.0) Gecko/20100101 Firefox/71.0"
94.156.66.21 - - [29/Jan/2024:23:45:14 +0000] "" 400 0 "-" "-"
83.97.73.245 - - [29/Jan/2024:23:47:18 +0000] "GET /?XDEBUG_SESSION_START=phpstorm HTTP/1.1" 301 166 "-" "Mozilla/5.0 (Windows NT 10.0; Win64; x64) AppleWebKit/537.36 (KHTML, like Gecko) Chrome/78.0.3904.108 Safari/537.36"
43.133.77.208 - - [30/Jan/2024:00:03:42 +0000] "GET / HTTP/1.1" 301 166 "-" "Mozilla/5.0 (iPhone; CPU iPhone OS 13_2_3 like Mac OS X) AppleWebKit/605.1.15 (KHTML, like Gecko) Version/13.0.3 Mobile/15E148 Safari/604.1"
94.156.66.21 - - [30/Jan/2024:00:04:00 +0000] "POST /boaform/admin/formLogin HTTP/1.1" 301 166 "http://180.233.121.154:80/admin/login.asp" "Mozilla/5.0 (X11; Ubuntu; Linux x86_64; rv:71.0) Gecko/20100101 Firefox/71.0"
94.156.66.21 - - [30/Jan/2024:00:04:01 +0000] "" 400 0 "-" "-"
69.164.217.74 - - [30/Jan/2024:00:04:29 +0000] "GET / HTTP/1.1" 301 166 "-" "Mozilla/5.0 zgrab/0.x"
192.155.90.220 - - [30/Jan/2024:00:04:43 +0000] "GET / HTTP/1.1" 301 166 "-" "Mozilla/5.0 (Macintosh; Intel Mac OS X 13_1) AppleWebKit/537.36 (KHTML, like Gecko) Chrome/108.0.0.0 Safari/537.36"
94.156.66.21 - - [30/Jan/2024:00:14:11 +0000] "POST /boaform/admin/formLogin HTTP/1.1" 301 166 "http://180.233.121.154:80/admin/login.asp" "Mozilla/5.0 (X11; Ubuntu; Linux x86_64; rv:71.0) Gecko/20100101 Firefox/71.0"
94.156.66.21 - - [30/Jan/2024:00:14:11 +0000] "" 400 0 "-" "-"
94.156.66.21 - - [30/Jan/2024:00:23:13 +0000] "POST /boaform/admin/formLogin HTTP/1.1" 301 166 "http://180.233.121.154:80/admin/login.asp" "Mozilla/5.0 (X11; Ubuntu; Linux x86_64; rv:71.0) Gecko/20100101 Firefox/71.0"
94.156.66.21 - - [30/Jan/2024:00:23:13 +0000] "" 400 0 "-" "-"
192.241.211.22 - - [30/Jan/2024:00:25:56 +0000] "GET /actuator/health HTTP/1.1" 301 166 "-" "Mozilla/5.0 zgrab/0.x"
94.156.66.21 - - [30/Jan/2024:00:28:49 +0000] "POST /boaform/admin/formLogin HTTP/1.1" 301 166 "http://180.233.121.154:80/admin/login.asp" "Mozilla/5.0 (X11; Ubuntu; Linux x86_64; rv:71.0) Gecko/20100101 Firefox/71.0"
94.156.66.21 - - [30/Jan/2024:00:28:49 +0000] "" 400 0 "-" "-"
141.98.11.201 - - [30/Jan/2024:00:34:40 +0000] "GET / HTTP/1.1" 301 166 "-" "Mozilla/5.0 (Windows NT 10.0; Win64; x64) AppleWebKit/537.36 (KHTML, like Gecko) Chrome/90.0.4430.85 Safari/537.36 Edg/90.0.818.46"
94.156.66.21 - - [30/Jan/2024:00:39:01 +0000] "POST /boaform/admin/formLogin HTTP/1.1" 301 166 "http://180.233.121.154:80/admin/login.asp" "Mozilla/5.0 (X11; Ubuntu; Linux x86_64; rv:71.0) Gecko/20100101 Firefox/71.0"
94.156.66.21 - - [30/Jan/2024:00:39:02 +0000] "" 400 0 "-" "-"
162.142.125.212 - - [30/Jan/2024:00:47:31 +0000] "GET / HTTP/1.1" 301 166 "-" "-"
162.142.125.212 - - [30/Jan/2024:00:47:39 +0000] "PRI * HTTP/2.0" 400 154 "-" "-"
94.156.66.21 - - [30/Jan/2024:00:49:43 +0000] "POST /boaform/admin/formLogin HTTP/1.1" 301 166 "http://180.233.121.154:80/admin/login.asp" "Mozilla/5.0 (X11; Ubuntu; Linux x86_64; rv:71.0) Gecko/20100101 Firefox/71.0"
94.156.66.21 - - [30/Jan/2024:00:49:44 +0000] "" 400 0 "-" "-"
94.156.66.21 - - [30/Jan/2024:01:00:56 +0000] "POST /boaform/admin/formLogin HTTP/1.1" 301 166 "http://180.233.121.154:80/admin/login.asp" "Mozilla/5.0 (X11; Ubuntu; Linux x86_64; rv:71.0) Gecko/20100101 Firefox/71.0"
94.156.66.21 - - [30/Jan/2024:01:00:56 +0000] "" 400 0 "-" "-"
94.154.84.58 - - [30/Jan/2024:01:01:29 +0000] "GET / HTTP/1.1" 301 166 "-" "Hello World"
94.156.66.21 - - [30/Jan/2024:01:15:04 +0000] "POST /boaform/admin/formLogin HTTP/1.1" 301 166 "http://180.233.121.154:80/admin/login.asp" "Mozilla/5.0 (X11; Ubuntu; Linux x86_64; rv:71.0) Gecko/20100101 Firefox/71.0"
94.156.66.21 - - [30/Jan/2024:01:15:05 +0000] "" 400 0 "-" "-"
94.102.61.10 - - [30/Jan/2024:01:15:09 +0000] "GET / HTTP/1.1" 301 166 "-" "python-requests/2.26.0"
83.97.73.245 - - [30/Jan/2024:01:21:10 +0000] "GET /actuator/gateway/routes HTTP/1.1" 301 166 "-" "Mozilla/5.0 (Windows NT 10.0; Win64; x64) AppleWebKit/537.36 (KHTML, like Gecko) Chrome/78.0.3904.108 Safari/537.36"
94.156.66.21 - - [30/Jan/2024:01:24:30 +0000] "POST /boaform/admin/formLogin HTTP/1.1" 301 166 "http://180.233.121.154:80/admin/login.asp" "Mozilla/5.0 (X11; Ubuntu; Linux x86_64; rv:71.0) Gecko/20100101 Firefox/71.0"
94.156.66.21 - - [30/Jan/2024:01:24:30 +0000] "" 400 0 "-" "-"
43.153.216.189 - - [30/Jan/2024:01:49:20 +0000] "GET / HTTP/1.1" 301 166 "-" "Mozilla/5.0 (iPhone; CPU iPhone OS 13_2_3 like Mac OS X) AppleWebKit/605.1.15 (KHTML, like Gecko) Version/13.0.3 Mobile/15E148 Safari/604.1"
94.156.66.21 - - [30/Jan/2024:01:51:15 +0000] "POST /boaform/admin/formLogin HTTP/1.1" 301 166 "http://180.233.121.154:80/admin/login.asp" "Mozilla/5.0 (X11; Ubuntu; Linux x86_64; rv:71.0) Gecko/20100101 Firefox/71.0"
94.156.66.21 - - [30/Jan/2024:01:51:15 +0000] "" 400 0 "-" "-"
23.178.112.101 - - [30/Jan/2024:02:03:34 +0000] "GET /.well-known/acme-challenge/v-T94jR4-_1x31EBzVL6975i9819cvsWDBI-_RfH0yE HTTP/1.1" 200 87 "-" "Mozilla/5.0 (compatible; Let's Encrypt validation server; +https://www.letsencrypt.org)"
54.184.222.16 - - [30/Jan/2024:02:03:34 +0000] "GET /.well-known/acme-challenge/v-T94jR4-_1x31EBzVL6975i9819cvsWDBI-_RfH0yE HTTP/1.1" 200 87 "-" "Mozilla/5.0 (compatible; Let's Encrypt validation server; +https://www.letsencrypt.org)"
3.133.118.171 - - [30/Jan/2024:02:03:35 +0000] "GET /.well-known/acme-challenge/v-T94jR4-_1x31EBzVL6975i9819cvsWDBI-_RfH0yE HTTP/1.1" 200 87 "-" "Mozilla/5.0 (compatible; Let's Encrypt validation server; +https://www.letsencrypt.org)"
164.92.192.25 - - [30/Jan/2024:02:03:44 +0000] "\x16\x03\x01\x01\x0F\x01\x00\x01\x0B\x03\x03\xA3Q3t_\xF9\xEA\xBB/\xB7y\xEBju,\xB3\xB8U\xBE\xC7\xD7\x13\xB0\x89G\x09<\xD7\x8Dr;\x1F s\x0Cp\xD4X\xA1\xDFB\xE7\xD2M\xFDA\xA8Q\xC4\x0F<\xBC\xFA\xBB\x8F{w\x9C\xF77;H\xFA\xFA\xDC\x00&\xC0+\xC0/\xC0,\xC00\xCC\xA9\xCC\xA8\xC0\x09\xC0\x13\xC0" 400 154 "-" "-"
164.92.192.25 - - [30/Jan/2024:02:03:44 +0000] "GET / HTTP/1.1" 301 166 "-" "-"
164.92.192.25 - - [30/Jan/2024:02:03:44 +0000] "GET / HTTP/1.1" 301 166 "-" "Mozilla/5.0 (Linux; Android 6.0; HTC One M9 Build/MRA203332) AppleWebKit/537.36 (KHTML, like Gecko) Chrome/52.0.3035.98 Mobile Safari/537.3"
164.92.192.25 - - [30/Jan/2024:02:03:45 +0000] "GET /.vscode/sftp.json HTTP/1.1" 301 166 "-" "Go-http-client/1.1"
164.92.192.25 - - [30/Jan/2024:02:03:45 +0000] "GET /about HTTP/1.1" 301 166 "-" "Go-http-client/1.1"
164.92.192.25 - - [30/Jan/2024:02:03:46 +0000] "GET /debug/default/view?panel=config HTTP/1.1" 301 166 "-" "Go-http-client/1.1"
164.92.192.25 - - [30/Jan/2024:02:03:46 +0000] "GET /v2/_catalog HTTP/1.1" 301 166 "-" "Go-http-client/1.1"
164.92.192.25 - - [30/Jan/2024:02:03:46 +0000] "GET /ecp/Current/exporttool/microsoft.exchange.ediscovery.exporttool.application HTTP/1.1" 301 166 "-" "Go-http-client/1.1"
164.92.192.25 - - [30/Jan/2024:02:03:47 +0000] "GET /server-status HTTP/1.1" 301 166 "-" "Go-http-client/1.1"
164.92.192.25 - - [30/Jan/2024:02:03:47 +0000] "GET /login.action HTTP/1.1" 301 166 "-" "Go-http-client/1.1"
164.92.192.25 - - [30/Jan/2024:02:03:47 +0000] "GET /_all_dbs HTTP/1.1" 301 166 "-" "Mozilla/5.0 (l9scan/2.0.435313e2132313e2333323e2038313; +https://leakix.net)"
164.92.192.25 - - [30/Jan/2024:02:03:48 +0000] "GET /.DS_Store HTTP/1.1" 301 166 "-" "Go-http-client/1.1"
164.92.192.25 - - [30/Jan/2024:02:03:48 +0000] "GET /.env HTTP/1.1" 301 166 "-" "Go-http-client/1.1"
164.92.192.25 - - [30/Jan/2024:02:03:48 +0000] "GET /.git/config HTTP/1.1" 301 166 "-" "Go-http-client/1.1"
164.92.192.25 - - [30/Jan/2024:02:03:49 +0000] "GET /s/435313e2132313e2333323e2038313/_/;/META-INF/maven/com.atlassian.jira/jira-webapp-dist/pom.properties HTTP/1.1" 301 166 "-" "Go-http-client/1.1"
164.92.192.25 - - [30/Jan/2024:02:03:49 +0000] "GET /config.json HTTP/1.1" 301 166 "-" "Go-http-client/1.1"
164.92.192.25 - - [30/Jan/2024:02:03:50 +0000] "GET /telescope/requests HTTP/1.1" 301 166 "-" "Go-http-client/1.1"
164.92.192.25 - - [30/Jan/2024:02:03:50 +0000] "GET /?rest_route=/wp/v2/users/ HTTP/1.1" 301 166 "-" "Go-http-client/1.1"
167.99.182.39 - - [30/Jan/2024:02:03:58 +0000] "\x16\x03\x01\x01" 400 154 "-" "-"
193.143.1.139 - - [30/Jan/2024:02:04:10 +0000] "GET /.git/config HTTP/1.1" 301 166 "-" "Mozilla/5.0 (Windows NT 10.0; Win64; x64) AppleWebKit/537.36 (KHTML, like Gecko) Chrome/42.0.2311.135 Safari/537.36 Edge/12.10240&Win32"
161.35.27.144 - - [30/Jan/2024:02:04:11 +0000] "\x16\x03\x01\x01\x0F\x01\x00\x01\x0B\x03\x03o\x02\xF6Wd\xAC\x05N\x0E\x06" 400 154 "-" "-"
205.169.39.177 - - [30/Jan/2024:02:04:14 +0000] "GET / HTTP/1.1" 301 166 "-" "Mozilla/5.0 (Windows NT 6.1; Win64; x64) AppleWebKit/537.36 (KHTML, like Gecko) Chrome/83.0.4103.61 Safari/537.36"
159.65.58.104 - - [30/Jan/2024:02:04:24 +0000] "\x16\x03\x01\x01\x11\x01\x00\x01" 400 154 "-" "-"
205.169.39.177 - - [30/Jan/2024:02:04:36 +0000] "GET / HTTP/1.1" 301 166 "-" "Mozilla/5.0 (Windows NT 10.0; Win64; x64) AppleWebKit/537.36 (KHTML, like Gecko) Chrome/79.0.3945.79 Safari/537.36"
43.159.141.180 - - [30/Jan/2024:02:04:39 +0000] "GET / HTTP/1.1" 301 166 "-" "Mozilla/5.0 (iPhone; CPU iPhone OS 13_2_3 like Mac OS X) AppleWebKit/605.1.15 (KHTML, like Gecko) Version/13.0.3 Mobile/15E148 Safari/604.1"
193.143.1.139 - - [30/Jan/2024:02:05:02 +0000] "GET /.git/config HTTP/1.1" 301 166 "-" "Mozilla/5.0 (Linux; Android 8.0.0; moto e5 cruise Build/OCPS27.91-157-12) AppleWebKit/537.36 (KHTML, like Gecko) Chrome/68.0.3440.91 Mobile Safari/537.36"
138.68.163.10 - - [30/Jan/2024:02:05:03 +0000] "\x16\x03\x01\x01\x0F\x01\x00\x01\x0B\x03\x03\xAD\x93$B\xE4}\xAB\xF1\xC1f\xD5\xE2W0\xA6\x05\xF7\xC5}\x01\x08\x10\x89\x0E!\x84\xF6I\xDD\x83\xFA\x80 \xC7\x97\xA1\x84\xD9\x9B\x81Q\x1F\xED\xB8#\xFC\x19\x5CH/\xD4[WyY\xCE&\xEA\xFDn\xF6" 400 154 "-" "-"
65.154.226.166 - - [30/Jan/2024:02:05:05 +0000] "GET / HTTP/1.1" 301 166 "-" "Mozilla/5.0 (Windows NT 10.0; Win64; x64) AppleWebKit/537.36 (KHTML, like Gecko) Chrome/117.0.5938.132 Safari/537.36"
164.90.222.93 - - [30/Jan/2024:02:05:17 +0000] "\x16\x03\x01\x01\x0F\x01\x00\x01\x0B\x03\x03\x9C\xE8+N\x83W\x19V\xD5eI*\xD2\xB9\x9E\x90\x18W\x95\xB8\xF0\xE3\xD9`^\xA1\x81$\xEE407 \xD9\x8C\xE2u^\x9F\xD7\x10\x19D\x83\xF7\xD1\xC8\x02\xC8Q.\xF6\xF91\xCEF\xF5H\x1C\x17\xF3Gq\x8Ca\x00&\xC0+\xC0/\xC0,\xC00\xCC\xA9\xCC\xA8\xC0\x09\xC0\x13\xC0" 400 154 "-" "-"
139.59.182.142 - - [30/Jan/2024:02:05:39 +0000] "\x16\x03\x01\x01" 400 154 "-" "-"
37.120.203.73 - - [30/Jan/2024:02:06:01 +0000] "GET / HTTP/1.1" 301 166 "-" "Mozilla/5.0 (Linux; Android 13; SAMSUNG SM-A037U1) AppleWebKit/537.36 (KHTML, like Gecko) SamsungBrowser/23.0 Chrome/115.0.0.0 Mobile Safari/537.36"
161.35.246.138 - - [30/Jan/2024:02:06:01 +0000] "GET / HTTP/1.1" 301 166 "-" "Mozilla/5.0 (Windows NT 10.0; Win64; x64) AppleWebKit/537.36 (KHTML, like Gecko) Chrome/96.0.4664.45 Safari/537.36"
68.183.245.101 - - [30/Jan/2024:02:06:02 +0000] "GET / HTTP/1.1" 301 166 "-" "Mozilla/5.0 (Windows NT 10.0; Win64; x64) AppleWebKit/537.36 (KHTML, like Gecko) Chrome/96.0.4664.110 Safari/537.36"
18.184.40.47 - - [30/Jan/2024:02:06:02 +0000] "GET / HTTP/1.1" 301 166 "-" "Mozilla/5.0 (Linux; Android 12; SAMSUNG SM-A226B) AppleWebKit/537.36 (KHTML, like Gecko) SamsungBrowser/19.0 Chrome/102.0.5005.125 Mobile Safari/537.36"
82.102.30.81 - - [30/Jan/2024:02:06:02 +0000] "GET / HTTP/1.1" 301 166 "-" "Mozilla/5.0 (iPhone; CPU iPhone OS 16_6 like Mac OS X) AppleWebKit/605.1.15 (KHTML, like Gecko) CriOS/113.0.5672.121 Mobile/15E148 Safari/604.1"
45.134.224.175 - - [30/Jan/2024:02:06:07 +0000] "GET /v2/ HTTP/1.0" 301 166 "-" "Go-http-client/1.1"
37.120.203.73 - - [30/Jan/2024:02:06:26 +0000] "OPTIONS / HTTP/1.1" 301 166 "-" "Mozilla/5.0 (Windows NT 6.1; Win64; x64) AppleWebKit/537.36 (KHTML, like Gecko) Chrome/72.0.3626.109 Safari/537.36"
68.183.245.101 - - [30/Jan/2024:02:06:27 +0000] "GET / HTTP/1.1" 301 166 "-" "Mozilla/5.0 (Windows NT 10.0; Win64; x64) AppleWebKit/537.36 (KHTML, like Gecko) Chrome/56.0.2924.87 Safari/537.36"
37.120.203.73 - - [30/Jan/2024:02:06:42 +0000] "GET /favicon.ico HTTP/1.1" 301 166 "-" "Mozilla/5.0 (Linux; Android 13; SAMSUNG SM-A037U1) AppleWebKit/537.36 (KHTML, like Gecko) SamsungBrowser/23.0 Chrome/115.0.0.0 Mobile Safari/537.36"
197.242.157.110 - - [30/Jan/2024:02:08:08 +0000] "\x16\x03\x01\x02\x00\x01\x00\x01\xFC\x03\x03\x10\xA7\x10_`\xB4\xC3\xE6\xF7\xE1S6\xC7\x8CW\xF4\x83." 400 154 "-" "-"
90.19.15.210 - - [30/Jan/2024:02:08:19 +0000] "\x16\x03\x01\x02\x00\x01\x00\x01\xFC\x03\x03\xDE\xB4\xA3\xBE/\x18\x19\xB7G.\xCD\x13^>yC}\x18h.\xF7\xE8K\x00\x0CX" 400 154 "-" "-"
90.19.15.210 - - [30/Jan/2024:02:08:57 +0000] "\x16\x03\x01\x02\x00\x01\x00\x01\xFC\x03\x03\xDB\xED\x83O\xD3\x1AFbO\xF5#\xCA\xF0" 400 154 "-" "-"
44.204.189.36 - - [30/Jan/2024:02:11:08 +0000] "GET / HTTP/1.1" 301 166 "-" "Mozilla/5.0 (Windows NT 10.0; Win64; x64) AppleWebKit/537.36 (KHTML, like Gecko) Chrome/85.0.4183.102 Safari/537.36"
94.156.66.21 - - [30/Jan/2024:02:13:42 +0000] "POST /boaform/admin/formLogin HTTP/1.1" 301 166 "http://180.233.121.154:80/admin/login.asp" "Mozilla/5.0 (X11; Ubuntu; Linux x86_64; rv:71.0) Gecko/20100101 Firefox/71.0"
94.156.66.21 - - [30/Jan/2024:02:13:42 +0000] "" 400 0 "-" "-"
176.97.210.231 - - [30/Jan/2024:02:16:48 +0000] "GET / HTTP/1.1" 301 166 "-" "-"
94.156.66.21 - - [30/Jan/2024:02:19:48 +0000] "POST /boaform/admin/formLogin HTTP/1.1" 301 166 "http://180.233.121.154:80/admin/login.asp" "Mozilla/5.0 (X11; Ubuntu; Linux x86_64; rv:71.0) Gecko/20100101 Firefox/71.0"
94.156.66.21 - - [30/Jan/2024:02:19:48 +0000] "" 400 0 "-" "-"
43.163.8.36 - - [30/Jan/2024:02:28:46 +0000] "GET / HTTP/1.1" 301 166 "-" "Mozilla/5.0 (iPhone; CPU iPhone OS 13_2_3 like Mac OS X) AppleWebKit/605.1.15 (KHTML, like Gecko) Version/13.0.3 Mobile/15E148 Safari/604.1"
94.156.66.21 - - [30/Jan/2024:02:29:38 +0000] "POST /boaform/admin/formLogin HTTP/1.1" 301 166 "http://180.233.121.154:80/admin/login.asp" "Mozilla/5.0 (X11; Ubuntu; Linux x86_64; rv:71.0) Gecko/20100101 Firefox/71.0"
94.156.66.21 - - [30/Jan/2024:02:29:38 +0000] "" 400 0 "-" "-"
179.43.161.130 - - [30/Jan/2024:02:38:41 +0000] "GET / HTTP/1.1" 301 166 "-" "Hello World/1.0"
94.156.66.21 - - [30/Jan/2024:02:43:54 +0000] "POST /boaform/admin/formLogin HTTP/1.1" 301 166 "http://180.233.121.154:80/admin/login.asp" "Mozilla/5.0 (X11; Ubuntu; Linux x86_64; rv:71.0) Gecko/20100101 Firefox/71.0"
94.156.66.21 - - [30/Jan/2024:02:43:55 +0000] "" 400 0 "-" "-"
94.156.66.21 - - [30/Jan/2024:02:54:03 +0000] "POST /boaform/admin/formLogin HTTP/1.1" 301 166 "http://180.233.121.154:80/admin/login.asp" "Mozilla/5.0 (X11; Ubuntu; Linux x86_64; rv:71.0) Gecko/20100101 Firefox/71.0"
94.156.66.21 - - [30/Jan/2024:02:54:04 +0000] "" 400 0 "-" "-"
5.164.29.116 - - [30/Jan/2024:02:58:15 +0000] "GET / HTTP/1.1" 301 166 "-" "Mozilla/5.0 (Windows NT 10.0; Win64; x64) AppleWebKit/537.36 (KHTML, like Gecko) Chrome/112.0.0.0 Safari/537.36 (scanner.ducks.party)"
94.156.66.21 - - [30/Jan/2024:03:05:35 +0000] "POST /boaform/admin/formLogin HTTP/1.1" 301 166 "http://180.233.121.154:80/admin/login.asp" "Mozilla/5.0 (X11; Ubuntu; Linux x86_64; rv:71.0) Gecko/20100101 Firefox/71.0"
94.156.66.21 - - [30/Jan/2024:03:05:35 +0000] "" 400 0 "-" "-"
94.156.66.21 - - [30/Jan/2024:03:10:04 +0000] "POST /boaform/admin/formLogin HTTP/1.1" 301 166 "http://180.233.121.154:80/admin/login.asp" "Mozilla/5.0 (X11; Ubuntu; Linux x86_64; rv:71.0) Gecko/20100101 Firefox/71.0"
94.156.66.21 - - [30/Jan/2024:03:10:04 +0000] "" 400 0 "-" "-"
94.156.66.21 - - [30/Jan/2024:03:26:37 +0000] "POST /boaform/admin/formLogin HTTP/1.1" 301 166 "http://180.233.121.154:80/admin/login.asp" "Mozilla/5.0 (X11; Ubuntu; Linux x86_64; rv:71.0) Gecko/20100101 Firefox/71.0"
94.156.66.21 - - [30/Jan/2024:03:26:37 +0000] "" 400 0 "-" "-"
94.156.66.21 - - [30/Jan/2024:03:30:38 +0000] "POST /boaform/admin/formLogin HTTP/1.1" 301 166 "http://180.233.121.154:80/admin/login.asp" "Mozilla/5.0 (X11; Ubuntu; Linux x86_64; rv:71.0) Gecko/20100101 Firefox/71.0"
94.156.66.21 - - [30/Jan/2024:03:30:39 +0000] "" 400 0 "-" "-"
94.156.66.21 - - [30/Jan/2024:03:39:01 +0000] "POST /boaform/admin/formLogin HTTP/1.1" 301 166 "http://180.233.121.154:80/admin/login.asp" "Mozilla/5.0 (X11; Ubuntu; Linux x86_64; rv:71.0) Gecko/20100101 Firefox/71.0"
94.156.66.21 - - [30/Jan/2024:03:39:01 +0000] "" 400 0 "-" "-"
94.156.66.21 - - [30/Jan/2024:03:51:41 +0000] "POST /boaform/admin/formLogin HTTP/1.1" 301 166 "http://180.233.121.154:80/admin/login.asp" "Mozilla/5.0 (X11; Ubuntu; Linux x86_64; rv:71.0) Gecko/20100101 Firefox/71.0"
94.156.66.21 - - [30/Jan/2024:03:51:41 +0000] "" 400 0 "-" "-"
144.91.127.131 - - [30/Jan/2024:03:53:16 +0000] "GET /wp-login.php HTTP/1.1" 301 166 "-" "Mozilla/5.0 (X11; Fedora; Linux x86_64; rv:94.0) Gecko/20100101 Firefox/95.0"
192.241.225.67 - - [30/Jan/2024:03:53:59 +0000] "GET / HTTP/1.1" 301 166 "-" "Mozilla/5.0 zgrab/0.x"
152.32.209.62 - - [30/Jan/2024:03:57:48 +0000] "GET / HTTP/1.1" 301 166 "-" "Mozilla/5.0 (Macintosh; Intel Mac OS X 9_1_2) AppleWebKit/588.38 (KHTML, like Gecko) Chrome/54.0.2516 Safari/537.36"
71.6.134.233 - - [30/Jan/2024:04:02:11 +0000] "GET / HTTP/1.1" 301 166 "-" "Mozilla/5.0 (Windows NT 10.0; Win64; x64) AppleWebKit/537.36 (KHTML, like Gecko) Chrome/102.0.0.0 Safari/537.36"
94.156.66.21 - - [30/Jan/2024:04:05:19 +0000] "POST /boaform/admin/formLogin HTTP/1.1" 301 166 "http://180.233.121.154:80/admin/login.asp" "Mozilla/5.0 (X11; Ubuntu; Linux x86_64; rv:71.0) Gecko/20100101 Firefox/71.0"
94.156.66.21 - - [30/Jan/2024:04:05:20 +0000] "" 400 0 "-" "-"
205.210.31.71 - - [30/Jan/2024:04:09:10 +0000] "GET / HTTP/1.1" 301 166 "-" "Expanse, a Palo Alto Networks company, searches across the global IPv4 space multiple times per day to identify customers&#39; presences on the Internet. If you would like to be excluded from our scans, please send IP addresses/domains to: scaninfo@paloaltonetworks.com"
66.249.68.35 - - [30/Jan/2024:04:11:09 +0000] "GET /robots.txt HTTP/1.1" 301 166 "-" "Mozilla/5.0 (compatible; Googlebot/2.1; +http://www.google.com/bot.html)"
66.249.68.35 - - [30/Jan/2024:04:11:19 +0000] "GET /ads.txt HTTP/1.1" 301 166 "-" "Mozilla/5.0 (compatible; Googlebot/2.1; +http://www.google.com/bot.html)"
45.128.163.132 - - [30/Jan/2024:04:13:48 +0000] "GET / HTTP/1.1" 301 166 "-" "Mozilla/5.0 (Macintosh; Intel Mac OS X 10.15; rv:98.0) Gecko/20100101 Firefox/98.0"
71.6.134.233 - - [30/Jan/2024:04:19:04 +0000] "\x16\x03\x01\x00\xEE\x01\x00\x00\xEA\x03\x03\xA6\xE3q+\x1E\x8A7\xC0\xCA!\xD5\x9C\x03\x07\xB5\xF02)9\xE7P\x88\x99\x1B\xB6\xA6o\x1C\xB6!I\x05 \xB6\xEEhL\xD3D\xF7#\x22T\xBF-G\xCBcP\xBA\xFBV\x99\xAA\xB3\x1D\xF8b,\xE8\xA6\xB5\xE4I\xF0\x00&\xCC\xA8\xCC\xA9\xC0/\xC00\xC0+\xC0,\xC0\x13\xC0\x09\xC0\x14\xC0" 400 154 "-" "-"
94.156.66.21 - - [30/Jan/2024:04:20:12 +0000] "POST /boaform/admin/formLogin HTTP/1.1" 301 166 "http://180.233.121.154:80/admin/login.asp" "Mozilla/5.0 (X11; Ubuntu; Linux x86_64; rv:71.0) Gecko/20100101 Firefox/71.0"
94.156.66.21 - - [30/Jan/2024:04:20:12 +0000] "" 400 0 "-" "-"
94.156.66.21 - - [30/Jan/2024:04:56:31 +0000] "POST /boaform/admin/formLogin HTTP/1.1" 301 166 "http://180.233.121.154:80/admin/login.asp" "Mozilla/5.0 (X11; Ubuntu; Linux x86_64; rv:71.0) Gecko/20100101 Firefox/71.0"
94.156.66.21 - - [30/Jan/2024:04:56:31 +0000] "" 400 0 "-" "-"
94.156.66.21 - - [30/Jan/2024:05:03:22 +0000] "POST /boaform/admin/formLogin HTTP/1.1" 301 166 "http://180.233.121.154:80/admin/login.asp" "Mozilla/5.0 (X11; Ubuntu; Linux x86_64; rv:71.0) Gecko/20100101 Firefox/71.0"
94.156.66.21 - - [30/Jan/2024:05:03:25 +0000] "" 400 0 "-" "-"
109.205.213.198 - - [30/Jan/2024:05:05:55 +0000] "GET / HTTP/1.1" 301 166 "-" "Hello World"
20.70.20.240 - - [30/Jan/2024:05:07:48 +0000] "GET /.env HTTP/1.1" 301 166 "-" "Mozilla/5.0 (Macintosh; Intel Mac OS X 10.15; rv:77.0) Gecko/20100101 Firefox/77.0"
94.156.66.21 - - [30/Jan/2024:05:13:05 +0000] "POST /boaform/admin/formLogin HTTP/1.1" 301 166 "http://180.233.121.154:80/admin/login.asp" "Mozilla/5.0 (X11; Ubuntu; Linux x86_64; rv:71.0) Gecko/20100101 Firefox/71.0"
94.156.66.21 - - [30/Jan/2024:05:13:05 +0000] "" 400 0 "-" "-"
87.98.153.11 - - [30/Jan/2024:05:14:08 +0000] "GET / HTTP/1.0" 301 166 "-" "Mozilla/5.0 (Windows NT 10.0; Win64; x64) AppleWebKit/537.36 (KHTML, like Gecko) Chrome/51.0.2704.106 Safari/537.36"
138.68.139.17 - - [30/Jan/2024:05:26:07 +0000] "\x16\x03\x01\x01\xFE\x01\x00\x01\xFA\x03\x03\xA1\x88\x0E\x01\xEB\xFA \x90\x7Fl$$\x80A:\xF6\x89\xFE\xCA\xB4\xE8\xC1\x84}\x86\x03\x93^,)3a\x00\x01<\xCC\x14\xCC\x13\xCC\x15\xC00\xC0,\xC0(\xC0$\xC0\x14\xC0" 400 154 "-" "-"
79.137.205.100 - - [30/Jan/2024:05:39:48 +0000] "\x16\x03\x01\x00\xEA\x01\x00\x00\xE6\x03\x03\xAB\xC7\x82\xB1e\xE5\xD2k~\xE7j\xFE\xB1\xF7\xC3;\xD6\x8D\xCE=\x906\xF4\x94\x92\xCA\xB4\xB1%\x12\x18\xA5 }\xDEr\x1A\xA4-\xB8n\x82\xBA\xCFn\x83e\xB0N\x88p\xEC\xDD6" 400 154 "-" "-"
79.137.205.100 - - [30/Jan/2024:05:39:48 +0000] "GET /script HTTP/1.1" 301 166 "-" "Opera/9.80 (Macintosh; Intel Mac OS X 10.6.8; U; fr) Presto/2.9.168 Version/11.52"
94.156.66.21 - - [30/Jan/2024:05:40:07 +0000] "POST /boaform/admin/formLogin HTTP/1.1" 301 166 "http://180.233.121.154:80/admin/login.asp" "Mozilla/5.0 (X11; Ubuntu; Linux x86_64; rv:71.0) Gecko/20100101 Firefox/71.0"
94.156.66.21 - - [30/Jan/2024:05:40:07 +0000] "" 400 0 "-" "-"
179.43.161.130 - - [30/Jan/2024:05:43:38 +0000] "GET / HTTP/1.1" 301 166 "-" "Hello World/1.0"
141.98.11.201 - - [30/Jan/2024:05:49:41 +0000] "GET / HTTP/1.1" 301 166 "-" "Hello World/1.0"
94.156.66.21 - - [30/Jan/2024:05:52:38 +0000] "POST /boaform/admin/formLogin HTTP/1.1" 301 166 "http://180.233.121.154:80/admin/login.asp" "Mozilla/5.0 (X11; Ubuntu; Linux x86_64; rv:71.0) Gecko/20100101 Firefox/71.0"
94.156.66.21 - - [30/Jan/2024:05:52:39 +0000] "" 400 0 "-" "-"
141.98.11.201 - - [30/Jan/2024:06:03:12 +0000] "GET / HTTP/1.1" 301 166 "-" "Mozilla/5.0"
185.224.128.179 - - [30/Jan/2024:06:03:38 +0000] "GET / HTTP/1.1" 301 166 "-" "Mozilla/5.0 (Windows NT 10.0; Win64; x64) AppleWebKit/537.36 (KHTML, like Gecko) Chrome/90.0.4430.85 Safari/537.36 Edg/90.0.818.46"
94.156.66.21 - - [30/Jan/2024:06:05:23 +0000] "POST /boaform/admin/formLogin HTTP/1.1" 301 166 "http://180.233.121.154:80/admin/login.asp" "Mozilla/5.0 (X11; Ubuntu; Linux x86_64; rv:71.0) Gecko/20100101 Firefox/71.0"
94.156.66.21 - - [30/Jan/2024:06:05:23 +0000] "" 400 0 "-" "-"
180.149.125.166 - - [30/Jan/2024:06:09:31 +0000] "GET /stalker_portal/server/tools/auth_simple.php HTTP/1.1" 301 166 "-" "Mozilla/5.0 (Windows NT 5.1; Win64; x64) AppleWebKit/537.36 (KHTML, like Gecko) Chrome/60.0.3112.90 Safari/537.36"
183.151.41.54 - - [30/Jan/2024:06:10:42 +0000] "GET /boaform/admin/formLogin?username=admin&psd=admin HTTP/1.0" 301 166 "-" "-"
35.181.57.249 - - [30/Jan/2024:06:14:34 +0000] "GET /.git/config HTTP/1.1" 301 166 "-" "Mozilla/5.0 (X11; Linux i686; rv:2.0.1) Gecko/20100101 Firefox/4.0.1"
94.156.66.21 - - [30/Jan/2024:06:14:45 +0000] "POST /boaform/admin/formLogin HTTP/1.1" 301 166 "http://180.233.121.154:80/admin/login.asp" "Mozilla/5.0 (X11; Ubuntu; Linux x86_64; rv:71.0) Gecko/20100101 Firefox/71.0"
94.156.66.21 - - [30/Jan/2024:06:14:47 +0000] "" 400 0 "-" "-"
205.210.31.102 - - [30/Jan/2024:06:22:21 +0000] "GET / HTTP/1.1" 301 166 "-" "Expanse, a Palo Alto Networks company, searches across the global IPv4 space multiple times per day to identify customers&#39; presences on the Internet. If you would like to be excluded from our scans, please send IP addresses/domains to: scaninfo@paloaltonetworks.com"
94.156.66.21 - - [30/Jan/2024:06:22:29 +0000] "POST /boaform/admin/formLogin HTTP/1.1" 301 166 "http://180.233.121.154:80/admin/login.asp" "Mozilla/5.0 (X11; Ubuntu; Linux x86_64; rv:71.0) Gecko/20100101 Firefox/71.0"
94.156.66.21 - - [30/Jan/2024:06:22:30 +0000] "" 400 0 "-" "-"
205.210.31.98 - - [30/Jan/2024:06:32:16 +0000] "GET / HTTP/1.1" 301 166 "-" "Expanse, a Palo Alto Networks company, searches across the global IPv4 space multiple times per day to identify customers&#39; presences on the Internet. If you would like to be excluded from our scans, please send IP addresses/domains to: scaninfo@paloaltonetworks.com"
