62.197.149.106 - - [03/Jul/2024:10:24:13 +0000] "GET /wp-admin/js/ HTTP/1.1" 301 166 "-" "Mozilla/5.0 (Windows NT 10.0; Win64; x64) AppleWebKit/537.36 (KHTML, like Gecko) Chrome/79.0.3945.79 Safari/537.36"
62.197.149.106 - - [03/Jul/2024:10:24:13 +0000] "GET /ALFA_DATA/ HTTP/1.1" 301 166 "-" "Mozilla/5.0 (Windows NT 10.0; WOW64) AppleWebKit/537.36 (KHTML, like Gecko) Chrome/72.0.3626.121 Safari/537.36"
62.197.149.106 - - [03/Jul/2024:10:24:14 +0000] "GET /wp-content/upgrade/ HTTP/1.1" 301 166 "-" "Mozilla/5.0 (Windows NT 10.0; Win64; x64) AppleWebKit/537.36 (KHTML, like Gecko) Chrome/69.0.3497.100 Safari/537.36"
62.197.149.106 - - [03/Jul/2024:10:24:14 +0000] "GET /wp-admin/css/colors/ HTTP/1.1" 301 166 "-" "Mozilla/5.0 (Windows NT 10.0; Win64; x64) AppleWebKit/537.36 (KHTML, like Gecko) Chrome/84.0.4147.105 Safari/537.36"
62.197.149.106 - - [03/Jul/2024:10:24:14 +0000] "GET /wp-includes/ HTTP/1.1" 301 166 "-" "Mozilla/5.0 (Windows NT 10.0; Win64; x64) AppleWebKit/537.36 (KHTML, like Gecko) Chrome/74.0.3729.169 Safari/537.36"
62.197.149.106 - - [03/Jul/2024:10:24:14 +0000] "GET /wp-includes/css/ HTTP/1.1" 301 166 "-" "Mozilla/5.0 (Windows NT 10.0; Win64; x64; rv:73.0) Gecko/20100101 Firefox/73.0"
62.197.149.106 - - [03/Jul/2024:10:24:14 +0000] "GET /wp-includes/ID3 HTTP/1.1" 301 166 "-" "Mozilla/5.0 (Windows NT 10.0; WOW64) AppleWebKit/537.36 (KHTML, like Gecko) Chrome/72.0.3626.121 Safari/537.36"
62.197.149.106 - - [03/Jul/2024:10:24:15 +0000] "GET /wp-includes/IXR/ HTTP/1.1" 301 166 "-" "Mozilla/5.0 (Windows NT 10.0; Win64; x64; rv:67.0) Gecko/20100101 Firefox/67.0"
62.197.149.106 - - [03/Jul/2024:10:24:15 +0000] "GET /wp-includes/Requests/ HTTP/1.1" 301 166 "-" "Mozilla/5.0 (Windows NT 10.0) AppleWebKit/537.36 (KHTML, like Gecko) Chrome/72.0.3626.121 Safari/537.36"
62.197.149.106 - - [03/Jul/2024:10:24:15 +0000] "GET /wp-includes/SimplePie/ HTTP/1.1" 301 166 "-" "Mozilla/5.0 (X11; Ubuntu; Linux x86_64; rv:79.0) Gecko/20100101 Firefox/79.0"
62.197.149.106 - - [03/Jul/2024:10:24:15 +0000] "GET /wp-includes/Text/ HTTP/1.1" 301 166 "-" "Mozilla/5.0 (Windows NT 10.0; Win64; x64) AppleWebKit/537.36 (KHTML, like Gecko) Chrome/84.0.4147.105 Safari/537.36"
62.197.149.106 - - [03/Jul/2024:10:24:16 +0000] "GET /wp-includes/Text/Diff/Renderer/ HTTP/1.1" 301 166 "-" "Mozilla/5.0 (Windows NT 10.0; WOW64; Trident/7.0; .NET4.0C; .NET4.0E; .NET CLR 2.0.50727; .NET CLR 3.0.30729; .NET CLR 3.5.30729; rv:11.0) like Gecko"
62.197.149.106 - - [03/Jul/2024:10:24:16 +0000] "GET /wp-includes/blocks/ HTTP/1.1" 301 166 "-" "Mozilla/5.0 (Windows NT 10.0; Win64; x64; rv:74.0) Gecko/20100101 Firefox/74.0"
62.197.149.106 - - [03/Jul/2024:10:24:16 +0000] "GET /wp-includes/certificates/ HTTP/1.1" 301 166 "-" "Mozilla/5.0 (X11; Ubuntu; Linux x86_64; rv:79.0) Gecko/20100101 Firefox/79.0"
62.197.149.106 - - [03/Jul/2024:10:24:16 +0000] "GET /wp-includes/customize/ HTTP/1.1" 301 166 "-" "Mozilla/5.0 (Windows NT 10.0; Win64; x64) AppleWebKit/537.36 (KHTML, like Gecko) Chrome/79.0.3945.130 Safari/537.36"
62.197.149.106 - - [03/Jul/2024:10:24:16 +0000] "GET /wp-includes/fonts/ HTTP/1.1" 301 166 "-" "Mozilla/5.0 (X11; Linux x86_64) AppleWebKit/537.36 (KHTML, like Gecko) Chrome/84.0.4147.105 Safari/537.36 OPR/70.0.3728.95"
62.197.149.106 - - [03/Jul/2024:10:24:17 +0000] "GET /wp-includes/images/ HTTP/1.1" 301 166 "-" "Mozilla/5.0 (Windows NT 6.3; Win64; x64; rv:73.0) Gecko/20100101 Firefox/73.0"
62.197.149.106 - - [03/Jul/2024:10:24:17 +0000] "GET /wp-includes/pomo/ HTTP/1.1" 301 166 "-" "Mozilla/5.0 (Windows NT 6.1; Win64; x64) AppleWebKit/537.36 (KHTML, like Gecko) Chrome/58.0.3029.110 Safari/537.3"
62.197.149.106 - - [03/Jul/2024:10:24:17 +0000] "GET /wp-includes/rest-api/ HTTP/1.1" 301 166 "-" "Mozilla/5.0 (Windows NT 10.0; Win64; x64; rv:73.0) Gecko/20100101 Firefox/73.0"
62.197.149.106 - - [03/Jul/2024:10:24:17 +0000] "GET /wp-includes/widgets/ HTTP/1.1" 301 166 "-" "Mozilla/5.0 (compatible; MSIE 10.0; Windows NT 6.1; Trident/6.0)"
62.197.149.106 - - [03/Jul/2024:10:24:17 +0000] "GET /wp-admin/images/ HTTP/1.1" 301 166 "-" "Mozilla/5.0 (Windows NT 10.0; Win64; x64) AppleWebKit/537.36 (KHTML, like Gecko) Chrome/70.0.3538.110 Safari/537.36"
62.197.149.106 - - [03/Jul/2024:10:24:18 +0000] "GET /wp-admin/maint/ HTTP/1.1" 301 166 "-" "Mozilla/5.0 (Windows NT 10.0; Win64; x64; rv:71.0) Gecko/20100101 Firefox/71.0"
62.197.149.106 - - [03/Jul/2024:10:24:18 +0000] "GET /wp-admin/meta/ HTTP/1.1" 301 166 "-" "Mozilla/5.0 (Macintosh; Intel Mac OS X 10_10_1) AppleWebKit/537.36 (KHTML, like Gecko) Chrome/39.0.2171.95 Safari/537.36"
62.197.149.106 - - [03/Jul/2024:10:24:18 +0000] "GET /wp-admin/network/ HTTP/1.1" 301 166 "-" "Mozilla/5.0 (X11; Linux x86_64) AppleWebKit/537.36 (KHTML, like Gecko) Chrome/84.0.4147.105 Safari/537.36 OPR/70.0.3728.95"
62.197.149.106 - - [03/Jul/2024:10:24:18 +0000] "GET /wp-admin/user/ HTTP/1.1" 301 166 "-" "Mozilla/5.0 (Windows NT 10.0; Win64; x64) AppleWebKit/537.36 (KHTML, like Gecko) Chrome/70.0.3538.77 Safari/537.36"
62.197.149.106 - - [03/Jul/2024:10:24:19 +0000] "GET /wp-content/uploads/ao_ccss/ HTTP/1.1" 301 166 "-" "Mozilla/5.0 (Windows NT 10.0; Win64; x64) AppleWebKit/537.36 (KHTML, like Gecko) Chrome/69.0.3497.100 Safari/537.36"
62.197.149.106 - - [03/Jul/2024:10:24:19 +0000] "GET /wp-content/uploads/2021/ HTTP/1.1" 301 166 "-" "Mozilla/5.0 (Windows NT 10.0; Win64; x64) AppleWebKit/537.36 (KHTML, like Gecko) Chrome/74.0.3729.157 Safari/537.36"
62.197.149.106 - - [03/Jul/2024:10:24:19 +0000] "GET /wp-content/plugins/elementor/ HTTP/1.1" 301 166 "-" "Mozilla/5.0 (Windows NT 10.0; Win64; x64) AppleWebKit/537.36 (KHTML, like Gecko) Chrome/84.0.4147.105 Safari/537.36 OPR/70.0.3728.95"
62.197.149.106 - - [03/Jul/2024:10:24:19 +0000] "GET /wp-content/mu-plugins/ HTTP/1.1" 301 166 "-" "Mozilla/5.0 (Windows NT 10.0; Win64; x64) AppleWebKit/537.36 (KHTML, like Gecko) Chrome/83.0.4103.61 Safari/537.36"
62.197.149.106 - - [03/Jul/2024:10:24:19 +0000] "GET /upload/image/ HTTP/1.1" 301 166 "-" "Mozilla/5.0 (Windows NT 10.0; Win64; x64; rv:72.0) Gecko/20100101 Firefox/72.0"
62.197.149.106 - - [03/Jul/2024:10:24:20 +0000] "GET /wordpress/wp-content/uploads/ HTTP/1.1" 301 166 "-" "Mozilla/5.0 (Windows NT 6.3; Win64; x64; rv:73.0) Gecko/20100101 Firefox/73.0"
62.197.149.106 - - [03/Jul/2024:10:24:20 +0000] "GET /wordpress/wp-includes/ HTTP/1.1" 301 166 "-" "Mozilla/5.0 (Windows NT 6.1; Win64; x64) AppleWebKit/537.36 (KHTML, like Gecko) Chrome/58.0.3029.110 Safari/537.3"
62.197.149.106 - - [03/Jul/2024:10:24:20 +0000] "GET /blog/wp-includes/ HTTP/1.1" 301 166 "-" "Mozilla/5.0 (Windows NT 6.1; Win64; x64) AppleWebKit/537.36 (KHTML, like Gecko) Chrome/79.0.3945.130 Safari/537.36"
62.197.149.106 - - [03/Jul/2024:10:24:20 +0000] "GET /sites/default/files/ HTTP/1.1" 301 166 "-" "Mozilla/5.0 (Windows NT 10.0; WOW64) AppleWebKit/537.36 (KHTML, like Gecko) Chrome/72.0.3626.121 Safari/537.36"
62.197.149.106 - - [03/Jul/2024:10:24:20 +0000] "GET /admin/controller/extension/extension/ HTTP/1.1" 301 166 "-" "Mozilla/5.0 (Windows NT 10.0; WOW64) AppleWebKit/537.36 (KHTML, like Gecko) Chrome/72.0.3626.121 Safari/537.36"
62.197.149.106 - - [03/Jul/2024:10:24:21 +0000] "GET /admin/editor/ HTTP/1.1" 301 166 "-" "Mozilla/5.0 (X11; Fedora; Linux x86_64; rv:79.0) Gecko/20100101 Firefox/79.0"
62.197.149.106 - - [03/Jul/2024:10:24:21 +0000] "GET /admin/images/slider/ HTTP/1.1" 301 166 "-" "Mozilla/5.0 (Windows NT 10.0) AppleWebKit/537.36 (KHTML, like Gecko) Chrome/84.0.4147.105 Safari/537.36"
62.197.149.106 - - [03/Jul/2024:10:24:21 +0000] "GET /admin/tmp/ HTTP/1.1" 301 166 "-" "Mozilla/5.0 (compatible; MSIE 10.0; Windows NT 6.1; Trident/6.0)"
62.197.149.106 - - [03/Jul/2024:10:24:21 +0000] "GET /admin/uploads/ HTTP/1.1" 301 166 "-" "Mozilla/5.0 (Macintosh; Intel Mac OS X 10.15; rv:79.0) Gecko/20100101 Firefox/79.0"
62.197.149.106 - - [03/Jul/2024:10:24:21 +0000] "GET /Admin/uploads/ HTTP/1.1" 301 166 "-" "Mozilla/5.0 (Windows NT 10.0; Win64; x64) AppleWebKit/537.36 (KHTML, like Gecko) Chrome/77.0.3865.90 Safari/537.36"
62.197.149.106 - - [03/Jul/2024:10:24:22 +0000] "GET /admin/uploads/images/ HTTP/1.1" 301 166 "-" "Mozilla/5.0 (Windows NT 10.0; Win64; x64) AppleWebKit/537.36 (KHTML, like Gecko) Chrome/83.0.4103.97 Safari/537.36"
62.197.149.106 - - [03/Jul/2024:10:24:22 +0000] "GET /administrator/ HTTP/1.1" 301 166 "-" "Mozilla/5.0 (X11; Fedora; Linux x86_64; rv:79.0) Gecko/20100101 Firefox/79.0"
62.197.149.106 - - [03/Jul/2024:10:24:22 +0000] "GET /ALFA_DATA/alfacgiapi/ HTTP/1.1" 301 166 "-" "Mozilla/5.0 (Windows NT 10.0; Win64; x64) AppleWebKit/537.36 (KHTML, like Gecko) Chrome/70.0.3538.110 Safari/537.36"
62.197.149.106 - - [03/Jul/2024:10:24:22 +0000] "GET /assets/ HTTP/1.1" 301 166 "-" "Mozilla/5.0 (compatible; MSIE 10.0; Windows NT 6.1; Trident/6.0)"
62.197.149.106 - - [03/Jul/2024:10:24:23 +0000] "GET /cgi-bin/ HTTP/1.1" 301 166 "-" "Mozilla/5.0 (Windows NT 10.0; Win64; x64) AppleWebKit/537.36 (KHTML, like Gecko) Chrome/79.0.3945.88 Safari/537.36"
62.197.149.106 - - [03/Jul/2024:10:24:23 +0000] "GET /components/ HTTP/1.1" 301 166 "-" "Mozilla/5.0 (Macintosh; Intel Mac OS X 10_12_6) AppleWebKit/537.36 (KHTML, like Gecko) Chrome/58.0.3029.110 Safari/537.3"
62.197.149.106 - - [03/Jul/2024:10:24:23 +0000] "GET /home/ HTTP/1.1" 301 166 "-" "Mozilla/5.0 (Windows NT 6.1; Win64; x64) AppleWebKit/537.36 (KHTML, like Gecko) Chrome/58.0.3029.110 Safari/537.3"
62.197.149.106 - - [03/Jul/2024:10:24:23 +0000] "GET /include/ HTTP/1.1" 301 166 "-" "Mozilla/5.0 (Windows NT 6.1; Win64; x64) AppleWebKit/537.36 (KHTML, like Gecko) Chrome/80.0.3987.149 Safari/537.36"
62.197.149.106 - - [03/Jul/2024:10:24:23 +0000] "GET /modules/ HTTP/1.1" 301 166 "-" "Mozilla/5.0 (Windows NT 10.0; Win64; x64) AppleWebKit/537.36 (KHTML, like Gecko) Chrome/84.0.4147.105 Safari/537.36 OPR/70.0.3728.95"
62.197.149.106 - - [03/Jul/2024:10:24:24 +0000] "GET /modules/mod_simplefileuploadv1.3/elements/ HTTP/1.1" 301 166 "-" "Mozilla/5.0 (Macintosh; Intel Mac OS X 10_10_1) AppleWebKit/537.36 (KHTML, like Gecko) Chrome/39.0.2171.95 Safari/537.36"
62.197.149.106 - - [03/Jul/2024:10:24:24 +0000] "GET /mt/ HTTP/1.1" 301 166 "-" "Mozilla/5.0 (Windows NT 10.0; Win64; x64; rv:71.0) Gecko/20100101 Firefox/71.0"
62.197.149.106 - - [03/Jul/2024:10:24:24 +0000] "GET /site/wp-includes/ HTTP/1.1" 301 166 "-" "Mozilla/5.0 (Windows NT 10.0) AppleWebKit/537.36 (KHTML, like Gecko) Chrome/72.0.3626.121 Safari/537.36"
62.197.149.106 - - [03/Jul/2024:10:24:24 +0000] "GET /tmps/ HTTP/1.1" 301 166 "-" "Mozilla/5.0 (Windows NT 10.0; WOW64) AppleWebKit/537.36 (KHTML, like Gecko) Chrome/84.0.4147.105 Safari/537.36"
62.197.149.106 - - [03/Jul/2024:10:24:24 +0000] "GET /wordpress/wp-admin/includes/wp-admin/js/ HTTP/1.1" 301 166 "-" "Mozilla/5.0 (Windows NT 10.0; WOW64) AppleWebKit/537.36 (KHTML, like Gecko) Chrome/72.0.3626.121 Safari/537.36"
62.197.149.106 - - [03/Jul/2024:10:24:25 +0000] "GET /wp-admin/css/colors/coffee/ HTTP/1.1" 301 166 "-" "Mozilla/5.0 (Linux x86_64; rv:79.0) Gecko/20100101 Firefox/79.0"
62.197.149.106 - - [03/Jul/2024:10:24:25 +0000] "GET /wp-admin/css/colors/ectoplasm/ HTTP/1.1" 301 166 "-" "Mozilla/5.0 (Macintosh; Intel Mac OS X 10_15_6) AppleWebKit/537.36 (KHTML, like Gecko) Chrome/84.0.4147.105 Safari/537.36 OPR/70.0.3728.95"
62.197.149.106 - - [03/Jul/2024:10:24:25 +0000] "GET /wp-admin/css/colors/light/ HTTP/1.1" 301 166 "-" "Mozilla/5.0 (Windows NT 10.0) AppleWebKit/537.36 (KHTML, like Gecko) Chrome/72.0.3626.121 Safari/537.36"
62.197.149.106 - - [03/Jul/2024:10:24:25 +0000] "GET /wp-admin/css/colors/midnight/ HTTP/1.1" 301 166 "-" "Mozilla/5.0 (compatible; MSIE 10.0; Windows NT 6.1; Trident/6.0)"
62.197.149.106 - - [03/Jul/2024:10:24:26 +0000] "GET /wp-admin/css/colors/modern/ HTTP/1.1" 301 166 "-" "Mozilla/5.0 (Windows NT 10.0; Win64; x64) AppleWebKit/537.36 (KHTML, like Gecko) Chrome/80.0.3987.149 Safari/537.36"
62.197.149.106 - - [03/Jul/2024:10:24:26 +0000] "GET /wp-admin/css/colors/ocean/ HTTP/1.1" 301 166 "-" "Mozilla/5.0 (Windows NT 10.0; Win64; x64) AppleWebKit/537.36 (KHTML, like Gecko) Chrome/79.0.3945.88 Safari/537.36"
62.197.149.106 - - [03/Jul/2024:10:24:26 +0000] "GET /wp-admin/css/colors/sunrise/ HTTP/1.1" 301 166 "-" "Mozilla/5.0 (X11; Ubuntu; Linux i686; rv:79.0) Gecko/20100101 Firefox/79.0"
62.197.149.106 - - [03/Jul/2024:10:24:26 +0000] "GET /wp-admin/js/widgets/ HTTP/1.1" 301 166 "-" "Mozilla/5.0 (Macintosh; Intel Mac OS X 10_15_6) AppleWebKit/537.36 (KHTML, like Gecko) Chrome/84.0.4147.125 Safari/537.36"
62.197.149.106 - - [03/Jul/2024:10:24:26 +0000] "GET /wp-content/languages/ HTTP/1.1" 301 166 "-" "Mozilla/5.0 (compatible; MSIE 10.0; Windows NT 6.1; Trident/6.0)"
62.197.149.106 - - [03/Jul/2024:10:24:27 +0000] "GET /wp-content/uploads/2022/ HTTP/1.1" 301 166 "-" "Mozilla/5.0 (X11; Linux x86_64) AppleWebKit/537.36 (KHTML, like Gecko) Chrome/84.0.4147.105 Safari/537.36"
62.197.149.106 - - [03/Jul/2024:10:24:27 +0000] "GET /wp-content/uploads/2023/ HTTP/1.1" 301 166 "-" "Mozilla/5.0 (Windows NT 10.0; Win64; x64; rv:74.0) Gecko/20100101 Firefox/74.0"
62.197.149.106 - - [03/Jul/2024:10:24:27 +0000] "GET /wp-includes/wp-includes/ HTTP/1.1" 301 166 "-" "Mozilla/5.0 (Windows NT 10.0) AppleWebKit/537.36 (KHTML, like Gecko) Chrome/84.0.4147.105 Safari/537.36"
62.197.149.106 - - [03/Jul/2024:10:24:27 +0000] "GET /wp-includes/css/dist/ HTTP/1.1" 301 166 "-" "Mozilla/5.0 (X11; Ubuntu; Linux i686; rv:79.0) Gecko/20100101 Firefox/79.0"
62.197.149.106 - - [03/Jul/2024:10:24:27 +0000] "GET /wp-includes/ID3/ HTTP/1.1" 301 166 "-" "Mozilla/5.0 (Windows NT 10.0; Win64; x64) AppleWebKit/537.36 (KHTML, like Gecko) Chrome/80.0.3987.149 Safari/537.36"
62.197.149.106 - - [03/Jul/2024:10:24:28 +0000] "GET /wp-includes/ID3/wp-includes/IXR/ HTTP/1.1" 301 166 "-" "Mozilla/5.0 (X11; Fedora; Linux x86_64; rv:79.0) Gecko/20100101 Firefox/79.0"
62.197.149.106 - - [03/Jul/2024:10:24:28 +0000] "GET /wp-includes/images/crystal/ HTTP/1.1" 301 166 "-" "Mozilla/5.0 (Windows NT 6.1; Win64; x64) AppleWebKit/537.36 (KHTML, like Gecko) Chrome/78.0.3904.108 Safari/537.36"
62.197.149.106 - - [03/Jul/2024:10:24:28 +0000] "GET /wp-includes/images/media/ HTTP/1.1" 301 166 "-" "Mozilla/5.0 (Windows NT 6.1; Win64; x64) AppleWebKit/537.36 (KHTML, like Gecko) Chrome/78.0.3904.108 Safari/537.36"
62.197.149.106 - - [03/Jul/2024:10:24:28 +0000] "GET /wp-includes/images/smilies/ HTTP/1.1" 301 166 "-" "Mozilla/5.0 (Windows NT 6.1; Win64; x64) AppleWebKit/537.36 (KHTML, like Gecko) Chrome/58.0.3029.110 Safari/537.3"
62.197.149.106 - - [03/Jul/2024:10:24:29 +0000] "GET /wp-includes/images/wlw/ HTTP/1.1" 301 166 "-" "Mozilla/5.0 (Windows NT 10.0) AppleWebKit/537.36 (KHTML, like Gecko) Chrome/84.0.4147.105 Safari/537.36"
62.197.149.106 - - [03/Jul/2024:10:24:29 +0000] "GET /wp-includes/js/codemirror/ HTTP/1.1" 301 166 "-" "Mozilla/5.0 (Windows NT 10.0; Win64; x64) AppleWebKit/537.36 (KHTML, like Gecko) Chrome/80.0.3987.149 Safari/537.36"
62.197.149.106 - - [03/Jul/2024:10:24:29 +0000] "GET /wp-includes/js/plupload/ HTTP/1.1" 301 166 "-" "Mozilla/5.0 (Macintosh; Intel Mac OS X 10.15; rv:79.0) Gecko/20100101 Firefox/79.0"
62.197.149.106 - - [03/Jul/2024:10:24:29 +0000] "GET /wp-includes/PHPMailer/ HTTP/1.1" 301 166 "-" "Mozilla/5.0 (Windows NT 6.1; Win64; x64) AppleWebKit/537.36 (KHTML, like Gecko) Chrome/80.0.3987.149 Safari/537.36"
62.197.149.106 - - [03/Jul/2024:10:24:29 +0000] "GET /wp-includes/sitemaps/ HTTP/1.1" 301 166 "-" "Mozilla/5.0 (compatible; MSIE 10.0; Windows NT 6.1; Trident/6.0)"
62.197.149.106 - - [03/Jul/2024:10:24:30 +0000] "GET /wp-includes/sitemaps/providers/ HTTP/1.1" 301 166 "-" "Mozilla/5.0 (Linux x86_64; rv:79.0) Gecko/20100101 Firefox/79.0"
62.197.149.106 - - [03/Jul/2024:10:24:30 +0000] "GET /cache-wordpress/ HTTP/1.1" 301 166 "-" "Mozilla/5.0 (X11; Linux x86_64) AppleWebKit/537.36 (KHTML, like Gecko) Chrome/84.0.4147.105 Safari/537.36"
62.197.149.106 - - [03/Jul/2024:10:24:30 +0000] "GET /cakil/ HTTP/1.1" 301 166 "-" "Mozilla/5.0 (Windows NT 10.0; WOW64; x64) AppleWebKit/537.36 (KHTML, like Gecko) Chrome/84.0.4147.105 Safari/537.36 OPR/70.0.3728.95"
62.197.149.106 - - [03/Jul/2024:10:24:30 +0000] "GET /cekidot/ HTTP/1.1" 301 166 "-" "Mozilla/5.0 (Windows NT 10.0; Win64; x64) AppleWebKit/537.36 (KHTML, like Gecko) Chrome/79.0.3945.79 Safari/537.36"
62.197.149.106 - - [03/Jul/2024:10:24:30 +0000] "GET /ubh/ HTTP/1.1" 301 166 "-" "Mozilla/5.0 (Windows NT 10.0; Win64; x64) AppleWebKit/537.36 (KHTML, like Gecko) Chrome/84.0.4147.105 Safari/537.36 OPR/70.0.3728.95"
62.197.149.106 - - [03/Jul/2024:10:24:31 +0000] "GET /wp-content/ALFA_DATA/alfacgiapi/ HTTP/1.1" 301 166 "-" "Mozilla/5.0 (compatible; MSIE 10.0; Windows NT 6.1; Trident/6.0)"
62.197.149.106 - - [03/Jul/2024:10:24:31 +0000] "GET /wp-content/plugins/linkpreview/ HTTP/1.1" 301 166 "-" "Mozilla/5.0 (Windows NT 10.0; Win64; x64) AppleWebKit/537.36 (KHTML, like Gecko) Chrome/74.0.3729.169 Safari/537.36"
62.197.149.106 - - [03/Jul/2024:10:24:31 +0000] "GET /wp-content/plugins/aryabot/ HTTP/1.1" 301 166 "-" "Mozilla/5.0 (Macintosh; Intel Mac OS X 10_15_6) AppleWebKit/537.36 (KHTML, like Gecko) Chrome/84.0.4147.105 Safari/537.36"
62.197.149.106 - - [03/Jul/2024:10:24:31 +0000] "GET /wp-content/plugins/BrutalShell/ HTTP/1.1" 301 166 "-" "Mozilla/5.0 (Windows NT 10.0; Win64; x64) AppleWebKit/537.36 (KHTML, like Gecko) Chrome/80.0.3987.149 Safari/537.36"
62.197.149.106 - - [03/Jul/2024:10:24:32 +0000] "GET /wp-content/plugins/cache-wordpress/ HTTP/1.1" 301 166 "-" "Mozilla/5.0 (Windows NT 10.0; Win64; x64) AppleWebKit/537.36 (KHTML, like Gecko) Chrome/79.0.3945.130 Safari/537.36"
62.197.149.106 - - [03/Jul/2024:10:24:32 +0000] "GET /wp-content/plugins/cakil/ HTTP/1.1" 301 166 "-" "Mozilla/5.0 (X11; Linux i686; rv:79.0) Gecko/20100101 Firefox/79.0"
62.197.149.106 - - [03/Jul/2024:10:24:32 +0000] "GET /wp-content/plugins/cekidot/ HTTP/1.1" 301 166 "-" "Mozilla/5.0 (Windows NT 10.0; Win64; x64) AppleWebKit/537.36 (KHTML, like Gecko) Chrome/84.0.4147.105 Safari/537.36 OPR/70.0.3728.95"
62.197.149.106 - - [03/Jul/2024:10:24:32 +0000] "GET /wp-content/plugins/db/ HTTP/1.1" 301 166 "-" "Mozilla/5.0 (Windows NT 10.0; Win64; x64; rv:67.0) Gecko/20100101 Firefox/67.0"
62.197.149.106 - - [03/Jul/2024:10:24:32 +0000] "GET /wp-content/plugins/home/ HTTP/1.1" 301 166 "-" "Mozilla/5.0 (Windows NT 10.0; Win64; x64) AppleWebKit/537.36 (KHTML, like Gecko) Chrome/70.0.3538.110 Safari/537.36"
62.197.149.106 - - [03/Jul/2024:10:24:33 +0000] "GET /wp-content/plugins/limit/ HTTP/1.1" 301 166 "-" "Mozilla/5.0 (Macintosh; Intel Mac OS X 10_15_6) AppleWebKit/537.36 (KHTML, like Gecko) Chrome/84.0.4147.105 Safari/537.36 OPR/70.0.3728.95"
62.197.149.106 - - [03/Jul/2024:10:24:33 +0000] "GET /wp-content/plugins/owfsmac/ HTTP/1.1" 301 166 "-" "Mozilla/5.0 (Windows NT 10.0; Win64; x64) AppleWebKit/537.36 (KHTML, like Gecko) Chrome/79.0.3945.88 Safari/537.36"
62.197.149.106 - - [03/Jul/2024:10:24:33 +0000] "GET /wp-content/plugins/prenota/ HTTP/1.1" 301 166 "-" "Mozilla/5.0 (Macintosh; Intel Mac OS X 10_12_6) AppleWebKit/537.36 (KHTML, like Gecko) Chrome/58.0.3029.110 Safari/537.3"
62.197.149.106 - - [03/Jul/2024:10:24:33 +0000] "GET /wp-content/plugins/random/ HTTP/1.1" 301 166 "-" "Mozilla/5.0 (Windows NT 10.0; Win64; x64) AppleWebKit/537.36 (KHTML, like Gecko) Chrome/83.0.4103.97 Safari/537.36"
62.197.149.106 - - [03/Jul/2024:10:24:34 +0000] "GET /wp-content/plugins/ubh/ HTTP/1.1" 301 166 "-" "Mozilla/5.0 (Windows NT 10.0; Win64; x64; rv:67.0) Gecko/20100101 Firefox/67.0"
62.197.149.106 - - [03/Jul/2024:10:24:34 +0000] "GET /wp-content/plugins/Uwogh-Segs/ HTTP/1.1" 301 166 "-" "Mozilla/5.0 (Windows NT 10.0; Win64; x64; rv:79.0) Gecko/20100101 Firefox/79.0"
62.197.149.106 - - [03/Jul/2024:10:24:34 +0000] "GET /wp-content/plugins/wp-diambar/includes/ HTTP/1.1" 301 166 "-" "Mozilla/5.0 (Windows NT 10.0; Win64; x64) AppleWebKit/537.36 (KHTML, like Gecko) Chrome/80.0.3987.149 Safari/537.36"
62.197.149.106 - - [03/Jul/2024:10:24:34 +0000] "GET /wp-content/plugins/wp-freeform/ HTTP/1.1" 301 166 "-" "Mozilla/5.0 (Windows NT 10.0; WOW64) AppleWebKit/537.36 (KHTML, like Gecko) Chrome/72.0.3626.121 Safari/537.36"
62.197.149.106 - - [03/Jul/2024:10:24:34 +0000] "GET /wp-content/plugins/wp-hps/sh/ HTTP/1.1" 301 166 "-" "Mozilla/5.0 (Windows NT 10.0; Win64; x64; rv:72.0) Gecko/20100101 Firefox/72.0"
62.197.149.106 - - [03/Jul/2024:10:24:35 +0000] "GET /wp-content/plugins/wpeazvp/ HTTP/1.1" 301 166 "-" "Mozilla/5.0 (Windows NT 10.0; Win64; x64) AppleWebKit/537.36 (KHTML, like Gecko) Chrome/69.0.3497.100 Safari/537.36"
62.197.149.106 - - [03/Jul/2024:10:24:35 +0000] "GET /wp-content/plugins/zaen/includes/ HTTP/1.1" 301 166 "-" "Mozilla/5.0 (Windows NT 10.0; Win64; x64; rv:72.0) Gecko/20100101 Firefox/72.0"
62.197.149.106 - - [03/Jul/2024:10:24:35 +0000] "GET /wp-content/plugins/core-stab/ HTTP/1.1" 301 166 "-" "Mozilla/5.0 (Windows NT 10.0; Win64; x64) AppleWebKit/537.36 (KHTML, like Gecko) Chrome/69.0.3497.100 Safari/537.36"
62.197.149.106 - - [03/Jul/2024:10:24:35 +0000] "GET /wp-content/themes/alera/ HTTP/1.1" 301 166 "-" "Mozilla/5.0 (Windows NT 10.0; Win64; x64; rv:79.0) Gecko/20100101 Firefox/79.0"
62.197.149.106 - - [03/Jul/2024:10:24:35 +0000] "GET /wp-content/themes/rishi/ HTTP/1.1" 301 166 "-" "Mozilla/5.0 (Windows NT 6.1; Win64; x64) AppleWebKit/537.36 (KHTML, like Gecko) Chrome/78.0.3904.108 Safari/537.36"
62.197.149.106 - - [03/Jul/2024:10:24:36 +0000] "GET /wp-content/themes/sketch/ HTTP/1.1" 301 166 "-" "Mozilla/5.0 (Windows NT 10.0; Win64; x64; rv:75.0) Gecko/20100101 Firefox/75.0"
62.197.149.106 - - [03/Jul/2024:10:24:36 +0000] "GET /wp-content/themes/thuoc-nam/ HTTP/1.1" 301 166 "-" "Mozilla/5.0 (Windows NT 10.0; Win64; x64) AppleWebKit/537.36 (KHTML, like Gecko) Chrome/79.0.3945.88 Safari/537.36"
62.197.149.106 - - [03/Jul/2024:10:24:36 +0000] "GET /wp-content/themes/twentyfive/ HTTP/1.1" 301 166 "-" "Mozilla/5.0 (Windows NT 10.0; Win64; x64; rv:75.0) Gecko/20100101 Firefox/75.0"
62.197.149.106 - - [03/Jul/2024:10:24:36 +0000] "GET /wp-content/themes/wp-pridmag/ HTTP/1.1" 301 166 "-" "Mozilla/5.0 (Windows NT 10.0) AppleWebKit/537.36 (KHTML, like Gecko) Chrome/72.0.3626.121 Safari/537.36"
62.197.149.106 - - [03/Jul/2024:10:24:37 +0000] "GET /wp-content/themes/pridmag/ HTTP/1.1" 301 166 "-" "Mozilla/5.0 (Windows NT 10.0; Win64; x64) AppleWebKit/537.36 (KHTML, like Gecko) Chrome/69.0.3497.100 Safari/537.36"
62.197.149.106 - - [03/Jul/2024:10:24:37 +0000] "GET /wp-content/themes/zakra/ HTTP/1.1" 301 166 "-" "Mozilla/5.0 (Windows NT 10.0; Win64; x64; rv:71.0) Gecko/20100101 Firefox/71.0"
62.197.149.106 - - [03/Jul/2024:10:24:37 +0000] "GET /wp-content/uploads/simple-file-list/ HTTP/1.1" 301 166 "-" "Mozilla/5.0 (Windows NT 10.0; WOW64; x64) AppleWebKit/537.36 (KHTML, like Gecko) Chrome/84.0.4147.105 Safari/537.36 OPR/70.0.3728.95"
62.197.149.106 - - [03/Jul/2024:10:24:37 +0000] "GET /admin/upload/ HTTP/1.1" 301 166 "-" "Mozilla/5.0 (Windows NT 10.0; Win64; x64; rv:74.0) Gecko/20100101 Firefox/74.0"
62.197.149.106 - - [03/Jul/2024:10:24:37 +0000] "GET /wp-admin/css/colors/blue/ HTTP/1.1" 301 166 "-" "Mozilla/5.0 (Windows NT 10.0; Win64; x64) AppleWebKit/537.36 (KHTML, like Gecko) Chrome/83.0.4103.61 Safari/537.36"
62.197.149.106 - - [03/Jul/2024:10:24:38 +0000] "GET /up/.well-known/ HTTP/1.1" 301 166 "-" "Mozilla/5.0 (Windows NT 10.0) AppleWebKit/537.36 (KHTML, like Gecko) Chrome/84.0.4147.105 Safari/537.36"
62.197.149.106 - - [03/Jul/2024:10:24:38 +0000] "GET /wp-content/plugins/apikey/ HTTP/1.1" 301 166 "-" "Mozilla/5.0 (Windows NT 10.0; Win64; x64) AppleWebKit/537.36 (KHTML, like Gecko) Chrome/84.0.4147.105 Safari/537.36"
92.249.48.222 - - [03/Jul/2024:10:29:45 +0000] "GET / HTTP/1.1" 301 166 "-" "Hello World/1.0"
109.205.213.198 - - [03/Jul/2024:10:31:47 +0000] "GET / HTTP/1.1" 301 166 "-" "Hello World/1.0"
141.98.83.197 - - [03/Jul/2024:10:32:31 +0000] "GET / HTTP/1.1" 301 166 "-" "Mozilla/5.0 (Windows NT 10.0; Win64; x64) AppleWebKit/537.36 (KHTML, like Gecko) Chrome/90.0.4430.85 Safari/537.36 Edg/90.0.818.46"
92.249.48.222 - - [03/Jul/2024:10:51:24 +0000] "GET / HTTP/1.1" 301 166 "-" "Hello World/1.0"
77.90.7.23 - - [03/Jul/2024:10:55:52 +0000] "GET http://example.com/ HTTP/1.1" 301 166 "-" "Go-http-client/1.1"
77.90.7.23 - - [03/Jul/2024:10:55:53 +0000] "CONNECT hanisntsolo.github.io:443 HTTP/1.1" 400 154 "-" "-"
77.90.7.23 - - [03/Jul/2024:10:55:54 +0000] "CONNECT example.com:443 HTTP/1.1" 400 154 "-" "-"
77.90.7.23 - - [03/Jul/2024:10:55:55 +0000] "GET http://example.com/ HTTP/1.1" 301 166 "-" "Go-http-client/1.1"
77.90.7.23 - - [03/Jul/2024:10:55:56 +0000] "CONNECT hanisntsolo.github.io:443 HTTP/1.1" 400 154 "-" "-"
77.90.7.23 - - [03/Jul/2024:10:55:56 +0000] "CONNECT example.com:443 HTTP/1.1" 400 154 "-" "-"
149.50.103.48 - - [03/Jul/2024:11:05:32 +0000] "GET / HTTP/1.1" 301 166 "-" "-"
92.249.48.222 - - [03/Jul/2024:11:06:34 +0000] "GET / HTTP/1.1" 301 166 "-" "Hello World/1.0"
92.249.48.222 - - [03/Jul/2024:11:20:44 +0000] "GET / HTTP/1.1" 301 166 "-" "Hello World/1.0"
46.19.143.66 - - [03/Jul/2024:11:31:56 +0000] "GET / HTTP/1.1" 301 166 "-" "Hello World/1.0"
92.249.48.222 - - [03/Jul/2024:11:41:39 +0000] "GET / HTTP/1.1" 301 166 "-" "Hello World/1.0"
185.191.126.213 - - [03/Jul/2024:11:56:18 +0000] "GET / HTTP/1.1" 301 166 "-" "-"
206.189.10.246 - - [03/Jul/2024:11:58:54 +0000] "\x16\x03\x01\x00{\x01\x00\x00w\x03\x03\xA9f\xE9Md\x8D \x90|\x84\xF0\xE3\x09K\xAC\x0E:\xDCM%\xB4\xA8qS\x13\xC5\xF0\xBC+\xBEq3\x00\x00\x1A\xC0/\xC0+\xC0\x11\xC0\x07\xC0\x13\xC0\x09\xC0\x14\xC0" 400 154 "-" "-"
206.189.10.246 - - [03/Jul/2024:11:58:54 +0000] "\x16\x03\x01\x00{\x01\x00\x00w\x03\x03\xEC{\xF8hR\xD2\xED~9\xE8IA\xD8\x03\xAA\x89\xF9\x05\x18+\xE5J\x7F\xF4,\x02\xE1\x1E\x9D\xD8m7\x00\x00\x1A\xC0/\xC0+\xC0\x11\xC0\x07\xC0\x13\xC0\x09\xC0\x14\xC0" 400 154 "-" "-"
206.189.10.246 - - [03/Jul/2024:11:58:54 +0000] "GET / HTTP/1.1" 301 166 "-" "Mozilla/5.0 (Windows NT 10.0; Win64; x64) AppleWebKit/537.36 (KHTML, like Gecko) Chrome/108.0.0.0 Safari/537.36"
206.189.10.246 - - [03/Jul/2024:11:58:55 +0000] "GET /form.html HTTP/1.1" 301 166 "-" "curl/8.1.2"
206.189.10.246 - - [03/Jul/2024:11:58:55 +0000] "GET /upl.php HTTP/1.1" 301 166 "-" "Mozilla/5.0"
206.189.10.246 - - [03/Jul/2024:11:58:56 +0000] "\x16\x03\x01\x00{\x01\x00\x00w\x03\x03;\x19\xB8\xFA\x85\x18\x98\xBA\xCFb,\xB4C\x9D\xAF\xED\x14\xD5`l\x96\xB4\x0C\xE4\xA6\x10\xF6\x89\xC4\x0C#u\x00\x00\x1A\xC0/\xC0+\xC0\x11\xC0\x07\xC0\x13\xC0\x09\xC0\x14\xC0" 400 154 "-" "-"
206.189.10.246 - - [03/Jul/2024:11:58:56 +0000] "GET /geoip/ HTTP/1.1" 301 166 "-" "Mozilla/5.0 (Windows NT 10.0; Win64; x64) AppleWebKit/537.36 (KHTML, like Gecko) Chrome/108.0.0.0 Safari/537.36"
206.189.10.246 - - [03/Jul/2024:11:58:56 +0000] "GET /favicon.ico HTTP/1.1" 301 166 "-" "Mozilla/5.0 (Windows NT 10.0; Win64; x64) AppleWebKit/537.36 (KHTML, like Gecko) Chrome/108.0.0.0 Safari/537.36"
206.189.10.246 - - [03/Jul/2024:11:58:57 +0000] "GET /1.php HTTP/1.1" 301 166 "-" "Mozilla/5.0 (Windows NT 10.0; Win64; x64) AppleWebKit/537.36 (KHTML, like Gecko) Chrome/108.0.0.0 Safari/537.36"
206.189.10.246 - - [03/Jul/2024:11:58:57 +0000] "GET /bundle.js HTTP/1.1" 301 166 "-" "Mozilla/5.0 (Windows NT 10.0; Win64; x64) AppleWebKit/537.36 (KHTML, like Gecko) Chrome/108.0.0.0 Safari/537.36"
206.189.10.246 - - [03/Jul/2024:11:58:57 +0000] "GET /files/ HTTP/1.1" 301 166 "-" "Mozilla/5.0 (Windows NT 10.0; Win64; x64) AppleWebKit/537.36 (KHTML, like Gecko) Chrome/108.0.0.0 Safari/537.36"
206.189.10.246 - - [03/Jul/2024:11:58:58 +0000] "GET /systembc/password.php HTTP/1.1" 301 166 "-" "Mozilla/5.0 (Windows NT 10.0; Win64; x64) AppleWebKit/537.36 (KHTML, like Gecko) Chrome/108.0.0.0 Safari/537.36"
206.189.10.246 - - [03/Jul/2024:11:58:58 +0000] "GET /password.php HTTP/1.1" 301 166 "-" "Mozilla/5.0 (Windows NT 10.0; Win64; x64) AppleWebKit/537.36 (KHTML, like Gecko) Chrome/108.0.0.0 Safari/537.36"
206.189.10.246 - - [03/Jul/2024:11:58:59 +0000] "GET /info.php HTTP/1.1" 301 166 "-" "Mozilla/5.0 (Windows NT 10.0; Win64; x64) AppleWebKit/537.36 (KHTML, like Gecko) Chrome/108.0.0.0 Safari/537.36"
77.90.7.23 - - [03/Jul/2024:12:05:52 +0000] "GET http://example.com/ HTTP/1.1" 301 166 "-" "Go-http-client/1.1"
77.90.7.23 - - [03/Jul/2024:12:06:02 +0000] "CONNECT hanisntsolo.github.io:443 HTTP/1.1" 400 154 "-" "-"
77.90.7.23 - - [03/Jul/2024:12:06:08 +0000] "CONNECT example.com:443 HTTP/1.1" 400 154 "-" "-"
77.90.7.23 - - [03/Jul/2024:12:06:10 +0000] "GET http://example.com/ HTTP/1.1" 301 166 "-" "Go-http-client/1.1"
77.90.7.23 - - [03/Jul/2024:12:06:20 +0000] "CONNECT hanisntsolo.github.io:443 HTTP/1.1" 400 154 "-" "-"
77.90.7.23 - - [03/Jul/2024:12:06:25 +0000] "CONNECT example.com:443 HTTP/1.1" 400 154 "-" "-"
42.83.147.54 - - [03/Jul/2024:12:06:52 +0000] "GET / HTTP/1.1" 301 166 "-" "Mozilla/5.0 (Windows NT 6.1; Win64; x64) AppleWebKit/537.36 (KHTML, like Gecko)Chrome/74.0.3729.169 Safari/537.36"
92.249.48.222 - - [03/Jul/2024:12:09:33 +0000] "GET / HTTP/1.1" 301 166 "-" "Hello World/1.0"
92.249.48.222 - - [03/Jul/2024:12:24:11 +0000] "GET / HTTP/1.1" 301 166 "-" "Hello World/1.0"
192.210.150.32 - - [03/Jul/2024:12:38:01 +0000] "GET /.env HTTP/1.1" 301 166 "-" "Mozilla/5.0 (Macintosh; Intel Mac OS X 10_6_8) AppleWebKit/535.7 (KHTML, like Gecko) Chrome/16.0.912.36 Safari/535.7"
92.249.48.222 - - [03/Jul/2024:12:43:33 +0000] "GET / HTTP/1.1" 301 166 "-" "Hello World/1.0"
46.19.143.66 - - [03/Jul/2024:12:45:32 +0000] "GET / HTTP/1.1" 301 166 "-" "Hello World/1.0"
92.249.48.222 - - [03/Jul/2024:13:08:43 +0000] "GET / HTTP/1.1" 301 166 "-" "Hello World/1.0"
185.180.140.5 - - [03/Jul/2024:13:20:57 +0000] "GET / HTTP/1.1" 301 166 "-" "Mozilla/5.0 (Windows NT 10.0; Win64; x64) AppleWebKit/537.36 (KHTML, like Gecko) Chrome/60.0.3112.113 Safari/537.36"
185.180.140.5 - - [03/Jul/2024:13:20:57 +0000] "GET /console HTTP/1.1" 301 166 "-" "Mozilla/5.0 (Windows NT 10.0; Win64; x64) AppleWebKit/537.36 (KHTML, like Gecko) Chrome/60.0.3112.113 Safari/537.36"
92.249.48.222 - - [03/Jul/2024:13:25:07 +0000] "GET / HTTP/1.1" 301 166 "-" "Hello World/1.0"
104.152.52.50 - - [03/Jul/2024:13:40:51 +0000] "GET / HTTP/1.0" 301 166 "-" "-"
46.4.30.241 - - [03/Jul/2024:13:44:43 +0000] "GET /wp-includes/ID3/license.txt HTTP/1.1" 301 166 "-" "Mozilla/5.0 (Windows NT 10.0; Win64; x64) AppleWebKit/537.36 (KHTML, like Gecko) Chrome/95.0.4638.69 Safari/537.36"
46.4.30.241 - - [03/Jul/2024:13:44:43 +0000] "" 400 0 "-" "-"
92.249.48.222 - - [03/Jul/2024:13:48:38 +0000] "GET / HTTP/1.1" 301 166 "-" "Hello World/1.0"
207.90.244.4 - - [03/Jul/2024:13:58:14 +0000] "GET / HTTP/1.1" 301 166 "-" "Mozilla/5.0 (Windows NT 6.1) AppleWebKit/537.36 (KHTML, like Gecko) Chrome/41.0.2228.0 Safari/537.36"
207.90.244.4 - - [03/Jul/2024:13:58:15 +0000] "GET /robots.txt HTTP/1.1" 301 166 "-" "-"
207.90.244.4 - - [03/Jul/2024:13:58:15 +0000] "GET /sitemap.xml HTTP/1.1" 301 166 "-" "-"
207.90.244.4 - - [03/Jul/2024:13:58:16 +0000] "GET /.well-known/security.txt HTTP/1.1" 301 166 "-" "-"
207.90.244.4 - - [03/Jul/2024:13:58:18 +0000] "GET /favicon.ico HTTP/1.1" 301 166 "-" "Mozilla/5.0 (Windows NT 10.0; Win64; x64) AppleWebKit/537.36 (KHTML, like Gecko) Chrome/102.0.5005.63 Safari/537.36"
46.19.143.66 - - [03/Jul/2024:13:58:52 +0000] "GET / HTTP/1.1" 301 166 "-" "Hello World/1.0"
92.249.48.222 - - [03/Jul/2024:14:10:07 +0000] "GET / HTTP/1.1" 301 166 "-" "Hello World/1.0"
89.116.158.254 - - [03/Jul/2024:14:16:52 +0000] "GET /.env HTTP/1.1" 301 166 "-" "Mozilla/5.0 (X11; Linux x86_64) AppleWebKit/537.36 (KHTML, like Gecko) Chrome/81.0.4044.129 Safari/537.36"
89.116.158.254 - - [03/Jul/2024:14:16:52 +0000] "POST / HTTP/1.1" 301 166 "-" "Mozilla/5.0 (X11; Linux x86_64) AppleWebKit/537.36 (KHTML, like Gecko) Chrome/81.0.4044.129 Safari/537.36"
139.99.120.140 - - [03/Jul/2024:14:20:21 +0000] "GET /assets/js/beautifuljekyll.js HTTP/1.1" 301 166 "-" "Go-http-client/1.1"
139.99.120.140 - - [03/Jul/2024:14:20:21 +0000] "GET /assets/js/theme-switcher.js HTTP/1.1" 301 166 "-" "Go-http-client/1.1"
167.94.138.39 - - [03/Jul/2024:14:38:15 +0000] "GET / HTTP/1.1" 301 166 "-" "-"
167.94.138.39 - - [03/Jul/2024:14:38:24 +0000] "GET / HTTP/1.1" 301 166 "-" "Mozilla/5.0 (compatible; CensysInspect/1.1; +https://about.censys.io/)"
167.94.138.39 - - [03/Jul/2024:14:38:25 +0000] "PRI * HTTP/2.0" 400 154 "-" "-"
92.249.48.222 - - [03/Jul/2024:14:47:28 +0000] "GET / HTTP/1.1" 301 166 "-" "Hello World/1.0"
83.147.52.49 - - [03/Jul/2024:14:53:57 +0000] "GET /default/en_US/frame.html?content=/dev/mtdblock/5 HTTP/1.1" 301 166 "-" "Mozilla/5.0 (Macintosh; Intel Mac OS X 10_15) AppleWebKit/537.36 (KHTML, like Gecko) Chrome/86.0.4240.111 Safari/537.36"
92.249.48.222 - - [03/Jul/2024:15:03:39 +0000] "GET / HTTP/1.1" 301 166 "-" "Hello World/1.0"
46.19.143.66 - - [03/Jul/2024:15:12:47 +0000] "GET / HTTP/1.1" 301 166 "-" "Hello World/1.0"
173.46.80.220 - - [03/Jul/2024:15:13:56 +0000] "GET /.env HTTP/1.1" 301 166 "-" "python-requests/2.25.1"
92.249.48.222 - - [03/Jul/2024:15:21:15 +0000] "GET / HTTP/1.1" 301 166 "-" "Hello World/1.0"
92.249.48.202 - - [03/Jul/2024:15:34:27 +0000] "GET / HTTP/1.1" 301 166 "-" "Mozilla/5.0 (Windows NT 10.0; Win64; x64) AppleWebKit/537.36 (KHTML, like Gecko) Chrome/90.0.4430.85 Safari/537.36 Edg/90.0.818.46"
88.214.25.62 - - [03/Jul/2024:15:36:42 +0000] "\x03\x00\x00/*\xE0\x00\x00\x00\x00\x00Cookie: mstshash=Administr" 400 154 "-" "-"
162.216.150.236 - - [03/Jul/2024:15:40:04 +0000] "GET / HTTP/1.1" 301 166 "http://180.233.121.154:1081/" "Expanse, a Palo Alto Networks company, searches across the global IPv4 space multiple times per day to identify customers&#39; presences on the Internet. If you would like to be excluded from our scans, please send IP addresses/domains to: scaninfo@paloaltonetworks.com"
185.224.128.43 - - [03/Jul/2024:15:42:13 +0000] "GET / HTTP/1.1" 301 166 "-" "Mozilla/5.0 (Windows NT 10.0; Win64; x64) AppleWebKit/537.36 (KHTML, like Gecko) Chrome/90.0.4430.85 Safari/537.36 Edg/90.0.818.46"
92.249.48.222 - - [03/Jul/2024:15:45:01 +0000] "GET / HTTP/1.1" 301 166 "-" "Hello World/1.0"
154.212.141.203 - - [03/Jul/2024:15:52:23 +0000] "GET / HTTP/1.1" 301 166 "-" "-"
1.195.226.135 - - [03/Jul/2024:15:54:18 +0000] "POST /cgi-bin/.%2e/.%2e/.%2e/.%2e/.%2e/.%2e/.%2e/.%2e/.%2e/.%2e/bin/sh HTTP/1.1" 400 154 "-" "-"
1.195.226.135 - - [03/Jul/2024:15:54:25 +0000] "GET /vendor/phpunit/phpunit/src/Util/PHP/eval-stdin.php HTTP/1.1" 301 166 "-" "Custom-AsyncHttpClient"
1.195.226.135 - - [03/Jul/2024:15:54:27 +0000] "POST /cgi-bin/%%32%65%%32%65/%%32%65%%32%65/%%32%65%%32%65/%%32%65%%32%65/%%32%65%%32%65/%%32%65%%32%65/%%32%65%%32%65/bin/sh HTTP/1.1" 400 154 "-" "-"
193.35.18.250 - - [03/Jul/2024:15:59:03 +0000] "GET /.git/config HTTP/1.1" 301 166 "-" "Mozilla/5.0 (Windows NT 5.1) AppleWebKit/537.36 (KHTML, like Gecko) Chrome/49.0.2623.112 Safari/537.36"
92.249.48.222 - - [03/Jul/2024:16:09:17 +0000] "GET / HTTP/1.1" 301 166 "-" "Hello World/1.0"
182.42.105.85 - - [03/Jul/2024:16:15:44 +0000] "GET / HTTP/1.1" 301 166 "-" "Mozilla/5.0 (iPhone; CPU iPhone OS 13_2_3 like Mac OS X) AppleWebKit/605.1.15 (KHTML, like Gecko) Version/13.0.3 Mobile/15E148 Safari/604.1"
87.236.176.98 - - [03/Jul/2024:16:15:49 +0000] "GET / HTTP/1.1" 301 166 "-" "Mozilla/5.0 (compatible; InternetMeasurement/1.0; +https://internet-measurement.com/)"
141.98.83.197 - - [03/Jul/2024:16:19:05 +0000] "GET / HTTP/1.1" 301 166 "-" "Mozilla/5.0 (Windows NT 10.0; Win64; x64) AppleWebKit/537.36 (KHTML, like Gecko) Chrome/90.0.4430.85 Safari/537.36 Edg/90.0.818.46"
46.19.143.66 - - [03/Jul/2024:16:24:43 +0000] "GET / HTTP/1.1" 301 166 "-" "Hello World/1.0"
92.249.48.222 - - [03/Jul/2024:16:29:20 +0000] "GET / HTTP/1.1" 301 166 "-" "Hello World/1.0"
92.249.48.222 - - [03/Jul/2024:16:44:38 +0000] "GET / HTTP/1.1" 301 166 "-" "Hello World/1.0"
194.38.23.16 - - [03/Jul/2024:16:47:48 +0000] "GET /assets/js/elfinder/php/connector.php HTTP/1.1" 301 166 "-" "ALittle Client"
194.38.23.16 - - [03/Jul/2024:16:47:48 +0000] "GET /admin/elfinder/php/connector.minimal.php HTTP/1.1" 301 166 "-" "ALittle Client"
194.38.23.16 - - [03/Jul/2024:16:47:49 +0000] "GET /admin/elfinder/php/connector.php HTTP/1.1" 301 166 "-" "ALittle Client"
104.152.52.30 - - [03/Jul/2024:16:53:07 +0000] "GET / HTTP/1.0" 301 166 "-" "-"
92.249.48.222 - - [03/Jul/2024:17:08:20 +0000] "GET / HTTP/1.1" 301 166 "-" "Hello World/1.0"
92.249.48.222 - - [03/Jul/2024:17:22:31 +0000] "GET / HTTP/1.1" 301 166 "-" "Hello World/1.0"
141.98.83.197 - - [03/Jul/2024:17:37:01 +0000] "GET / HTTP/1.1" 301 166 "-" "Mozilla/5.0 (Windows NT 10.0; Win64; x64) AppleWebKit/537.36 (KHTML, like Gecko) Chrome/90.0.4430.85 Safari/537.36 Edg/90.0.818.46"
46.19.143.66 - - [03/Jul/2024:17:38:45 +0000] "GET / HTTP/1.1" 301 166 "-" "Hello World/1.0"
92.249.48.222 - - [03/Jul/2024:17:41:57 +0000] "GET / HTTP/1.1" 301 166 "-" "Hello World/1.0"
49.51.179.103 - - [03/Jul/2024:17:49:36 +0000] "GET / HTTP/1.1" 301 166 "-" "Mozilla/5.0 (iPhone; CPU iPhone OS 13_2_3 like Mac OS X) AppleWebKit/605.1.15 (KHTML, like Gecko) Version/13.0.3 Mobile/15E148 Safari/604.1"
92.249.48.222 - - [03/Jul/2024:18:08:22 +0000] "GET / HTTP/1.1" 301 166 "-" "Hello World/1.0"
185.191.126.213 - - [03/Jul/2024:18:12:21 +0000] "GET / HTTP/1.1" 301 166 "-" "-"
194.59.30.77 - - [03/Jul/2024:18:17:41 +0000] "GET /.env HTTP/1.1" 301 166 "-" "Mozilla/5.0 (Linux; U; Android 4.4.2; en-US; HM NOTE 1W Build/KOT49H) AppleWebKit/534.30 (KHTML, like Gecko) Version/4.0 UCBrowser/11.0.5.850 U3/0.8.0 Mobile Safari/534.30"
194.59.30.77 - - [03/Jul/2024:18:17:42 +0000] "POST / HTTP/1.1" 301 166 "-" "Mozilla/5.0 (Linux; U; Android 4.4.2; en-US; HM NOTE 1W Build/KOT49H) AppleWebKit/534.30 (KHTML, like Gecko) Version/4.0 UCBrowser/11.0.5.850 U3/0.8.0 Mobile Safari/534.30"
92.249.48.222 - - [03/Jul/2024:18:19:52 +0000] "GET / HTTP/1.1" 301 166 "-" "Hello World/1.0"
185.71.218.2 - - [03/Jul/2024:18:31:20 +0000] "HEAD /wordpress/ HTTP/1.1" 301 0 "-" "-"
221.229.106.25 - - [03/Jul/2024:18:36:06 +0000] "GET / HTTP/1.1" 301 166 "-" "Mozilla/5.0 (iPhone; CPU iPhone OS 13_2_3 like Mac OS X) AppleWebKit/605.1.15 (KHTML, like Gecko) Version/13.0.3 Mobile/15E148 Safari/604.1"
179.43.161.135 - - [03/Jul/2024:18:48:00 +0000] "GET / HTTP/1.1" 301 166 "-" "Hello World/1.0"
92.249.48.222 - - [03/Jul/2024:18:51:19 +0000] "GET / HTTP/1.1" 301 166 "-" "Hello World/1.0"
46.19.143.66 - - [03/Jul/2024:18:52:31 +0000] "GET / HTTP/1.1" 301 166 "-" "Hello World/1.0"
45.80.158.236 - - [03/Jul/2024:19:01:41 +0000] "GET /.env HTTP/1.1" 301 166 "-" "-"
92.249.48.222 - - [03/Jul/2024:19:06:47 +0000] "GET / HTTP/1.1" 301 166 "-" "Hello World/1.0"
205.185.126.91 - - [03/Jul/2024:19:13:25 +0000] "GET / HTTP/1.1" 301 166 "-" "Mozilla/5.0 (X11; Ubuntu; Linux x86_64; rv:76.0) Gecko/20100101 Firefox/76.0"
92.249.48.222 - - [03/Jul/2024:19:24:51 +0000] "GET / HTTP/1.1" 301 166 "-" "Hello World/1.0"
92.249.48.222 - - [03/Jul/2024:19:41:11 +0000] "GET / HTTP/1.1" 301 166 "-" "Hello World/1.0"
77.90.7.23 - - [03/Jul/2024:19:42:53 +0000] "GET http://example.com/ HTTP/1.1" 301 166 "-" "Go-http-client/1.1"
77.90.7.23 - - [03/Jul/2024:19:42:55 +0000] "CONNECT example.com:443 HTTP/1.1" 400 154 "-" "-"
77.90.7.23 - - [03/Jul/2024:19:42:55 +0000] "CONNECT hanisntsolo.github.io:443 HTTP/1.1" 400 154 "-" "-"
77.90.7.23 - - [03/Jul/2024:19:42:55 +0000] "GET http://example.com/ HTTP/1.1" 301 166 "-" "Go-http-client/1.1"
77.90.7.23 - - [03/Jul/2024:19:42:56 +0000] "CONNECT hanisntsolo.github.io:443 HTTP/1.1" 400 154 "-" "-"
77.90.7.23 - - [03/Jul/2024:19:42:56 +0000] "CONNECT example.com:443 HTTP/1.1" 400 154 "-" "-"
147.185.132.78 - - [03/Jul/2024:19:45:08 +0000] "GET / HTTP/1.1" 301 166 "-" "Expanse, a Palo Alto Networks company, searches across the global IPv4 space multiple times per day to identify customers&#39; presences on the Internet. If you would like to be excluded from our scans, please send IP addresses/domains to: scaninfo@paloaltonetworks.com"
5.42.100.53 - - [03/Jul/2024:19:47:16 +0000] "GET / HTTP/1.1" 301 166 "-" "Mozilla/5.0 (Windows NT 10.0; Win64; x64; rv:109.0) Gecko/20100101 Firefox/90.0"
45.163.19.154 - - [03/Jul/2024:19:47:22 +0000] "GET / HTTP/1.1" 301 166 "-" "Mozilla/5.0 (Macintosh; Intel Mac OS X 10_11_6) AppleWebKit/601.7.7 (KHTML, like Gecko) Version/9.1.2 Safari/601.7.7"
141.98.83.197 - - [03/Jul/2024:19:49:49 +0000] "GET / HTTP/1.1" 301 166 "-" "Mozilla/5.0 (Windows NT 10.0; Win64; x64) AppleWebKit/537.36 (KHTML, like Gecko) Chrome/90.0.4430.85 Safari/537.36 Edg/90.0.818.46"
87.106.169.121 - - [03/Jul/2024:19:54:14 +0000] "GET /.vscode/sftp.json HTTP/1.1" 301 166 "-" "-"
87.106.169.121 - - [03/Jul/2024:19:54:14 +0000] "GET /Telerik.Web.UI.WebResource.axd?type=rau HTTP/1.1" 301 166 "-" "-"
92.249.48.222 - - [03/Jul/2024:20:00:47 +0000] "GET / HTTP/1.1" 301 166 "-" "Hello World/1.0"
46.19.143.66 - - [03/Jul/2024:20:05:15 +0000] "GET / HTTP/1.1" 301 166 "-" "Hello World/1.0"
92.249.48.197 - - [03/Jul/2024:20:08:33 +0000] "GET / HTTP/1.1" 301 166 "-" "-"
91.243.50.206 - - [03/Jul/2024:20:16:06 +0000] "GET / HTTP/1.0" 301 166 "-" "Mozilla/3.01Gold (Win95; I)"
91.243.50.206 - - [03/Jul/2024:20:16:25 +0000] "\x16\x03\x01\x00\xEE\x01\x00\x00\xEA\x03\x03&\xFB\x14\x0B\x80\xDA4\xB8\xF9f\xE1Oq\x9AV\x86%\xB8oT$\x80\x83\xEEc\x17\xA7\xB1\x0C\x85:\x1F y\xAB\xB7\xC8\xE7y\xE3\xEAEL\x0E GN\xE1\x14\xB1\xB8\xAF8\x82" 400 154 "-" "-"
91.243.50.206 - - [03/Jul/2024:20:16:26 +0000] "GET /aaa9 HTTP/1.1" 301 166 "-" "Mozilla/5.0 (Windows NT 10.0; Win64; x64) AppleWebKit/537.36 (KHTML, like Gecko) Chrome/70.0.3538.77 Safari/537.36"
91.243.50.206 - - [03/Jul/2024:20:16:26 +0000] "\x16\x03\x01\x00\xEE\x01\x00\x00\xEA\x03\x03\x1B\x1DS5w!\x00m\xB8\xA1E_9\xBD\x90vPo\xE0\xFCx{I1C\xE7\xAF\xDE\xCC\x98\x0C\xE8 J\x94\xB8\xF6\xCCM7?\x22\x80\xB9Wq\xF5car0;U~\xDF\x9D\xABX\x93\xC0uY\xBF\x8DJ\x00&\xC0+\xC0/\xC0,\xC00\xCC\xA9\xCC\xA8\xC0\x09\xC0\x13\xC0" 400 154 "-" "-"
91.243.50.206 - - [03/Jul/2024:20:16:26 +0000] "GET /aab9 HTTP/1.1" 301 166 "-" "Mozilla/5.0 (Windows NT 10.0; Win64; x64) AppleWebKit/537.36 (KHTML, like Gecko) Chrome/70.0.3538.77 Safari/537.36"
207.246.98.208 - - [03/Jul/2024:20:16:55 +0000] "HEAD /wordpress HTTP/1.1" 301 0 "-" "Mozilla/5.0 (Windows NT 10.0; Win64; x64) AppleWebKit/537.36 (KHTML, like Gecko) Chrome/74.0.3729.169 Safari/537.36"
207.246.98.208 - - [03/Jul/2024:20:16:55 +0000] "HEAD / HTTP/1.1" 301 0 "-" "Mozilla/5.0 (Windows NT 10.0; Win64; x64) AppleWebKit/537.36 (KHTML, like Gecko) Chrome/74.0.3729.169 Safari/537.36"
207.246.98.208 - - [03/Jul/2024:20:16:55 +0000] "HEAD /wp HTTP/1.1" 301 0 "-" "Mozilla/5.0 (Windows NT 10.0; Win64; x64) AppleWebKit/537.36 (KHTML, like Gecko) Chrome/74.0.3729.169 Safari/537.36"
207.246.98.208 - - [03/Jul/2024:20:16:55 +0000] "HEAD /bc HTTP/1.1" 301 0 "-" "Mozilla/5.0 (Windows NT 10.0; Win64; x64) AppleWebKit/537.36 (KHTML, like Gecko) Chrome/74.0.3729.169 Safari/537.36"
207.246.98.208 - - [03/Jul/2024:20:16:56 +0000] "HEAD /bk HTTP/1.1" 301 0 "-" "Mozilla/5.0 (Windows NT 10.0; Win64; x64) AppleWebKit/537.36 (KHTML, like Gecko) Chrome/74.0.3729.169 Safari/537.36"
207.246.98.208 - - [03/Jul/2024:20:16:56 +0000] "HEAD /backup HTTP/1.1" 301 0 "-" "Mozilla/5.0 (Windows NT 10.0; Win64; x64) AppleWebKit/537.36 (KHTML, like Gecko) Chrome/74.0.3729.169 Safari/537.36"
207.246.98.208 - - [03/Jul/2024:20:16:56 +0000] "HEAD /old HTTP/1.1" 301 0 "-" "Mozilla/5.0 (Windows NT 10.0; Win64; x64) AppleWebKit/537.36 (KHTML, like Gecko) Chrome/74.0.3729.169 Safari/537.36"
207.246.98.208 - - [03/Jul/2024:20:16:56 +0000] "HEAD /new HTTP/1.1" 301 0 "-" "Mozilla/5.0 (Windows NT 10.0; Win64; x64) AppleWebKit/537.36 (KHTML, like Gecko) Chrome/74.0.3729.169 Safari/537.36"
207.246.98.208 - - [03/Jul/2024:20:16:57 +0000] "HEAD /main HTTP/1.1" 301 0 "-" "Mozilla/5.0 (Windows NT 10.0; Win64; x64) AppleWebKit/537.36 (KHTML, like Gecko) Chrome/74.0.3729.169 Safari/537.36"
207.246.98.208 - - [03/Jul/2024:20:16:57 +0000] "HEAD /home HTTP/1.1" 301 0 "-" "Mozilla/5.0 (Windows NT 10.0; Win64; x64) AppleWebKit/537.36 (KHTML, like Gecko) Chrome/74.0.3729.169 Safari/537.36"
92.249.48.222 - - [03/Jul/2024:20:26:32 +0000] "GET / HTTP/1.1" 301 166 "-" "Hello World/1.0"
77.90.7.23 - - [03/Jul/2024:20:29:11 +0000] "GET http://example.com/ HTTP/1.1" 301 166 "-" "Go-http-client/1.1"
77.90.7.23 - - [03/Jul/2024:20:29:12 +0000] "CONNECT hanisntsolo.github.io:443 HTTP/1.1" 400 154 "-" "-"
77.90.7.23 - - [03/Jul/2024:20:29:13 +0000] "CONNECT example.com:443 HTTP/1.1" 400 154 "-" "-"
77.90.7.23 - - [03/Jul/2024:20:29:13 +0000] "GET http://example.com/ HTTP/1.1" 301 166 "-" "Go-http-client/1.1"
77.90.7.23 - - [03/Jul/2024:20:29:14 +0000] "CONNECT hanisntsolo.github.io:443 HTTP/1.1" 400 154 "-" "-"
77.90.7.23 - - [03/Jul/2024:20:29:14 +0000] "CONNECT example.com:443 HTTP/1.1" 400 154 "-" "-"
185.224.128.43 - - [03/Jul/2024:20:33:44 +0000] "GET / HTTP/1.1" 301 166 "-" "Mozilla/5.0 (Windows NT 10.0; Win64; x64) AppleWebKit/537.36 (KHTML, like Gecko) Chrome/90.0.4430.85 Safari/537.36 Edg/90.0.818.46"
92.249.48.222 - - [03/Jul/2024:20:41:16 +0000] "GET / HTTP/1.1" 301 166 "-" "Hello World/1.0"
92.249.48.202 - - [03/Jul/2024:21:00:18 +0000] "GET / HTTP/1.1" 301 166 "-" "Mozilla/5.0 (Windows NT 10.0; Win64; x64) AppleWebKit/537.36 (KHTML, like Gecko) Chrome/90.0.4430.85 Safari/537.36 Edg/90.0.818.46"
109.205.213.198 - - [03/Jul/2024:21:06:58 +0000] "GET / HTTP/1.1" 301 166 "-" "-"
92.249.48.222 - - [03/Jul/2024:21:07:05 +0000] "GET / HTTP/1.1" 301 166 "-" "Hello World/1.0"
109.205.213.198 - - [03/Jul/2024:21:15:01 +0000] "GET / HTTP/1.1" 301 166 "-" "Hello World"
46.19.143.66 - - [03/Jul/2024:21:21:29 +0000] "GET / HTTP/1.1" 301 166 "-" "Hello World/1.0"
92.249.48.222 - - [03/Jul/2024:21:27:46 +0000] "GET / HTTP/1.1" 301 166 "-" "Hello World/1.0"
94.156.71.91 - - [03/Jul/2024:21:37:16 +0000] "POST /boaform/admin/formLogin HTTP/1.1" 301 166 "http://180.233.121.154:80/admin/login.asp" "Mozilla/5.0 (X11; Ubuntu; Linux x86_64; rv:71.0) Gecko/20100101 Firefox/71.0"
94.156.71.91 - - [03/Jul/2024:21:37:16 +0000] "" 400 0 "-" "-"
104.199.31.214 - - [03/Jul/2024:21:41:47 +0000] "GET / HTTP/1.1" 301 166 "-" "python-requests/2.32.2"
94.156.71.91 - - [03/Jul/2024:21:41:52 +0000] "POST /boaform/admin/formLogin HTTP/1.1" 301 166 "http://180.233.121.154:80/admin/login.asp" "Mozilla/5.0 (X11; Ubuntu; Linux x86_64; rv:71.0) Gecko/20100101 Firefox/71.0"
94.156.71.91 - - [03/Jul/2024:21:41:52 +0000] "" 400 0 "-" "-"
92.249.48.222 - - [03/Jul/2024:21:48:34 +0000] "GET / HTTP/1.1" 301 166 "-" "Hello World/1.0"
92.249.48.222 - - [03/Jul/2024:22:05:44 +0000] "GET / HTTP/1.1" 301 166 "-" "Hello World/1.0"
147.185.132.117 - - [03/Jul/2024:22:10:20 +0000] "\x16\x03\x01\x00\xCA\x01\x00\x00\xC6\x03\x03\xFC\xA6\xA0\x16]\xC7D\xBCy\xA3\x9C\x8A}\x9C#\xCF\x1EI\xE5\x1B3*\x03\xE9\xAE\xEA\xF3\xCE\xEE\x86m\x13\x00\x00h\xCC\x14\xCC\x13\xC0/\xC0+\xC00\xC0,\xC0\x11\xC0\x07\xC0'\xC0#\xC0\x13\xC0\x09\xC0(\xC0$\xC0\x14\xC0" 400 154 "-" "-"
147.185.132.117 - - [03/Jul/2024:22:10:20 +0000] "\x16\x03\x01\x00\xEE\x01\x00\x00\xEA\x03\x03\x03y4\xC1}2\x07\xF9vG%+\xCC\xF2" 400 154 "-" "-"
205.210.31.172 - - [03/Jul/2024:22:16:18 +0000] "GET / HTTP/1.1" 301 166 "-" "Expanse, a Palo Alto Networks company, searches across the global IPv4 space multiple times per day to identify customers&#39; presences on the Internet. If you would like to be excluded from our scans, please send IP addresses/domains to: scaninfo@paloaltonetworks.com"
192.210.150.32 - - [03/Jul/2024:22:16:54 +0000] "GET /.env HTTP/1.1" 301 166 "-" "Mozilla/5.0 (Macintosh; Intel Mac OS X 10_11_6) AppleWebKit/537.36 (KHTML, like Gecko) Chrome/64.0.3282.186 Safari/537.36"
92.249.48.222 - - [03/Jul/2024:22:23:32 +0000] "GET / HTTP/1.1" 301 166 "-" "Hello World/1.0"
185.31.175.10 - - [03/Jul/2024:22:25:42 +0000] "GET /wp-login.php HTTP/1.1" 301 166 "-" "Mozilla/5.0 (X11; Fedora; Linux x86_64; rv:94.0) Gecko/20100101 Firefox/95.0"
46.19.143.66 - - [03/Jul/2024:22:32:49 +0000] "GET / HTTP/1.1" 301 166 "-" "Hello World/1.0"
162.216.150.63 - - [03/Jul/2024:22:37:05 +0000] "GET / HTTP/1.1" 301 166 "-" "Expanse, a Palo Alto Networks company, searches across the global IPv4 space multiple times per day to identify customers&#39; presences on the Internet. If you would like to be excluded from our scans, please send IP addresses/domains to: scaninfo@paloaltonetworks.com"
199.45.155.67 - - [03/Jul/2024:22:41:23 +0000] "GET / HTTP/1.1" 301 166 "-" "-"
199.45.155.67 - - [03/Jul/2024:22:41:35 +0000] "PRI * HTTP/2.0" 400 154 "-" "-"
92.249.48.222 - - [03/Jul/2024:22:41:59 +0000] "GET / HTTP/1.1" 301 166 "-" "Hello World/1.0"
94.156.71.91 - - [03/Jul/2024:22:45:20 +0000] "POST /boaform/admin/formLogin HTTP/1.1" 301 166 "http://180.233.121.154:80/admin/login.asp" "Mozilla/5.0 (X11; Ubuntu; Linux x86_64; rv:71.0) Gecko/20100101 Firefox/71.0"
94.156.71.91 - - [03/Jul/2024:22:45:21 +0000] "" 400 0 "-" "-"
206.168.34.200 - - [03/Jul/2024:22:48:51 +0000] "\x16\x03\x01\x01\x0C\x01\x00\x01\x08\x03\x03x\xE4\xFC\x89\xC8iQ\xC0D\xFBNY\x10\xB8/\xCA*" 400 154 "-" "-"
199.45.154.138 - - [03/Jul/2024:23:01:49 +0000] "GET / HTTP/1.1" 301 166 "-" "-"
199.45.154.138 - - [03/Jul/2024:23:02:00 +0000] "PRI * HTTP/2.0" 400 154 "-" "-"
199.45.154.138 - - [03/Jul/2024:23:02:09 +0000] "PRI * HTTP/2.0" 400 154 "-" "-"
199.45.154.138 - - [03/Jul/2024:23:02:14 +0000] "PRI * HTTP/2.0" 400 154 "-" "-"
141.98.83.197 - - [03/Jul/2024:23:07:40 +0000] "GET / HTTP/1.1" 301 166 "-" "Mozilla/5.0 (Windows NT 10.0; Win64; x64) AppleWebKit/537.36 (KHTML, like Gecko) Chrome/90.0.4430.85 Safari/537.36 Edg/90.0.818.46"
92.249.48.222 - - [03/Jul/2024:23:08:49 +0000] "GET / HTTP/1.1" 301 166 "-" "Hello World/1.0"
78.153.140.177 - - [03/Jul/2024:23:14:37 +0000] "GET /.env HTTP/1.1" 301 166 "-" "Mozilla/5.0 (X11; Linux x86_64) AppleWebKit/537.36 (KHTML, like Gecko) Chrome/81.0.4044.129 Safari/537.36"
